[2025-11-08T10:04:42.581+0000] {taskinstance.py:1956} INFO - Dependencies all met for dep_context=non-requeueable deps ti=<TaskInstance: etl_local_to_local.extract_raw_data manual__2025-11-08T10:04:36.435418+00:00 [queued]>
[2025-11-08T10:04:42.644+0000] {taskinstance.py:1956} INFO - Dependencies all met for dep_context=requeueable deps ti=<TaskInstance: etl_local_to_local.extract_raw_data manual__2025-11-08T10:04:36.435418+00:00 [queued]>
[2025-11-08T10:04:42.652+0000] {taskinstance.py:2170} INFO - Starting attempt 1 of 3
[2025-11-08T10:04:42.703+0000] {taskinstance.py:2191} INFO - Executing <Task(PythonOperator): extract_raw_data> on 2025-11-08 10:04:36.435418+00:00
[2025-11-08T10:04:42.726+0000] {standard_task_runner.py:60} INFO - Started process 97 to run task
[2025-11-08T10:04:42.744+0000] {standard_task_runner.py:87} INFO - Running: ['***', 'tasks', 'run', 'etl_local_to_local', 'extract_raw_data', 'manual__2025-11-08T10:04:36.435418+00:00', '--job-id', '143', '--raw', '--subdir', 'DAGS_FOLDER/etl_local_to_local_dag.py', '--cfg-path', '/tmp/tmp133l_xtl']
[2025-11-08T10:04:42.750+0000] {standard_task_runner.py:88} INFO - Job 143: Subtask extract_raw_data
[2025-11-08T10:04:42.931+0000] {task_command.py:423} INFO - Running <TaskInstance: etl_local_to_local.extract_raw_data manual__2025-11-08T10:04:36.435418+00:00 [running]> on host d645b8fda796
[2025-11-08T10:04:43.113+0000] {taskinstance.py:2480} INFO - Exporting env vars: AIRFLOW_CTX_DAG_OWNER='***' AIRFLOW_CTX_DAG_ID='etl_local_to_local' AIRFLOW_CTX_TASK_ID='extract_raw_data' AIRFLOW_CTX_EXECUTION_DATE='2025-11-08T10:04:36.435418+00:00' AIRFLOW_CTX_TRY_NUMBER='1' AIRFLOW_CTX_DAG_RUN_ID='manual__2025-11-08T10:04:36.435418+00:00'
[2025-11-08T10:04:43.116+0000] {logging_mixin.py:188} INFO - 🔍 Запуск extract_raw_data
[2025-11-08T10:04:43.117+0000] {taskinstance.py:2698} ERROR - Task failed with exception
Traceback (most recent call last):
  File "/home/airflow/.local/lib/python3.8/site-packages/airflow/models/taskinstance.py", line 433, in _execute_task
    result = execute_callable(context=context, **execute_callable_kwargs)
  File "/home/airflow/.local/lib/python3.8/site-packages/airflow/operators/python.py", line 199, in execute
    return_value = self.execute_callable()
  File "/home/airflow/.local/lib/python3.8/site-packages/airflow/operators/python.py", line 216, in execute_callable
    return self.python_callable(*self.op_args, **self.op_kwargs)
  File "/opt/airflow/dags/etl_local_to_local_dag.py", line 18, in extract_raw_data
    raise FileNotFoundError(f"Файл не найден: {RAW_FILE}")
FileNotFoundError: Файл не найден: opt/***/data/raw_products.json
[2025-11-08T10:04:43.154+0000] {taskinstance.py:1138} INFO - Marking task as UP_FOR_RETRY. dag_id=etl_local_to_local, task_id=extract_raw_data, execution_date=20251108T100436, start_date=20251108T100442, end_date=20251108T100443
[2025-11-08T10:04:43.253+0000] {standard_task_runner.py:107} ERROR - Failed to execute job 143 for task extract_raw_data (Файл не найден: opt/***/data/raw_products.json; 97)
[2025-11-08T10:04:43.336+0000] {local_task_job_runner.py:234} INFO - Task exited with return code 1
[2025-11-08T10:04:43.422+0000] {taskinstance.py:3280} INFO - 0 downstream tasks scheduled from follow-on schedule check
