[2025-11-08T09:32:37.305+0000] {taskinstance.py:1956} INFO - Dependencies all met for dep_context=non-requeueable deps ti=<TaskInstance: etl_local_to_local.extract_raw_data manual__2025-11-08T09:32:32.498895+00:00 [queued]>
[2025-11-08T09:32:37.334+0000] {taskinstance.py:1956} INFO - Dependencies all met for dep_context=requeueable deps ti=<TaskInstance: etl_local_to_local.extract_raw_data manual__2025-11-08T09:32:32.498895+00:00 [queued]>
[2025-11-08T09:32:37.336+0000] {taskinstance.py:2170} INFO - Starting attempt 1 of 3
[2025-11-08T09:32:37.384+0000] {taskinstance.py:2191} INFO - Executing <Task(PythonOperator): extract_raw_data> on 2025-11-08 09:32:32.498895+00:00
[2025-11-08T09:32:37.400+0000] {standard_task_runner.py:60} INFO - Started process 1021 to run task
[2025-11-08T09:32:37.415+0000] {standard_task_runner.py:87} INFO - Running: ['***', 'tasks', 'run', 'etl_local_to_local', 'extract_raw_data', 'manual__2025-11-08T09:32:32.498895+00:00', '--job-id', '129', '--raw', '--subdir', 'DAGS_FOLDER/etl_local_to_local_dag.py', '--cfg-path', '/tmp/tmp_9idibhj']
[2025-11-08T09:32:37.418+0000] {standard_task_runner.py:88} INFO - Job 129: Subtask extract_raw_data
[2025-11-08T09:32:37.687+0000] {task_command.py:423} INFO - Running <TaskInstance: etl_local_to_local.extract_raw_data manual__2025-11-08T09:32:32.498895+00:00 [running]> on host d25337941746
[2025-11-08T09:32:37.923+0000] {taskinstance.py:2480} INFO - Exporting env vars: AIRFLOW_CTX_DAG_OWNER='***' AIRFLOW_CTX_DAG_ID='etl_local_to_local' AIRFLOW_CTX_TASK_ID='extract_raw_data' AIRFLOW_CTX_EXECUTION_DATE='2025-11-08T09:32:32.498895+00:00' AIRFLOW_CTX_TRY_NUMBER='1' AIRFLOW_CTX_DAG_RUN_ID='manual__2025-11-08T09:32:32.498895+00:00'
[2025-11-08T09:32:37.932+0000] {logging_mixin.py:188} INFO - 🔍 Запуск extract_raw_data
[2025-11-08T09:32:37.937+0000] {taskinstance.py:2698} ERROR - Task failed with exception
Traceback (most recent call last):
  File "/home/airflow/.local/lib/python3.8/site-packages/airflow/models/taskinstance.py", line 433, in _execute_task
    result = execute_callable(context=context, **execute_callable_kwargs)
  File "/home/airflow/.local/lib/python3.8/site-packages/airflow/operators/python.py", line 199, in execute
    return_value = self.execute_callable()
  File "/home/airflow/.local/lib/python3.8/site-packages/airflow/operators/python.py", line 216, in execute_callable
    return self.python_callable(*self.op_args, **self.op_kwargs)
  File "/opt/airflow/dags/etl_local_to_local_dag.py", line 18, in extract_raw_data
    raise FileNotFoundError(f"Файл не найден: {RAW_FILE}")
FileNotFoundError: Файл не найден: opt/***/data/raw_products.json
[2025-11-08T09:32:37.972+0000] {taskinstance.py:1138} INFO - Marking task as UP_FOR_RETRY. dag_id=etl_local_to_local, task_id=extract_raw_data, execution_date=20251108T093232, start_date=20251108T093237, end_date=20251108T093237
[2025-11-08T09:32:38.021+0000] {standard_task_runner.py:107} ERROR - Failed to execute job 129 for task extract_raw_data (Файл не найден: opt/***/data/raw_products.json; 1021)
[2025-11-08T09:32:38.088+0000] {local_task_job_runner.py:234} INFO - Task exited with return code 1
[2025-11-08T09:32:38.184+0000] {taskinstance.py:3280} INFO - 0 downstream tasks scheduled from follow-on schedule check
