[2025-11-03T02:30:18.754+0000] {processor.py:161} INFO - Started process (PID=182) to work on /opt/airflow/dags/first_dag.py
[2025-11-03T02:30:18.765+0000] {processor.py:830} INFO - Processing file /opt/airflow/dags/first_dag.py for tasks to queue
[2025-11-03T02:30:18.900+0000] {logging_mixin.py:188} INFO - [2025-11-03T02:30:18.888+0000] {dagbag.py:538} INFO - Filling up the DagBag from /opt/airflow/dags/first_dag.py
[2025-11-03T02:30:19.076+0000] {logging_mixin.py:188} INFO - [2025-11-03T02:30:19.046+0000] {dagbag.py:348} ERROR - Failed to import: /opt/airflow/dags/first_dag.py
Traceback (most recent call last):
  File "/home/airflow/.local/lib/python3.8/site-packages/airflow/models/dagbag.py", line 344, in parse
    loader.exec_module(new_module)
  File "<frozen importlib._bootstrap_external>", line 839, in exec_module
  File "<frozen importlib._bootstrap_external>", line 976, in get_code
  File "<frozen importlib._bootstrap_external>", line 906, in source_to_code
  File "<frozen importlib._bootstrap>", line 219, in _call_with_frames_removed
  File "/opt/airflow/dags/first_dag.py", line 5
    dag_id='first_dag',
                      ^
SyntaxError: unexpected EOF while parsing
[2025-11-03T02:30:19.082+0000] {processor.py:842} WARNING - No viable dags retrieved from /opt/airflow/dags/first_dag.py
[2025-11-03T02:30:19.510+0000] {processor.py:183} INFO - Processing /opt/airflow/dags/first_dag.py took 1.087 seconds
[2025-11-03T02:30:22.857+0000] {processor.py:161} INFO - Started process (PID=183) to work on /opt/airflow/dags/first_dag.py
[2025-11-03T02:30:22.950+0000] {processor.py:830} INFO - Processing file /opt/airflow/dags/first_dag.py for tasks to queue
[2025-11-03T02:30:23.140+0000] {logging_mixin.py:188} INFO - [2025-11-03T02:30:23.139+0000] {dagbag.py:538} INFO - Filling up the DagBag from /opt/airflow/dags/first_dag.py
[2025-11-03T02:30:24.806+0000] {logging_mixin.py:188} INFO - [2025-11-03T02:30:24.655+0000] {dagbag.py:348} ERROR - Failed to import: /opt/airflow/dags/first_dag.py
Traceback (most recent call last):
  File "/home/airflow/.local/lib/python3.8/site-packages/airflow/models/dagbag.py", line 344, in parse
    loader.exec_module(new_module)
  File "<frozen importlib._bootstrap_external>", line 839, in exec_module
  File "<frozen importlib._bootstrap_external>", line 976, in get_code
  File "<frozen importlib._bootstrap_external>", line 906, in source_to_code
  File "<frozen importlib._bootstrap>", line 219, in _call_with_frames_removed
  File "/opt/airflow/dags/first_dag.py", line 6
    des
      ^
SyntaxError: unexpected EOF while parsing
[2025-11-03T02:30:24.992+0000] {processor.py:842} WARNING - No viable dags retrieved from /opt/airflow/dags/first_dag.py
[2025-11-03T02:30:26.767+0000] {processor.py:183} INFO - Processing /opt/airflow/dags/first_dag.py took 3.933 seconds
[2025-11-03T02:30:36.476+0000] {processor.py:161} INFO - Started process (PID=191) to work on /opt/airflow/dags/first_dag.py
[2025-11-03T02:30:36.546+0000] {processor.py:830} INFO - Processing file /opt/airflow/dags/first_dag.py for tasks to queue
[2025-11-03T02:30:36.653+0000] {logging_mixin.py:188} INFO - [2025-11-03T02:30:36.652+0000] {dagbag.py:538} INFO - Filling up the DagBag from /opt/airflow/dags/first_dag.py
[2025-11-03T02:30:42.880+0000] {processor.py:840} INFO - DAG(s) 'first_dag' retrieved from /opt/airflow/dags/first_dag.py
[2025-11-03T02:30:49.516+0000] {logging_mixin.py:188} INFO - [2025-11-03T02:30:49.495+0000] {override.py:1769} INFO - Created Permission View: can read on DAG:first_dag
[2025-11-03T02:30:49.620+0000] {logging_mixin.py:188} INFO - [2025-11-03T02:30:49.619+0000] {override.py:1769} INFO - Created Permission View: can delete on DAG:first_dag
[2025-11-03T02:30:49.692+0000] {logging_mixin.py:188} INFO - [2025-11-03T02:30:49.691+0000] {override.py:1769} INFO - Created Permission View: can edit on DAG:first_dag
[2025-11-03T02:30:49.697+0000] {logging_mixin.py:188} INFO - [2025-11-03T02:30:49.696+0000] {dag.py:3036} INFO - Sync 1 DAGs
[2025-11-03T02:30:49.894+0000] {logging_mixin.py:188} INFO - [2025-11-03T02:30:49.893+0000] {dag.py:3058} INFO - Creating ORM DAG for first_dag
[2025-11-03T02:30:50.057+0000] {logging_mixin.py:188} INFO - [2025-11-03T02:30:50.056+0000] {dag.py:3823} INFO - Setting next_dagrun for first_dag to None, run_after=None
[2025-11-03T02:30:50.270+0000] {processor.py:183} INFO - Processing /opt/airflow/dags/first_dag.py took 13.537 seconds
[2025-11-03T02:31:20.564+0000] {processor.py:161} INFO - Started process (PID=197) to work on /opt/airflow/dags/first_dag.py
[2025-11-03T02:31:20.570+0000] {processor.py:830} INFO - Processing file /opt/airflow/dags/first_dag.py for tasks to queue
[2025-11-03T02:31:20.577+0000] {logging_mixin.py:188} INFO - [2025-11-03T02:31:20.575+0000] {dagbag.py:538} INFO - Filling up the DagBag from /opt/airflow/dags/first_dag.py
[2025-11-03T02:31:20.660+0000] {processor.py:840} INFO - DAG(s) 'first_dag' retrieved from /opt/airflow/dags/first_dag.py
[2025-11-03T02:31:20.740+0000] {logging_mixin.py:188} INFO - [2025-11-03T02:31:20.740+0000] {dag.py:3036} INFO - Sync 1 DAGs
[2025-11-03T02:31:20.808+0000] {logging_mixin.py:188} INFO - [2025-11-03T02:31:20.807+0000] {dag.py:3823} INFO - Setting next_dagrun for first_dag to None, run_after=None
[2025-11-03T02:31:20.874+0000] {processor.py:183} INFO - Processing /opt/airflow/dags/first_dag.py took 0.325 seconds
[2025-11-03T02:31:51.632+0000] {processor.py:161} INFO - Started process (PID=203) to work on /opt/airflow/dags/first_dag.py
[2025-11-03T02:31:51.636+0000] {processor.py:830} INFO - Processing file /opt/airflow/dags/first_dag.py for tasks to queue
[2025-11-03T02:31:51.642+0000] {logging_mixin.py:188} INFO - [2025-11-03T02:31:51.641+0000] {dagbag.py:538} INFO - Filling up the DagBag from /opt/airflow/dags/first_dag.py
[2025-11-03T02:31:51.703+0000] {processor.py:840} INFO - DAG(s) 'first_dag' retrieved from /opt/airflow/dags/first_dag.py
[2025-11-03T02:31:51.807+0000] {logging_mixin.py:188} INFO - [2025-11-03T02:31:51.806+0000] {dag.py:3036} INFO - Sync 1 DAGs
[2025-11-03T02:31:51.885+0000] {logging_mixin.py:188} INFO - [2025-11-03T02:31:51.884+0000] {dag.py:3823} INFO - Setting next_dagrun for first_dag to None, run_after=None
[2025-11-03T02:31:51.930+0000] {processor.py:183} INFO - Processing /opt/airflow/dags/first_dag.py took 0.318 seconds
[2025-11-03T02:32:22.762+0000] {processor.py:161} INFO - Started process (PID=210) to work on /opt/airflow/dags/first_dag.py
[2025-11-03T02:32:22.766+0000] {processor.py:830} INFO - Processing file /opt/airflow/dags/first_dag.py for tasks to queue
[2025-11-03T02:32:22.772+0000] {logging_mixin.py:188} INFO - [2025-11-03T02:32:22.771+0000] {dagbag.py:538} INFO - Filling up the DagBag from /opt/airflow/dags/first_dag.py
[2025-11-03T02:32:22.880+0000] {processor.py:840} INFO - DAG(s) 'first_dag' retrieved from /opt/airflow/dags/first_dag.py
[2025-11-03T02:32:22.954+0000] {logging_mixin.py:188} INFO - [2025-11-03T02:32:22.954+0000] {dag.py:3036} INFO - Sync 1 DAGs
[2025-11-03T02:32:23.000+0000] {logging_mixin.py:188} INFO - [2025-11-03T02:32:23.000+0000] {dag.py:3823} INFO - Setting next_dagrun for first_dag to None, run_after=None
[2025-11-03T02:32:23.040+0000] {processor.py:183} INFO - Processing /opt/airflow/dags/first_dag.py took 0.291 seconds
[2025-11-03T02:32:53.554+0000] {processor.py:161} INFO - Started process (PID=217) to work on /opt/airflow/dags/first_dag.py
[2025-11-03T02:32:53.557+0000] {processor.py:830} INFO - Processing file /opt/airflow/dags/first_dag.py for tasks to queue
[2025-11-03T02:32:53.566+0000] {logging_mixin.py:188} INFO - [2025-11-03T02:32:53.565+0000] {dagbag.py:538} INFO - Filling up the DagBag from /opt/airflow/dags/first_dag.py
[2025-11-03T02:32:53.605+0000] {processor.py:840} INFO - DAG(s) 'first_dag' retrieved from /opt/airflow/dags/first_dag.py
[2025-11-03T02:32:53.644+0000] {logging_mixin.py:188} INFO - [2025-11-03T02:32:53.644+0000] {dag.py:3036} INFO - Sync 1 DAGs
[2025-11-03T02:32:53.698+0000] {logging_mixin.py:188} INFO - [2025-11-03T02:32:53.697+0000] {dag.py:3823} INFO - Setting next_dagrun for first_dag to None, run_after=None
[2025-11-03T02:32:53.779+0000] {processor.py:183} INFO - Processing /opt/airflow/dags/first_dag.py took 0.237 seconds
[2025-11-03T02:33:24.434+0000] {processor.py:161} INFO - Started process (PID=225) to work on /opt/airflow/dags/first_dag.py
[2025-11-03T02:33:24.443+0000] {processor.py:830} INFO - Processing file /opt/airflow/dags/first_dag.py for tasks to queue
[2025-11-03T02:33:24.450+0000] {logging_mixin.py:188} INFO - [2025-11-03T02:33:24.449+0000] {dagbag.py:538} INFO - Filling up the DagBag from /opt/airflow/dags/first_dag.py
[2025-11-03T02:33:24.566+0000] {processor.py:840} INFO - DAG(s) 'first_dag' retrieved from /opt/airflow/dags/first_dag.py
[2025-11-03T02:33:24.687+0000] {logging_mixin.py:188} INFO - [2025-11-03T02:33:24.686+0000] {dag.py:3036} INFO - Sync 1 DAGs
[2025-11-03T02:33:24.856+0000] {logging_mixin.py:188} INFO - [2025-11-03T02:33:24.853+0000] {dag.py:3823} INFO - Setting next_dagrun for first_dag to None, run_after=None
[2025-11-03T02:33:24.988+0000] {processor.py:183} INFO - Processing /opt/airflow/dags/first_dag.py took 0.603 seconds
[2025-11-03T02:33:55.557+0000] {processor.py:161} INFO - Started process (PID=232) to work on /opt/airflow/dags/first_dag.py
[2025-11-03T02:33:55.560+0000] {processor.py:830} INFO - Processing file /opt/airflow/dags/first_dag.py for tasks to queue
[2025-11-03T02:33:55.565+0000] {logging_mixin.py:188} INFO - [2025-11-03T02:33:55.564+0000] {dagbag.py:538} INFO - Filling up the DagBag from /opt/airflow/dags/first_dag.py
[2025-11-03T02:33:55.632+0000] {processor.py:840} INFO - DAG(s) 'first_dag' retrieved from /opt/airflow/dags/first_dag.py
[2025-11-03T02:33:55.699+0000] {logging_mixin.py:188} INFO - [2025-11-03T02:33:55.698+0000] {dag.py:3036} INFO - Sync 1 DAGs
[2025-11-03T02:33:55.755+0000] {logging_mixin.py:188} INFO - [2025-11-03T02:33:55.754+0000] {dag.py:3823} INFO - Setting next_dagrun for first_dag to None, run_after=None
[2025-11-03T02:33:55.815+0000] {processor.py:183} INFO - Processing /opt/airflow/dags/first_dag.py took 0.270 seconds
[2025-11-03T02:34:26.711+0000] {processor.py:161} INFO - Started process (PID=240) to work on /opt/airflow/dags/first_dag.py
[2025-11-03T02:34:26.715+0000] {processor.py:830} INFO - Processing file /opt/airflow/dags/first_dag.py for tasks to queue
[2025-11-03T02:34:26.725+0000] {logging_mixin.py:188} INFO - [2025-11-03T02:34:26.724+0000] {dagbag.py:538} INFO - Filling up the DagBag from /opt/airflow/dags/first_dag.py
[2025-11-03T02:34:26.777+0000] {processor.py:840} INFO - DAG(s) 'first_dag' retrieved from /opt/airflow/dags/first_dag.py
[2025-11-03T02:34:26.827+0000] {logging_mixin.py:188} INFO - [2025-11-03T02:34:26.826+0000] {dag.py:3036} INFO - Sync 1 DAGs
[2025-11-03T02:34:26.882+0000] {logging_mixin.py:188} INFO - [2025-11-03T02:34:26.881+0000] {dag.py:3823} INFO - Setting next_dagrun for first_dag to None, run_after=None
[2025-11-03T02:34:26.928+0000] {processor.py:183} INFO - Processing /opt/airflow/dags/first_dag.py took 0.231 seconds
[2025-11-03T02:34:57.424+0000] {processor.py:161} INFO - Started process (PID=247) to work on /opt/airflow/dags/first_dag.py
[2025-11-03T02:34:57.434+0000] {processor.py:830} INFO - Processing file /opt/airflow/dags/first_dag.py for tasks to queue
[2025-11-03T02:34:57.441+0000] {logging_mixin.py:188} INFO - [2025-11-03T02:34:57.440+0000] {dagbag.py:538} INFO - Filling up the DagBag from /opt/airflow/dags/first_dag.py
[2025-11-03T02:34:57.493+0000] {processor.py:840} INFO - DAG(s) 'first_dag' retrieved from /opt/airflow/dags/first_dag.py
[2025-11-03T02:34:57.535+0000] {logging_mixin.py:188} INFO - [2025-11-03T02:34:57.535+0000] {dag.py:3036} INFO - Sync 1 DAGs
[2025-11-03T02:34:57.607+0000] {logging_mixin.py:188} INFO - [2025-11-03T02:34:57.607+0000] {dag.py:3823} INFO - Setting next_dagrun for first_dag to None, run_after=None
[2025-11-03T02:34:57.654+0000] {processor.py:183} INFO - Processing /opt/airflow/dags/first_dag.py took 0.238 seconds
[2025-11-03T02:35:28.257+0000] {processor.py:161} INFO - Started process (PID=254) to work on /opt/airflow/dags/first_dag.py
[2025-11-03T02:35:28.279+0000] {processor.py:830} INFO - Processing file /opt/airflow/dags/first_dag.py for tasks to queue
[2025-11-03T02:35:28.309+0000] {logging_mixin.py:188} INFO - [2025-11-03T02:35:28.308+0000] {dagbag.py:538} INFO - Filling up the DagBag from /opt/airflow/dags/first_dag.py
[2025-11-03T02:35:28.818+0000] {processor.py:840} INFO - DAG(s) 'first_dag' retrieved from /opt/airflow/dags/first_dag.py
[2025-11-03T02:35:29.061+0000] {logging_mixin.py:188} INFO - [2025-11-03T02:35:29.060+0000] {dag.py:3036} INFO - Sync 1 DAGs
[2025-11-03T02:35:29.245+0000] {logging_mixin.py:188} INFO - [2025-11-03T02:35:29.244+0000] {dag.py:3823} INFO - Setting next_dagrun for first_dag to None, run_after=None
[2025-11-03T02:35:29.377+0000] {processor.py:183} INFO - Processing /opt/airflow/dags/first_dag.py took 1.215 seconds
[2025-11-03T02:35:59.830+0000] {processor.py:161} INFO - Started process (PID=261) to work on /opt/airflow/dags/first_dag.py
[2025-11-03T02:35:59.844+0000] {processor.py:830} INFO - Processing file /opt/airflow/dags/first_dag.py for tasks to queue
[2025-11-03T02:35:59.862+0000] {logging_mixin.py:188} INFO - [2025-11-03T02:35:59.859+0000] {dagbag.py:538} INFO - Filling up the DagBag from /opt/airflow/dags/first_dag.py
[2025-11-03T02:35:59.967+0000] {processor.py:840} INFO - DAG(s) 'first_dag' retrieved from /opt/airflow/dags/first_dag.py
[2025-11-03T02:36:00.091+0000] {logging_mixin.py:188} INFO - [2025-11-03T02:36:00.090+0000] {dag.py:3036} INFO - Sync 1 DAGs
[2025-11-03T02:36:00.364+0000] {logging_mixin.py:188} INFO - [2025-11-03T02:36:00.364+0000] {dag.py:3823} INFO - Setting next_dagrun for first_dag to None, run_after=None
[2025-11-03T02:36:00.533+0000] {processor.py:183} INFO - Processing /opt/airflow/dags/first_dag.py took 0.741 seconds
[2025-11-03T02:36:31.051+0000] {processor.py:161} INFO - Started process (PID=268) to work on /opt/airflow/dags/first_dag.py
[2025-11-03T02:36:31.054+0000] {processor.py:830} INFO - Processing file /opt/airflow/dags/first_dag.py for tasks to queue
[2025-11-03T02:36:31.067+0000] {logging_mixin.py:188} INFO - [2025-11-03T02:36:31.063+0000] {dagbag.py:538} INFO - Filling up the DagBag from /opt/airflow/dags/first_dag.py
[2025-11-03T02:36:31.146+0000] {processor.py:840} INFO - DAG(s) 'first_dag' retrieved from /opt/airflow/dags/first_dag.py
[2025-11-03T02:36:31.259+0000] {logging_mixin.py:188} INFO - [2025-11-03T02:36:31.258+0000] {dag.py:3036} INFO - Sync 1 DAGs
[2025-11-03T02:36:31.394+0000] {logging_mixin.py:188} INFO - [2025-11-03T02:36:31.394+0000] {dag.py:3823} INFO - Setting next_dagrun for first_dag to None, run_after=None
[2025-11-03T02:36:31.513+0000] {processor.py:183} INFO - Processing /opt/airflow/dags/first_dag.py took 0.484 seconds
[2025-11-03T02:37:02.002+0000] {processor.py:161} INFO - Started process (PID=275) to work on /opt/airflow/dags/first_dag.py
[2025-11-03T02:37:02.015+0000] {processor.py:830} INFO - Processing file /opt/airflow/dags/first_dag.py for tasks to queue
[2025-11-03T02:37:02.022+0000] {logging_mixin.py:188} INFO - [2025-11-03T02:37:02.021+0000] {dagbag.py:538} INFO - Filling up the DagBag from /opt/airflow/dags/first_dag.py
[2025-11-03T02:37:02.147+0000] {processor.py:840} INFO - DAG(s) 'first_dag' retrieved from /opt/airflow/dags/first_dag.py
[2025-11-03T02:37:02.269+0000] {logging_mixin.py:188} INFO - [2025-11-03T02:37:02.268+0000] {dag.py:3036} INFO - Sync 1 DAGs
[2025-11-03T02:37:02.474+0000] {logging_mixin.py:188} INFO - [2025-11-03T02:37:02.473+0000] {dag.py:3823} INFO - Setting next_dagrun for first_dag to None, run_after=None
[2025-11-03T02:37:02.711+0000] {processor.py:183} INFO - Processing /opt/airflow/dags/first_dag.py took 0.741 seconds
[2025-11-03T02:37:33.936+0000] {processor.py:161} INFO - Started process (PID=282) to work on /opt/airflow/dags/first_dag.py
[2025-11-03T02:37:33.939+0000] {processor.py:830} INFO - Processing file /opt/airflow/dags/first_dag.py for tasks to queue
[2025-11-03T02:37:33.958+0000] {logging_mixin.py:188} INFO - [2025-11-03T02:37:33.957+0000] {dagbag.py:538} INFO - Filling up the DagBag from /opt/airflow/dags/first_dag.py
[2025-11-03T02:37:34.143+0000] {processor.py:840} INFO - DAG(s) 'first_dag' retrieved from /opt/airflow/dags/first_dag.py
[2025-11-03T02:37:34.405+0000] {logging_mixin.py:188} INFO - [2025-11-03T02:37:34.404+0000] {dag.py:3036} INFO - Sync 1 DAGs
[2025-11-03T02:37:34.636+0000] {logging_mixin.py:188} INFO - [2025-11-03T02:37:34.635+0000] {dag.py:3823} INFO - Setting next_dagrun for first_dag to None, run_after=None
[2025-11-03T02:37:34.857+0000] {processor.py:183} INFO - Processing /opt/airflow/dags/first_dag.py took 0.951 seconds
[2025-11-03T02:38:05.183+0000] {processor.py:161} INFO - Started process (PID=288) to work on /opt/airflow/dags/first_dag.py
[2025-11-03T02:38:05.189+0000] {processor.py:830} INFO - Processing file /opt/airflow/dags/first_dag.py for tasks to queue
[2025-11-03T02:38:05.201+0000] {logging_mixin.py:188} INFO - [2025-11-03T02:38:05.200+0000] {dagbag.py:538} INFO - Filling up the DagBag from /opt/airflow/dags/first_dag.py
[2025-11-03T02:38:05.278+0000] {processor.py:840} INFO - DAG(s) 'first_dag' retrieved from /opt/airflow/dags/first_dag.py
[2025-11-03T02:38:05.366+0000] {logging_mixin.py:188} INFO - [2025-11-03T02:38:05.365+0000] {dag.py:3036} INFO - Sync 1 DAGs
[2025-11-03T02:38:05.499+0000] {logging_mixin.py:188} INFO - [2025-11-03T02:38:05.498+0000] {dag.py:3823} INFO - Setting next_dagrun for first_dag to None, run_after=None
[2025-11-03T02:38:05.686+0000] {processor.py:183} INFO - Processing /opt/airflow/dags/first_dag.py took 0.521 seconds
[2025-11-03T02:38:36.399+0000] {processor.py:161} INFO - Started process (PID=295) to work on /opt/airflow/dags/first_dag.py
[2025-11-03T02:38:36.403+0000] {processor.py:830} INFO - Processing file /opt/airflow/dags/first_dag.py for tasks to queue
[2025-11-03T02:38:36.411+0000] {logging_mixin.py:188} INFO - [2025-11-03T02:38:36.409+0000] {dagbag.py:538} INFO - Filling up the DagBag from /opt/airflow/dags/first_dag.py
[2025-11-03T02:38:36.521+0000] {processor.py:840} INFO - DAG(s) 'first_dag' retrieved from /opt/airflow/dags/first_dag.py
[2025-11-03T02:38:36.599+0000] {logging_mixin.py:188} INFO - [2025-11-03T02:38:36.598+0000] {dag.py:3036} INFO - Sync 1 DAGs
[2025-11-03T02:38:36.736+0000] {logging_mixin.py:188} INFO - [2025-11-03T02:38:36.735+0000] {dag.py:3823} INFO - Setting next_dagrun for first_dag to None, run_after=None
[2025-11-03T02:38:36.865+0000] {processor.py:183} INFO - Processing /opt/airflow/dags/first_dag.py took 0.485 seconds
[2025-11-03T02:39:07.087+0000] {processor.py:161} INFO - Started process (PID=301) to work on /opt/airflow/dags/first_dag.py
[2025-11-03T02:39:07.093+0000] {processor.py:830} INFO - Processing file /opt/airflow/dags/first_dag.py for tasks to queue
[2025-11-03T02:39:07.118+0000] {logging_mixin.py:188} INFO - [2025-11-03T02:39:07.108+0000] {dagbag.py:538} INFO - Filling up the DagBag from /opt/airflow/dags/first_dag.py
[2025-11-03T02:39:07.240+0000] {processor.py:840} INFO - DAG(s) 'first_dag' retrieved from /opt/airflow/dags/first_dag.py
[2025-11-03T02:39:07.402+0000] {logging_mixin.py:188} INFO - [2025-11-03T02:39:07.401+0000] {dag.py:3036} INFO - Sync 1 DAGs
[2025-11-03T02:39:07.586+0000] {logging_mixin.py:188} INFO - [2025-11-03T02:39:07.586+0000] {dag.py:3823} INFO - Setting next_dagrun for first_dag to None, run_after=None
[2025-11-03T02:39:07.735+0000] {processor.py:183} INFO - Processing /opt/airflow/dags/first_dag.py took 0.677 seconds
[2025-11-03T02:39:38.459+0000] {processor.py:161} INFO - Started process (PID=308) to work on /opt/airflow/dags/first_dag.py
[2025-11-03T02:39:38.476+0000] {processor.py:830} INFO - Processing file /opt/airflow/dags/first_dag.py for tasks to queue
[2025-11-03T02:39:38.520+0000] {logging_mixin.py:188} INFO - [2025-11-03T02:39:38.507+0000] {dagbag.py:538} INFO - Filling up the DagBag from /opt/airflow/dags/first_dag.py
[2025-11-03T02:39:38.745+0000] {processor.py:840} INFO - DAG(s) 'first_dag' retrieved from /opt/airflow/dags/first_dag.py
[2025-11-03T02:39:39.111+0000] {logging_mixin.py:188} INFO - [2025-11-03T02:39:39.099+0000] {dag.py:3036} INFO - Sync 1 DAGs
[2025-11-03T02:39:39.550+0000] {logging_mixin.py:188} INFO - [2025-11-03T02:39:39.549+0000] {dag.py:3823} INFO - Setting next_dagrun for first_dag to None, run_after=None
[2025-11-03T02:39:39.761+0000] {processor.py:183} INFO - Processing /opt/airflow/dags/first_dag.py took 1.366 seconds
[2025-11-03T02:40:10.065+0000] {processor.py:161} INFO - Started process (PID=315) to work on /opt/airflow/dags/first_dag.py
[2025-11-03T02:40:10.079+0000] {processor.py:830} INFO - Processing file /opt/airflow/dags/first_dag.py for tasks to queue
[2025-11-03T02:40:10.096+0000] {logging_mixin.py:188} INFO - [2025-11-03T02:40:10.095+0000] {dagbag.py:538} INFO - Filling up the DagBag from /opt/airflow/dags/first_dag.py
[2025-11-03T02:40:10.315+0000] {processor.py:840} INFO - DAG(s) 'first_dag' retrieved from /opt/airflow/dags/first_dag.py
[2025-11-03T02:40:10.570+0000] {logging_mixin.py:188} INFO - [2025-11-03T02:40:10.570+0000] {dag.py:3036} INFO - Sync 1 DAGs
[2025-11-03T02:40:10.784+0000] {logging_mixin.py:188} INFO - [2025-11-03T02:40:10.772+0000] {dag.py:3823} INFO - Setting next_dagrun for first_dag to None, run_after=None
[2025-11-03T02:40:10.931+0000] {processor.py:183} INFO - Processing /opt/airflow/dags/first_dag.py took 0.901 seconds
[2025-11-03T02:40:41.383+0000] {processor.py:161} INFO - Started process (PID=322) to work on /opt/airflow/dags/first_dag.py
[2025-11-03T02:40:41.396+0000] {processor.py:830} INFO - Processing file /opt/airflow/dags/first_dag.py for tasks to queue
[2025-11-03T02:40:41.412+0000] {logging_mixin.py:188} INFO - [2025-11-03T02:40:41.411+0000] {dagbag.py:538} INFO - Filling up the DagBag from /opt/airflow/dags/first_dag.py
[2025-11-03T02:40:41.526+0000] {processor.py:840} INFO - DAG(s) 'first_dag' retrieved from /opt/airflow/dags/first_dag.py
[2025-11-03T02:40:41.667+0000] {logging_mixin.py:188} INFO - [2025-11-03T02:40:41.666+0000] {dag.py:3036} INFO - Sync 1 DAGs
[2025-11-03T02:40:41.844+0000] {logging_mixin.py:188} INFO - [2025-11-03T02:40:41.835+0000] {dag.py:3823} INFO - Setting next_dagrun for first_dag to None, run_after=None
[2025-11-03T02:40:42.020+0000] {processor.py:183} INFO - Processing /opt/airflow/dags/first_dag.py took 0.672 seconds
[2025-11-03T02:41:12.255+0000] {processor.py:161} INFO - Started process (PID=328) to work on /opt/airflow/dags/first_dag.py
[2025-11-03T02:41:12.269+0000] {processor.py:830} INFO - Processing file /opt/airflow/dags/first_dag.py for tasks to queue
[2025-11-03T02:41:12.285+0000] {logging_mixin.py:188} INFO - [2025-11-03T02:41:12.284+0000] {dagbag.py:538} INFO - Filling up the DagBag from /opt/airflow/dags/first_dag.py
[2025-11-03T02:41:12.399+0000] {processor.py:840} INFO - DAG(s) 'first_dag' retrieved from /opt/airflow/dags/first_dag.py
[2025-11-03T02:41:12.534+0000] {logging_mixin.py:188} INFO - [2025-11-03T02:41:12.534+0000] {dag.py:3036} INFO - Sync 1 DAGs
[2025-11-03T02:41:12.781+0000] {logging_mixin.py:188} INFO - [2025-11-03T02:41:12.780+0000] {dag.py:3823} INFO - Setting next_dagrun for first_dag to None, run_after=None
[2025-11-03T02:41:12.950+0000] {processor.py:183} INFO - Processing /opt/airflow/dags/first_dag.py took 0.735 seconds
[2025-11-03T02:41:43.515+0000] {processor.py:161} INFO - Started process (PID=335) to work on /opt/airflow/dags/first_dag.py
[2025-11-03T02:41:43.519+0000] {processor.py:830} INFO - Processing file /opt/airflow/dags/first_dag.py for tasks to queue
[2025-11-03T02:41:43.533+0000] {logging_mixin.py:188} INFO - [2025-11-03T02:41:43.532+0000] {dagbag.py:538} INFO - Filling up the DagBag from /opt/airflow/dags/first_dag.py
[2025-11-03T02:41:43.704+0000] {processor.py:840} INFO - DAG(s) 'first_dag' retrieved from /opt/airflow/dags/first_dag.py
[2025-11-03T02:41:43.854+0000] {logging_mixin.py:188} INFO - [2025-11-03T02:41:43.854+0000] {dag.py:3036} INFO - Sync 1 DAGs
[2025-11-03T02:41:44.101+0000] {logging_mixin.py:188} INFO - [2025-11-03T02:41:44.096+0000] {dag.py:3823} INFO - Setting next_dagrun for first_dag to None, run_after=None
[2025-11-03T02:41:44.310+0000] {processor.py:183} INFO - Processing /opt/airflow/dags/first_dag.py took 0.820 seconds
[2025-11-03T02:42:14.787+0000] {processor.py:161} INFO - Started process (PID=344) to work on /opt/airflow/dags/first_dag.py
[2025-11-03T02:42:14.804+0000] {processor.py:830} INFO - Processing file /opt/airflow/dags/first_dag.py for tasks to queue
[2025-11-03T02:42:14.817+0000] {logging_mixin.py:188} INFO - [2025-11-03T02:42:14.815+0000] {dagbag.py:538} INFO - Filling up the DagBag from /opt/airflow/dags/first_dag.py
[2025-11-03T02:42:14.932+0000] {processor.py:840} INFO - DAG(s) 'first_dag' retrieved from /opt/airflow/dags/first_dag.py
[2025-11-03T02:42:15.074+0000] {logging_mixin.py:188} INFO - [2025-11-03T02:42:15.070+0000] {dag.py:3036} INFO - Sync 1 DAGs
[2025-11-03T02:42:15.193+0000] {logging_mixin.py:188} INFO - [2025-11-03T02:42:15.192+0000] {dag.py:3823} INFO - Setting next_dagrun for first_dag to None, run_after=None
[2025-11-03T02:42:15.275+0000] {processor.py:183} INFO - Processing /opt/airflow/dags/first_dag.py took 0.512 seconds
[2025-11-03T02:42:45.420+0000] {processor.py:161} INFO - Started process (PID=351) to work on /opt/airflow/dags/first_dag.py
[2025-11-03T02:42:45.422+0000] {processor.py:830} INFO - Processing file /opt/airflow/dags/first_dag.py for tasks to queue
[2025-11-03T02:42:45.427+0000] {logging_mixin.py:188} INFO - [2025-11-03T02:42:45.426+0000] {dagbag.py:538} INFO - Filling up the DagBag from /opt/airflow/dags/first_dag.py
[2025-11-03T02:42:45.469+0000] {processor.py:840} INFO - DAG(s) 'first_dag' retrieved from /opt/airflow/dags/first_dag.py
[2025-11-03T02:42:45.544+0000] {logging_mixin.py:188} INFO - [2025-11-03T02:42:45.543+0000] {dag.py:3036} INFO - Sync 1 DAGs
[2025-11-03T02:42:45.671+0000] {logging_mixin.py:188} INFO - [2025-11-03T02:42:45.670+0000] {dag.py:3823} INFO - Setting next_dagrun for first_dag to None, run_after=None
[2025-11-03T02:42:45.733+0000] {processor.py:183} INFO - Processing /opt/airflow/dags/first_dag.py took 0.323 seconds
[2025-11-03T02:43:16.076+0000] {processor.py:161} INFO - Started process (PID=358) to work on /opt/airflow/dags/first_dag.py
[2025-11-03T02:43:16.079+0000] {processor.py:830} INFO - Processing file /opt/airflow/dags/first_dag.py for tasks to queue
[2025-11-03T02:43:16.084+0000] {logging_mixin.py:188} INFO - [2025-11-03T02:43:16.083+0000] {dagbag.py:538} INFO - Filling up the DagBag from /opt/airflow/dags/first_dag.py
[2025-11-03T02:43:16.162+0000] {processor.py:840} INFO - DAG(s) 'first_dag' retrieved from /opt/airflow/dags/first_dag.py
[2025-11-03T02:43:16.215+0000] {logging_mixin.py:188} INFO - [2025-11-03T02:43:16.215+0000] {dag.py:3036} INFO - Sync 1 DAGs
[2025-11-03T02:43:16.335+0000] {logging_mixin.py:188} INFO - [2025-11-03T02:43:16.335+0000] {dag.py:3823} INFO - Setting next_dagrun for first_dag to None, run_after=None
[2025-11-03T02:43:16.381+0000] {processor.py:183} INFO - Processing /opt/airflow/dags/first_dag.py took 0.317 seconds
[2025-11-03T02:43:47.002+0000] {processor.py:161} INFO - Started process (PID=365) to work on /opt/airflow/dags/first_dag.py
[2025-11-03T02:43:47.005+0000] {processor.py:830} INFO - Processing file /opt/airflow/dags/first_dag.py for tasks to queue
[2025-11-03T02:43:47.011+0000] {logging_mixin.py:188} INFO - [2025-11-03T02:43:47.011+0000] {dagbag.py:538} INFO - Filling up the DagBag from /opt/airflow/dags/first_dag.py
[2025-11-03T02:43:47.058+0000] {processor.py:840} INFO - DAG(s) 'first_dag' retrieved from /opt/airflow/dags/first_dag.py
[2025-11-03T02:43:47.106+0000] {logging_mixin.py:188} INFO - [2025-11-03T02:43:47.105+0000] {dag.py:3036} INFO - Sync 1 DAGs
[2025-11-03T02:43:47.188+0000] {logging_mixin.py:188} INFO - [2025-11-03T02:43:47.187+0000] {dag.py:3823} INFO - Setting next_dagrun for first_dag to None, run_after=None
[2025-11-03T02:43:47.238+0000] {processor.py:183} INFO - Processing /opt/airflow/dags/first_dag.py took 0.248 seconds
[2025-11-03T02:44:18.141+0000] {processor.py:161} INFO - Started process (PID=372) to work on /opt/airflow/dags/first_dag.py
[2025-11-03T02:44:18.153+0000] {processor.py:830} INFO - Processing file /opt/airflow/dags/first_dag.py for tasks to queue
[2025-11-03T02:44:18.161+0000] {logging_mixin.py:188} INFO - [2025-11-03T02:44:18.160+0000] {dagbag.py:538} INFO - Filling up the DagBag from /opt/airflow/dags/first_dag.py
[2025-11-03T02:44:18.330+0000] {processor.py:840} INFO - DAG(s) 'first_dag' retrieved from /opt/airflow/dags/first_dag.py
[2025-11-03T02:44:18.508+0000] {logging_mixin.py:188} INFO - [2025-11-03T02:44:18.507+0000] {dag.py:3036} INFO - Sync 1 DAGs
[2025-11-03T02:44:18.631+0000] {logging_mixin.py:188} INFO - [2025-11-03T02:44:18.630+0000] {dag.py:3823} INFO - Setting next_dagrun for first_dag to None, run_after=None
[2025-11-03T02:44:18.750+0000] {processor.py:183} INFO - Processing /opt/airflow/dags/first_dag.py took 0.639 seconds
[2025-11-03T02:44:49.239+0000] {processor.py:161} INFO - Started process (PID=379) to work on /opt/airflow/dags/first_dag.py
[2025-11-03T02:44:49.243+0000] {processor.py:830} INFO - Processing file /opt/airflow/dags/first_dag.py for tasks to queue
[2025-11-03T02:44:49.258+0000] {logging_mixin.py:188} INFO - [2025-11-03T02:44:49.257+0000] {dagbag.py:538} INFO - Filling up the DagBag from /opt/airflow/dags/first_dag.py
[2025-11-03T02:44:49.329+0000] {processor.py:840} INFO - DAG(s) 'first_dag' retrieved from /opt/airflow/dags/first_dag.py
[2025-11-03T02:44:49.399+0000] {logging_mixin.py:188} INFO - [2025-11-03T02:44:49.397+0000] {dag.py:3036} INFO - Sync 1 DAGs
[2025-11-03T02:44:49.492+0000] {logging_mixin.py:188} INFO - [2025-11-03T02:44:49.491+0000] {dag.py:3823} INFO - Setting next_dagrun for first_dag to None, run_after=None
[2025-11-03T02:44:49.561+0000] {processor.py:183} INFO - Processing /opt/airflow/dags/first_dag.py took 0.345 seconds
[2025-11-03T02:45:20.542+0000] {processor.py:161} INFO - Started process (PID=386) to work on /opt/airflow/dags/first_dag.py
[2025-11-03T02:45:20.559+0000] {processor.py:830} INFO - Processing file /opt/airflow/dags/first_dag.py for tasks to queue
[2025-11-03T02:45:20.566+0000] {logging_mixin.py:188} INFO - [2025-11-03T02:45:20.565+0000] {dagbag.py:538} INFO - Filling up the DagBag from /opt/airflow/dags/first_dag.py
[2025-11-03T02:45:20.718+0000] {processor.py:840} INFO - DAG(s) 'first_dag' retrieved from /opt/airflow/dags/first_dag.py
[2025-11-03T02:45:20.832+0000] {logging_mixin.py:188} INFO - [2025-11-03T02:45:20.831+0000] {dag.py:3036} INFO - Sync 1 DAGs
[2025-11-03T02:45:20.916+0000] {logging_mixin.py:188} INFO - [2025-11-03T02:45:20.915+0000] {dag.py:3823} INFO - Setting next_dagrun for first_dag to None, run_after=None
[2025-11-03T02:45:21.016+0000] {processor.py:183} INFO - Processing /opt/airflow/dags/first_dag.py took 0.490 seconds
[2025-11-03T02:45:51.742+0000] {processor.py:161} INFO - Started process (PID=393) to work on /opt/airflow/dags/first_dag.py
[2025-11-03T02:45:51.746+0000] {processor.py:830} INFO - Processing file /opt/airflow/dags/first_dag.py for tasks to queue
[2025-11-03T02:45:51.772+0000] {logging_mixin.py:188} INFO - [2025-11-03T02:45:51.761+0000] {dagbag.py:538} INFO - Filling up the DagBag from /opt/airflow/dags/first_dag.py
[2025-11-03T02:45:51.874+0000] {processor.py:840} INFO - DAG(s) 'first_dag' retrieved from /opt/airflow/dags/first_dag.py
[2025-11-03T02:45:52.076+0000] {logging_mixin.py:188} INFO - [2025-11-03T02:45:52.066+0000] {dag.py:3036} INFO - Sync 1 DAGs
[2025-11-03T02:45:52.265+0000] {logging_mixin.py:188} INFO - [2025-11-03T02:45:52.264+0000] {dag.py:3823} INFO - Setting next_dagrun for first_dag to None, run_after=None
[2025-11-03T02:45:52.408+0000] {processor.py:183} INFO - Processing /opt/airflow/dags/first_dag.py took 0.698 seconds
[2025-11-03T02:46:22.865+0000] {processor.py:161} INFO - Started process (PID=401) to work on /opt/airflow/dags/first_dag.py
[2025-11-03T02:46:22.871+0000] {processor.py:830} INFO - Processing file /opt/airflow/dags/first_dag.py for tasks to queue
[2025-11-03T02:46:22.884+0000] {logging_mixin.py:188} INFO - [2025-11-03T02:46:22.879+0000] {dagbag.py:538} INFO - Filling up the DagBag from /opt/airflow/dags/first_dag.py
[2025-11-03T02:46:22.954+0000] {processor.py:840} INFO - DAG(s) 'first_dag' retrieved from /opt/airflow/dags/first_dag.py
[2025-11-03T02:46:23.043+0000] {logging_mixin.py:188} INFO - [2025-11-03T02:46:23.039+0000] {dag.py:3036} INFO - Sync 1 DAGs
[2025-11-03T02:46:23.161+0000] {logging_mixin.py:188} INFO - [2025-11-03T02:46:23.160+0000] {dag.py:3823} INFO - Setting next_dagrun for first_dag to None, run_after=None
[2025-11-03T02:46:23.282+0000] {processor.py:183} INFO - Processing /opt/airflow/dags/first_dag.py took 0.429 seconds
[2025-11-03T02:46:53.605+0000] {processor.py:161} INFO - Started process (PID=408) to work on /opt/airflow/dags/first_dag.py
[2025-11-03T02:46:53.608+0000] {processor.py:830} INFO - Processing file /opt/airflow/dags/first_dag.py for tasks to queue
[2025-11-03T02:46:53.623+0000] {logging_mixin.py:188} INFO - [2025-11-03T02:46:53.622+0000] {dagbag.py:538} INFO - Filling up the DagBag from /opt/airflow/dags/first_dag.py
[2025-11-03T02:46:53.768+0000] {processor.py:840} INFO - DAG(s) 'first_dag' retrieved from /opt/airflow/dags/first_dag.py
[2025-11-03T02:46:53.939+0000] {logging_mixin.py:188} INFO - [2025-11-03T02:46:53.938+0000] {dag.py:3036} INFO - Sync 1 DAGs
[2025-11-03T02:46:54.153+0000] {logging_mixin.py:188} INFO - [2025-11-03T02:46:54.152+0000] {dag.py:3823} INFO - Setting next_dagrun for first_dag to None, run_after=None
[2025-11-03T02:46:54.350+0000] {processor.py:183} INFO - Processing /opt/airflow/dags/first_dag.py took 0.777 seconds
[2025-11-03T02:47:25.730+0000] {processor.py:161} INFO - Started process (PID=415) to work on /opt/airflow/dags/first_dag.py
[2025-11-03T02:47:25.734+0000] {processor.py:830} INFO - Processing file /opt/airflow/dags/first_dag.py for tasks to queue
[2025-11-03T02:47:25.744+0000] {logging_mixin.py:188} INFO - [2025-11-03T02:47:25.742+0000] {dagbag.py:538} INFO - Filling up the DagBag from /opt/airflow/dags/first_dag.py
[2025-11-03T02:47:25.814+0000] {processor.py:840} INFO - DAG(s) 'first_dag' retrieved from /opt/airflow/dags/first_dag.py
[2025-11-03T02:47:25.926+0000] {logging_mixin.py:188} INFO - [2025-11-03T02:47:25.923+0000] {dag.py:3036} INFO - Sync 1 DAGs
[2025-11-03T02:47:26.042+0000] {logging_mixin.py:188} INFO - [2025-11-03T02:47:26.041+0000] {dag.py:3823} INFO - Setting next_dagrun for first_dag to None, run_after=None
[2025-11-03T02:47:26.227+0000] {processor.py:183} INFO - Processing /opt/airflow/dags/first_dag.py took 0.512 seconds
[2025-11-03T02:47:56.422+0000] {processor.py:161} INFO - Started process (PID=421) to work on /opt/airflow/dags/first_dag.py
[2025-11-03T02:47:56.425+0000] {processor.py:830} INFO - Processing file /opt/airflow/dags/first_dag.py for tasks to queue
[2025-11-03T02:47:56.432+0000] {logging_mixin.py:188} INFO - [2025-11-03T02:47:56.431+0000] {dagbag.py:538} INFO - Filling up the DagBag from /opt/airflow/dags/first_dag.py
[2025-11-03T02:47:56.478+0000] {processor.py:840} INFO - DAG(s) 'first_dag' retrieved from /opt/airflow/dags/first_dag.py
[2025-11-03T02:47:56.522+0000] {logging_mixin.py:188} INFO - [2025-11-03T02:47:56.522+0000] {dag.py:3036} INFO - Sync 1 DAGs
[2025-11-03T02:47:56.598+0000] {logging_mixin.py:188} INFO - [2025-11-03T02:47:56.597+0000] {dag.py:3823} INFO - Setting next_dagrun for first_dag to None, run_after=None
[2025-11-03T02:47:56.698+0000] {processor.py:183} INFO - Processing /opt/airflow/dags/first_dag.py took 0.289 seconds
[2025-11-03T02:48:27.081+0000] {processor.py:161} INFO - Started process (PID=427) to work on /opt/airflow/dags/first_dag.py
[2025-11-03T02:48:27.083+0000] {processor.py:830} INFO - Processing file /opt/airflow/dags/first_dag.py for tasks to queue
[2025-11-03T02:48:27.088+0000] {logging_mixin.py:188} INFO - [2025-11-03T02:48:27.087+0000] {dagbag.py:538} INFO - Filling up the DagBag from /opt/airflow/dags/first_dag.py
[2025-11-03T02:48:27.132+0000] {processor.py:840} INFO - DAG(s) 'first_dag' retrieved from /opt/airflow/dags/first_dag.py
[2025-11-03T02:48:27.177+0000] {logging_mixin.py:188} INFO - [2025-11-03T02:48:27.177+0000] {dag.py:3036} INFO - Sync 1 DAGs
[2025-11-03T02:48:27.257+0000] {logging_mixin.py:188} INFO - [2025-11-03T02:48:27.256+0000] {dag.py:3823} INFO - Setting next_dagrun for first_dag to None, run_after=None
[2025-11-03T02:48:27.307+0000] {processor.py:183} INFO - Processing /opt/airflow/dags/first_dag.py took 0.235 seconds
[2025-11-03T02:48:57.676+0000] {processor.py:161} INFO - Started process (PID=434) to work on /opt/airflow/dags/first_dag.py
[2025-11-03T02:48:57.678+0000] {processor.py:830} INFO - Processing file /opt/airflow/dags/first_dag.py for tasks to queue
[2025-11-03T02:48:57.683+0000] {logging_mixin.py:188} INFO - [2025-11-03T02:48:57.682+0000] {dagbag.py:538} INFO - Filling up the DagBag from /opt/airflow/dags/first_dag.py
[2025-11-03T02:48:57.734+0000] {processor.py:840} INFO - DAG(s) 'first_dag' retrieved from /opt/airflow/dags/first_dag.py
[2025-11-03T02:48:57.776+0000] {logging_mixin.py:188} INFO - [2025-11-03T02:48:57.776+0000] {dag.py:3036} INFO - Sync 1 DAGs
[2025-11-03T02:48:57.821+0000] {logging_mixin.py:188} INFO - [2025-11-03T02:48:57.820+0000] {dag.py:3823} INFO - Setting next_dagrun for first_dag to None, run_after=None
[2025-11-03T02:48:57.866+0000] {processor.py:183} INFO - Processing /opt/airflow/dags/first_dag.py took 0.200 seconds
[2025-11-03T02:49:28.322+0000] {processor.py:161} INFO - Started process (PID=441) to work on /opt/airflow/dags/first_dag.py
[2025-11-03T02:49:28.324+0000] {processor.py:830} INFO - Processing file /opt/airflow/dags/first_dag.py for tasks to queue
[2025-11-03T02:49:28.331+0000] {logging_mixin.py:188} INFO - [2025-11-03T02:49:28.330+0000] {dagbag.py:538} INFO - Filling up the DagBag from /opt/airflow/dags/first_dag.py
[2025-11-03T02:49:28.408+0000] {processor.py:840} INFO - DAG(s) 'first_dag' retrieved from /opt/airflow/dags/first_dag.py
[2025-11-03T02:49:28.477+0000] {logging_mixin.py:188} INFO - [2025-11-03T02:49:28.476+0000] {dag.py:3036} INFO - Sync 1 DAGs
[2025-11-03T02:49:28.574+0000] {logging_mixin.py:188} INFO - [2025-11-03T02:49:28.573+0000] {dag.py:3823} INFO - Setting next_dagrun for first_dag to None, run_after=None
[2025-11-03T02:49:28.719+0000] {processor.py:183} INFO - Processing /opt/airflow/dags/first_dag.py took 0.407 seconds
[2025-11-03T02:49:59.251+0000] {processor.py:161} INFO - Started process (PID=454) to work on /opt/airflow/dags/first_dag.py
[2025-11-03T02:49:59.254+0000] {processor.py:830} INFO - Processing file /opt/airflow/dags/first_dag.py for tasks to queue
[2025-11-03T02:49:59.262+0000] {logging_mixin.py:188} INFO - [2025-11-03T02:49:59.259+0000] {dagbag.py:538} INFO - Filling up the DagBag from /opt/airflow/dags/first_dag.py
[2025-11-03T02:49:59.312+0000] {processor.py:840} INFO - DAG(s) 'first_dag' retrieved from /opt/airflow/dags/first_dag.py
[2025-11-03T02:49:59.374+0000] {logging_mixin.py:188} INFO - [2025-11-03T02:49:59.374+0000] {dag.py:3036} INFO - Sync 1 DAGs
[2025-11-03T02:49:59.423+0000] {logging_mixin.py:188} INFO - [2025-11-03T02:49:59.422+0000] {dag.py:3823} INFO - Setting next_dagrun for first_dag to None, run_after=None
[2025-11-03T02:49:59.471+0000] {processor.py:183} INFO - Processing /opt/airflow/dags/first_dag.py took 0.235 seconds
[2025-11-03T02:50:30.203+0000] {processor.py:161} INFO - Started process (PID=461) to work on /opt/airflow/dags/first_dag.py
[2025-11-03T02:50:30.205+0000] {processor.py:830} INFO - Processing file /opt/airflow/dags/first_dag.py for tasks to queue
[2025-11-03T02:50:30.210+0000] {logging_mixin.py:188} INFO - [2025-11-03T02:50:30.209+0000] {dagbag.py:538} INFO - Filling up the DagBag from /opt/airflow/dags/first_dag.py
[2025-11-03T02:50:30.258+0000] {processor.py:840} INFO - DAG(s) 'first_dag' retrieved from /opt/airflow/dags/first_dag.py
[2025-11-03T02:50:30.302+0000] {logging_mixin.py:188} INFO - [2025-11-03T02:50:30.302+0000] {dag.py:3036} INFO - Sync 1 DAGs
[2025-11-03T02:50:30.348+0000] {logging_mixin.py:188} INFO - [2025-11-03T02:50:30.347+0000] {dag.py:3823} INFO - Setting next_dagrun for first_dag to None, run_after=None
[2025-11-03T02:50:30.391+0000] {processor.py:183} INFO - Processing /opt/airflow/dags/first_dag.py took 0.197 seconds
[2025-11-03T02:51:00.850+0000] {processor.py:161} INFO - Started process (PID=468) to work on /opt/airflow/dags/first_dag.py
[2025-11-03T02:51:00.853+0000] {processor.py:830} INFO - Processing file /opt/airflow/dags/first_dag.py for tasks to queue
[2025-11-03T02:51:00.858+0000] {logging_mixin.py:188} INFO - [2025-11-03T02:51:00.857+0000] {dagbag.py:538} INFO - Filling up the DagBag from /opt/airflow/dags/first_dag.py
[2025-11-03T02:51:00.906+0000] {processor.py:840} INFO - DAG(s) 'first_dag' retrieved from /opt/airflow/dags/first_dag.py
[2025-11-03T02:51:00.949+0000] {logging_mixin.py:188} INFO - [2025-11-03T02:51:00.949+0000] {dag.py:3036} INFO - Sync 1 DAGs
[2025-11-03T02:51:01.004+0000] {logging_mixin.py:188} INFO - [2025-11-03T02:51:01.004+0000] {dag.py:3823} INFO - Setting next_dagrun for first_dag to None, run_after=None
[2025-11-03T02:51:01.058+0000] {processor.py:183} INFO - Processing /opt/airflow/dags/first_dag.py took 0.218 seconds
[2025-11-03T02:51:31.791+0000] {processor.py:161} INFO - Started process (PID=475) to work on /opt/airflow/dags/first_dag.py
[2025-11-03T02:51:31.793+0000] {processor.py:830} INFO - Processing file /opt/airflow/dags/first_dag.py for tasks to queue
[2025-11-03T02:51:31.798+0000] {logging_mixin.py:188} INFO - [2025-11-03T02:51:31.797+0000] {dagbag.py:538} INFO - Filling up the DagBag from /opt/airflow/dags/first_dag.py
[2025-11-03T02:51:31.847+0000] {processor.py:840} INFO - DAG(s) 'first_dag' retrieved from /opt/airflow/dags/first_dag.py
[2025-11-03T02:51:31.890+0000] {logging_mixin.py:188} INFO - [2025-11-03T02:51:31.889+0000] {dag.py:3036} INFO - Sync 1 DAGs
[2025-11-03T02:51:31.942+0000] {logging_mixin.py:188} INFO - [2025-11-03T02:51:31.941+0000] {dag.py:3823} INFO - Setting next_dagrun for first_dag to None, run_after=None
[2025-11-03T02:51:32.012+0000] {processor.py:183} INFO - Processing /opt/airflow/dags/first_dag.py took 0.229 seconds
[2025-11-03T02:52:02.496+0000] {processor.py:161} INFO - Started process (PID=482) to work on /opt/airflow/dags/first_dag.py
[2025-11-03T02:52:02.498+0000] {processor.py:830} INFO - Processing file /opt/airflow/dags/first_dag.py for tasks to queue
[2025-11-03T02:52:02.503+0000] {logging_mixin.py:188} INFO - [2025-11-03T02:52:02.502+0000] {dagbag.py:538} INFO - Filling up the DagBag from /opt/airflow/dags/first_dag.py
[2025-11-03T02:52:02.552+0000] {processor.py:840} INFO - DAG(s) 'first_dag' retrieved from /opt/airflow/dags/first_dag.py
[2025-11-03T02:52:02.593+0000] {logging_mixin.py:188} INFO - [2025-11-03T02:52:02.593+0000] {dag.py:3036} INFO - Sync 1 DAGs
[2025-11-03T02:52:02.641+0000] {logging_mixin.py:188} INFO - [2025-11-03T02:52:02.641+0000] {dag.py:3823} INFO - Setting next_dagrun for first_dag to None, run_after=None
[2025-11-03T02:52:02.685+0000] {processor.py:183} INFO - Processing /opt/airflow/dags/first_dag.py took 0.197 seconds
[2025-11-03T02:52:33.366+0000] {processor.py:161} INFO - Started process (PID=489) to work on /opt/airflow/dags/first_dag.py
[2025-11-03T02:52:33.368+0000] {processor.py:830} INFO - Processing file /opt/airflow/dags/first_dag.py for tasks to queue
[2025-11-03T02:52:33.373+0000] {logging_mixin.py:188} INFO - [2025-11-03T02:52:33.372+0000] {dagbag.py:538} INFO - Filling up the DagBag from /opt/airflow/dags/first_dag.py
[2025-11-03T02:52:33.446+0000] {processor.py:840} INFO - DAG(s) 'first_dag' retrieved from /opt/airflow/dags/first_dag.py
[2025-11-03T02:52:33.507+0000] {logging_mixin.py:188} INFO - [2025-11-03T02:52:33.506+0000] {dag.py:3036} INFO - Sync 1 DAGs
[2025-11-03T02:52:33.604+0000] {logging_mixin.py:188} INFO - [2025-11-03T02:52:33.603+0000] {dag.py:3823} INFO - Setting next_dagrun for first_dag to None, run_after=None
[2025-11-03T02:52:33.677+0000] {processor.py:183} INFO - Processing /opt/airflow/dags/first_dag.py took 0.318 seconds
[2025-11-03T02:53:04.030+0000] {processor.py:161} INFO - Started process (PID=496) to work on /opt/airflow/dags/first_dag.py
[2025-11-03T02:53:04.033+0000] {processor.py:830} INFO - Processing file /opt/airflow/dags/first_dag.py for tasks to queue
[2025-11-03T02:53:04.038+0000] {logging_mixin.py:188} INFO - [2025-11-03T02:53:04.037+0000] {dagbag.py:538} INFO - Filling up the DagBag from /opt/airflow/dags/first_dag.py
[2025-11-03T02:53:04.083+0000] {processor.py:840} INFO - DAG(s) 'first_dag' retrieved from /opt/airflow/dags/first_dag.py
[2025-11-03T02:53:04.132+0000] {logging_mixin.py:188} INFO - [2025-11-03T02:53:04.131+0000] {dag.py:3036} INFO - Sync 1 DAGs
[2025-11-03T02:53:04.186+0000] {logging_mixin.py:188} INFO - [2025-11-03T02:53:04.185+0000] {dag.py:3823} INFO - Setting next_dagrun for first_dag to None, run_after=None
[2025-11-03T02:53:04.241+0000] {processor.py:183} INFO - Processing /opt/airflow/dags/first_dag.py took 0.224 seconds
[2025-11-03T02:53:34.780+0000] {processor.py:161} INFO - Started process (PID=503) to work on /opt/airflow/dags/first_dag.py
[2025-11-03T02:53:34.786+0000] {processor.py:830} INFO - Processing file /opt/airflow/dags/first_dag.py for tasks to queue
[2025-11-03T02:53:34.796+0000] {logging_mixin.py:188} INFO - [2025-11-03T02:53:34.795+0000] {dagbag.py:538} INFO - Filling up the DagBag from /opt/airflow/dags/first_dag.py
[2025-11-03T02:53:34.896+0000] {processor.py:840} INFO - DAG(s) 'first_dag' retrieved from /opt/airflow/dags/first_dag.py
[2025-11-03T02:53:34.973+0000] {logging_mixin.py:188} INFO - [2025-11-03T02:53:34.973+0000] {dag.py:3036} INFO - Sync 1 DAGs
[2025-11-03T02:53:35.051+0000] {logging_mixin.py:188} INFO - [2025-11-03T02:53:35.050+0000] {dag.py:3823} INFO - Setting next_dagrun for first_dag to None, run_after=None
[2025-11-03T02:53:35.148+0000] {processor.py:183} INFO - Processing /opt/airflow/dags/first_dag.py took 0.401 seconds
[2025-11-03T02:54:05.633+0000] {processor.py:161} INFO - Started process (PID=510) to work on /opt/airflow/dags/first_dag.py
[2025-11-03T02:54:05.636+0000] {processor.py:830} INFO - Processing file /opt/airflow/dags/first_dag.py for tasks to queue
[2025-11-03T02:54:05.642+0000] {logging_mixin.py:188} INFO - [2025-11-03T02:54:05.641+0000] {dagbag.py:538} INFO - Filling up the DagBag from /opt/airflow/dags/first_dag.py
[2025-11-03T02:54:05.705+0000] {processor.py:840} INFO - DAG(s) 'first_dag' retrieved from /opt/airflow/dags/first_dag.py
[2025-11-03T02:54:05.775+0000] {logging_mixin.py:188} INFO - [2025-11-03T02:54:05.774+0000] {dag.py:3036} INFO - Sync 1 DAGs
[2025-11-03T02:54:05.856+0000] {logging_mixin.py:188} INFO - [2025-11-03T02:54:05.856+0000] {dag.py:3823} INFO - Setting next_dagrun for first_dag to None, run_after=None
[2025-11-03T02:54:05.962+0000] {processor.py:183} INFO - Processing /opt/airflow/dags/first_dag.py took 0.341 seconds
[2025-11-03T02:54:36.659+0000] {processor.py:161} INFO - Started process (PID=517) to work on /opt/airflow/dags/first_dag.py
[2025-11-03T02:54:36.668+0000] {processor.py:830} INFO - Processing file /opt/airflow/dags/first_dag.py for tasks to queue
[2025-11-03T02:54:36.675+0000] {logging_mixin.py:188} INFO - [2025-11-03T02:54:36.674+0000] {dagbag.py:538} INFO - Filling up the DagBag from /opt/airflow/dags/first_dag.py
[2025-11-03T02:54:36.723+0000] {processor.py:840} INFO - DAG(s) 'first_dag' retrieved from /opt/airflow/dags/first_dag.py
[2025-11-03T02:54:36.815+0000] {logging_mixin.py:188} INFO - [2025-11-03T02:54:36.814+0000] {dag.py:3036} INFO - Sync 1 DAGs
[2025-11-03T02:54:36.903+0000] {logging_mixin.py:188} INFO - [2025-11-03T02:54:36.903+0000] {dag.py:3823} INFO - Setting next_dagrun for first_dag to None, run_after=None
[2025-11-03T02:54:36.967+0000] {processor.py:183} INFO - Processing /opt/airflow/dags/first_dag.py took 0.324 seconds
[2025-11-03T02:55:07.349+0000] {processor.py:161} INFO - Started process (PID=524) to work on /opt/airflow/dags/first_dag.py
[2025-11-03T02:55:07.352+0000] {processor.py:830} INFO - Processing file /opt/airflow/dags/first_dag.py for tasks to queue
[2025-11-03T02:55:07.356+0000] {logging_mixin.py:188} INFO - [2025-11-03T02:55:07.356+0000] {dagbag.py:538} INFO - Filling up the DagBag from /opt/airflow/dags/first_dag.py
[2025-11-03T02:55:07.406+0000] {processor.py:840} INFO - DAG(s) 'first_dag' retrieved from /opt/airflow/dags/first_dag.py
[2025-11-03T02:55:07.447+0000] {logging_mixin.py:188} INFO - [2025-11-03T02:55:07.447+0000] {dag.py:3036} INFO - Sync 1 DAGs
[2025-11-03T02:55:07.532+0000] {logging_mixin.py:188} INFO - [2025-11-03T02:55:07.530+0000] {dag.py:3823} INFO - Setting next_dagrun for first_dag to None, run_after=None
[2025-11-03T02:55:07.604+0000] {processor.py:183} INFO - Processing /opt/airflow/dags/first_dag.py took 0.263 seconds
[2025-11-03T02:55:38.476+0000] {processor.py:161} INFO - Started process (PID=530) to work on /opt/airflow/dags/first_dag.py
[2025-11-03T02:55:38.478+0000] {processor.py:830} INFO - Processing file /opt/airflow/dags/first_dag.py for tasks to queue
[2025-11-03T02:55:38.482+0000] {logging_mixin.py:188} INFO - [2025-11-03T02:55:38.482+0000] {dagbag.py:538} INFO - Filling up the DagBag from /opt/airflow/dags/first_dag.py
[2025-11-03T02:55:38.532+0000] {processor.py:840} INFO - DAG(s) 'first_dag' retrieved from /opt/airflow/dags/first_dag.py
[2025-11-03T02:55:38.597+0000] {logging_mixin.py:188} INFO - [2025-11-03T02:55:38.596+0000] {dag.py:3036} INFO - Sync 1 DAGs
[2025-11-03T02:55:38.689+0000] {logging_mixin.py:188} INFO - [2025-11-03T02:55:38.688+0000] {dag.py:3823} INFO - Setting next_dagrun for first_dag to None, run_after=None
[2025-11-03T02:55:38.856+0000] {processor.py:183} INFO - Processing /opt/airflow/dags/first_dag.py took 0.387 seconds
[2025-11-03T02:56:09.215+0000] {processor.py:161} INFO - Started process (PID=537) to work on /opt/airflow/dags/first_dag.py
[2025-11-03T02:56:09.221+0000] {processor.py:830} INFO - Processing file /opt/airflow/dags/first_dag.py for tasks to queue
[2025-11-03T02:56:09.238+0000] {logging_mixin.py:188} INFO - [2025-11-03T02:56:09.234+0000] {dagbag.py:538} INFO - Filling up the DagBag from /opt/airflow/dags/first_dag.py
[2025-11-03T02:56:09.320+0000] {processor.py:840} INFO - DAG(s) 'first_dag' retrieved from /opt/airflow/dags/first_dag.py
[2025-11-03T02:56:09.400+0000] {logging_mixin.py:188} INFO - [2025-11-03T02:56:09.399+0000] {dag.py:3036} INFO - Sync 1 DAGs
[2025-11-03T02:56:09.456+0000] {logging_mixin.py:188} INFO - [2025-11-03T02:56:09.455+0000] {dag.py:3823} INFO - Setting next_dagrun for first_dag to None, run_after=None
[2025-11-03T02:56:09.506+0000] {processor.py:183} INFO - Processing /opt/airflow/dags/first_dag.py took 0.316 seconds
[2025-11-03T02:56:39.863+0000] {processor.py:161} INFO - Started process (PID=544) to work on /opt/airflow/dags/first_dag.py
[2025-11-03T02:56:39.866+0000] {processor.py:830} INFO - Processing file /opt/airflow/dags/first_dag.py for tasks to queue
[2025-11-03T02:56:39.872+0000] {logging_mixin.py:188} INFO - [2025-11-03T02:56:39.870+0000] {dagbag.py:538} INFO - Filling up the DagBag from /opt/airflow/dags/first_dag.py
[2025-11-03T02:56:39.921+0000] {processor.py:840} INFO - DAG(s) 'first_dag' retrieved from /opt/airflow/dags/first_dag.py
[2025-11-03T02:56:39.973+0000] {logging_mixin.py:188} INFO - [2025-11-03T02:56:39.972+0000] {dag.py:3036} INFO - Sync 1 DAGs
[2025-11-03T02:56:40.015+0000] {logging_mixin.py:188} INFO - [2025-11-03T02:56:40.015+0000] {dag.py:3823} INFO - Setting next_dagrun for first_dag to None, run_after=None
[2025-11-03T02:56:40.058+0000] {processor.py:183} INFO - Processing /opt/airflow/dags/first_dag.py took 0.203 seconds
[2025-11-03T02:57:10.590+0000] {processor.py:161} INFO - Started process (PID=552) to work on /opt/airflow/dags/first_dag.py
[2025-11-03T02:57:10.593+0000] {processor.py:830} INFO - Processing file /opt/airflow/dags/first_dag.py for tasks to queue
[2025-11-03T02:57:10.599+0000] {logging_mixin.py:188} INFO - [2025-11-03T02:57:10.598+0000] {dagbag.py:538} INFO - Filling up the DagBag from /opt/airflow/dags/first_dag.py
[2025-11-03T02:57:10.640+0000] {processor.py:840} INFO - DAG(s) 'first_dag' retrieved from /opt/airflow/dags/first_dag.py
[2025-11-03T02:57:10.693+0000] {logging_mixin.py:188} INFO - [2025-11-03T02:57:10.693+0000] {dag.py:3036} INFO - Sync 1 DAGs
[2025-11-03T02:57:10.745+0000] {logging_mixin.py:188} INFO - [2025-11-03T02:57:10.745+0000] {dag.py:3823} INFO - Setting next_dagrun for first_dag to None, run_after=None
[2025-11-03T02:57:10.790+0000] {processor.py:183} INFO - Processing /opt/airflow/dags/first_dag.py took 0.209 seconds
[2025-11-03T02:57:41.356+0000] {processor.py:161} INFO - Started process (PID=559) to work on /opt/airflow/dags/first_dag.py
[2025-11-03T02:57:41.359+0000] {processor.py:830} INFO - Processing file /opt/airflow/dags/first_dag.py for tasks to queue
[2025-11-03T02:57:41.367+0000] {logging_mixin.py:188} INFO - [2025-11-03T02:57:41.366+0000] {dagbag.py:538} INFO - Filling up the DagBag from /opt/airflow/dags/first_dag.py
[2025-11-03T02:57:41.411+0000] {processor.py:840} INFO - DAG(s) 'first_dag' retrieved from /opt/airflow/dags/first_dag.py
[2025-11-03T02:57:41.474+0000] {logging_mixin.py:188} INFO - [2025-11-03T02:57:41.473+0000] {dag.py:3036} INFO - Sync 1 DAGs
[2025-11-03T02:57:41.518+0000] {logging_mixin.py:188} INFO - [2025-11-03T02:57:41.517+0000] {dag.py:3823} INFO - Setting next_dagrun for first_dag to None, run_after=None
[2025-11-03T02:57:41.593+0000] {processor.py:183} INFO - Processing /opt/airflow/dags/first_dag.py took 0.246 seconds
[2025-11-03T02:58:11.994+0000] {processor.py:161} INFO - Started process (PID=566) to work on /opt/airflow/dags/first_dag.py
[2025-11-03T02:58:11.997+0000] {processor.py:830} INFO - Processing file /opt/airflow/dags/first_dag.py for tasks to queue
[2025-11-03T02:58:12.003+0000] {logging_mixin.py:188} INFO - [2025-11-03T02:58:12.002+0000] {dagbag.py:538} INFO - Filling up the DagBag from /opt/airflow/dags/first_dag.py
[2025-11-03T02:58:12.045+0000] {processor.py:840} INFO - DAG(s) 'first_dag' retrieved from /opt/airflow/dags/first_dag.py
[2025-11-03T02:58:12.096+0000] {logging_mixin.py:188} INFO - [2025-11-03T02:58:12.095+0000] {dag.py:3036} INFO - Sync 1 DAGs
[2025-11-03T02:58:12.156+0000] {logging_mixin.py:188} INFO - [2025-11-03T02:58:12.156+0000] {dag.py:3823} INFO - Setting next_dagrun for first_dag to None, run_after=None
[2025-11-03T02:58:12.207+0000] {processor.py:183} INFO - Processing /opt/airflow/dags/first_dag.py took 0.221 seconds
[2025-11-03T02:58:42.788+0000] {processor.py:161} INFO - Started process (PID=573) to work on /opt/airflow/dags/first_dag.py
[2025-11-03T02:58:42.791+0000] {processor.py:830} INFO - Processing file /opt/airflow/dags/first_dag.py for tasks to queue
[2025-11-03T02:58:42.797+0000] {logging_mixin.py:188} INFO - [2025-11-03T02:58:42.796+0000] {dagbag.py:538} INFO - Filling up the DagBag from /opt/airflow/dags/first_dag.py
[2025-11-03T02:58:42.847+0000] {processor.py:840} INFO - DAG(s) 'first_dag' retrieved from /opt/airflow/dags/first_dag.py
[2025-11-03T02:58:42.886+0000] {logging_mixin.py:188} INFO - [2025-11-03T02:58:42.886+0000] {dag.py:3036} INFO - Sync 1 DAGs
[2025-11-03T02:58:42.937+0000] {logging_mixin.py:188} INFO - [2025-11-03T02:58:42.937+0000] {dag.py:3823} INFO - Setting next_dagrun for first_dag to None, run_after=None
[2025-11-03T02:58:42.984+0000] {processor.py:183} INFO - Processing /opt/airflow/dags/first_dag.py took 0.204 seconds
[2025-11-03T02:59:13.491+0000] {processor.py:161} INFO - Started process (PID=580) to work on /opt/airflow/dags/first_dag.py
[2025-11-03T02:59:13.494+0000] {processor.py:830} INFO - Processing file /opt/airflow/dags/first_dag.py for tasks to queue
[2025-11-03T02:59:13.500+0000] {logging_mixin.py:188} INFO - [2025-11-03T02:59:13.499+0000] {dagbag.py:538} INFO - Filling up the DagBag from /opt/airflow/dags/first_dag.py
[2025-11-03T02:59:13.548+0000] {processor.py:840} INFO - DAG(s) 'first_dag' retrieved from /opt/airflow/dags/first_dag.py
[2025-11-03T02:59:13.610+0000] {logging_mixin.py:188} INFO - [2025-11-03T02:59:13.609+0000] {dag.py:3036} INFO - Sync 1 DAGs
[2025-11-03T02:59:13.680+0000] {logging_mixin.py:188} INFO - [2025-11-03T02:59:13.679+0000] {dag.py:3823} INFO - Setting next_dagrun for first_dag to None, run_after=None
[2025-11-03T02:59:13.775+0000] {processor.py:183} INFO - Processing /opt/airflow/dags/first_dag.py took 0.295 seconds
[2025-11-03T02:59:44.302+0000] {processor.py:161} INFO - Started process (PID=587) to work on /opt/airflow/dags/first_dag.py
[2025-11-03T02:59:44.305+0000] {processor.py:830} INFO - Processing file /opt/airflow/dags/first_dag.py for tasks to queue
[2025-11-03T02:59:44.313+0000] {logging_mixin.py:188} INFO - [2025-11-03T02:59:44.311+0000] {dagbag.py:538} INFO - Filling up the DagBag from /opt/airflow/dags/first_dag.py
[2025-11-03T02:59:44.380+0000] {processor.py:840} INFO - DAG(s) 'first_dag' retrieved from /opt/airflow/dags/first_dag.py
[2025-11-03T02:59:44.442+0000] {logging_mixin.py:188} INFO - [2025-11-03T02:59:44.442+0000] {dag.py:3036} INFO - Sync 1 DAGs
[2025-11-03T02:59:44.491+0000] {logging_mixin.py:188} INFO - [2025-11-03T02:59:44.490+0000] {dag.py:3823} INFO - Setting next_dagrun for first_dag to None, run_after=None
[2025-11-03T02:59:44.546+0000] {processor.py:183} INFO - Processing /opt/airflow/dags/first_dag.py took 0.262 seconds
[2025-11-03T03:00:15.079+0000] {processor.py:161} INFO - Started process (PID=594) to work on /opt/airflow/dags/first_dag.py
[2025-11-03T03:00:15.082+0000] {processor.py:830} INFO - Processing file /opt/airflow/dags/first_dag.py for tasks to queue
[2025-11-03T03:00:15.094+0000] {logging_mixin.py:188} INFO - [2025-11-03T03:00:15.093+0000] {dagbag.py:538} INFO - Filling up the DagBag from /opt/airflow/dags/first_dag.py
[2025-11-03T03:00:15.257+0000] {processor.py:840} INFO - DAG(s) 'first_dag' retrieved from /opt/airflow/dags/first_dag.py
[2025-11-03T03:00:15.360+0000] {logging_mixin.py:188} INFO - [2025-11-03T03:00:15.359+0000] {dag.py:3036} INFO - Sync 1 DAGs
[2025-11-03T03:00:15.437+0000] {logging_mixin.py:188} INFO - [2025-11-03T03:00:15.436+0000] {dag.py:3823} INFO - Setting next_dagrun for first_dag to None, run_after=None
[2025-11-03T03:00:15.499+0000] {processor.py:183} INFO - Processing /opt/airflow/dags/first_dag.py took 0.435 seconds
[2025-11-03T03:00:45.834+0000] {processor.py:161} INFO - Started process (PID=601) to work on /opt/airflow/dags/first_dag.py
[2025-11-03T03:00:45.837+0000] {processor.py:830} INFO - Processing file /opt/airflow/dags/first_dag.py for tasks to queue
[2025-11-03T03:00:45.843+0000] {logging_mixin.py:188} INFO - [2025-11-03T03:00:45.842+0000] {dagbag.py:538} INFO - Filling up the DagBag from /opt/airflow/dags/first_dag.py
[2025-11-03T03:00:45.902+0000] {processor.py:840} INFO - DAG(s) 'first_dag' retrieved from /opt/airflow/dags/first_dag.py
[2025-11-03T03:00:45.969+0000] {logging_mixin.py:188} INFO - [2025-11-03T03:00:45.969+0000] {dag.py:3036} INFO - Sync 1 DAGs
[2025-11-03T03:00:46.056+0000] {logging_mixin.py:188} INFO - [2025-11-03T03:00:46.056+0000] {dag.py:3823} INFO - Setting next_dagrun for first_dag to None, run_after=None
[2025-11-03T03:00:46.106+0000] {processor.py:183} INFO - Processing /opt/airflow/dags/first_dag.py took 0.281 seconds
[2025-11-03T03:01:16.712+0000] {processor.py:161} INFO - Started process (PID=608) to work on /opt/airflow/dags/first_dag.py
[2025-11-03T03:01:16.727+0000] {processor.py:830} INFO - Processing file /opt/airflow/dags/first_dag.py for tasks to queue
[2025-11-03T03:01:16.766+0000] {logging_mixin.py:188} INFO - [2025-11-03T03:01:16.765+0000] {dagbag.py:538} INFO - Filling up the DagBag from /opt/airflow/dags/first_dag.py
[2025-11-03T03:01:16.928+0000] {processor.py:840} INFO - DAG(s) 'first_dag' retrieved from /opt/airflow/dags/first_dag.py
[2025-11-03T03:01:17.048+0000] {logging_mixin.py:188} INFO - [2025-11-03T03:01:17.048+0000] {dag.py:3036} INFO - Sync 1 DAGs
[2025-11-03T03:01:17.188+0000] {logging_mixin.py:188} INFO - [2025-11-03T03:01:17.188+0000] {dag.py:3823} INFO - Setting next_dagrun for first_dag to None, run_after=None
[2025-11-03T03:01:17.312+0000] {processor.py:183} INFO - Processing /opt/airflow/dags/first_dag.py took 0.633 seconds
[2025-11-03T03:01:48.118+0000] {processor.py:161} INFO - Started process (PID=615) to work on /opt/airflow/dags/first_dag.py
[2025-11-03T03:01:48.121+0000] {processor.py:830} INFO - Processing file /opt/airflow/dags/first_dag.py for tasks to queue
[2025-11-03T03:01:48.126+0000] {logging_mixin.py:188} INFO - [2025-11-03T03:01:48.125+0000] {dagbag.py:538} INFO - Filling up the DagBag from /opt/airflow/dags/first_dag.py
[2025-11-03T03:01:48.171+0000] {processor.py:840} INFO - DAG(s) 'first_dag' retrieved from /opt/airflow/dags/first_dag.py
[2025-11-03T03:01:48.220+0000] {logging_mixin.py:188} INFO - [2025-11-03T03:01:48.220+0000] {dag.py:3036} INFO - Sync 1 DAGs
[2025-11-03T03:01:48.275+0000] {logging_mixin.py:188} INFO - [2025-11-03T03:01:48.275+0000] {dag.py:3823} INFO - Setting next_dagrun for first_dag to None, run_after=None
[2025-11-03T03:01:48.322+0000] {processor.py:183} INFO - Processing /opt/airflow/dags/first_dag.py took 0.216 seconds
[2025-11-03T03:02:19.015+0000] {processor.py:161} INFO - Started process (PID=622) to work on /opt/airflow/dags/first_dag.py
[2025-11-03T03:02:19.019+0000] {processor.py:830} INFO - Processing file /opt/airflow/dags/first_dag.py for tasks to queue
[2025-11-03T03:02:19.027+0000] {logging_mixin.py:188} INFO - [2025-11-03T03:02:19.025+0000] {dagbag.py:538} INFO - Filling up the DagBag from /opt/airflow/dags/first_dag.py
[2025-11-03T03:02:19.120+0000] {processor.py:840} INFO - DAG(s) 'first_dag' retrieved from /opt/airflow/dags/first_dag.py
[2025-11-03T03:02:19.204+0000] {logging_mixin.py:188} INFO - [2025-11-03T03:02:19.203+0000] {dag.py:3036} INFO - Sync 1 DAGs
[2025-11-03T03:02:19.324+0000] {logging_mixin.py:188} INFO - [2025-11-03T03:02:19.324+0000] {dag.py:3823} INFO - Setting next_dagrun for first_dag to None, run_after=None
[2025-11-03T03:02:19.391+0000] {processor.py:183} INFO - Processing /opt/airflow/dags/first_dag.py took 0.388 seconds
[2025-11-03T03:02:49.779+0000] {processor.py:161} INFO - Started process (PID=629) to work on /opt/airflow/dags/first_dag.py
[2025-11-03T03:02:49.783+0000] {processor.py:830} INFO - Processing file /opt/airflow/dags/first_dag.py for tasks to queue
[2025-11-03T03:02:49.789+0000] {logging_mixin.py:188} INFO - [2025-11-03T03:02:49.788+0000] {dagbag.py:538} INFO - Filling up the DagBag from /opt/airflow/dags/first_dag.py
[2025-11-03T03:02:49.831+0000] {processor.py:840} INFO - DAG(s) 'first_dag' retrieved from /opt/airflow/dags/first_dag.py
[2025-11-03T03:02:49.879+0000] {logging_mixin.py:188} INFO - [2025-11-03T03:02:49.879+0000] {dag.py:3036} INFO - Sync 1 DAGs
[2025-11-03T03:02:49.932+0000] {logging_mixin.py:188} INFO - [2025-11-03T03:02:49.932+0000] {dag.py:3823} INFO - Setting next_dagrun for first_dag to None, run_after=None
[2025-11-03T03:02:49.983+0000] {processor.py:183} INFO - Processing /opt/airflow/dags/first_dag.py took 0.214 seconds
[2025-11-03T03:03:20.359+0000] {processor.py:161} INFO - Started process (PID=636) to work on /opt/airflow/dags/first_dag.py
[2025-11-03T03:03:20.362+0000] {processor.py:830} INFO - Processing file /opt/airflow/dags/first_dag.py for tasks to queue
[2025-11-03T03:03:20.366+0000] {logging_mixin.py:188} INFO - [2025-11-03T03:03:20.365+0000] {dagbag.py:538} INFO - Filling up the DagBag from /opt/airflow/dags/first_dag.py
[2025-11-03T03:03:20.415+0000] {processor.py:840} INFO - DAG(s) 'first_dag' retrieved from /opt/airflow/dags/first_dag.py
[2025-11-03T03:03:20.456+0000] {logging_mixin.py:188} INFO - [2025-11-03T03:03:20.455+0000] {dag.py:3036} INFO - Sync 1 DAGs
[2025-11-03T03:03:20.498+0000] {logging_mixin.py:188} INFO - [2025-11-03T03:03:20.497+0000] {dag.py:3823} INFO - Setting next_dagrun for first_dag to None, run_after=None
[2025-11-03T03:03:20.540+0000] {processor.py:183} INFO - Processing /opt/airflow/dags/first_dag.py took 0.190 seconds
[2025-11-03T03:03:50.945+0000] {processor.py:161} INFO - Started process (PID=643) to work on /opt/airflow/dags/first_dag.py
[2025-11-03T03:03:50.949+0000] {processor.py:830} INFO - Processing file /opt/airflow/dags/first_dag.py for tasks to queue
[2025-11-03T03:03:50.956+0000] {logging_mixin.py:188} INFO - [2025-11-03T03:03:50.955+0000] {dagbag.py:538} INFO - Filling up the DagBag from /opt/airflow/dags/first_dag.py
[2025-11-03T03:03:51.006+0000] {processor.py:840} INFO - DAG(s) 'first_dag' retrieved from /opt/airflow/dags/first_dag.py
[2025-11-03T03:03:51.056+0000] {logging_mixin.py:188} INFO - [2025-11-03T03:03:51.056+0000] {dag.py:3036} INFO - Sync 1 DAGs
[2025-11-03T03:03:51.119+0000] {logging_mixin.py:188} INFO - [2025-11-03T03:03:51.118+0000] {dag.py:3823} INFO - Setting next_dagrun for first_dag to None, run_after=None
[2025-11-03T03:03:51.175+0000] {processor.py:183} INFO - Processing /opt/airflow/dags/first_dag.py took 0.244 seconds
[2025-11-03T03:04:21.778+0000] {processor.py:161} INFO - Started process (PID=650) to work on /opt/airflow/dags/first_dag.py
[2025-11-03T03:04:21.791+0000] {processor.py:830} INFO - Processing file /opt/airflow/dags/first_dag.py for tasks to queue
[2025-11-03T03:04:21.797+0000] {logging_mixin.py:188} INFO - [2025-11-03T03:04:21.796+0000] {dagbag.py:538} INFO - Filling up the DagBag from /opt/airflow/dags/first_dag.py
[2025-11-03T03:04:21.881+0000] {processor.py:840} INFO - DAG(s) 'first_dag' retrieved from /opt/airflow/dags/first_dag.py
[2025-11-03T03:04:21.975+0000] {logging_mixin.py:188} INFO - [2025-11-03T03:04:21.974+0000] {dag.py:3036} INFO - Sync 1 DAGs
[2025-11-03T03:04:22.042+0000] {logging_mixin.py:188} INFO - [2025-11-03T03:04:22.042+0000] {dag.py:3823} INFO - Setting next_dagrun for first_dag to None, run_after=None
[2025-11-03T03:04:22.102+0000] {processor.py:183} INFO - Processing /opt/airflow/dags/first_dag.py took 0.344 seconds
[2025-11-03T03:04:52.364+0000] {processor.py:161} INFO - Started process (PID=657) to work on /opt/airflow/dags/first_dag.py
[2025-11-03T03:04:52.367+0000] {processor.py:830} INFO - Processing file /opt/airflow/dags/first_dag.py for tasks to queue
[2025-11-03T03:04:52.371+0000] {logging_mixin.py:188} INFO - [2025-11-03T03:04:52.370+0000] {dagbag.py:538} INFO - Filling up the DagBag from /opt/airflow/dags/first_dag.py
[2025-11-03T03:04:52.419+0000] {processor.py:840} INFO - DAG(s) 'first_dag' retrieved from /opt/airflow/dags/first_dag.py
[2025-11-03T03:04:52.508+0000] {logging_mixin.py:188} INFO - [2025-11-03T03:04:52.507+0000] {dag.py:3036} INFO - Sync 1 DAGs
[2025-11-03T03:04:52.593+0000] {logging_mixin.py:188} INFO - [2025-11-03T03:04:52.591+0000] {dag.py:3823} INFO - Setting next_dagrun for first_dag to None, run_after=None
[2025-11-03T03:04:52.666+0000] {processor.py:183} INFO - Processing /opt/airflow/dags/first_dag.py took 0.311 seconds
[2025-11-03T03:05:23.027+0000] {processor.py:161} INFO - Started process (PID=664) to work on /opt/airflow/dags/first_dag.py
[2025-11-03T03:05:23.030+0000] {processor.py:830} INFO - Processing file /opt/airflow/dags/first_dag.py for tasks to queue
[2025-11-03T03:05:23.036+0000] {logging_mixin.py:188} INFO - [2025-11-03T03:05:23.035+0000] {dagbag.py:538} INFO - Filling up the DagBag from /opt/airflow/dags/first_dag.py
[2025-11-03T03:05:23.084+0000] {processor.py:840} INFO - DAG(s) 'first_dag' retrieved from /opt/airflow/dags/first_dag.py
[2025-11-03T03:05:23.125+0000] {logging_mixin.py:188} INFO - [2025-11-03T03:05:23.124+0000] {dag.py:3036} INFO - Sync 1 DAGs
[2025-11-03T03:05:23.167+0000] {logging_mixin.py:188} INFO - [2025-11-03T03:05:23.167+0000] {dag.py:3823} INFO - Setting next_dagrun for first_dag to None, run_after=None
[2025-11-03T03:05:23.217+0000] {processor.py:183} INFO - Processing /opt/airflow/dags/first_dag.py took 0.198 seconds
[2025-11-03T03:05:53.615+0000] {processor.py:161} INFO - Started process (PID=671) to work on /opt/airflow/dags/first_dag.py
[2025-11-03T03:05:53.618+0000] {processor.py:830} INFO - Processing file /opt/airflow/dags/first_dag.py for tasks to queue
[2025-11-03T03:05:53.628+0000] {logging_mixin.py:188} INFO - [2025-11-03T03:05:53.627+0000] {dagbag.py:538} INFO - Filling up the DagBag from /opt/airflow/dags/first_dag.py
[2025-11-03T03:05:53.691+0000] {processor.py:840} INFO - DAG(s) 'first_dag' retrieved from /opt/airflow/dags/first_dag.py
[2025-11-03T03:05:53.759+0000] {logging_mixin.py:188} INFO - [2025-11-03T03:05:53.758+0000] {dag.py:3036} INFO - Sync 1 DAGs
[2025-11-03T03:05:53.848+0000] {logging_mixin.py:188} INFO - [2025-11-03T03:05:53.847+0000] {dag.py:3823} INFO - Setting next_dagrun for first_dag to None, run_after=None
[2025-11-03T03:05:53.919+0000] {processor.py:183} INFO - Processing /opt/airflow/dags/first_dag.py took 0.317 seconds
[2025-11-03T03:06:24.524+0000] {processor.py:161} INFO - Started process (PID=678) to work on /opt/airflow/dags/first_dag.py
[2025-11-03T03:06:24.527+0000] {processor.py:830} INFO - Processing file /opt/airflow/dags/first_dag.py for tasks to queue
[2025-11-03T03:06:24.534+0000] {logging_mixin.py:188} INFO - [2025-11-03T03:06:24.533+0000] {dagbag.py:538} INFO - Filling up the DagBag from /opt/airflow/dags/first_dag.py
[2025-11-03T03:06:24.570+0000] {processor.py:840} INFO - DAG(s) 'first_dag' retrieved from /opt/airflow/dags/first_dag.py
[2025-11-03T03:06:24.609+0000] {logging_mixin.py:188} INFO - [2025-11-03T03:06:24.608+0000] {dag.py:3036} INFO - Sync 1 DAGs
[2025-11-03T03:06:24.653+0000] {logging_mixin.py:188} INFO - [2025-11-03T03:06:24.653+0000] {dag.py:3823} INFO - Setting next_dagrun for first_dag to None, run_after=None
[2025-11-03T03:06:24.696+0000] {processor.py:183} INFO - Processing /opt/airflow/dags/first_dag.py took 0.180 seconds
[2025-11-03T03:06:55.142+0000] {processor.py:161} INFO - Started process (PID=686) to work on /opt/airflow/dags/first_dag.py
[2025-11-03T03:06:55.145+0000] {processor.py:830} INFO - Processing file /opt/airflow/dags/first_dag.py for tasks to queue
[2025-11-03T03:06:55.151+0000] {logging_mixin.py:188} INFO - [2025-11-03T03:06:55.150+0000] {dagbag.py:538} INFO - Filling up the DagBag from /opt/airflow/dags/first_dag.py
[2025-11-03T03:06:55.199+0000] {processor.py:840} INFO - DAG(s) 'first_dag' retrieved from /opt/airflow/dags/first_dag.py
[2025-11-03T03:06:55.244+0000] {logging_mixin.py:188} INFO - [2025-11-03T03:06:55.243+0000] {dag.py:3036} INFO - Sync 1 DAGs
[2025-11-03T03:06:55.287+0000] {logging_mixin.py:188} INFO - [2025-11-03T03:06:55.286+0000] {dag.py:3823} INFO - Setting next_dagrun for first_dag to None, run_after=None
[2025-11-03T03:06:55.329+0000] {processor.py:183} INFO - Processing /opt/airflow/dags/first_dag.py took 0.196 seconds
[2025-11-03T03:07:25.975+0000] {processor.py:161} INFO - Started process (PID=693) to work on /opt/airflow/dags/first_dag.py
[2025-11-03T03:07:25.977+0000] {processor.py:830} INFO - Processing file /opt/airflow/dags/first_dag.py for tasks to queue
[2025-11-03T03:07:25.982+0000] {logging_mixin.py:188} INFO - [2025-11-03T03:07:25.982+0000] {dagbag.py:538} INFO - Filling up the DagBag from /opt/airflow/dags/first_dag.py
[2025-11-03T03:07:26.023+0000] {processor.py:840} INFO - DAG(s) 'first_dag' retrieved from /opt/airflow/dags/first_dag.py
[2025-11-03T03:07:26.068+0000] {logging_mixin.py:188} INFO - [2025-11-03T03:07:26.068+0000] {dag.py:3036} INFO - Sync 1 DAGs
[2025-11-03T03:07:26.121+0000] {logging_mixin.py:188} INFO - [2025-11-03T03:07:26.121+0000] {dag.py:3823} INFO - Setting next_dagrun for first_dag to None, run_after=None
[2025-11-03T03:07:26.169+0000] {processor.py:183} INFO - Processing /opt/airflow/dags/first_dag.py took 0.206 seconds
[2025-11-03T03:07:56.636+0000] {processor.py:161} INFO - Started process (PID=700) to work on /opt/airflow/dags/first_dag.py
[2025-11-03T03:07:56.639+0000] {processor.py:830} INFO - Processing file /opt/airflow/dags/first_dag.py for tasks to queue
[2025-11-03T03:07:56.643+0000] {logging_mixin.py:188} INFO - [2025-11-03T03:07:56.643+0000] {dagbag.py:538} INFO - Filling up the DagBag from /opt/airflow/dags/first_dag.py
[2025-11-03T03:07:56.687+0000] {processor.py:840} INFO - DAG(s) 'first_dag' retrieved from /opt/airflow/dags/first_dag.py
[2025-11-03T03:07:56.734+0000] {logging_mixin.py:188} INFO - [2025-11-03T03:07:56.734+0000] {dag.py:3036} INFO - Sync 1 DAGs
[2025-11-03T03:07:56.792+0000] {logging_mixin.py:188} INFO - [2025-11-03T03:07:56.792+0000] {dag.py:3823} INFO - Setting next_dagrun for first_dag to None, run_after=None
[2025-11-03T03:07:56.836+0000] {processor.py:183} INFO - Processing /opt/airflow/dags/first_dag.py took 0.211 seconds
[2025-11-03T03:08:27.470+0000] {processor.py:161} INFO - Started process (PID=707) to work on /opt/airflow/dags/first_dag.py
[2025-11-03T03:08:27.473+0000] {processor.py:830} INFO - Processing file /opt/airflow/dags/first_dag.py for tasks to queue
[2025-11-03T03:08:27.478+0000] {logging_mixin.py:188} INFO - [2025-11-03T03:08:27.477+0000] {dagbag.py:538} INFO - Filling up the DagBag from /opt/airflow/dags/first_dag.py
[2025-11-03T03:08:27.519+0000] {processor.py:840} INFO - DAG(s) 'first_dag' retrieved from /opt/airflow/dags/first_dag.py
[2025-11-03T03:08:27.564+0000] {logging_mixin.py:188} INFO - [2025-11-03T03:08:27.564+0000] {dag.py:3036} INFO - Sync 1 DAGs
[2025-11-03T03:08:27.616+0000] {logging_mixin.py:188} INFO - [2025-11-03T03:08:27.616+0000] {dag.py:3823} INFO - Setting next_dagrun for first_dag to None, run_after=None
[2025-11-03T03:08:27.662+0000] {processor.py:183} INFO - Processing /opt/airflow/dags/first_dag.py took 0.199 seconds
[2025-11-03T03:08:58.075+0000] {processor.py:161} INFO - Started process (PID=714) to work on /opt/airflow/dags/first_dag.py
[2025-11-03T03:08:58.078+0000] {processor.py:830} INFO - Processing file /opt/airflow/dags/first_dag.py for tasks to queue
[2025-11-03T03:08:58.083+0000] {logging_mixin.py:188} INFO - [2025-11-03T03:08:58.082+0000] {dagbag.py:538} INFO - Filling up the DagBag from /opt/airflow/dags/first_dag.py
[2025-11-03T03:08:58.134+0000] {processor.py:840} INFO - DAG(s) 'first_dag' retrieved from /opt/airflow/dags/first_dag.py
[2025-11-03T03:08:58.176+0000] {logging_mixin.py:188} INFO - [2025-11-03T03:08:58.175+0000] {dag.py:3036} INFO - Sync 1 DAGs
[2025-11-03T03:08:58.228+0000] {logging_mixin.py:188} INFO - [2025-11-03T03:08:58.227+0000] {dag.py:3823} INFO - Setting next_dagrun for first_dag to None, run_after=None
[2025-11-03T03:08:58.320+0000] {processor.py:183} INFO - Processing /opt/airflow/dags/first_dag.py took 0.253 seconds
[2025-11-03T03:09:28.842+0000] {processor.py:161} INFO - Started process (PID=721) to work on /opt/airflow/dags/first_dag.py
[2025-11-03T03:09:28.845+0000] {processor.py:830} INFO - Processing file /opt/airflow/dags/first_dag.py for tasks to queue
[2025-11-03T03:09:28.850+0000] {logging_mixin.py:188} INFO - [2025-11-03T03:09:28.849+0000] {dagbag.py:538} INFO - Filling up the DagBag from /opt/airflow/dags/first_dag.py
[2025-11-03T03:09:28.896+0000] {processor.py:840} INFO - DAG(s) 'first_dag' retrieved from /opt/airflow/dags/first_dag.py
[2025-11-03T03:09:28.933+0000] {logging_mixin.py:188} INFO - [2025-11-03T03:09:28.933+0000] {dag.py:3036} INFO - Sync 1 DAGs
[2025-11-03T03:09:28.976+0000] {logging_mixin.py:188} INFO - [2025-11-03T03:09:28.976+0000] {dag.py:3823} INFO - Setting next_dagrun for first_dag to None, run_after=None
[2025-11-03T03:09:29.018+0000] {processor.py:183} INFO - Processing /opt/airflow/dags/first_dag.py took 0.187 seconds
