[2025-11-06T15:37:42.864+0000] {taskinstance.py:1956} INFO - Dependencies all met for dep_context=non-requeueable deps ti=<TaskInstance: etl_local_to_local.extract_raw_data manual__2025-11-06T15:35:31.394947+00:00 [queued]>
[2025-11-06T15:37:42.883+0000] {taskinstance.py:1956} INFO - Dependencies all met for dep_context=requeueable deps ti=<TaskInstance: etl_local_to_local.extract_raw_data manual__2025-11-06T15:35:31.394947+00:00 [queued]>
[2025-11-06T15:37:42.884+0000] {taskinstance.py:2170} INFO - Starting attempt 3 of 3
[2025-11-06T15:37:42.915+0000] {taskinstance.py:2191} INFO - Executing <Task(PythonOperator): extract_raw_data> on 2025-11-06 15:35:31.394947+00:00
[2025-11-06T15:37:42.928+0000] {standard_task_runner.py:60} INFO - Started process 1164 to run task
[2025-11-06T15:37:42.942+0000] {standard_task_runner.py:87} INFO - Running: ['***', 'tasks', 'run', 'etl_local_to_local', 'extract_raw_data', 'manual__2025-11-06T15:35:31.394947+00:00', '--job-id', '65', '--raw', '--subdir', 'DAGS_FOLDER/etl_local_to_local_dag.py', '--cfg-path', '/tmp/tmpc4j738tm']
[2025-11-06T15:37:42.946+0000] {standard_task_runner.py:88} INFO - Job 65: Subtask extract_raw_data
[2025-11-06T15:37:43.081+0000] {task_command.py:423} INFO - Running <TaskInstance: etl_local_to_local.extract_raw_data manual__2025-11-06T15:35:31.394947+00:00 [running]> on host d25337941746
[2025-11-06T15:37:43.263+0000] {taskinstance.py:2480} INFO - Exporting env vars: AIRFLOW_CTX_DAG_OWNER='***' AIRFLOW_CTX_DAG_ID='etl_local_to_local' AIRFLOW_CTX_TASK_ID='extract_raw_data' AIRFLOW_CTX_EXECUTION_DATE='2025-11-06T15:35:31.394947+00:00' AIRFLOW_CTX_TRY_NUMBER='3' AIRFLOW_CTX_DAG_RUN_ID='manual__2025-11-06T15:35:31.394947+00:00'
[2025-11-06T15:37:43.268+0000] {logging_mixin.py:188} INFO - 🔍 Запуск extract_raw_data
[2025-11-06T15:37:43.269+0000] {taskinstance.py:2698} ERROR - Task failed with exception
Traceback (most recent call last):
  File "/home/airflow/.local/lib/python3.8/site-packages/airflow/models/taskinstance.py", line 433, in _execute_task
    result = execute_callable(context=context, **execute_callable_kwargs)
  File "/home/airflow/.local/lib/python3.8/site-packages/airflow/operators/python.py", line 199, in execute
    return_value = self.execute_callable()
  File "/home/airflow/.local/lib/python3.8/site-packages/airflow/operators/python.py", line 216, in execute_callable
    return self.python_callable(*self.op_args, **self.op_kwargs)
  File "/opt/airflow/dags/etl_local_to_local_dag.py", line 18, in extract_raw_data
    raise FileNotFoundError(f"Файл не найден: {RAW_FILE}")
FileNotFoundError: Файл не найден: C:\Users\PCHelper\Desktop\***\data/raw_products.json
[2025-11-06T15:37:43.302+0000] {taskinstance.py:1138} INFO - Marking task as FAILED. dag_id=etl_local_to_local, task_id=extract_raw_data, execution_date=20251106T153531, start_date=20251106T153742, end_date=20251106T153743
[2025-11-06T15:37:43.344+0000] {standard_task_runner.py:107} ERROR - Failed to execute job 65 for task extract_raw_data (Файл не найден: C:\Users\PCHelper\Desktop\***\data/raw_products.json; 1164)
[2025-11-06T15:37:43.399+0000] {local_task_job_runner.py:234} INFO - Task exited with return code 1
[2025-11-06T15:37:43.458+0000] {taskinstance.py:3280} INFO - 0 downstream tasks scheduled from follow-on schedule check
