[2025-11-09T07:07:33.577+0000] {taskinstance.py:1956} INFO - Dependencies all met for dep_context=non-requeueable deps ti=<TaskInstance: comments_json_to_postgres.create_table manual__2025-11-09T07:07:23.911688+00:00 [queued]>
[2025-11-09T07:07:33.601+0000] {taskinstance.py:1956} INFO - Dependencies all met for dep_context=requeueable deps ti=<TaskInstance: comments_json_to_postgres.create_table manual__2025-11-09T07:07:23.911688+00:00 [queued]>
[2025-11-09T07:07:33.603+0000] {taskinstance.py:2170} INFO - Starting attempt 1 of 2
[2025-11-09T07:07:33.629+0000] {taskinstance.py:2191} INFO - Executing <Task(_PythonDecoratedOperator): create_table> on 2025-11-09 07:07:23.911688+00:00
[2025-11-09T07:07:33.640+0000] {standard_task_runner.py:60} INFO - Started process 439 to run task
[2025-11-09T07:07:33.652+0000] {standard_task_runner.py:87} INFO - Running: ['***', 'tasks', 'run', 'comments_json_to_postgres', 'create_table', 'manual__2025-11-09T07:07:23.911688+00:00', '--job-id', '201', '--raw', '--subdir', 'DAGS_FOLDER/comments_json_to_postgres.py', '--cfg-path', '/tmp/tmpncll687b']
[2025-11-09T07:07:33.655+0000] {standard_task_runner.py:88} INFO - Job 201: Subtask create_table
[2025-11-09T07:07:33.845+0000] {task_command.py:423} INFO - Running <TaskInstance: comments_json_to_postgres.create_table manual__2025-11-09T07:07:23.911688+00:00 [running]> on host b8354d259e5f
[2025-11-09T07:07:34.101+0000] {taskinstance.py:2480} INFO - Exporting env vars: AIRFLOW_CTX_DAG_OWNER='student' AIRFLOW_CTX_DAG_ID='comments_json_to_postgres' AIRFLOW_CTX_TASK_ID='create_table' AIRFLOW_CTX_EXECUTION_DATE='2025-11-09T07:07:23.911688+00:00' AIRFLOW_CTX_TRY_NUMBER='1' AIRFLOW_CTX_DAG_RUN_ID='manual__2025-11-09T07:07:23.911688+00:00'
[2025-11-09T07:07:34.138+0000] {base.py:83} INFO - Using connection ID 'postgres_default' for task execution.
[2025-11-09T07:07:34.150+0000] {sql.py:450} INFO - Running statement: 
        CREATE TABLE IF NOT EXISTS comments (
            id INTEGER PRIMARY KEY,
            post_id INTEGER,
            name TEXT,
            email TEXT,
            body TEXT
        );
        , parameters: None
[2025-11-09T07:07:34.215+0000] {python.py:201} INFO - Done. Returned value was: None
[2025-11-09T07:07:34.236+0000] {taskinstance.py:1138} INFO - Marking task as SUCCESS. dag_id=comments_json_to_postgres, task_id=create_table, execution_date=20251109T070723, start_date=20251109T070733, end_date=20251109T070734
[2025-11-09T07:07:34.315+0000] {local_task_job_runner.py:234} INFO - Task exited with return code 0
[2025-11-09T07:07:34.405+0000] {taskinstance.py:3280} INFO - 1 downstream tasks scheduled from follow-on schedule check
