[2025-11-09T06:46:45.803+0000] {taskinstance.py:1956} INFO - Dependencies all met for dep_context=non-requeueable deps ti=<TaskInstance: comments_json_to_postgres.create_table scheduled__2025-11-08T00:00:00+00:00 [queued]>
[2025-11-09T06:46:45.827+0000] {taskinstance.py:1956} INFO - Dependencies all met for dep_context=requeueable deps ti=<TaskInstance: comments_json_to_postgres.create_table scheduled__2025-11-08T00:00:00+00:00 [queued]>
[2025-11-09T06:46:45.829+0000] {taskinstance.py:2170} INFO - Starting attempt 2 of 2
[2025-11-09T06:46:45.905+0000] {taskinstance.py:2191} INFO - Executing <Task(_PythonDecoratedOperator): create_table> on 2025-11-08 00:00:00+00:00
[2025-11-09T06:46:45.923+0000] {standard_task_runner.py:60} INFO - Started process 149 to run task
[2025-11-09T06:46:45.942+0000] {standard_task_runner.py:87} INFO - Running: ['***', 'tasks', 'run', 'comments_json_to_postgres', 'create_table', 'scheduled__2025-11-08T00:00:00+00:00', '--job-id', '194', '--raw', '--subdir', 'DAGS_FOLDER/comments_json_to_postgres.py', '--cfg-path', '/tmp/tmp0jm79m2t']
[2025-11-09T06:46:45.948+0000] {standard_task_runner.py:88} INFO - Job 194: Subtask create_table
[2025-11-09T06:46:46.104+0000] {task_command.py:423} INFO - Running <TaskInstance: comments_json_to_postgres.create_table scheduled__2025-11-08T00:00:00+00:00 [running]> on host b8354d259e5f
[2025-11-09T06:46:46.298+0000] {taskinstance.py:2480} INFO - Exporting env vars: AIRFLOW_CTX_DAG_OWNER='student' AIRFLOW_CTX_DAG_ID='comments_json_to_postgres' AIRFLOW_CTX_TASK_ID='create_table' AIRFLOW_CTX_EXECUTION_DATE='2025-11-08T00:00:00+00:00' AIRFLOW_CTX_TRY_NUMBER='2' AIRFLOW_CTX_DAG_RUN_ID='scheduled__2025-11-08T00:00:00+00:00'
[2025-11-09T06:46:46.339+0000] {taskinstance.py:2698} ERROR - Task failed with exception
Traceback (most recent call last):
  File "/home/airflow/.local/lib/python3.8/site-packages/airflow/models/taskinstance.py", line 433, in _execute_task
    result = execute_callable(context=context, **execute_callable_kwargs)
  File "/home/airflow/.local/lib/python3.8/site-packages/airflow/decorators/base.py", line 241, in execute
    return_value = super().execute(context)
  File "/home/airflow/.local/lib/python3.8/site-packages/airflow/operators/python.py", line 199, in execute
    return_value = self.execute_callable()
  File "/home/airflow/.local/lib/python3.8/site-packages/airflow/operators/python.py", line 216, in execute_callable
    return self.python_callable(*self.op_args, **self.op_kwargs)
  File "/opt/airflow/dags/comments_json_to_postgres.py", line 51, in create_table
    hook.run(create_sql)
  File "/home/airflow/.local/lib/python3.8/site-packages/airflow/providers/common/sql/hooks/sql.py", line 391, in run
    with closing(self.get_conn()) as conn:
  File "/home/airflow/.local/lib/python3.8/site-packages/airflow/providers/postgres/hooks/postgres.py", line 128, in get_conn
    conn = deepcopy(self.connection or self.get_connection(conn_id))
  File "/home/airflow/.local/lib/python3.8/site-packages/airflow/hooks/base.py", line 82, in get_connection
    conn = Connection.get_connection_from_secrets(conn_id)
  File "/home/airflow/.local/lib/python3.8/site-packages/airflow/models/connection.py", line 479, in get_connection_from_secrets
    raise AirflowNotFoundException(f"The conn_id `{conn_id}` isn't defined")
airflow.exceptions.AirflowNotFoundException: The conn_id `postgres_default` isn't defined
[2025-11-09T06:46:46.361+0000] {taskinstance.py:1138} INFO - Marking task as FAILED. dag_id=comments_json_to_postgres, task_id=create_table, execution_date=20251108T000000, start_date=20251109T064645, end_date=20251109T064646
[2025-11-09T06:46:46.397+0000] {standard_task_runner.py:107} ERROR - Failed to execute job 194 for task create_table (The conn_id `postgres_default` isn't defined; 149)
[2025-11-09T06:46:46.438+0000] {local_task_job_runner.py:234} INFO - Task exited with return code 1
[2025-11-09T06:46:46.614+0000] {taskinstance.py:3280} INFO - 0 downstream tasks scheduled from follow-on schedule check
