[2025-11-03T01:13:24.046+0000] {processor.py:161} INFO - Started process (PID=95) to work on /home/airflow/.local/lib/python3.8/site-packages/airflow/example_dags/example_bash_operator.py
[2025-11-03T01:13:24.062+0000] {processor.py:830} INFO - Processing file /home/airflow/.local/lib/python3.8/site-packages/airflow/example_dags/example_bash_operator.py for tasks to queue
[2025-11-03T01:13:24.108+0000] {logging_mixin.py:188} INFO - [2025-11-03T01:13:24.092+0000] {dagbag.py:538} INFO - Filling up the DagBag from /home/airflow/.local/lib/python3.8/site-packages/airflow/example_dags/example_bash_operator.py
[2025-11-03T01:13:24.265+0000] {processor.py:840} INFO - DAG(s) 'example_bash_operator' retrieved from /home/airflow/.local/lib/python3.8/site-packages/airflow/example_dags/example_bash_operator.py
[2025-11-03T01:13:24.677+0000] {logging_mixin.py:188} INFO - [2025-11-03T01:13:24.667+0000] {dag.py:3036} INFO - Sync 1 DAGs
[2025-11-03T01:13:25.000+0000] {logging_mixin.py:188} INFO - [2025-11-03T01:13:24.999+0000] {dag.py:3823} INFO - Setting next_dagrun for example_bash_operator to 2025-11-02 00:00:00+00:00, run_after=2025-11-03 00:00:00+00:00
[2025-11-03T01:13:25.174+0000] {processor.py:183} INFO - Processing /home/airflow/.local/lib/python3.8/site-packages/airflow/example_dags/example_bash_operator.py took 1.172 seconds
[2025-11-03T01:14:02.991+0000] {processor.py:161} INFO - Started process (PID=150) to work on /home/airflow/.local/lib/python3.8/site-packages/airflow/example_dags/example_bash_operator.py
[2025-11-03T01:14:03.000+0000] {processor.py:830} INFO - Processing file /home/airflow/.local/lib/python3.8/site-packages/airflow/example_dags/example_bash_operator.py for tasks to queue
[2025-11-03T01:14:03.007+0000] {logging_mixin.py:188} INFO - [2025-11-03T01:14:03.006+0000] {dagbag.py:538} INFO - Filling up the DagBag from /home/airflow/.local/lib/python3.8/site-packages/airflow/example_dags/example_bash_operator.py
[2025-11-03T01:14:03.093+0000] {processor.py:840} INFO - DAG(s) 'example_bash_operator' retrieved from /home/airflow/.local/lib/python3.8/site-packages/airflow/example_dags/example_bash_operator.py
[2025-11-03T01:14:03.411+0000] {logging_mixin.py:188} INFO - [2025-11-03T01:14:03.410+0000] {dag.py:3036} INFO - Sync 1 DAGs
[2025-11-03T01:14:03.636+0000] {logging_mixin.py:188} INFO - [2025-11-03T01:14:03.635+0000] {dag.py:3823} INFO - Setting next_dagrun for example_bash_operator to 2025-11-02 00:00:00+00:00, run_after=2025-11-03 00:00:00+00:00
[2025-11-03T01:14:03.775+0000] {processor.py:183} INFO - Processing /home/airflow/.local/lib/python3.8/site-packages/airflow/example_dags/example_bash_operator.py took 0.806 seconds
[2025-11-03T01:14:42.354+0000] {processor.py:161} INFO - Started process (PID=202) to work on /home/airflow/.local/lib/python3.8/site-packages/airflow/example_dags/example_bash_operator.py
[2025-11-03T01:14:42.424+0000] {processor.py:830} INFO - Processing file /home/airflow/.local/lib/python3.8/site-packages/airflow/example_dags/example_bash_operator.py for tasks to queue
[2025-11-03T01:14:42.463+0000] {logging_mixin.py:188} INFO - [2025-11-03T01:14:42.462+0000] {dagbag.py:538} INFO - Filling up the DagBag from /home/airflow/.local/lib/python3.8/site-packages/airflow/example_dags/example_bash_operator.py
[2025-11-03T01:14:42.588+0000] {processor.py:840} INFO - DAG(s) 'example_bash_operator' retrieved from /home/airflow/.local/lib/python3.8/site-packages/airflow/example_dags/example_bash_operator.py
[2025-11-03T01:14:42.782+0000] {logging_mixin.py:188} INFO - [2025-11-03T01:14:42.781+0000] {dag.py:3036} INFO - Sync 1 DAGs
[2025-11-03T01:14:42.946+0000] {logging_mixin.py:188} INFO - [2025-11-03T01:14:42.945+0000] {dag.py:3823} INFO - Setting next_dagrun for example_bash_operator to 2025-11-02 00:00:00+00:00, run_after=2025-11-03 00:00:00+00:00
[2025-11-03T01:14:43.041+0000] {processor.py:183} INFO - Processing /home/airflow/.local/lib/python3.8/site-packages/airflow/example_dags/example_bash_operator.py took 0.743 seconds
[2025-11-03T01:15:28.416+0000] {processor.py:161} INFO - Started process (PID=256) to work on /home/airflow/.local/lib/python3.8/site-packages/airflow/example_dags/example_bash_operator.py
[2025-11-03T01:15:28.432+0000] {processor.py:830} INFO - Processing file /home/airflow/.local/lib/python3.8/site-packages/airflow/example_dags/example_bash_operator.py for tasks to queue
[2025-11-03T01:15:28.462+0000] {logging_mixin.py:188} INFO - [2025-11-03T01:15:28.460+0000] {dagbag.py:538} INFO - Filling up the DagBag from /home/airflow/.local/lib/python3.8/site-packages/airflow/example_dags/example_bash_operator.py
[2025-11-03T01:15:28.639+0000] {processor.py:840} INFO - DAG(s) 'example_bash_operator' retrieved from /home/airflow/.local/lib/python3.8/site-packages/airflow/example_dags/example_bash_operator.py
[2025-11-03T01:15:28.962+0000] {logging_mixin.py:188} INFO - [2025-11-03T01:15:28.962+0000] {dag.py:3036} INFO - Sync 1 DAGs
[2025-11-03T01:15:30.027+0000] {logging_mixin.py:188} INFO - [2025-11-03T01:15:30.026+0000] {dag.py:3823} INFO - Setting next_dagrun for example_bash_operator to 2025-11-02 00:00:00+00:00, run_after=2025-11-03 00:00:00+00:00
[2025-11-03T01:15:30.457+0000] {processor.py:183} INFO - Processing /home/airflow/.local/lib/python3.8/site-packages/airflow/example_dags/example_bash_operator.py took 2.085 seconds
[2025-11-03T01:16:15.287+0000] {processor.py:161} INFO - Started process (PID=311) to work on /home/airflow/.local/lib/python3.8/site-packages/airflow/example_dags/example_bash_operator.py
[2025-11-03T01:16:15.291+0000] {processor.py:830} INFO - Processing file /home/airflow/.local/lib/python3.8/site-packages/airflow/example_dags/example_bash_operator.py for tasks to queue
[2025-11-03T01:16:15.303+0000] {logging_mixin.py:188} INFO - [2025-11-03T01:16:15.302+0000] {dagbag.py:538} INFO - Filling up the DagBag from /home/airflow/.local/lib/python3.8/site-packages/airflow/example_dags/example_bash_operator.py
[2025-11-03T01:16:15.362+0000] {processor.py:840} INFO - DAG(s) 'example_bash_operator' retrieved from /home/airflow/.local/lib/python3.8/site-packages/airflow/example_dags/example_bash_operator.py
[2025-11-03T01:16:16.171+0000] {logging_mixin.py:188} INFO - [2025-11-03T01:16:16.171+0000] {dag.py:3036} INFO - Sync 1 DAGs
[2025-11-03T01:16:16.370+0000] {logging_mixin.py:188} INFO - [2025-11-03T01:16:16.369+0000] {dag.py:3823} INFO - Setting next_dagrun for example_bash_operator to 2025-11-02 00:00:00+00:00, run_after=2025-11-03 00:00:00+00:00
[2025-11-03T01:16:16.515+0000] {processor.py:183} INFO - Processing /home/airflow/.local/lib/python3.8/site-packages/airflow/example_dags/example_bash_operator.py took 1.252 seconds
[2025-11-03T01:16:46.997+0000] {processor.py:161} INFO - Started process (PID=366) to work on /home/airflow/.local/lib/python3.8/site-packages/airflow/example_dags/example_bash_operator.py
[2025-11-03T01:16:47.000+0000] {processor.py:830} INFO - Processing file /home/airflow/.local/lib/python3.8/site-packages/airflow/example_dags/example_bash_operator.py for tasks to queue
[2025-11-03T01:16:47.007+0000] {logging_mixin.py:188} INFO - [2025-11-03T01:16:47.006+0000] {dagbag.py:538} INFO - Filling up the DagBag from /home/airflow/.local/lib/python3.8/site-packages/airflow/example_dags/example_bash_operator.py
[2025-11-03T01:16:47.053+0000] {processor.py:840} INFO - DAG(s) 'example_bash_operator' retrieved from /home/airflow/.local/lib/python3.8/site-packages/airflow/example_dags/example_bash_operator.py
[2025-11-03T01:16:47.239+0000] {logging_mixin.py:188} INFO - [2025-11-03T01:16:47.238+0000] {dag.py:3036} INFO - Sync 1 DAGs
[2025-11-03T01:16:47.386+0000] {logging_mixin.py:188} INFO - [2025-11-03T01:16:47.376+0000] {dag.py:3823} INFO - Setting next_dagrun for example_bash_operator to 2025-11-02 00:00:00+00:00, run_after=2025-11-03 00:00:00+00:00
[2025-11-03T01:16:47.523+0000] {processor.py:183} INFO - Processing /home/airflow/.local/lib/python3.8/site-packages/airflow/example_dags/example_bash_operator.py took 0.540 seconds
[2025-11-03T01:17:18.560+0000] {processor.py:161} INFO - Started process (PID=421) to work on /home/airflow/.local/lib/python3.8/site-packages/airflow/example_dags/example_bash_operator.py
[2025-11-03T01:17:18.564+0000] {processor.py:830} INFO - Processing file /home/airflow/.local/lib/python3.8/site-packages/airflow/example_dags/example_bash_operator.py for tasks to queue
[2025-11-03T01:17:18.574+0000] {logging_mixin.py:188} INFO - [2025-11-03T01:17:18.572+0000] {dagbag.py:538} INFO - Filling up the DagBag from /home/airflow/.local/lib/python3.8/site-packages/airflow/example_dags/example_bash_operator.py
[2025-11-03T01:17:18.640+0000] {processor.py:840} INFO - DAG(s) 'example_bash_operator' retrieved from /home/airflow/.local/lib/python3.8/site-packages/airflow/example_dags/example_bash_operator.py
[2025-11-03T01:17:18.865+0000] {logging_mixin.py:188} INFO - [2025-11-03T01:17:18.853+0000] {dag.py:3036} INFO - Sync 1 DAGs
[2025-11-03T01:17:19.186+0000] {logging_mixin.py:188} INFO - [2025-11-03T01:17:19.186+0000] {dag.py:3823} INFO - Setting next_dagrun for example_bash_operator to 2025-11-02 00:00:00+00:00, run_after=2025-11-03 00:00:00+00:00
[2025-11-03T01:17:19.584+0000] {processor.py:183} INFO - Processing /home/airflow/.local/lib/python3.8/site-packages/airflow/example_dags/example_bash_operator.py took 1.041 seconds
[2025-11-03T01:17:50.443+0000] {processor.py:161} INFO - Started process (PID=477) to work on /home/airflow/.local/lib/python3.8/site-packages/airflow/example_dags/example_bash_operator.py
[2025-11-03T01:17:50.457+0000] {processor.py:830} INFO - Processing file /home/airflow/.local/lib/python3.8/site-packages/airflow/example_dags/example_bash_operator.py for tasks to queue
[2025-11-03T01:17:50.469+0000] {logging_mixin.py:188} INFO - [2025-11-03T01:17:50.468+0000] {dagbag.py:538} INFO - Filling up the DagBag from /home/airflow/.local/lib/python3.8/site-packages/airflow/example_dags/example_bash_operator.py
[2025-11-03T01:17:50.652+0000] {processor.py:840} INFO - DAG(s) 'example_bash_operator' retrieved from /home/airflow/.local/lib/python3.8/site-packages/airflow/example_dags/example_bash_operator.py
[2025-11-03T01:17:50.990+0000] {logging_mixin.py:188} INFO - [2025-11-03T01:17:50.989+0000] {dag.py:3036} INFO - Sync 1 DAGs
[2025-11-03T01:17:51.210+0000] {logging_mixin.py:188} INFO - [2025-11-03T01:17:51.205+0000] {dag.py:3823} INFO - Setting next_dagrun for example_bash_operator to 2025-11-02 00:00:00+00:00, run_after=2025-11-03 00:00:00+00:00
[2025-11-03T01:17:51.359+0000] {processor.py:183} INFO - Processing /home/airflow/.local/lib/python3.8/site-packages/airflow/example_dags/example_bash_operator.py took 0.937 seconds
[2025-11-03T01:18:21.963+0000] {processor.py:161} INFO - Started process (PID=532) to work on /home/airflow/.local/lib/python3.8/site-packages/airflow/example_dags/example_bash_operator.py
[2025-11-03T01:18:21.972+0000] {processor.py:830} INFO - Processing file /home/airflow/.local/lib/python3.8/site-packages/airflow/example_dags/example_bash_operator.py for tasks to queue
[2025-11-03T01:18:21.985+0000] {logging_mixin.py:188} INFO - [2025-11-03T01:18:21.984+0000] {dagbag.py:538} INFO - Filling up the DagBag from /home/airflow/.local/lib/python3.8/site-packages/airflow/example_dags/example_bash_operator.py
[2025-11-03T01:18:22.088+0000] {processor.py:840} INFO - DAG(s) 'example_bash_operator' retrieved from /home/airflow/.local/lib/python3.8/site-packages/airflow/example_dags/example_bash_operator.py
[2025-11-03T01:18:22.494+0000] {logging_mixin.py:188} INFO - [2025-11-03T01:18:22.493+0000] {dag.py:3036} INFO - Sync 1 DAGs
[2025-11-03T01:18:22.633+0000] {logging_mixin.py:188} INFO - [2025-11-03T01:18:22.632+0000] {dag.py:3823} INFO - Setting next_dagrun for example_bash_operator to 2025-11-02 00:00:00+00:00, run_after=2025-11-03 00:00:00+00:00
[2025-11-03T01:18:22.746+0000] {processor.py:183} INFO - Processing /home/airflow/.local/lib/python3.8/site-packages/airflow/example_dags/example_bash_operator.py took 0.852 seconds
[2025-11-03T01:18:53.313+0000] {processor.py:161} INFO - Started process (PID=587) to work on /home/airflow/.local/lib/python3.8/site-packages/airflow/example_dags/example_bash_operator.py
[2025-11-03T01:18:53.325+0000] {processor.py:830} INFO - Processing file /home/airflow/.local/lib/python3.8/site-packages/airflow/example_dags/example_bash_operator.py for tasks to queue
[2025-11-03T01:18:53.337+0000] {logging_mixin.py:188} INFO - [2025-11-03T01:18:53.334+0000] {dagbag.py:538} INFO - Filling up the DagBag from /home/airflow/.local/lib/python3.8/site-packages/airflow/example_dags/example_bash_operator.py
[2025-11-03T01:18:53.396+0000] {processor.py:840} INFO - DAG(s) 'example_bash_operator' retrieved from /home/airflow/.local/lib/python3.8/site-packages/airflow/example_dags/example_bash_operator.py
[2025-11-03T01:18:53.530+0000] {logging_mixin.py:188} INFO - [2025-11-03T01:18:53.529+0000] {dag.py:3036} INFO - Sync 1 DAGs
[2025-11-03T01:18:53.605+0000] {logging_mixin.py:188} INFO - [2025-11-03T01:18:53.604+0000] {dag.py:3823} INFO - Setting next_dagrun for example_bash_operator to 2025-11-02 00:00:00+00:00, run_after=2025-11-03 00:00:00+00:00
[2025-11-03T01:18:53.691+0000] {processor.py:183} INFO - Processing /home/airflow/.local/lib/python3.8/site-packages/airflow/example_dags/example_bash_operator.py took 0.396 seconds
[2025-11-03T01:19:25.250+0000] {processor.py:161} INFO - Started process (PID=639) to work on /home/airflow/.local/lib/python3.8/site-packages/airflow/example_dags/example_bash_operator.py
[2025-11-03T01:19:25.260+0000] {processor.py:830} INFO - Processing file /home/airflow/.local/lib/python3.8/site-packages/airflow/example_dags/example_bash_operator.py for tasks to queue
[2025-11-03T01:19:25.280+0000] {logging_mixin.py:188} INFO - [2025-11-03T01:19:25.268+0000] {dagbag.py:538} INFO - Filling up the DagBag from /home/airflow/.local/lib/python3.8/site-packages/airflow/example_dags/example_bash_operator.py
[2025-11-03T01:19:25.378+0000] {processor.py:840} INFO - DAG(s) 'example_bash_operator' retrieved from /home/airflow/.local/lib/python3.8/site-packages/airflow/example_dags/example_bash_operator.py
[2025-11-03T01:19:25.555+0000] {logging_mixin.py:188} INFO - [2025-11-03T01:19:25.555+0000] {dag.py:3036} INFO - Sync 1 DAGs
[2025-11-03T01:19:25.658+0000] {logging_mixin.py:188} INFO - [2025-11-03T01:19:25.657+0000] {dag.py:3823} INFO - Setting next_dagrun for example_bash_operator to 2025-11-02 00:00:00+00:00, run_after=2025-11-03 00:00:00+00:00
[2025-11-03T01:19:25.760+0000] {processor.py:183} INFO - Processing /home/airflow/.local/lib/python3.8/site-packages/airflow/example_dags/example_bash_operator.py took 0.530 seconds
[2025-11-03T01:19:56.995+0000] {processor.py:161} INFO - Started process (PID=694) to work on /home/airflow/.local/lib/python3.8/site-packages/airflow/example_dags/example_bash_operator.py
[2025-11-03T01:19:57.009+0000] {processor.py:830} INFO - Processing file /home/airflow/.local/lib/python3.8/site-packages/airflow/example_dags/example_bash_operator.py for tasks to queue
[2025-11-03T01:19:57.030+0000] {logging_mixin.py:188} INFO - [2025-11-03T01:19:57.029+0000] {dagbag.py:538} INFO - Filling up the DagBag from /home/airflow/.local/lib/python3.8/site-packages/airflow/example_dags/example_bash_operator.py
[2025-11-03T01:19:57.125+0000] {processor.py:840} INFO - DAG(s) 'example_bash_operator' retrieved from /home/airflow/.local/lib/python3.8/site-packages/airflow/example_dags/example_bash_operator.py
[2025-11-03T01:19:57.371+0000] {logging_mixin.py:188} INFO - [2025-11-03T01:19:57.371+0000] {dag.py:3036} INFO - Sync 1 DAGs
[2025-11-03T01:19:57.615+0000] {logging_mixin.py:188} INFO - [2025-11-03T01:19:57.604+0000] {dag.py:3823} INFO - Setting next_dagrun for example_bash_operator to 2025-11-02 00:00:00+00:00, run_after=2025-11-03 00:00:00+00:00
[2025-11-03T01:19:57.841+0000] {processor.py:183} INFO - Processing /home/airflow/.local/lib/python3.8/site-packages/airflow/example_dags/example_bash_operator.py took 0.898 seconds
[2025-11-03T01:20:28.797+0000] {processor.py:161} INFO - Started process (PID=748) to work on /home/airflow/.local/lib/python3.8/site-packages/airflow/example_dags/example_bash_operator.py
[2025-11-03T01:20:28.801+0000] {processor.py:830} INFO - Processing file /home/airflow/.local/lib/python3.8/site-packages/airflow/example_dags/example_bash_operator.py for tasks to queue
[2025-11-03T01:20:28.811+0000] {logging_mixin.py:188} INFO - [2025-11-03T01:20:28.809+0000] {dagbag.py:538} INFO - Filling up the DagBag from /home/airflow/.local/lib/python3.8/site-packages/airflow/example_dags/example_bash_operator.py
[2025-11-03T01:20:28.899+0000] {processor.py:840} INFO - DAG(s) 'example_bash_operator' retrieved from /home/airflow/.local/lib/python3.8/site-packages/airflow/example_dags/example_bash_operator.py
[2025-11-03T01:20:29.114+0000] {logging_mixin.py:188} INFO - [2025-11-03T01:20:29.114+0000] {dag.py:3036} INFO - Sync 1 DAGs
[2025-11-03T01:20:29.296+0000] {logging_mixin.py:188} INFO - [2025-11-03T01:20:29.295+0000] {dag.py:3823} INFO - Setting next_dagrun for example_bash_operator to 2025-11-02 00:00:00+00:00, run_after=2025-11-03 00:00:00+00:00
[2025-11-03T01:20:29.441+0000] {processor.py:183} INFO - Processing /home/airflow/.local/lib/python3.8/site-packages/airflow/example_dags/example_bash_operator.py took 0.663 seconds
[2025-11-03T01:21:07.488+0000] {processor.py:161} INFO - Started process (PID=806) to work on /home/airflow/.local/lib/python3.8/site-packages/airflow/example_dags/example_bash_operator.py
[2025-11-03T01:21:07.498+0000] {processor.py:830} INFO - Processing file /home/airflow/.local/lib/python3.8/site-packages/airflow/example_dags/example_bash_operator.py for tasks to queue
[2025-11-03T01:21:07.518+0000] {logging_mixin.py:188} INFO - [2025-11-03T01:21:07.517+0000] {dagbag.py:538} INFO - Filling up the DagBag from /home/airflow/.local/lib/python3.8/site-packages/airflow/example_dags/example_bash_operator.py
[2025-11-03T01:21:07.640+0000] {processor.py:840} INFO - DAG(s) 'example_bash_operator' retrieved from /home/airflow/.local/lib/python3.8/site-packages/airflow/example_dags/example_bash_operator.py
[2025-11-03T01:21:07.812+0000] {logging_mixin.py:188} INFO - [2025-11-03T01:21:07.811+0000] {dag.py:3036} INFO - Sync 1 DAGs
[2025-11-03T01:21:08.100+0000] {logging_mixin.py:188} INFO - [2025-11-03T01:21:08.092+0000] {dag.py:3823} INFO - Setting next_dagrun for example_bash_operator to 2025-11-02 00:00:00+00:00, run_after=2025-11-03 00:00:00+00:00
[2025-11-03T01:21:08.299+0000] {processor.py:183} INFO - Processing /home/airflow/.local/lib/python3.8/site-packages/airflow/example_dags/example_bash_operator.py took 0.841 seconds
[2025-11-03T01:25:32.928+0000] {processor.py:161} INFO - Started process (PID=75) to work on /home/airflow/.local/lib/python3.8/site-packages/airflow/example_dags/example_bash_operator.py
[2025-11-03T01:25:32.933+0000] {processor.py:830} INFO - Processing file /home/airflow/.local/lib/python3.8/site-packages/airflow/example_dags/example_bash_operator.py for tasks to queue
[2025-11-03T01:25:32.940+0000] {logging_mixin.py:188} INFO - [2025-11-03T01:25:32.939+0000] {dagbag.py:538} INFO - Filling up the DagBag from /home/airflow/.local/lib/python3.8/site-packages/airflow/example_dags/example_bash_operator.py
[2025-11-03T01:25:33.007+0000] {processor.py:840} INFO - DAG(s) 'example_bash_operator' retrieved from /home/airflow/.local/lib/python3.8/site-packages/airflow/example_dags/example_bash_operator.py
[2025-11-03T01:25:33.161+0000] {logging_mixin.py:188} INFO - [2025-11-03T01:25:33.160+0000] {dag.py:3036} INFO - Sync 1 DAGs
[2025-11-03T01:25:33.306+0000] {logging_mixin.py:188} INFO - [2025-11-03T01:25:33.305+0000] {dag.py:3823} INFO - Setting next_dagrun for example_bash_operator to 2025-11-02 00:00:00+00:00, run_after=2025-11-03 00:00:00+00:00
[2025-11-03T01:25:33.385+0000] {processor.py:183} INFO - Processing /home/airflow/.local/lib/python3.8/site-packages/airflow/example_dags/example_bash_operator.py took 0.471 seconds
[2025-11-03T01:26:04.347+0000] {processor.py:161} INFO - Started process (PID=130) to work on /home/airflow/.local/lib/python3.8/site-packages/airflow/example_dags/example_bash_operator.py
[2025-11-03T01:26:04.351+0000] {processor.py:830} INFO - Processing file /home/airflow/.local/lib/python3.8/site-packages/airflow/example_dags/example_bash_operator.py for tasks to queue
[2025-11-03T01:26:04.361+0000] {logging_mixin.py:188} INFO - [2025-11-03T01:26:04.360+0000] {dagbag.py:538} INFO - Filling up the DagBag from /home/airflow/.local/lib/python3.8/site-packages/airflow/example_dags/example_bash_operator.py
[2025-11-03T01:26:04.420+0000] {processor.py:840} INFO - DAG(s) 'example_bash_operator' retrieved from /home/airflow/.local/lib/python3.8/site-packages/airflow/example_dags/example_bash_operator.py
[2025-11-03T01:26:04.558+0000] {logging_mixin.py:188} INFO - [2025-11-03T01:26:04.557+0000] {dag.py:3036} INFO - Sync 1 DAGs
[2025-11-03T01:26:04.668+0000] {logging_mixin.py:188} INFO - [2025-11-03T01:26:04.667+0000] {dag.py:3823} INFO - Setting next_dagrun for example_bash_operator to 2025-11-02 00:00:00+00:00, run_after=2025-11-03 00:00:00+00:00
[2025-11-03T01:26:04.752+0000] {processor.py:183} INFO - Processing /home/airflow/.local/lib/python3.8/site-packages/airflow/example_dags/example_bash_operator.py took 0.420 seconds
[2025-11-03T01:26:35.470+0000] {processor.py:161} INFO - Started process (PID=187) to work on /home/airflow/.local/lib/python3.8/site-packages/airflow/example_dags/example_bash_operator.py
[2025-11-03T01:26:35.473+0000] {processor.py:830} INFO - Processing file /home/airflow/.local/lib/python3.8/site-packages/airflow/example_dags/example_bash_operator.py for tasks to queue
[2025-11-03T01:26:35.479+0000] {logging_mixin.py:188} INFO - [2025-11-03T01:26:35.478+0000] {dagbag.py:538} INFO - Filling up the DagBag from /home/airflow/.local/lib/python3.8/site-packages/airflow/example_dags/example_bash_operator.py
[2025-11-03T01:26:35.511+0000] {processor.py:840} INFO - DAG(s) 'example_bash_operator' retrieved from /home/airflow/.local/lib/python3.8/site-packages/airflow/example_dags/example_bash_operator.py
[2025-11-03T01:26:35.604+0000] {logging_mixin.py:188} INFO - [2025-11-03T01:26:35.604+0000] {dag.py:3036} INFO - Sync 1 DAGs
[2025-11-03T01:26:35.669+0000] {logging_mixin.py:188} INFO - [2025-11-03T01:26:35.668+0000] {dag.py:3823} INFO - Setting next_dagrun for example_bash_operator to 2025-11-02 00:00:00+00:00, run_after=2025-11-03 00:00:00+00:00
[2025-11-03T01:26:35.711+0000] {processor.py:183} INFO - Processing /home/airflow/.local/lib/python3.8/site-packages/airflow/example_dags/example_bash_operator.py took 0.250 seconds
[2025-11-03T01:27:06.969+0000] {processor.py:161} INFO - Started process (PID=242) to work on /home/airflow/.local/lib/python3.8/site-packages/airflow/example_dags/example_bash_operator.py
[2025-11-03T01:27:06.972+0000] {processor.py:830} INFO - Processing file /home/airflow/.local/lib/python3.8/site-packages/airflow/example_dags/example_bash_operator.py for tasks to queue
[2025-11-03T01:27:06.979+0000] {logging_mixin.py:188} INFO - [2025-11-03T01:27:06.978+0000] {dagbag.py:538} INFO - Filling up the DagBag from /home/airflow/.local/lib/python3.8/site-packages/airflow/example_dags/example_bash_operator.py
[2025-11-03T01:27:07.027+0000] {processor.py:840} INFO - DAG(s) 'example_bash_operator' retrieved from /home/airflow/.local/lib/python3.8/site-packages/airflow/example_dags/example_bash_operator.py
[2025-11-03T01:27:07.134+0000] {logging_mixin.py:188} INFO - [2025-11-03T01:27:07.133+0000] {dag.py:3036} INFO - Sync 1 DAGs
[2025-11-03T01:27:07.239+0000] {logging_mixin.py:188} INFO - [2025-11-03T01:27:07.239+0000] {dag.py:3823} INFO - Setting next_dagrun for example_bash_operator to 2025-11-02 00:00:00+00:00, run_after=2025-11-03 00:00:00+00:00
[2025-11-03T01:27:07.334+0000] {processor.py:183} INFO - Processing /home/airflow/.local/lib/python3.8/site-packages/airflow/example_dags/example_bash_operator.py took 0.379 seconds
[2025-11-03T01:27:37.906+0000] {processor.py:161} INFO - Started process (PID=295) to work on /home/airflow/.local/lib/python3.8/site-packages/airflow/example_dags/example_bash_operator.py
[2025-11-03T01:27:37.909+0000] {processor.py:830} INFO - Processing file /home/airflow/.local/lib/python3.8/site-packages/airflow/example_dags/example_bash_operator.py for tasks to queue
[2025-11-03T01:27:37.937+0000] {logging_mixin.py:188} INFO - [2025-11-03T01:27:37.928+0000] {dagbag.py:538} INFO - Filling up the DagBag from /home/airflow/.local/lib/python3.8/site-packages/airflow/example_dags/example_bash_operator.py
[2025-11-03T01:27:38.137+0000] {processor.py:840} INFO - DAG(s) 'example_bash_operator' retrieved from /home/airflow/.local/lib/python3.8/site-packages/airflow/example_dags/example_bash_operator.py
[2025-11-03T01:27:38.267+0000] {logging_mixin.py:188} INFO - [2025-11-03T01:27:38.266+0000] {dag.py:3036} INFO - Sync 1 DAGs
[2025-11-03T01:27:38.377+0000] {logging_mixin.py:188} INFO - [2025-11-03T01:27:38.377+0000] {dag.py:3823} INFO - Setting next_dagrun for example_bash_operator to 2025-11-02 00:00:00+00:00, run_after=2025-11-03 00:00:00+00:00
[2025-11-03T01:27:38.564+0000] {processor.py:183} INFO - Processing /home/airflow/.local/lib/python3.8/site-packages/airflow/example_dags/example_bash_operator.py took 0.695 seconds
[2025-11-03T01:28:08.745+0000] {processor.py:161} INFO - Started process (PID=349) to work on /home/airflow/.local/lib/python3.8/site-packages/airflow/example_dags/example_bash_operator.py
[2025-11-03T01:28:08.750+0000] {processor.py:830} INFO - Processing file /home/airflow/.local/lib/python3.8/site-packages/airflow/example_dags/example_bash_operator.py for tasks to queue
[2025-11-03T01:28:08.756+0000] {logging_mixin.py:188} INFO - [2025-11-03T01:28:08.755+0000] {dagbag.py:538} INFO - Filling up the DagBag from /home/airflow/.local/lib/python3.8/site-packages/airflow/example_dags/example_bash_operator.py
[2025-11-03T01:28:08.802+0000] {processor.py:840} INFO - DAG(s) 'example_bash_operator' retrieved from /home/airflow/.local/lib/python3.8/site-packages/airflow/example_dags/example_bash_operator.py
[2025-11-03T01:28:08.984+0000] {logging_mixin.py:188} INFO - [2025-11-03T01:28:08.982+0000] {dag.py:3036} INFO - Sync 1 DAGs
[2025-11-03T01:28:09.093+0000] {logging_mixin.py:188} INFO - [2025-11-03T01:28:09.092+0000] {dag.py:3823} INFO - Setting next_dagrun for example_bash_operator to 2025-11-02 00:00:00+00:00, run_after=2025-11-03 00:00:00+00:00
[2025-11-03T01:28:09.171+0000] {processor.py:183} INFO - Processing /home/airflow/.local/lib/python3.8/site-packages/airflow/example_dags/example_bash_operator.py took 0.442 seconds
[2025-11-03T01:28:40.797+0000] {processor.py:161} INFO - Started process (PID=403) to work on /home/airflow/.local/lib/python3.8/site-packages/airflow/example_dags/example_bash_operator.py
[2025-11-03T01:28:40.803+0000] {processor.py:830} INFO - Processing file /home/airflow/.local/lib/python3.8/site-packages/airflow/example_dags/example_bash_operator.py for tasks to queue
[2025-11-03T01:28:40.811+0000] {logging_mixin.py:188} INFO - [2025-11-03T01:28:40.810+0000] {dagbag.py:538} INFO - Filling up the DagBag from /home/airflow/.local/lib/python3.8/site-packages/airflow/example_dags/example_bash_operator.py
[2025-11-03T01:28:40.868+0000] {processor.py:840} INFO - DAG(s) 'example_bash_operator' retrieved from /home/airflow/.local/lib/python3.8/site-packages/airflow/example_dags/example_bash_operator.py
[2025-11-03T01:28:40.934+0000] {logging_mixin.py:188} INFO - [2025-11-03T01:28:40.933+0000] {dag.py:3036} INFO - Sync 1 DAGs
[2025-11-03T01:28:41.123+0000] {logging_mixin.py:188} INFO - [2025-11-03T01:28:41.122+0000] {dag.py:3823} INFO - Setting next_dagrun for example_bash_operator to 2025-11-02 00:00:00+00:00, run_after=2025-11-03 00:00:00+00:00
[2025-11-03T01:28:41.397+0000] {processor.py:183} INFO - Processing /home/airflow/.local/lib/python3.8/site-packages/airflow/example_dags/example_bash_operator.py took 0.613 seconds
[2025-11-03T01:29:14.968+0000] {processor.py:161} INFO - Started process (PID=463) to work on /home/airflow/.local/lib/python3.8/site-packages/airflow/example_dags/example_bash_operator.py
[2025-11-03T01:29:14.972+0000] {processor.py:830} INFO - Processing file /home/airflow/.local/lib/python3.8/site-packages/airflow/example_dags/example_bash_operator.py for tasks to queue
[2025-11-03T01:29:14.993+0000] {logging_mixin.py:188} INFO - [2025-11-03T01:29:14.991+0000] {dagbag.py:538} INFO - Filling up the DagBag from /home/airflow/.local/lib/python3.8/site-packages/airflow/example_dags/example_bash_operator.py
[2025-11-03T01:29:15.198+0000] {processor.py:840} INFO - DAG(s) 'example_bash_operator' retrieved from /home/airflow/.local/lib/python3.8/site-packages/airflow/example_dags/example_bash_operator.py
[2025-11-03T01:29:16.443+0000] {logging_mixin.py:188} INFO - [2025-11-03T01:29:16.442+0000] {dag.py:3036} INFO - Sync 1 DAGs
[2025-11-03T01:29:16.623+0000] {logging_mixin.py:188} INFO - [2025-11-03T01:29:16.620+0000] {dag.py:3823} INFO - Setting next_dagrun for example_bash_operator to 2025-11-02 00:00:00+00:00, run_after=2025-11-03 00:00:00+00:00
[2025-11-03T01:29:16.887+0000] {processor.py:183} INFO - Processing /home/airflow/.local/lib/python3.8/site-packages/airflow/example_dags/example_bash_operator.py took 1.971 seconds
[2025-11-03T01:29:57.680+0000] {processor.py:161} INFO - Started process (PID=519) to work on /home/airflow/.local/lib/python3.8/site-packages/airflow/example_dags/example_bash_operator.py
[2025-11-03T01:29:57.775+0000] {processor.py:830} INFO - Processing file /home/airflow/.local/lib/python3.8/site-packages/airflow/example_dags/example_bash_operator.py for tasks to queue
[2025-11-03T01:29:57.893+0000] {logging_mixin.py:188} INFO - [2025-11-03T01:29:57.863+0000] {dagbag.py:538} INFO - Filling up the DagBag from /home/airflow/.local/lib/python3.8/site-packages/airflow/example_dags/example_bash_operator.py
[2025-11-03T01:29:58.430+0000] {processor.py:840} INFO - DAG(s) 'example_bash_operator' retrieved from /home/airflow/.local/lib/python3.8/site-packages/airflow/example_dags/example_bash_operator.py
[2025-11-03T01:29:59.741+0000] {logging_mixin.py:188} INFO - [2025-11-03T01:29:59.740+0000] {dag.py:3036} INFO - Sync 1 DAGs
[2025-11-03T01:30:00.321+0000] {logging_mixin.py:188} INFO - [2025-11-03T01:30:00.319+0000] {dag.py:3823} INFO - Setting next_dagrun for example_bash_operator to 2025-11-02 00:00:00+00:00, run_after=2025-11-03 00:00:00+00:00
[2025-11-03T01:30:00.945+0000] {processor.py:183} INFO - Processing /home/airflow/.local/lib/python3.8/site-packages/airflow/example_dags/example_bash_operator.py took 3.311 seconds
[2025-11-03T01:30:51.993+0000] {processor.py:161} INFO - Started process (PID=568) to work on /home/airflow/.local/lib/python3.8/site-packages/airflow/example_dags/example_bash_operator.py
[2025-11-03T01:30:52.001+0000] {processor.py:830} INFO - Processing file /home/airflow/.local/lib/python3.8/site-packages/airflow/example_dags/example_bash_operator.py for tasks to queue
[2025-11-03T01:30:52.021+0000] {logging_mixin.py:188} INFO - [2025-11-03T01:30:52.019+0000] {dagbag.py:538} INFO - Filling up the DagBag from /home/airflow/.local/lib/python3.8/site-packages/airflow/example_dags/example_bash_operator.py
[2025-11-03T01:30:52.144+0000] {processor.py:840} INFO - DAG(s) 'example_bash_operator' retrieved from /home/airflow/.local/lib/python3.8/site-packages/airflow/example_dags/example_bash_operator.py
[2025-11-03T01:30:52.579+0000] {logging_mixin.py:188} INFO - [2025-11-03T01:30:52.578+0000] {dag.py:3036} INFO - Sync 1 DAGs
[2025-11-03T01:30:52.858+0000] {logging_mixin.py:188} INFO - [2025-11-03T01:30:52.848+0000] {dag.py:3823} INFO - Setting next_dagrun for example_bash_operator to 2025-11-02 00:00:00+00:00, run_after=2025-11-03 00:00:00+00:00
[2025-11-03T01:30:54.583+0000] {processor.py:183} INFO - Processing /home/airflow/.local/lib/python3.8/site-packages/airflow/example_dags/example_bash_operator.py took 2.675 seconds
[2025-11-03T01:31:30.487+0000] {processor.py:161} INFO - Started process (PID=622) to work on /home/airflow/.local/lib/python3.8/site-packages/airflow/example_dags/example_bash_operator.py
[2025-11-03T01:31:30.501+0000] {processor.py:830} INFO - Processing file /home/airflow/.local/lib/python3.8/site-packages/airflow/example_dags/example_bash_operator.py for tasks to queue
[2025-11-03T01:31:30.537+0000] {logging_mixin.py:188} INFO - [2025-11-03T01:31:30.527+0000] {dagbag.py:538} INFO - Filling up the DagBag from /home/airflow/.local/lib/python3.8/site-packages/airflow/example_dags/example_bash_operator.py
[2025-11-03T01:31:30.643+0000] {processor.py:840} INFO - DAG(s) 'example_bash_operator' retrieved from /home/airflow/.local/lib/python3.8/site-packages/airflow/example_dags/example_bash_operator.py
[2025-11-03T01:31:31.138+0000] {logging_mixin.py:188} INFO - [2025-11-03T01:31:31.138+0000] {dag.py:3036} INFO - Sync 1 DAGs
[2025-11-03T01:31:31.445+0000] {logging_mixin.py:188} INFO - [2025-11-03T01:31:31.444+0000] {dag.py:3823} INFO - Setting next_dagrun for example_bash_operator to 2025-11-02 00:00:00+00:00, run_after=2025-11-03 00:00:00+00:00
[2025-11-03T01:31:31.783+0000] {processor.py:183} INFO - Processing /home/airflow/.local/lib/python3.8/site-packages/airflow/example_dags/example_bash_operator.py took 1.323 seconds
[2025-11-03T01:32:03.381+0000] {processor.py:161} INFO - Started process (PID=676) to work on /home/airflow/.local/lib/python3.8/site-packages/airflow/example_dags/example_bash_operator.py
[2025-11-03T01:32:03.392+0000] {processor.py:830} INFO - Processing file /home/airflow/.local/lib/python3.8/site-packages/airflow/example_dags/example_bash_operator.py for tasks to queue
[2025-11-03T01:32:03.407+0000] {logging_mixin.py:188} INFO - [2025-11-03T01:32:03.406+0000] {dagbag.py:538} INFO - Filling up the DagBag from /home/airflow/.local/lib/python3.8/site-packages/airflow/example_dags/example_bash_operator.py
[2025-11-03T01:32:03.483+0000] {processor.py:840} INFO - DAG(s) 'example_bash_operator' retrieved from /home/airflow/.local/lib/python3.8/site-packages/airflow/example_dags/example_bash_operator.py
[2025-11-03T01:32:03.656+0000] {logging_mixin.py:188} INFO - [2025-11-03T01:32:03.655+0000] {dag.py:3036} INFO - Sync 1 DAGs
[2025-11-03T01:32:03.772+0000] {logging_mixin.py:188} INFO - [2025-11-03T01:32:03.771+0000] {dag.py:3823} INFO - Setting next_dagrun for example_bash_operator to 2025-11-02 00:00:00+00:00, run_after=2025-11-03 00:00:00+00:00
[2025-11-03T01:32:03.884+0000] {processor.py:183} INFO - Processing /home/airflow/.local/lib/python3.8/site-packages/airflow/example_dags/example_bash_operator.py took 0.568 seconds
[2025-11-03T01:32:34.530+0000] {processor.py:161} INFO - Started process (PID=728) to work on /home/airflow/.local/lib/python3.8/site-packages/airflow/example_dags/example_bash_operator.py
[2025-11-03T01:32:34.533+0000] {processor.py:830} INFO - Processing file /home/airflow/.local/lib/python3.8/site-packages/airflow/example_dags/example_bash_operator.py for tasks to queue
[2025-11-03T01:32:34.540+0000] {logging_mixin.py:188} INFO - [2025-11-03T01:32:34.538+0000] {dagbag.py:538} INFO - Filling up the DagBag from /home/airflow/.local/lib/python3.8/site-packages/airflow/example_dags/example_bash_operator.py
[2025-11-03T01:32:34.572+0000] {processor.py:840} INFO - DAG(s) 'example_bash_operator' retrieved from /home/airflow/.local/lib/python3.8/site-packages/airflow/example_dags/example_bash_operator.py
[2025-11-03T01:32:34.707+0000] {logging_mixin.py:188} INFO - [2025-11-03T01:32:34.706+0000] {dag.py:3036} INFO - Sync 1 DAGs
[2025-11-03T01:32:34.849+0000] {logging_mixin.py:188} INFO - [2025-11-03T01:32:34.848+0000] {dag.py:3823} INFO - Setting next_dagrun for example_bash_operator to 2025-11-02 00:00:00+00:00, run_after=2025-11-03 00:00:00+00:00
[2025-11-03T01:32:35.024+0000] {processor.py:183} INFO - Processing /home/airflow/.local/lib/python3.8/site-packages/airflow/example_dags/example_bash_operator.py took 0.510 seconds
[2025-11-03T01:33:21.112+0000] {processor.py:161} INFO - Started process (PID=783) to work on /home/airflow/.local/lib/python3.8/site-packages/airflow/example_dags/example_bash_operator.py
[2025-11-03T01:33:21.127+0000] {processor.py:830} INFO - Processing file /home/airflow/.local/lib/python3.8/site-packages/airflow/example_dags/example_bash_operator.py for tasks to queue
[2025-11-03T01:33:21.162+0000] {logging_mixin.py:188} INFO - [2025-11-03T01:33:21.159+0000] {dagbag.py:538} INFO - Filling up the DagBag from /home/airflow/.local/lib/python3.8/site-packages/airflow/example_dags/example_bash_operator.py
[2025-11-03T01:33:21.400+0000] {processor.py:840} INFO - DAG(s) 'example_bash_operator' retrieved from /home/airflow/.local/lib/python3.8/site-packages/airflow/example_dags/example_bash_operator.py
[2025-11-03T01:33:22.530+0000] {logging_mixin.py:188} INFO - [2025-11-03T01:33:22.530+0000] {dag.py:3036} INFO - Sync 1 DAGs
[2025-11-03T01:33:23.515+0000] {logging_mixin.py:188} INFO - [2025-11-03T01:33:23.514+0000] {dag.py:3823} INFO - Setting next_dagrun for example_bash_operator to 2025-11-02 00:00:00+00:00, run_after=2025-11-03 00:00:00+00:00
[2025-11-03T01:33:23.896+0000] {processor.py:183} INFO - Processing /home/airflow/.local/lib/python3.8/site-packages/airflow/example_dags/example_bash_operator.py took 2.817 seconds
[2025-11-03T01:33:55.209+0000] {processor.py:161} INFO - Started process (PID=838) to work on /home/airflow/.local/lib/python3.8/site-packages/airflow/example_dags/example_bash_operator.py
[2025-11-03T01:33:55.213+0000] {processor.py:830} INFO - Processing file /home/airflow/.local/lib/python3.8/site-packages/airflow/example_dags/example_bash_operator.py for tasks to queue
[2025-11-03T01:33:55.219+0000] {logging_mixin.py:188} INFO - [2025-11-03T01:33:55.217+0000] {dagbag.py:538} INFO - Filling up the DagBag from /home/airflow/.local/lib/python3.8/site-packages/airflow/example_dags/example_bash_operator.py
[2025-11-03T01:33:55.255+0000] {processor.py:840} INFO - DAG(s) 'example_bash_operator' retrieved from /home/airflow/.local/lib/python3.8/site-packages/airflow/example_dags/example_bash_operator.py
[2025-11-03T01:33:55.418+0000] {logging_mixin.py:188} INFO - [2025-11-03T01:33:55.418+0000] {dag.py:3036} INFO - Sync 1 DAGs
[2025-11-03T01:33:55.494+0000] {logging_mixin.py:188} INFO - [2025-11-03T01:33:55.493+0000] {dag.py:3823} INFO - Setting next_dagrun for example_bash_operator to 2025-11-02 00:00:00+00:00, run_after=2025-11-03 00:00:00+00:00
[2025-11-03T01:33:55.618+0000] {processor.py:183} INFO - Processing /home/airflow/.local/lib/python3.8/site-packages/airflow/example_dags/example_bash_operator.py took 0.422 seconds
[2025-11-03T01:34:34.415+0000] {processor.py:161} INFO - Started process (PID=891) to work on /home/airflow/.local/lib/python3.8/site-packages/airflow/example_dags/example_bash_operator.py
[2025-11-03T01:34:34.463+0000] {processor.py:830} INFO - Processing file /home/airflow/.local/lib/python3.8/site-packages/airflow/example_dags/example_bash_operator.py for tasks to queue
[2025-11-03T01:34:34.498+0000] {logging_mixin.py:188} INFO - [2025-11-03T01:34:34.496+0000] {dagbag.py:538} INFO - Filling up the DagBag from /home/airflow/.local/lib/python3.8/site-packages/airflow/example_dags/example_bash_operator.py
[2025-11-03T01:34:34.681+0000] {processor.py:840} INFO - DAG(s) 'example_bash_operator' retrieved from /home/airflow/.local/lib/python3.8/site-packages/airflow/example_dags/example_bash_operator.py
[2025-11-03T01:34:35.068+0000] {logging_mixin.py:188} INFO - [2025-11-03T01:34:35.067+0000] {dag.py:3036} INFO - Sync 1 DAGs
[2025-11-03T01:34:35.230+0000] {logging_mixin.py:188} INFO - [2025-11-03T01:34:35.229+0000] {dag.py:3823} INFO - Setting next_dagrun for example_bash_operator to 2025-11-02 00:00:00+00:00, run_after=2025-11-03 00:00:00+00:00
[2025-11-03T01:34:35.481+0000] {processor.py:183} INFO - Processing /home/airflow/.local/lib/python3.8/site-packages/airflow/example_dags/example_bash_operator.py took 1.177 seconds
[2025-11-03T01:35:06.023+0000] {processor.py:161} INFO - Started process (PID=945) to work on /home/airflow/.local/lib/python3.8/site-packages/airflow/example_dags/example_bash_operator.py
[2025-11-03T01:35:06.027+0000] {processor.py:830} INFO - Processing file /home/airflow/.local/lib/python3.8/site-packages/airflow/example_dags/example_bash_operator.py for tasks to queue
[2025-11-03T01:35:06.040+0000] {logging_mixin.py:188} INFO - [2025-11-03T01:35:06.038+0000] {dagbag.py:538} INFO - Filling up the DagBag from /home/airflow/.local/lib/python3.8/site-packages/airflow/example_dags/example_bash_operator.py
[2025-11-03T01:35:06.127+0000] {processor.py:840} INFO - DAG(s) 'example_bash_operator' retrieved from /home/airflow/.local/lib/python3.8/site-packages/airflow/example_dags/example_bash_operator.py
[2025-11-03T01:35:06.416+0000] {logging_mixin.py:188} INFO - [2025-11-03T01:35:06.415+0000] {dag.py:3036} INFO - Sync 1 DAGs
[2025-11-03T01:35:06.755+0000] {logging_mixin.py:188} INFO - [2025-11-03T01:35:06.754+0000] {dag.py:3823} INFO - Setting next_dagrun for example_bash_operator to 2025-11-02 00:00:00+00:00, run_after=2025-11-03 00:00:00+00:00
[2025-11-03T01:35:06.979+0000] {processor.py:183} INFO - Processing /home/airflow/.local/lib/python3.8/site-packages/airflow/example_dags/example_bash_operator.py took 0.974 seconds
[2025-11-03T01:35:39.121+0000] {processor.py:161} INFO - Started process (PID=1000) to work on /home/airflow/.local/lib/python3.8/site-packages/airflow/example_dags/example_bash_operator.py
[2025-11-03T01:35:39.126+0000] {processor.py:830} INFO - Processing file /home/airflow/.local/lib/python3.8/site-packages/airflow/example_dags/example_bash_operator.py for tasks to queue
[2025-11-03T01:35:39.138+0000] {logging_mixin.py:188} INFO - [2025-11-03T01:35:39.137+0000] {dagbag.py:538} INFO - Filling up the DagBag from /home/airflow/.local/lib/python3.8/site-packages/airflow/example_dags/example_bash_operator.py
[2025-11-03T01:35:39.223+0000] {processor.py:840} INFO - DAG(s) 'example_bash_operator' retrieved from /home/airflow/.local/lib/python3.8/site-packages/airflow/example_dags/example_bash_operator.py
[2025-11-03T01:35:39.341+0000] {logging_mixin.py:188} INFO - [2025-11-03T01:35:39.340+0000] {dag.py:3036} INFO - Sync 1 DAGs
[2025-11-03T01:35:39.419+0000] {logging_mixin.py:188} INFO - [2025-11-03T01:35:39.418+0000] {dag.py:3823} INFO - Setting next_dagrun for example_bash_operator to 2025-11-02 00:00:00+00:00, run_after=2025-11-03 00:00:00+00:00
[2025-11-03T01:35:39.512+0000] {processor.py:183} INFO - Processing /home/airflow/.local/lib/python3.8/site-packages/airflow/example_dags/example_bash_operator.py took 0.423 seconds
[2025-11-03T01:36:10.399+0000] {processor.py:161} INFO - Started process (PID=1054) to work on /home/airflow/.local/lib/python3.8/site-packages/airflow/example_dags/example_bash_operator.py
[2025-11-03T01:36:10.404+0000] {processor.py:830} INFO - Processing file /home/airflow/.local/lib/python3.8/site-packages/airflow/example_dags/example_bash_operator.py for tasks to queue
[2025-11-03T01:36:10.410+0000] {logging_mixin.py:188} INFO - [2025-11-03T01:36:10.409+0000] {dagbag.py:538} INFO - Filling up the DagBag from /home/airflow/.local/lib/python3.8/site-packages/airflow/example_dags/example_bash_operator.py
[2025-11-03T01:36:10.446+0000] {processor.py:840} INFO - DAG(s) 'example_bash_operator' retrieved from /home/airflow/.local/lib/python3.8/site-packages/airflow/example_dags/example_bash_operator.py
[2025-11-03T01:36:10.526+0000] {logging_mixin.py:188} INFO - [2025-11-03T01:36:10.526+0000] {dag.py:3036} INFO - Sync 1 DAGs
[2025-11-03T01:36:10.586+0000] {logging_mixin.py:188} INFO - [2025-11-03T01:36:10.586+0000] {dag.py:3823} INFO - Setting next_dagrun for example_bash_operator to 2025-11-02 00:00:00+00:00, run_after=2025-11-03 00:00:00+00:00
[2025-11-03T01:36:10.641+0000] {processor.py:183} INFO - Processing /home/airflow/.local/lib/python3.8/site-packages/airflow/example_dags/example_bash_operator.py took 0.252 seconds
[2025-11-03T01:36:42.217+0000] {processor.py:161} INFO - Started process (PID=1110) to work on /home/airflow/.local/lib/python3.8/site-packages/airflow/example_dags/example_bash_operator.py
[2025-11-03T01:36:42.221+0000] {processor.py:830} INFO - Processing file /home/airflow/.local/lib/python3.8/site-packages/airflow/example_dags/example_bash_operator.py for tasks to queue
[2025-11-03T01:36:42.327+0000] {logging_mixin.py:188} INFO - [2025-11-03T01:36:42.325+0000] {dagbag.py:538} INFO - Filling up the DagBag from /home/airflow/.local/lib/python3.8/site-packages/airflow/example_dags/example_bash_operator.py
[2025-11-03T01:36:42.440+0000] {processor.py:840} INFO - DAG(s) 'example_bash_operator' retrieved from /home/airflow/.local/lib/python3.8/site-packages/airflow/example_dags/example_bash_operator.py
[2025-11-03T01:36:42.573+0000] {logging_mixin.py:188} INFO - [2025-11-03T01:36:42.572+0000] {dag.py:3036} INFO - Sync 1 DAGs
[2025-11-03T01:36:42.718+0000] {logging_mixin.py:188} INFO - [2025-11-03T01:36:42.717+0000] {dag.py:3823} INFO - Setting next_dagrun for example_bash_operator to 2025-11-02 00:00:00+00:00, run_after=2025-11-03 00:00:00+00:00
[2025-11-03T01:36:42.872+0000] {processor.py:183} INFO - Processing /home/airflow/.local/lib/python3.8/site-packages/airflow/example_dags/example_bash_operator.py took 0.696 seconds
[2025-11-03T01:37:17.853+0000] {processor.py:161} INFO - Started process (PID=1165) to work on /home/airflow/.local/lib/python3.8/site-packages/airflow/example_dags/example_bash_operator.py
[2025-11-03T01:37:17.856+0000] {processor.py:830} INFO - Processing file /home/airflow/.local/lib/python3.8/site-packages/airflow/example_dags/example_bash_operator.py for tasks to queue
[2025-11-03T01:37:17.869+0000] {logging_mixin.py:188} INFO - [2025-11-03T01:37:17.868+0000] {dagbag.py:538} INFO - Filling up the DagBag from /home/airflow/.local/lib/python3.8/site-packages/airflow/example_dags/example_bash_operator.py
[2025-11-03T01:37:17.997+0000] {processor.py:840} INFO - DAG(s) 'example_bash_operator' retrieved from /home/airflow/.local/lib/python3.8/site-packages/airflow/example_dags/example_bash_operator.py
[2025-11-03T01:37:18.281+0000] {logging_mixin.py:188} INFO - [2025-11-03T01:37:18.280+0000] {dag.py:3036} INFO - Sync 1 DAGs
[2025-11-03T01:37:18.562+0000] {logging_mixin.py:188} INFO - [2025-11-03T01:37:18.561+0000] {dag.py:3823} INFO - Setting next_dagrun for example_bash_operator to 2025-11-02 00:00:00+00:00, run_after=2025-11-03 00:00:00+00:00
[2025-11-03T01:37:18.790+0000] {processor.py:183} INFO - Processing /home/airflow/.local/lib/python3.8/site-packages/airflow/example_dags/example_bash_operator.py took 0.979 seconds
[2025-11-03T01:38:11.180+0000] {processor.py:161} INFO - Started process (PID=1221) to work on /home/airflow/.local/lib/python3.8/site-packages/airflow/example_dags/example_bash_operator.py
[2025-11-03T01:38:11.196+0000] {processor.py:830} INFO - Processing file /home/airflow/.local/lib/python3.8/site-packages/airflow/example_dags/example_bash_operator.py for tasks to queue
[2025-11-03T01:38:11.224+0000] {logging_mixin.py:188} INFO - [2025-11-03T01:38:11.223+0000] {dagbag.py:538} INFO - Filling up the DagBag from /home/airflow/.local/lib/python3.8/site-packages/airflow/example_dags/example_bash_operator.py
[2025-11-03T01:38:11.543+0000] {processor.py:840} INFO - DAG(s) 'example_bash_operator' retrieved from /home/airflow/.local/lib/python3.8/site-packages/airflow/example_dags/example_bash_operator.py
[2025-11-03T01:38:12.338+0000] {logging_mixin.py:188} INFO - [2025-11-03T01:38:12.337+0000] {dag.py:3036} INFO - Sync 1 DAGs
[2025-11-03T01:38:12.661+0000] {logging_mixin.py:188} INFO - [2025-11-03T01:38:12.660+0000] {dag.py:3823} INFO - Setting next_dagrun for example_bash_operator to 2025-11-02 00:00:00+00:00, run_after=2025-11-03 00:00:00+00:00
[2025-11-03T01:38:12.920+0000] {processor.py:183} INFO - Processing /home/airflow/.local/lib/python3.8/site-packages/airflow/example_dags/example_bash_operator.py took 1.777 seconds
[2025-11-03T01:38:53.005+0000] {processor.py:161} INFO - Started process (PID=1277) to work on /home/airflow/.local/lib/python3.8/site-packages/airflow/example_dags/example_bash_operator.py
[2025-11-03T01:38:53.027+0000] {processor.py:830} INFO - Processing file /home/airflow/.local/lib/python3.8/site-packages/airflow/example_dags/example_bash_operator.py for tasks to queue
[2025-11-03T01:38:53.044+0000] {logging_mixin.py:188} INFO - [2025-11-03T01:38:53.042+0000] {dagbag.py:538} INFO - Filling up the DagBag from /home/airflow/.local/lib/python3.8/site-packages/airflow/example_dags/example_bash_operator.py
[2025-11-03T01:38:53.223+0000] {processor.py:840} INFO - DAG(s) 'example_bash_operator' retrieved from /home/airflow/.local/lib/python3.8/site-packages/airflow/example_dags/example_bash_operator.py
[2025-11-03T01:38:53.535+0000] {logging_mixin.py:188} INFO - [2025-11-03T01:38:53.534+0000] {dag.py:3036} INFO - Sync 1 DAGs
[2025-11-03T01:38:53.829+0000] {logging_mixin.py:188} INFO - [2025-11-03T01:38:53.817+0000] {dag.py:3823} INFO - Setting next_dagrun for example_bash_operator to 2025-11-02 00:00:00+00:00, run_after=2025-11-03 00:00:00+00:00
[2025-11-03T01:38:54.010+0000] {processor.py:183} INFO - Processing /home/airflow/.local/lib/python3.8/site-packages/airflow/example_dags/example_bash_operator.py took 1.038 seconds
[2025-11-03T01:39:30.399+0000] {processor.py:161} INFO - Started process (PID=1332) to work on /home/airflow/.local/lib/python3.8/site-packages/airflow/example_dags/example_bash_operator.py
[2025-11-03T01:39:30.405+0000] {processor.py:830} INFO - Processing file /home/airflow/.local/lib/python3.8/site-packages/airflow/example_dags/example_bash_operator.py for tasks to queue
[2025-11-03T01:39:30.415+0000] {logging_mixin.py:188} INFO - [2025-11-03T01:39:30.414+0000] {dagbag.py:538} INFO - Filling up the DagBag from /home/airflow/.local/lib/python3.8/site-packages/airflow/example_dags/example_bash_operator.py
[2025-11-03T01:39:30.462+0000] {processor.py:840} INFO - DAG(s) 'example_bash_operator' retrieved from /home/airflow/.local/lib/python3.8/site-packages/airflow/example_dags/example_bash_operator.py
[2025-11-03T01:39:30.612+0000] {logging_mixin.py:188} INFO - [2025-11-03T01:39:30.611+0000] {dag.py:3036} INFO - Sync 1 DAGs
[2025-11-03T01:39:30.765+0000] {logging_mixin.py:188} INFO - [2025-11-03T01:39:30.765+0000] {dag.py:3823} INFO - Setting next_dagrun for example_bash_operator to 2025-11-02 00:00:00+00:00, run_after=2025-11-03 00:00:00+00:00
[2025-11-03T01:39:30.818+0000] {processor.py:183} INFO - Processing /home/airflow/.local/lib/python3.8/site-packages/airflow/example_dags/example_bash_operator.py took 0.431 seconds
[2025-11-03T01:40:07.347+0000] {processor.py:161} INFO - Started process (PID=1385) to work on /home/airflow/.local/lib/python3.8/site-packages/airflow/example_dags/example_bash_operator.py
[2025-11-03T01:40:07.351+0000] {processor.py:830} INFO - Processing file /home/airflow/.local/lib/python3.8/site-packages/airflow/example_dags/example_bash_operator.py for tasks to queue
[2025-11-03T01:40:07.366+0000] {logging_mixin.py:188} INFO - [2025-11-03T01:40:07.364+0000] {dagbag.py:538} INFO - Filling up the DagBag from /home/airflow/.local/lib/python3.8/site-packages/airflow/example_dags/example_bash_operator.py
[2025-11-03T01:40:07.674+0000] {processor.py:840} INFO - DAG(s) 'example_bash_operator' retrieved from /home/airflow/.local/lib/python3.8/site-packages/airflow/example_dags/example_bash_operator.py
[2025-11-03T01:40:08.462+0000] {logging_mixin.py:188} INFO - [2025-11-03T01:40:08.449+0000] {dag.py:3036} INFO - Sync 1 DAGs
[2025-11-03T01:40:08.887+0000] {logging_mixin.py:188} INFO - [2025-11-03T01:40:08.885+0000] {dag.py:3823} INFO - Setting next_dagrun for example_bash_operator to 2025-11-02 00:00:00+00:00, run_after=2025-11-03 00:00:00+00:00
[2025-11-03T01:40:09.161+0000] {processor.py:183} INFO - Processing /home/airflow/.local/lib/python3.8/site-packages/airflow/example_dags/example_bash_operator.py took 1.861 seconds
[2025-11-03T01:44:35.947+0000] {processor.py:161} INFO - Started process (PID=1462) to work on /home/airflow/.local/lib/python3.8/site-packages/airflow/example_dags/example_bash_operator.py
[2025-11-03T01:44:35.999+0000] {processor.py:830} INFO - Processing file /home/airflow/.local/lib/python3.8/site-packages/airflow/example_dags/example_bash_operator.py for tasks to queue
[2025-11-03T01:44:36.732+0000] {logging_mixin.py:188} INFO - [2025-11-03T01:44:36.721+0000] {dagbag.py:538} INFO - Filling up the DagBag from /home/airflow/.local/lib/python3.8/site-packages/airflow/example_dags/example_bash_operator.py
[2025-11-03T01:44:47.190+0000] {processor.py:840} INFO - DAG(s) 'example_bash_operator' retrieved from /home/airflow/.local/lib/python3.8/site-packages/airflow/example_dags/example_bash_operator.py
[2025-11-03T01:44:48.556+0000] {logging_mixin.py:188} INFO - [2025-11-03T01:44:48.541+0000] {dag.py:3036} INFO - Sync 1 DAGs
[2025-11-03T01:44:50.101+0000] {logging_mixin.py:188} INFO - [2025-11-03T01:44:50.100+0000] {dag.py:3823} INFO - Setting next_dagrun for example_bash_operator to 2025-11-02 00:00:00+00:00, run_after=2025-11-03 00:00:00+00:00
[2025-11-03T01:44:56.342+0000] {processor.py:183} INFO - Processing /home/airflow/.local/lib/python3.8/site-packages/airflow/example_dags/example_bash_operator.py took 19.740 seconds
[2025-11-03T01:50:59.573+0000] {processor.py:161} INFO - Started process (PID=1563) to work on /home/airflow/.local/lib/python3.8/site-packages/airflow/example_dags/example_bash_operator.py
[2025-11-03T01:50:59.764+0000] {processor.py:830} INFO - Processing file /home/airflow/.local/lib/python3.8/site-packages/airflow/example_dags/example_bash_operator.py for tasks to queue
[2025-11-03T01:50:59.969+0000] {logging_mixin.py:188} INFO - [2025-11-03T01:50:59.968+0000] {dagbag.py:538} INFO - Filling up the DagBag from /home/airflow/.local/lib/python3.8/site-packages/airflow/example_dags/example_bash_operator.py
[2025-11-03T01:51:05.109+0000] {processor.py:840} INFO - DAG(s) 'example_bash_operator' retrieved from /home/airflow/.local/lib/python3.8/site-packages/airflow/example_dags/example_bash_operator.py
[2025-11-03T01:51:13.049+0000] {logging_mixin.py:188} INFO - [2025-11-03T01:51:13.049+0000] {dag.py:3036} INFO - Sync 1 DAGs
[2025-11-03T01:51:15.029+0000] {logging_mixin.py:188} INFO - [2025-11-03T01:51:15.028+0000] {dag.py:3823} INFO - Setting next_dagrun for example_bash_operator to 2025-11-02 00:00:00+00:00, run_after=2025-11-03 00:00:00+00:00
[2025-11-03T01:51:18.571+0000] {processor.py:183} INFO - Processing /home/airflow/.local/lib/python3.8/site-packages/airflow/example_dags/example_bash_operator.py took 19.191 seconds
[2025-11-03T02:01:08.378+0000] {processor.py:161} INFO - Started process (PID=1680) to work on /home/airflow/.local/lib/python3.8/site-packages/airflow/example_dags/example_bash_operator.py
[2025-11-03T02:01:08.585+0000] {processor.py:830} INFO - Processing file /home/airflow/.local/lib/python3.8/site-packages/airflow/example_dags/example_bash_operator.py for tasks to queue
[2025-11-03T02:01:08.782+0000] {logging_mixin.py:188} INFO - [2025-11-03T02:01:08.780+0000] {dagbag.py:538} INFO - Filling up the DagBag from /home/airflow/.local/lib/python3.8/site-packages/airflow/example_dags/example_bash_operator.py
[2025-11-03T02:01:10.239+0000] {processor.py:840} INFO - DAG(s) 'example_bash_operator' retrieved from /home/airflow/.local/lib/python3.8/site-packages/airflow/example_dags/example_bash_operator.py
[2025-11-03T02:01:39.164+0000] {logging_mixin.py:188} INFO - [2025-11-03T02:01:39.163+0000] {dag.py:3036} INFO - Sync 1 DAGs
[2025-11-03T02:01:45.362+0000] {logging_mixin.py:188} INFO - [2025-11-03T02:01:45.361+0000] {dag.py:3823} INFO - Setting next_dagrun for example_bash_operator to 2025-11-02 00:00:00+00:00, run_after=2025-11-03 00:00:00+00:00
[2025-11-03T02:01:48.416+0000] {processor.py:183} INFO - Processing /home/airflow/.local/lib/python3.8/site-packages/airflow/example_dags/example_bash_operator.py took 41.664 seconds
