[2025-11-03T01:13:11.952+0000] {processor.py:161} INFO - Started process (PID=80) to work on /home/airflow/.local/lib/python3.8/site-packages/airflow/example_dags/example_task_group_decorator.py
[2025-11-03T01:13:11.998+0000] {processor.py:830} INFO - Processing file /home/airflow/.local/lib/python3.8/site-packages/airflow/example_dags/example_task_group_decorator.py for tasks to queue
[2025-11-03T01:13:12.211+0000] {logging_mixin.py:188} INFO - [2025-11-03T01:13:12.210+0000] {dagbag.py:538} INFO - Filling up the DagBag from /home/airflow/.local/lib/python3.8/site-packages/airflow/example_dags/example_task_group_decorator.py
[2025-11-03T01:13:12.641+0000] {processor.py:840} INFO - DAG(s) 'example_task_group_decorator' retrieved from /home/airflow/.local/lib/python3.8/site-packages/airflow/example_dags/example_task_group_decorator.py
[2025-11-03T01:13:13.477+0000] {logging_mixin.py:188} INFO - [2025-11-03T01:13:13.474+0000] {dag.py:3036} INFO - Sync 1 DAGs
[2025-11-03T01:13:13.948+0000] {logging_mixin.py:188} INFO - [2025-11-03T01:13:13.947+0000] {dag.py:3823} INFO - Setting next_dagrun for example_task_group_decorator to 2025-11-02 00:00:00+00:00, run_after=2025-11-03 00:00:00+00:00
[2025-11-03T01:13:14.317+0000] {processor.py:183} INFO - Processing /home/airflow/.local/lib/python3.8/site-packages/airflow/example_dags/example_task_group_decorator.py took 2.452 seconds
[2025-11-03T01:13:53.437+0000] {processor.py:161} INFO - Started process (PID=142) to work on /home/airflow/.local/lib/python3.8/site-packages/airflow/example_dags/example_task_group_decorator.py
[2025-11-03T01:13:53.485+0000] {processor.py:830} INFO - Processing file /home/airflow/.local/lib/python3.8/site-packages/airflow/example_dags/example_task_group_decorator.py for tasks to queue
[2025-11-03T01:13:53.498+0000] {logging_mixin.py:188} INFO - [2025-11-03T01:13:53.497+0000] {dagbag.py:538} INFO - Filling up the DagBag from /home/airflow/.local/lib/python3.8/site-packages/airflow/example_dags/example_task_group_decorator.py
[2025-11-03T01:13:53.914+0000] {processor.py:840} INFO - DAG(s) 'example_task_group_decorator' retrieved from /home/airflow/.local/lib/python3.8/site-packages/airflow/example_dags/example_task_group_decorator.py
[2025-11-03T01:13:54.451+0000] {logging_mixin.py:188} INFO - [2025-11-03T01:13:54.450+0000] {dag.py:3036} INFO - Sync 1 DAGs
[2025-11-03T01:13:54.776+0000] {logging_mixin.py:188} INFO - [2025-11-03T01:13:54.764+0000] {dag.py:3823} INFO - Setting next_dagrun for example_task_group_decorator to 2025-11-02 00:00:00+00:00, run_after=2025-11-03 00:00:00+00:00
[2025-11-03T01:13:54.917+0000] {processor.py:183} INFO - Processing /home/airflow/.local/lib/python3.8/site-packages/airflow/example_dags/example_task_group_decorator.py took 1.584 seconds
[2025-11-03T01:14:26.554+0000] {processor.py:161} INFO - Started process (PID=186) to work on /home/airflow/.local/lib/python3.8/site-packages/airflow/example_dags/example_task_group_decorator.py
[2025-11-03T01:14:26.575+0000] {processor.py:830} INFO - Processing file /home/airflow/.local/lib/python3.8/site-packages/airflow/example_dags/example_task_group_decorator.py for tasks to queue
[2025-11-03T01:14:26.583+0000] {logging_mixin.py:188} INFO - [2025-11-03T01:14:26.582+0000] {dagbag.py:538} INFO - Filling up the DagBag from /home/airflow/.local/lib/python3.8/site-packages/airflow/example_dags/example_task_group_decorator.py
[2025-11-03T01:14:26.974+0000] {processor.py:840} INFO - DAG(s) 'example_task_group_decorator' retrieved from /home/airflow/.local/lib/python3.8/site-packages/airflow/example_dags/example_task_group_decorator.py
[2025-11-03T01:14:27.632+0000] {logging_mixin.py:188} INFO - [2025-11-03T01:14:27.630+0000] {dag.py:3036} INFO - Sync 1 DAGs
[2025-11-03T01:14:28.171+0000] {logging_mixin.py:188} INFO - [2025-11-03T01:14:28.171+0000] {dag.py:3823} INFO - Setting next_dagrun for example_task_group_decorator to 2025-11-02 00:00:00+00:00, run_after=2025-11-03 00:00:00+00:00
[2025-11-03T01:14:28.628+0000] {processor.py:183} INFO - Processing /home/airflow/.local/lib/python3.8/site-packages/airflow/example_dags/example_task_group_decorator.py took 2.148 seconds
[2025-11-03T01:15:02.136+0000] {processor.py:161} INFO - Started process (PID=223) to work on /home/airflow/.local/lib/python3.8/site-packages/airflow/example_dags/example_task_group_decorator.py
[2025-11-03T01:15:02.159+0000] {processor.py:830} INFO - Processing file /home/airflow/.local/lib/python3.8/site-packages/airflow/example_dags/example_task_group_decorator.py for tasks to queue
[2025-11-03T01:15:02.186+0000] {logging_mixin.py:188} INFO - [2025-11-03T01:15:02.176+0000] {dagbag.py:538} INFO - Filling up the DagBag from /home/airflow/.local/lib/python3.8/site-packages/airflow/example_dags/example_task_group_decorator.py
[2025-11-03T01:15:02.570+0000] {processor.py:840} INFO - DAG(s) 'example_task_group_decorator' retrieved from /home/airflow/.local/lib/python3.8/site-packages/airflow/example_dags/example_task_group_decorator.py
[2025-11-03T01:15:03.009+0000] {logging_mixin.py:188} INFO - [2025-11-03T01:15:03.008+0000] {dag.py:3036} INFO - Sync 1 DAGs
[2025-11-03T01:15:03.166+0000] {logging_mixin.py:188} INFO - [2025-11-03T01:15:03.161+0000] {dag.py:3823} INFO - Setting next_dagrun for example_task_group_decorator to 2025-11-02 00:00:00+00:00, run_after=2025-11-03 00:00:00+00:00
[2025-11-03T01:15:03.291+0000] {processor.py:183} INFO - Processing /home/airflow/.local/lib/python3.8/site-packages/airflow/example_dags/example_task_group_decorator.py took 1.226 seconds
[2025-11-03T01:15:37.751+0000] {processor.py:161} INFO - Started process (PID=271) to work on /home/airflow/.local/lib/python3.8/site-packages/airflow/example_dags/example_task_group_decorator.py
[2025-11-03T01:15:37.773+0000] {processor.py:830} INFO - Processing file /home/airflow/.local/lib/python3.8/site-packages/airflow/example_dags/example_task_group_decorator.py for tasks to queue
[2025-11-03T01:15:37.878+0000] {logging_mixin.py:188} INFO - [2025-11-03T01:15:37.877+0000] {dagbag.py:538} INFO - Filling up the DagBag from /home/airflow/.local/lib/python3.8/site-packages/airflow/example_dags/example_task_group_decorator.py
[2025-11-03T01:15:38.218+0000] {processor.py:840} INFO - DAG(s) 'example_task_group_decorator' retrieved from /home/airflow/.local/lib/python3.8/site-packages/airflow/example_dags/example_task_group_decorator.py
[2025-11-03T01:15:38.447+0000] {logging_mixin.py:188} INFO - [2025-11-03T01:15:38.446+0000] {dag.py:3036} INFO - Sync 1 DAGs
[2025-11-03T01:15:38.971+0000] {logging_mixin.py:188} INFO - [2025-11-03T01:15:38.970+0000] {dag.py:3823} INFO - Setting next_dagrun for example_task_group_decorator to 2025-11-02 00:00:00+00:00, run_after=2025-11-03 00:00:00+00:00
[2025-11-03T01:15:39.085+0000] {processor.py:183} INFO - Processing /home/airflow/.local/lib/python3.8/site-packages/airflow/example_dags/example_task_group_decorator.py took 1.494 seconds
[2025-11-03T01:16:14.446+0000] {processor.py:161} INFO - Started process (PID=310) to work on /home/airflow/.local/lib/python3.8/site-packages/airflow/example_dags/example_task_group_decorator.py
[2025-11-03T01:16:14.459+0000] {processor.py:830} INFO - Processing file /home/airflow/.local/lib/python3.8/site-packages/airflow/example_dags/example_task_group_decorator.py for tasks to queue
[2025-11-03T01:16:14.475+0000] {logging_mixin.py:188} INFO - [2025-11-03T01:16:14.474+0000] {dagbag.py:538} INFO - Filling up the DagBag from /home/airflow/.local/lib/python3.8/site-packages/airflow/example_dags/example_task_group_decorator.py
[2025-11-03T01:16:14.592+0000] {processor.py:840} INFO - DAG(s) 'example_task_group_decorator' retrieved from /home/airflow/.local/lib/python3.8/site-packages/airflow/example_dags/example_task_group_decorator.py
[2025-11-03T01:16:15.376+0000] {logging_mixin.py:188} INFO - [2025-11-03T01:16:15.375+0000] {dag.py:3036} INFO - Sync 1 DAGs
[2025-11-03T01:16:15.532+0000] {logging_mixin.py:188} INFO - [2025-11-03T01:16:15.531+0000] {dag.py:3823} INFO - Setting next_dagrun for example_task_group_decorator to 2025-11-02 00:00:00+00:00, run_after=2025-11-03 00:00:00+00:00
[2025-11-03T01:16:15.719+0000] {processor.py:183} INFO - Processing /home/airflow/.local/lib/python3.8/site-packages/airflow/example_dags/example_task_group_decorator.py took 1.296 seconds
[2025-11-03T01:16:46.472+0000] {processor.py:161} INFO - Started process (PID=365) to work on /home/airflow/.local/lib/python3.8/site-packages/airflow/example_dags/example_task_group_decorator.py
[2025-11-03T01:16:46.481+0000] {processor.py:830} INFO - Processing file /home/airflow/.local/lib/python3.8/site-packages/airflow/example_dags/example_task_group_decorator.py for tasks to queue
[2025-11-03T01:16:46.494+0000] {logging_mixin.py:188} INFO - [2025-11-03T01:16:46.493+0000] {dagbag.py:538} INFO - Filling up the DagBag from /home/airflow/.local/lib/python3.8/site-packages/airflow/example_dags/example_task_group_decorator.py
[2025-11-03T01:16:46.616+0000] {processor.py:840} INFO - DAG(s) 'example_task_group_decorator' retrieved from /home/airflow/.local/lib/python3.8/site-packages/airflow/example_dags/example_task_group_decorator.py
[2025-11-03T01:16:46.826+0000] {logging_mixin.py:188} INFO - [2025-11-03T01:16:46.825+0000] {dag.py:3036} INFO - Sync 1 DAGs
[2025-11-03T01:16:47.025+0000] {logging_mixin.py:188} INFO - [2025-11-03T01:16:47.024+0000] {dag.py:3823} INFO - Setting next_dagrun for example_task_group_decorator to 2025-11-02 00:00:00+00:00, run_after=2025-11-03 00:00:00+00:00
[2025-11-03T01:16:47.142+0000] {processor.py:183} INFO - Processing /home/airflow/.local/lib/python3.8/site-packages/airflow/example_dags/example_task_group_decorator.py took 0.715 seconds
[2025-11-03T01:17:17.757+0000] {processor.py:161} INFO - Started process (PID=419) to work on /home/airflow/.local/lib/python3.8/site-packages/airflow/example_dags/example_task_group_decorator.py
[2025-11-03T01:17:17.789+0000] {processor.py:830} INFO - Processing file /home/airflow/.local/lib/python3.8/site-packages/airflow/example_dags/example_task_group_decorator.py for tasks to queue
[2025-11-03T01:17:17.809+0000] {logging_mixin.py:188} INFO - [2025-11-03T01:17:17.808+0000] {dagbag.py:538} INFO - Filling up the DagBag from /home/airflow/.local/lib/python3.8/site-packages/airflow/example_dags/example_task_group_decorator.py
[2025-11-03T01:17:17.992+0000] {processor.py:840} INFO - DAG(s) 'example_task_group_decorator' retrieved from /home/airflow/.local/lib/python3.8/site-packages/airflow/example_dags/example_task_group_decorator.py
[2025-11-03T01:17:18.269+0000] {logging_mixin.py:188} INFO - [2025-11-03T01:17:18.269+0000] {dag.py:3036} INFO - Sync 1 DAGs
[2025-11-03T01:17:18.386+0000] {logging_mixin.py:188} INFO - [2025-11-03T01:17:18.385+0000] {dag.py:3823} INFO - Setting next_dagrun for example_task_group_decorator to 2025-11-02 00:00:00+00:00, run_after=2025-11-03 00:00:00+00:00
[2025-11-03T01:17:18.481+0000] {processor.py:183} INFO - Processing /home/airflow/.local/lib/python3.8/site-packages/airflow/example_dags/example_task_group_decorator.py took 0.795 seconds
[2025-11-03T01:17:48.744+0000] {processor.py:161} INFO - Started process (PID=475) to work on /home/airflow/.local/lib/python3.8/site-packages/airflow/example_dags/example_task_group_decorator.py
[2025-11-03T01:17:48.756+0000] {processor.py:830} INFO - Processing file /home/airflow/.local/lib/python3.8/site-packages/airflow/example_dags/example_task_group_decorator.py for tasks to queue
[2025-11-03T01:17:48.763+0000] {logging_mixin.py:188} INFO - [2025-11-03T01:17:48.762+0000] {dagbag.py:538} INFO - Filling up the DagBag from /home/airflow/.local/lib/python3.8/site-packages/airflow/example_dags/example_task_group_decorator.py
[2025-11-03T01:17:48.868+0000] {processor.py:840} INFO - DAG(s) 'example_task_group_decorator' retrieved from /home/airflow/.local/lib/python3.8/site-packages/airflow/example_dags/example_task_group_decorator.py
[2025-11-03T01:17:49.020+0000] {logging_mixin.py:188} INFO - [2025-11-03T01:17:49.018+0000] {dag.py:3036} INFO - Sync 1 DAGs
[2025-11-03T01:17:49.106+0000] {logging_mixin.py:188} INFO - [2025-11-03T01:17:49.106+0000] {dag.py:3823} INFO - Setting next_dagrun for example_task_group_decorator to 2025-11-02 00:00:00+00:00, run_after=2025-11-03 00:00:00+00:00
[2025-11-03T01:17:49.167+0000] {processor.py:183} INFO - Processing /home/airflow/.local/lib/python3.8/site-packages/airflow/example_dags/example_task_group_decorator.py took 0.449 seconds
[2025-11-03T01:18:19.521+0000] {processor.py:161} INFO - Started process (PID=529) to work on /home/airflow/.local/lib/python3.8/site-packages/airflow/example_dags/example_task_group_decorator.py
[2025-11-03T01:18:19.526+0000] {processor.py:830} INFO - Processing file /home/airflow/.local/lib/python3.8/site-packages/airflow/example_dags/example_task_group_decorator.py for tasks to queue
[2025-11-03T01:18:19.542+0000] {logging_mixin.py:188} INFO - [2025-11-03T01:18:19.541+0000] {dagbag.py:538} INFO - Filling up the DagBag from /home/airflow/.local/lib/python3.8/site-packages/airflow/example_dags/example_task_group_decorator.py
[2025-11-03T01:18:19.637+0000] {processor.py:840} INFO - DAG(s) 'example_task_group_decorator' retrieved from /home/airflow/.local/lib/python3.8/site-packages/airflow/example_dags/example_task_group_decorator.py
[2025-11-03T01:18:19.811+0000] {logging_mixin.py:188} INFO - [2025-11-03T01:18:19.811+0000] {dag.py:3036} INFO - Sync 1 DAGs
[2025-11-03T01:18:19.923+0000] {logging_mixin.py:188} INFO - [2025-11-03T01:18:19.923+0000] {dag.py:3823} INFO - Setting next_dagrun for example_task_group_decorator to 2025-11-02 00:00:00+00:00, run_after=2025-11-03 00:00:00+00:00
[2025-11-03T01:18:20.043+0000] {processor.py:183} INFO - Processing /home/airflow/.local/lib/python3.8/site-packages/airflow/example_dags/example_task_group_decorator.py took 0.550 seconds
[2025-11-03T01:18:50.511+0000] {processor.py:161} INFO - Started process (PID=583) to work on /home/airflow/.local/lib/python3.8/site-packages/airflow/example_dags/example_task_group_decorator.py
[2025-11-03T01:18:50.515+0000] {processor.py:830} INFO - Processing file /home/airflow/.local/lib/python3.8/site-packages/airflow/example_dags/example_task_group_decorator.py for tasks to queue
[2025-11-03T01:18:50.522+0000] {logging_mixin.py:188} INFO - [2025-11-03T01:18:50.521+0000] {dagbag.py:538} INFO - Filling up the DagBag from /home/airflow/.local/lib/python3.8/site-packages/airflow/example_dags/example_task_group_decorator.py
[2025-11-03T01:18:50.579+0000] {processor.py:840} INFO - DAG(s) 'example_task_group_decorator' retrieved from /home/airflow/.local/lib/python3.8/site-packages/airflow/example_dags/example_task_group_decorator.py
[2025-11-03T01:18:50.740+0000] {logging_mixin.py:188} INFO - [2025-11-03T01:18:50.739+0000] {dag.py:3036} INFO - Sync 1 DAGs
[2025-11-03T01:18:50.921+0000] {logging_mixin.py:188} INFO - [2025-11-03T01:18:50.920+0000] {dag.py:3823} INFO - Setting next_dagrun for example_task_group_decorator to 2025-11-02 00:00:00+00:00, run_after=2025-11-03 00:00:00+00:00
[2025-11-03T01:18:51.004+0000] {processor.py:183} INFO - Processing /home/airflow/.local/lib/python3.8/site-packages/airflow/example_dags/example_task_group_decorator.py took 0.508 seconds
[2025-11-03T01:19:25.199+0000] {processor.py:161} INFO - Started process (PID=638) to work on /home/airflow/.local/lib/python3.8/site-packages/airflow/example_dags/example_task_group_decorator.py
[2025-11-03T01:19:25.203+0000] {processor.py:830} INFO - Processing file /home/airflow/.local/lib/python3.8/site-packages/airflow/example_dags/example_task_group_decorator.py for tasks to queue
[2025-11-03T01:19:25.215+0000] {logging_mixin.py:188} INFO - [2025-11-03T01:19:25.214+0000] {dagbag.py:538} INFO - Filling up the DagBag from /home/airflow/.local/lib/python3.8/site-packages/airflow/example_dags/example_task_group_decorator.py
[2025-11-03T01:19:25.309+0000] {processor.py:840} INFO - DAG(s) 'example_task_group_decorator' retrieved from /home/airflow/.local/lib/python3.8/site-packages/airflow/example_dags/example_task_group_decorator.py
[2025-11-03T01:19:25.456+0000] {logging_mixin.py:188} INFO - [2025-11-03T01:19:25.456+0000] {dag.py:3036} INFO - Sync 1 DAGs
[2025-11-03T01:19:25.575+0000] {logging_mixin.py:188} INFO - [2025-11-03T01:19:25.574+0000] {dag.py:3823} INFO - Setting next_dagrun for example_task_group_decorator to 2025-11-02 00:00:00+00:00, run_after=2025-11-03 00:00:00+00:00
[2025-11-03T01:19:25.644+0000] {processor.py:183} INFO - Processing /home/airflow/.local/lib/python3.8/site-packages/airflow/example_dags/example_task_group_decorator.py took 0.459 seconds
[2025-11-03T01:19:56.810+0000] {processor.py:161} INFO - Started process (PID=693) to work on /home/airflow/.local/lib/python3.8/site-packages/airflow/example_dags/example_task_group_decorator.py
[2025-11-03T01:19:56.815+0000] {processor.py:830} INFO - Processing file /home/airflow/.local/lib/python3.8/site-packages/airflow/example_dags/example_task_group_decorator.py for tasks to queue
[2025-11-03T01:19:56.833+0000] {logging_mixin.py:188} INFO - [2025-11-03T01:19:56.832+0000] {dagbag.py:538} INFO - Filling up the DagBag from /home/airflow/.local/lib/python3.8/site-packages/airflow/example_dags/example_task_group_decorator.py
[2025-11-03T01:19:57.009+0000] {processor.py:840} INFO - DAG(s) 'example_task_group_decorator' retrieved from /home/airflow/.local/lib/python3.8/site-packages/airflow/example_dags/example_task_group_decorator.py
[2025-11-03T01:19:57.194+0000] {logging_mixin.py:188} INFO - [2025-11-03T01:19:57.193+0000] {dag.py:3036} INFO - Sync 1 DAGs
[2025-11-03T01:19:57.385+0000] {logging_mixin.py:188} INFO - [2025-11-03T01:19:57.384+0000] {dag.py:3823} INFO - Setting next_dagrun for example_task_group_decorator to 2025-11-02 00:00:00+00:00, run_after=2025-11-03 00:00:00+00:00
[2025-11-03T01:19:57.638+0000] {processor.py:183} INFO - Processing /home/airflow/.local/lib/python3.8/site-packages/airflow/example_dags/example_task_group_decorator.py took 0.873 seconds
[2025-11-03T01:20:28.623+0000] {processor.py:161} INFO - Started process (PID=747) to work on /home/airflow/.local/lib/python3.8/site-packages/airflow/example_dags/example_task_group_decorator.py
[2025-11-03T01:20:28.628+0000] {processor.py:830} INFO - Processing file /home/airflow/.local/lib/python3.8/site-packages/airflow/example_dags/example_task_group_decorator.py for tasks to queue
[2025-11-03T01:20:28.649+0000] {logging_mixin.py:188} INFO - [2025-11-03T01:20:28.647+0000] {dagbag.py:538} INFO - Filling up the DagBag from /home/airflow/.local/lib/python3.8/site-packages/airflow/example_dags/example_task_group_decorator.py
[2025-11-03T01:20:28.756+0000] {processor.py:840} INFO - DAG(s) 'example_task_group_decorator' retrieved from /home/airflow/.local/lib/python3.8/site-packages/airflow/example_dags/example_task_group_decorator.py
[2025-11-03T01:20:28.926+0000] {logging_mixin.py:188} INFO - [2025-11-03T01:20:28.926+0000] {dag.py:3036} INFO - Sync 1 DAGs
[2025-11-03T01:20:29.061+0000] {logging_mixin.py:188} INFO - [2025-11-03T01:20:29.060+0000] {dag.py:3823} INFO - Setting next_dagrun for example_task_group_decorator to 2025-11-02 00:00:00+00:00, run_after=2025-11-03 00:00:00+00:00
[2025-11-03T01:20:29.155+0000] {processor.py:183} INFO - Processing /home/airflow/.local/lib/python3.8/site-packages/airflow/example_dags/example_task_group_decorator.py took 0.548 seconds
[2025-11-03T01:21:06.383+0000] {processor.py:161} INFO - Started process (PID=804) to work on /home/airflow/.local/lib/python3.8/site-packages/airflow/example_dags/example_task_group_decorator.py
[2025-11-03T01:21:06.388+0000] {processor.py:830} INFO - Processing file /home/airflow/.local/lib/python3.8/site-packages/airflow/example_dags/example_task_group_decorator.py for tasks to queue
[2025-11-03T01:21:06.395+0000] {logging_mixin.py:188} INFO - [2025-11-03T01:21:06.394+0000] {dagbag.py:538} INFO - Filling up the DagBag from /home/airflow/.local/lib/python3.8/site-packages/airflow/example_dags/example_task_group_decorator.py
[2025-11-03T01:21:06.481+0000] {processor.py:840} INFO - DAG(s) 'example_task_group_decorator' retrieved from /home/airflow/.local/lib/python3.8/site-packages/airflow/example_dags/example_task_group_decorator.py
[2025-11-03T01:21:06.701+0000] {logging_mixin.py:188} INFO - [2025-11-03T01:21:06.700+0000] {dag.py:3036} INFO - Sync 1 DAGs
[2025-11-03T01:21:06.983+0000] {logging_mixin.py:188} INFO - [2025-11-03T01:21:06.982+0000] {dag.py:3823} INFO - Setting next_dagrun for example_task_group_decorator to 2025-11-02 00:00:00+00:00, run_after=2025-11-03 00:00:00+00:00
[2025-11-03T01:21:07.281+0000] {processor.py:183} INFO - Processing /home/airflow/.local/lib/python3.8/site-packages/airflow/example_dags/example_task_group_decorator.py took 0.925 seconds
[2025-11-03T01:25:28.994+0000] {processor.py:161} INFO - Started process (PID=67) to work on /home/airflow/.local/lib/python3.8/site-packages/airflow/example_dags/example_task_group_decorator.py
[2025-11-03T01:25:29.008+0000] {processor.py:830} INFO - Processing file /home/airflow/.local/lib/python3.8/site-packages/airflow/example_dags/example_task_group_decorator.py for tasks to queue
[2025-11-03T01:25:29.032+0000] {logging_mixin.py:188} INFO - [2025-11-03T01:25:29.030+0000] {dagbag.py:538} INFO - Filling up the DagBag from /home/airflow/.local/lib/python3.8/site-packages/airflow/example_dags/example_task_group_decorator.py
[2025-11-03T01:25:29.292+0000] {processor.py:840} INFO - DAG(s) 'example_task_group_decorator' retrieved from /home/airflow/.local/lib/python3.8/site-packages/airflow/example_dags/example_task_group_decorator.py
[2025-11-03T01:25:29.970+0000] {logging_mixin.py:188} INFO - [2025-11-03T01:25:29.969+0000] {dag.py:3036} INFO - Sync 1 DAGs
[2025-11-03T01:25:30.295+0000] {logging_mixin.py:188} INFO - [2025-11-03T01:25:30.294+0000] {dag.py:3823} INFO - Setting next_dagrun for example_task_group_decorator to 2025-11-02 00:00:00+00:00, run_after=2025-11-03 00:00:00+00:00
[2025-11-03T01:25:30.448+0000] {processor.py:183} INFO - Processing /home/airflow/.local/lib/python3.8/site-packages/airflow/example_dags/example_task_group_decorator.py took 1.490 seconds
[2025-11-03T01:26:00.997+0000] {processor.py:161} INFO - Started process (PID=122) to work on /home/airflow/.local/lib/python3.8/site-packages/airflow/example_dags/example_task_group_decorator.py
[2025-11-03T01:26:01.006+0000] {processor.py:830} INFO - Processing file /home/airflow/.local/lib/python3.8/site-packages/airflow/example_dags/example_task_group_decorator.py for tasks to queue
[2025-11-03T01:26:01.075+0000] {logging_mixin.py:188} INFO - [2025-11-03T01:26:01.073+0000] {dagbag.py:538} INFO - Filling up the DagBag from /home/airflow/.local/lib/python3.8/site-packages/airflow/example_dags/example_task_group_decorator.py
[2025-11-03T01:26:01.314+0000] {processor.py:840} INFO - DAG(s) 'example_task_group_decorator' retrieved from /home/airflow/.local/lib/python3.8/site-packages/airflow/example_dags/example_task_group_decorator.py
[2025-11-03T01:26:01.661+0000] {logging_mixin.py:188} INFO - [2025-11-03T01:26:01.660+0000] {dag.py:3036} INFO - Sync 1 DAGs
[2025-11-03T01:26:01.771+0000] {logging_mixin.py:188} INFO - [2025-11-03T01:26:01.770+0000] {dag.py:3823} INFO - Setting next_dagrun for example_task_group_decorator to 2025-11-02 00:00:00+00:00, run_after=2025-11-03 00:00:00+00:00
[2025-11-03T01:26:01.839+0000] {processor.py:183} INFO - Processing /home/airflow/.local/lib/python3.8/site-packages/airflow/example_dags/example_task_group_decorator.py took 1.042 seconds
[2025-11-03T01:26:32.357+0000] {processor.py:161} INFO - Started process (PID=177) to work on /home/airflow/.local/lib/python3.8/site-packages/airflow/example_dags/example_task_group_decorator.py
[2025-11-03T01:26:32.361+0000] {processor.py:830} INFO - Processing file /home/airflow/.local/lib/python3.8/site-packages/airflow/example_dags/example_task_group_decorator.py for tasks to queue
[2025-11-03T01:26:32.369+0000] {logging_mixin.py:188} INFO - [2025-11-03T01:26:32.368+0000] {dagbag.py:538} INFO - Filling up the DagBag from /home/airflow/.local/lib/python3.8/site-packages/airflow/example_dags/example_task_group_decorator.py
[2025-11-03T01:26:32.420+0000] {processor.py:840} INFO - DAG(s) 'example_task_group_decorator' retrieved from /home/airflow/.local/lib/python3.8/site-packages/airflow/example_dags/example_task_group_decorator.py
[2025-11-03T01:26:32.554+0000] {logging_mixin.py:188} INFO - [2025-11-03T01:26:32.553+0000] {dag.py:3036} INFO - Sync 1 DAGs
[2025-11-03T01:26:32.684+0000] {logging_mixin.py:188} INFO - [2025-11-03T01:26:32.683+0000] {dag.py:3823} INFO - Setting next_dagrun for example_task_group_decorator to 2025-11-02 00:00:00+00:00, run_after=2025-11-03 00:00:00+00:00
[2025-11-03T01:26:32.780+0000] {processor.py:183} INFO - Processing /home/airflow/.local/lib/python3.8/site-packages/airflow/example_dags/example_task_group_decorator.py took 0.439 seconds
[2025-11-03T01:27:03.737+0000] {processor.py:161} INFO - Started process (PID=232) to work on /home/airflow/.local/lib/python3.8/site-packages/airflow/example_dags/example_task_group_decorator.py
[2025-11-03T01:27:03.740+0000] {processor.py:830} INFO - Processing file /home/airflow/.local/lib/python3.8/site-packages/airflow/example_dags/example_task_group_decorator.py for tasks to queue
[2025-11-03T01:27:03.747+0000] {logging_mixin.py:188} INFO - [2025-11-03T01:27:03.746+0000] {dagbag.py:538} INFO - Filling up the DagBag from /home/airflow/.local/lib/python3.8/site-packages/airflow/example_dags/example_task_group_decorator.py
[2025-11-03T01:27:03.805+0000] {processor.py:840} INFO - DAG(s) 'example_task_group_decorator' retrieved from /home/airflow/.local/lib/python3.8/site-packages/airflow/example_dags/example_task_group_decorator.py
[2025-11-03T01:27:03.867+0000] {logging_mixin.py:188} INFO - [2025-11-03T01:27:03.866+0000] {dag.py:3036} INFO - Sync 1 DAGs
[2025-11-03T01:27:03.929+0000] {logging_mixin.py:188} INFO - [2025-11-03T01:27:03.928+0000] {dag.py:3823} INFO - Setting next_dagrun for example_task_group_decorator to 2025-11-02 00:00:00+00:00, run_after=2025-11-03 00:00:00+00:00
[2025-11-03T01:27:03.997+0000] {processor.py:183} INFO - Processing /home/airflow/.local/lib/python3.8/site-packages/airflow/example_dags/example_task_group_decorator.py took 0.271 seconds
[2025-11-03T01:27:35.075+0000] {processor.py:161} INFO - Started process (PID=287) to work on /home/airflow/.local/lib/python3.8/site-packages/airflow/example_dags/example_task_group_decorator.py
[2025-11-03T01:27:35.086+0000] {processor.py:830} INFO - Processing file /home/airflow/.local/lib/python3.8/site-packages/airflow/example_dags/example_task_group_decorator.py for tasks to queue
[2025-11-03T01:27:35.094+0000] {logging_mixin.py:188} INFO - [2025-11-03T01:27:35.092+0000] {dagbag.py:538} INFO - Filling up the DagBag from /home/airflow/.local/lib/python3.8/site-packages/airflow/example_dags/example_task_group_decorator.py
[2025-11-03T01:27:35.158+0000] {processor.py:840} INFO - DAG(s) 'example_task_group_decorator' retrieved from /home/airflow/.local/lib/python3.8/site-packages/airflow/example_dags/example_task_group_decorator.py
[2025-11-03T01:27:35.285+0000] {logging_mixin.py:188} INFO - [2025-11-03T01:27:35.284+0000] {dag.py:3036} INFO - Sync 1 DAGs
[2025-11-03T01:27:35.389+0000] {logging_mixin.py:188} INFO - [2025-11-03T01:27:35.388+0000] {dag.py:3823} INFO - Setting next_dagrun for example_task_group_decorator to 2025-11-02 00:00:00+00:00, run_after=2025-11-03 00:00:00+00:00
[2025-11-03T01:27:35.480+0000] {processor.py:183} INFO - Processing /home/airflow/.local/lib/python3.8/site-packages/airflow/example_dags/example_task_group_decorator.py took 0.430 seconds
[2025-11-03T01:28:05.816+0000] {processor.py:161} INFO - Started process (PID=341) to work on /home/airflow/.local/lib/python3.8/site-packages/airflow/example_dags/example_task_group_decorator.py
[2025-11-03T01:28:05.831+0000] {processor.py:830} INFO - Processing file /home/airflow/.local/lib/python3.8/site-packages/airflow/example_dags/example_task_group_decorator.py for tasks to queue
[2025-11-03T01:28:05.849+0000] {logging_mixin.py:188} INFO - [2025-11-03T01:28:05.848+0000] {dagbag.py:538} INFO - Filling up the DagBag from /home/airflow/.local/lib/python3.8/site-packages/airflow/example_dags/example_task_group_decorator.py
[2025-11-03T01:28:05.913+0000] {processor.py:840} INFO - DAG(s) 'example_task_group_decorator' retrieved from /home/airflow/.local/lib/python3.8/site-packages/airflow/example_dags/example_task_group_decorator.py
[2025-11-03T01:28:06.073+0000] {logging_mixin.py:188} INFO - [2025-11-03T01:28:06.073+0000] {dag.py:3036} INFO - Sync 1 DAGs
[2025-11-03T01:28:06.207+0000] {logging_mixin.py:188} INFO - [2025-11-03T01:28:06.206+0000] {dag.py:3823} INFO - Setting next_dagrun for example_task_group_decorator to 2025-11-02 00:00:00+00:00, run_after=2025-11-03 00:00:00+00:00
[2025-11-03T01:28:06.313+0000] {processor.py:183} INFO - Processing /home/airflow/.local/lib/python3.8/site-packages/airflow/example_dags/example_task_group_decorator.py took 0.519 seconds
[2025-11-03T01:28:37.208+0000] {processor.py:161} INFO - Started process (PID=395) to work on /home/airflow/.local/lib/python3.8/site-packages/airflow/example_dags/example_task_group_decorator.py
[2025-11-03T01:28:37.224+0000] {processor.py:830} INFO - Processing file /home/airflow/.local/lib/python3.8/site-packages/airflow/example_dags/example_task_group_decorator.py for tasks to queue
[2025-11-03T01:28:37.271+0000] {logging_mixin.py:188} INFO - [2025-11-03T01:28:37.269+0000] {dagbag.py:538} INFO - Filling up the DagBag from /home/airflow/.local/lib/python3.8/site-packages/airflow/example_dags/example_task_group_decorator.py
[2025-11-03T01:28:37.708+0000] {processor.py:840} INFO - DAG(s) 'example_task_group_decorator' retrieved from /home/airflow/.local/lib/python3.8/site-packages/airflow/example_dags/example_task_group_decorator.py
[2025-11-03T01:28:37.829+0000] {logging_mixin.py:188} INFO - [2025-11-03T01:28:37.828+0000] {dag.py:3036} INFO - Sync 1 DAGs
[2025-11-03T01:28:38.424+0000] {logging_mixin.py:188} INFO - [2025-11-03T01:28:38.423+0000] {dag.py:3823} INFO - Setting next_dagrun for example_task_group_decorator to 2025-11-02 00:00:00+00:00, run_after=2025-11-03 00:00:00+00:00
[2025-11-03T01:28:38.864+0000] {processor.py:183} INFO - Processing /home/airflow/.local/lib/python3.8/site-packages/airflow/example_dags/example_task_group_decorator.py took 1.705 seconds
[2025-11-03T01:29:09.959+0000] {processor.py:161} INFO - Started process (PID=449) to work on /home/airflow/.local/lib/python3.8/site-packages/airflow/example_dags/example_task_group_decorator.py
[2025-11-03T01:29:09.970+0000] {processor.py:830} INFO - Processing file /home/airflow/.local/lib/python3.8/site-packages/airflow/example_dags/example_task_group_decorator.py for tasks to queue
[2025-11-03T01:29:10.011+0000] {logging_mixin.py:188} INFO - [2025-11-03T01:29:10.010+0000] {dagbag.py:538} INFO - Filling up the DagBag from /home/airflow/.local/lib/python3.8/site-packages/airflow/example_dags/example_task_group_decorator.py
[2025-11-03T01:29:10.116+0000] {processor.py:840} INFO - DAG(s) 'example_task_group_decorator' retrieved from /home/airflow/.local/lib/python3.8/site-packages/airflow/example_dags/example_task_group_decorator.py
[2025-11-03T01:29:10.725+0000] {logging_mixin.py:188} INFO - [2025-11-03T01:29:10.724+0000] {dag.py:3036} INFO - Sync 1 DAGs
[2025-11-03T01:29:10.821+0000] {logging_mixin.py:188} INFO - [2025-11-03T01:29:10.820+0000] {dag.py:3823} INFO - Setting next_dagrun for example_task_group_decorator to 2025-11-02 00:00:00+00:00, run_after=2025-11-03 00:00:00+00:00
[2025-11-03T01:29:10.901+0000] {processor.py:183} INFO - Processing /home/airflow/.local/lib/python3.8/site-packages/airflow/example_dags/example_task_group_decorator.py took 1.021 seconds
[2025-11-03T01:29:45.729+0000] {processor.py:161} INFO - Started process (PID=504) to work on /home/airflow/.local/lib/python3.8/site-packages/airflow/example_dags/example_task_group_decorator.py
[2025-11-03T01:29:45.797+0000] {processor.py:830} INFO - Processing file /home/airflow/.local/lib/python3.8/site-packages/airflow/example_dags/example_task_group_decorator.py for tasks to queue
[2025-11-03T01:29:45.967+0000] {logging_mixin.py:188} INFO - [2025-11-03T01:29:45.966+0000] {dagbag.py:538} INFO - Filling up the DagBag from /home/airflow/.local/lib/python3.8/site-packages/airflow/example_dags/example_task_group_decorator.py
[2025-11-03T01:29:46.434+0000] {processor.py:840} INFO - DAG(s) 'example_task_group_decorator' retrieved from /home/airflow/.local/lib/python3.8/site-packages/airflow/example_dags/example_task_group_decorator.py
[2025-11-03T01:29:46.893+0000] {logging_mixin.py:188} INFO - [2025-11-03T01:29:46.892+0000] {dag.py:3036} INFO - Sync 1 DAGs
[2025-11-03T01:29:47.194+0000] {logging_mixin.py:188} INFO - [2025-11-03T01:29:47.193+0000] {dag.py:3823} INFO - Setting next_dagrun for example_task_group_decorator to 2025-11-02 00:00:00+00:00, run_after=2025-11-03 00:00:00+00:00
[2025-11-03T01:29:47.407+0000] {processor.py:183} INFO - Processing /home/airflow/.local/lib/python3.8/site-packages/airflow/example_dags/example_task_group_decorator.py took 1.980 seconds
[2025-11-03T01:30:40.757+0000] {processor.py:161} INFO - Started process (PID=554) to work on /home/airflow/.local/lib/python3.8/site-packages/airflow/example_dags/example_task_group_decorator.py
[2025-11-03T01:30:40.818+0000] {processor.py:830} INFO - Processing file /home/airflow/.local/lib/python3.8/site-packages/airflow/example_dags/example_task_group_decorator.py for tasks to queue
[2025-11-03T01:30:41.433+0000] {logging_mixin.py:188} INFO - [2025-11-03T01:30:41.431+0000] {dagbag.py:538} INFO - Filling up the DagBag from /home/airflow/.local/lib/python3.8/site-packages/airflow/example_dags/example_task_group_decorator.py
[2025-11-03T01:30:42.639+0000] {processor.py:840} INFO - DAG(s) 'example_task_group_decorator' retrieved from /home/airflow/.local/lib/python3.8/site-packages/airflow/example_dags/example_task_group_decorator.py
[2025-11-03T01:30:43.605+0000] {logging_mixin.py:188} INFO - [2025-11-03T01:30:43.604+0000] {dag.py:3036} INFO - Sync 1 DAGs
[2025-11-03T01:30:44.411+0000] {logging_mixin.py:188} INFO - [2025-11-03T01:30:44.411+0000] {dag.py:3823} INFO - Setting next_dagrun for example_task_group_decorator to 2025-11-02 00:00:00+00:00, run_after=2025-11-03 00:00:00+00:00
[2025-11-03T01:30:45.057+0000] {processor.py:183} INFO - Processing /home/airflow/.local/lib/python3.8/site-packages/airflow/example_dags/example_task_group_decorator.py took 4.352 seconds
[2025-11-03T01:31:21.827+0000] {processor.py:161} INFO - Started process (PID=612) to work on /home/airflow/.local/lib/python3.8/site-packages/airflow/example_dags/example_task_group_decorator.py
[2025-11-03T01:31:21.833+0000] {processor.py:830} INFO - Processing file /home/airflow/.local/lib/python3.8/site-packages/airflow/example_dags/example_task_group_decorator.py for tasks to queue
[2025-11-03T01:31:21.853+0000] {logging_mixin.py:188} INFO - [2025-11-03T01:31:21.844+0000] {dagbag.py:538} INFO - Filling up the DagBag from /home/airflow/.local/lib/python3.8/site-packages/airflow/example_dags/example_task_group_decorator.py
[2025-11-03T01:31:21.939+0000] {processor.py:840} INFO - DAG(s) 'example_task_group_decorator' retrieved from /home/airflow/.local/lib/python3.8/site-packages/airflow/example_dags/example_task_group_decorator.py
[2025-11-03T01:31:22.066+0000] {logging_mixin.py:188} INFO - [2025-11-03T01:31:22.065+0000] {dag.py:3036} INFO - Sync 1 DAGs
[2025-11-03T01:31:22.164+0000] {logging_mixin.py:188} INFO - [2025-11-03T01:31:22.163+0000] {dag.py:3823} INFO - Setting next_dagrun for example_task_group_decorator to 2025-11-02 00:00:00+00:00, run_after=2025-11-03 00:00:00+00:00
[2025-11-03T01:31:22.237+0000] {processor.py:183} INFO - Processing /home/airflow/.local/lib/python3.8/site-packages/airflow/example_dags/example_task_group_decorator.py took 0.432 seconds
[2025-11-03T01:31:54.230+0000] {processor.py:161} INFO - Started process (PID=666) to work on /home/airflow/.local/lib/python3.8/site-packages/airflow/example_dags/example_task_group_decorator.py
[2025-11-03T01:31:54.234+0000] {processor.py:830} INFO - Processing file /home/airflow/.local/lib/python3.8/site-packages/airflow/example_dags/example_task_group_decorator.py for tasks to queue
[2025-11-03T01:31:54.243+0000] {logging_mixin.py:188} INFO - [2025-11-03T01:31:54.242+0000] {dagbag.py:538} INFO - Filling up the DagBag from /home/airflow/.local/lib/python3.8/site-packages/airflow/example_dags/example_task_group_decorator.py
[2025-11-03T01:31:54.310+0000] {processor.py:840} INFO - DAG(s) 'example_task_group_decorator' retrieved from /home/airflow/.local/lib/python3.8/site-packages/airflow/example_dags/example_task_group_decorator.py
[2025-11-03T01:31:54.606+0000] {logging_mixin.py:188} INFO - [2025-11-03T01:31:54.605+0000] {dag.py:3036} INFO - Sync 1 DAGs
[2025-11-03T01:31:54.763+0000] {logging_mixin.py:188} INFO - [2025-11-03T01:31:54.762+0000] {dag.py:3823} INFO - Setting next_dagrun for example_task_group_decorator to 2025-11-02 00:00:00+00:00, run_after=2025-11-03 00:00:00+00:00
[2025-11-03T01:31:54.865+0000] {processor.py:183} INFO - Processing /home/airflow/.local/lib/python3.8/site-packages/airflow/example_dags/example_task_group_decorator.py took 0.651 seconds
[2025-11-03T01:32:25.537+0000] {processor.py:161} INFO - Started process (PID=715) to work on /home/airflow/.local/lib/python3.8/site-packages/airflow/example_dags/example_task_group_decorator.py
[2025-11-03T01:32:25.541+0000] {processor.py:830} INFO - Processing file /home/airflow/.local/lib/python3.8/site-packages/airflow/example_dags/example_task_group_decorator.py for tasks to queue
[2025-11-03T01:32:25.550+0000] {logging_mixin.py:188} INFO - [2025-11-03T01:32:25.549+0000] {dagbag.py:538} INFO - Filling up the DagBag from /home/airflow/.local/lib/python3.8/site-packages/airflow/example_dags/example_task_group_decorator.py
[2025-11-03T01:32:25.659+0000] {processor.py:840} INFO - DAG(s) 'example_task_group_decorator' retrieved from /home/airflow/.local/lib/python3.8/site-packages/airflow/example_dags/example_task_group_decorator.py
[2025-11-03T01:32:25.769+0000] {logging_mixin.py:188} INFO - [2025-11-03T01:32:25.768+0000] {dag.py:3036} INFO - Sync 1 DAGs
[2025-11-03T01:32:25.879+0000] {logging_mixin.py:188} INFO - [2025-11-03T01:32:25.878+0000] {dag.py:3823} INFO - Setting next_dagrun for example_task_group_decorator to 2025-11-02 00:00:00+00:00, run_after=2025-11-03 00:00:00+00:00
[2025-11-03T01:32:26.010+0000] {processor.py:183} INFO - Processing /home/airflow/.local/lib/python3.8/site-packages/airflow/example_dags/example_task_group_decorator.py took 0.487 seconds
[2025-11-03T01:32:58.907+0000] {processor.py:161} INFO - Started process (PID=762) to work on /home/airflow/.local/lib/python3.8/site-packages/airflow/example_dags/example_task_group_decorator.py
[2025-11-03T01:32:58.920+0000] {processor.py:830} INFO - Processing file /home/airflow/.local/lib/python3.8/site-packages/airflow/example_dags/example_task_group_decorator.py for tasks to queue
[2025-11-03T01:32:58.949+0000] {logging_mixin.py:188} INFO - [2025-11-03T01:32:58.948+0000] {dagbag.py:538} INFO - Filling up the DagBag from /home/airflow/.local/lib/python3.8/site-packages/airflow/example_dags/example_task_group_decorator.py
[2025-11-03T01:32:59.069+0000] {processor.py:840} INFO - DAG(s) 'example_task_group_decorator' retrieved from /home/airflow/.local/lib/python3.8/site-packages/airflow/example_dags/example_task_group_decorator.py
[2025-11-03T01:32:59.218+0000] {logging_mixin.py:188} INFO - [2025-11-03T01:32:59.208+0000] {dag.py:3036} INFO - Sync 1 DAGs
[2025-11-03T01:32:59.347+0000] {logging_mixin.py:188} INFO - [2025-11-03T01:32:59.346+0000] {dag.py:3823} INFO - Setting next_dagrun for example_task_group_decorator to 2025-11-02 00:00:00+00:00, run_after=2025-11-03 00:00:00+00:00
[2025-11-03T01:32:59.450+0000] {processor.py:183} INFO - Processing /home/airflow/.local/lib/python3.8/site-packages/airflow/example_dags/example_task_group_decorator.py took 0.623 seconds
[2025-11-03T01:33:36.384+0000] {processor.py:161} INFO - Started process (PID=801) to work on /home/airflow/.local/lib/python3.8/site-packages/airflow/example_dags/example_task_group_decorator.py
[2025-11-03T01:33:36.409+0000] {processor.py:830} INFO - Processing file /home/airflow/.local/lib/python3.8/site-packages/airflow/example_dags/example_task_group_decorator.py for tasks to queue
[2025-11-03T01:33:36.439+0000] {logging_mixin.py:188} INFO - [2025-11-03T01:33:36.436+0000] {dagbag.py:538} INFO - Filling up the DagBag from /home/airflow/.local/lib/python3.8/site-packages/airflow/example_dags/example_task_group_decorator.py
[2025-11-03T01:33:36.744+0000] {processor.py:840} INFO - DAG(s) 'example_task_group_decorator' retrieved from /home/airflow/.local/lib/python3.8/site-packages/airflow/example_dags/example_task_group_decorator.py
[2025-11-03T01:33:37.012+0000] {logging_mixin.py:188} INFO - [2025-11-03T01:33:37.009+0000] {dag.py:3036} INFO - Sync 1 DAGs
[2025-11-03T01:33:37.251+0000] {logging_mixin.py:188} INFO - [2025-11-03T01:33:37.250+0000] {dag.py:3823} INFO - Setting next_dagrun for example_task_group_decorator to 2025-11-02 00:00:00+00:00, run_after=2025-11-03 00:00:00+00:00
[2025-11-03T01:33:37.344+0000] {processor.py:183} INFO - Processing /home/airflow/.local/lib/python3.8/site-packages/airflow/example_dags/example_task_group_decorator.py took 1.038 seconds
[2025-11-03T01:34:08.614+0000] {processor.py:161} INFO - Started process (PID=856) to work on /home/airflow/.local/lib/python3.8/site-packages/airflow/example_dags/example_task_group_decorator.py
[2025-11-03T01:34:08.627+0000] {processor.py:830} INFO - Processing file /home/airflow/.local/lib/python3.8/site-packages/airflow/example_dags/example_task_group_decorator.py for tasks to queue
[2025-11-03T01:34:08.636+0000] {logging_mixin.py:188} INFO - [2025-11-03T01:34:08.635+0000] {dagbag.py:538} INFO - Filling up the DagBag from /home/airflow/.local/lib/python3.8/site-packages/airflow/example_dags/example_task_group_decorator.py
[2025-11-03T01:34:08.813+0000] {processor.py:840} INFO - DAG(s) 'example_task_group_decorator' retrieved from /home/airflow/.local/lib/python3.8/site-packages/airflow/example_dags/example_task_group_decorator.py
[2025-11-03T01:34:09.170+0000] {logging_mixin.py:188} INFO - [2025-11-03T01:34:09.169+0000] {dag.py:3036} INFO - Sync 1 DAGs
[2025-11-03T01:34:09.611+0000] {logging_mixin.py:188} INFO - [2025-11-03T01:34:09.582+0000] {dag.py:3823} INFO - Setting next_dagrun for example_task_group_decorator to 2025-11-02 00:00:00+00:00, run_after=2025-11-03 00:00:00+00:00
[2025-11-03T01:34:09.849+0000] {processor.py:183} INFO - Processing /home/airflow/.local/lib/python3.8/site-packages/airflow/example_dags/example_task_group_decorator.py took 1.269 seconds
[2025-11-03T01:34:40.284+0000] {processor.py:161} INFO - Started process (PID=904) to work on /home/airflow/.local/lib/python3.8/site-packages/airflow/example_dags/example_task_group_decorator.py
[2025-11-03T01:34:40.313+0000] {processor.py:830} INFO - Processing file /home/airflow/.local/lib/python3.8/site-packages/airflow/example_dags/example_task_group_decorator.py for tasks to queue
[2025-11-03T01:34:40.350+0000] {logging_mixin.py:188} INFO - [2025-11-03T01:34:40.337+0000] {dagbag.py:538} INFO - Filling up the DagBag from /home/airflow/.local/lib/python3.8/site-packages/airflow/example_dags/example_task_group_decorator.py
[2025-11-03T01:34:40.482+0000] {processor.py:840} INFO - DAG(s) 'example_task_group_decorator' retrieved from /home/airflow/.local/lib/python3.8/site-packages/airflow/example_dags/example_task_group_decorator.py
[2025-11-03T01:34:40.826+0000] {logging_mixin.py:188} INFO - [2025-11-03T01:34:40.825+0000] {dag.py:3036} INFO - Sync 1 DAGs
[2025-11-03T01:34:41.265+0000] {logging_mixin.py:188} INFO - [2025-11-03T01:34:41.264+0000] {dag.py:3823} INFO - Setting next_dagrun for example_task_group_decorator to 2025-11-02 00:00:00+00:00, run_after=2025-11-03 00:00:00+00:00
[2025-11-03T01:34:41.579+0000] {processor.py:183} INFO - Processing /home/airflow/.local/lib/python3.8/site-packages/airflow/example_dags/example_task_group_decorator.py took 1.317 seconds
[2025-11-03T01:35:15.231+0000] {processor.py:161} INFO - Started process (PID=958) to work on /home/airflow/.local/lib/python3.8/site-packages/airflow/example_dags/example_task_group_decorator.py
[2025-11-03T01:35:15.260+0000] {processor.py:830} INFO - Processing file /home/airflow/.local/lib/python3.8/site-packages/airflow/example_dags/example_task_group_decorator.py for tasks to queue
[2025-11-03T01:35:15.275+0000] {logging_mixin.py:188} INFO - [2025-11-03T01:35:15.274+0000] {dagbag.py:538} INFO - Filling up the DagBag from /home/airflow/.local/lib/python3.8/site-packages/airflow/example_dags/example_task_group_decorator.py
[2025-11-03T01:35:15.362+0000] {processor.py:840} INFO - DAG(s) 'example_task_group_decorator' retrieved from /home/airflow/.local/lib/python3.8/site-packages/airflow/example_dags/example_task_group_decorator.py
[2025-11-03T01:35:15.469+0000] {logging_mixin.py:188} INFO - [2025-11-03T01:35:15.466+0000] {dag.py:3036} INFO - Sync 1 DAGs
[2025-11-03T01:35:15.547+0000] {logging_mixin.py:188} INFO - [2025-11-03T01:35:15.546+0000] {dag.py:3823} INFO - Setting next_dagrun for example_task_group_decorator to 2025-11-02 00:00:00+00:00, run_after=2025-11-03 00:00:00+00:00
[2025-11-03T01:35:15.624+0000] {processor.py:183} INFO - Processing /home/airflow/.local/lib/python3.8/site-packages/airflow/example_dags/example_task_group_decorator.py took 0.446 seconds
[2025-11-03T01:35:45.775+0000] {processor.py:161} INFO - Started process (PID=1011) to work on /home/airflow/.local/lib/python3.8/site-packages/airflow/example_dags/example_task_group_decorator.py
[2025-11-03T01:35:45.777+0000] {processor.py:830} INFO - Processing file /home/airflow/.local/lib/python3.8/site-packages/airflow/example_dags/example_task_group_decorator.py for tasks to queue
[2025-11-03T01:35:45.783+0000] {logging_mixin.py:188} INFO - [2025-11-03T01:35:45.782+0000] {dagbag.py:538} INFO - Filling up the DagBag from /home/airflow/.local/lib/python3.8/site-packages/airflow/example_dags/example_task_group_decorator.py
[2025-11-03T01:35:45.819+0000] {processor.py:840} INFO - DAG(s) 'example_task_group_decorator' retrieved from /home/airflow/.local/lib/python3.8/site-packages/airflow/example_dags/example_task_group_decorator.py
[2025-11-03T01:35:45.904+0000] {logging_mixin.py:188} INFO - [2025-11-03T01:35:45.903+0000] {dag.py:3036} INFO - Sync 1 DAGs
[2025-11-03T01:35:45.960+0000] {logging_mixin.py:188} INFO - [2025-11-03T01:35:45.959+0000] {dag.py:3823} INFO - Setting next_dagrun for example_task_group_decorator to 2025-11-02 00:00:00+00:00, run_after=2025-11-03 00:00:00+00:00
[2025-11-03T01:35:46.015+0000] {processor.py:183} INFO - Processing /home/airflow/.local/lib/python3.8/site-packages/airflow/example_dags/example_task_group_decorator.py took 0.251 seconds
[2025-11-03T01:36:16.289+0000] {processor.py:161} INFO - Started process (PID=1066) to work on /home/airflow/.local/lib/python3.8/site-packages/airflow/example_dags/example_task_group_decorator.py
[2025-11-03T01:36:16.297+0000] {processor.py:830} INFO - Processing file /home/airflow/.local/lib/python3.8/site-packages/airflow/example_dags/example_task_group_decorator.py for tasks to queue
[2025-11-03T01:36:16.323+0000] {logging_mixin.py:188} INFO - [2025-11-03T01:36:16.322+0000] {dagbag.py:538} INFO - Filling up the DagBag from /home/airflow/.local/lib/python3.8/site-packages/airflow/example_dags/example_task_group_decorator.py
[2025-11-03T01:36:16.476+0000] {processor.py:840} INFO - DAG(s) 'example_task_group_decorator' retrieved from /home/airflow/.local/lib/python3.8/site-packages/airflow/example_dags/example_task_group_decorator.py
[2025-11-03T01:36:16.717+0000] {logging_mixin.py:188} INFO - [2025-11-03T01:36:16.709+0000] {dag.py:3036} INFO - Sync 1 DAGs
[2025-11-03T01:36:17.039+0000] {logging_mixin.py:188} INFO - [2025-11-03T01:36:17.038+0000] {dag.py:3823} INFO - Setting next_dagrun for example_task_group_decorator to 2025-11-02 00:00:00+00:00, run_after=2025-11-03 00:00:00+00:00
[2025-11-03T01:36:17.245+0000] {processor.py:183} INFO - Processing /home/airflow/.local/lib/python3.8/site-packages/airflow/example_dags/example_task_group_decorator.py took 0.989 seconds
[2025-11-03T01:36:47.658+0000] {processor.py:161} INFO - Started process (PID=1122) to work on /home/airflow/.local/lib/python3.8/site-packages/airflow/example_dags/example_task_group_decorator.py
[2025-11-03T01:36:47.662+0000] {processor.py:830} INFO - Processing file /home/airflow/.local/lib/python3.8/site-packages/airflow/example_dags/example_task_group_decorator.py for tasks to queue
[2025-11-03T01:36:47.678+0000] {logging_mixin.py:188} INFO - [2025-11-03T01:36:47.677+0000] {dagbag.py:538} INFO - Filling up the DagBag from /home/airflow/.local/lib/python3.8/site-packages/airflow/example_dags/example_task_group_decorator.py
[2025-11-03T01:36:47.847+0000] {processor.py:840} INFO - DAG(s) 'example_task_group_decorator' retrieved from /home/airflow/.local/lib/python3.8/site-packages/airflow/example_dags/example_task_group_decorator.py
[2025-11-03T01:36:48.052+0000] {logging_mixin.py:188} INFO - [2025-11-03T01:36:48.041+0000] {dag.py:3036} INFO - Sync 1 DAGs
[2025-11-03T01:36:48.182+0000] {logging_mixin.py:188} INFO - [2025-11-03T01:36:48.181+0000] {dag.py:3823} INFO - Setting next_dagrun for example_task_group_decorator to 2025-11-02 00:00:00+00:00, run_after=2025-11-03 00:00:00+00:00
[2025-11-03T01:36:48.291+0000] {processor.py:183} INFO - Processing /home/airflow/.local/lib/python3.8/site-packages/airflow/example_dags/example_task_group_decorator.py took 0.651 seconds
[2025-11-03T01:37:28.290+0000] {processor.py:161} INFO - Started process (PID=1176) to work on /home/airflow/.local/lib/python3.8/site-packages/airflow/example_dags/example_task_group_decorator.py
[2025-11-03T01:37:28.382+0000] {processor.py:830} INFO - Processing file /home/airflow/.local/lib/python3.8/site-packages/airflow/example_dags/example_task_group_decorator.py for tasks to queue
[2025-11-03T01:37:28.427+0000] {logging_mixin.py:188} INFO - [2025-11-03T01:37:28.426+0000] {dagbag.py:538} INFO - Filling up the DagBag from /home/airflow/.local/lib/python3.8/site-packages/airflow/example_dags/example_task_group_decorator.py
[2025-11-03T01:37:28.672+0000] {processor.py:840} INFO - DAG(s) 'example_task_group_decorator' retrieved from /home/airflow/.local/lib/python3.8/site-packages/airflow/example_dags/example_task_group_decorator.py
[2025-11-03T01:37:28.936+0000] {logging_mixin.py:188} INFO - [2025-11-03T01:37:28.936+0000] {dag.py:3036} INFO - Sync 1 DAGs
[2025-11-03T01:37:29.204+0000] {logging_mixin.py:188} INFO - [2025-11-03T01:37:29.203+0000] {dag.py:3823} INFO - Setting next_dagrun for example_task_group_decorator to 2025-11-02 00:00:00+00:00, run_after=2025-11-03 00:00:00+00:00
[2025-11-03T01:37:29.613+0000] {processor.py:183} INFO - Processing /home/airflow/.local/lib/python3.8/site-packages/airflow/example_dags/example_task_group_decorator.py took 1.382 seconds
[2025-11-03T01:38:05.797+0000] {processor.py:161} INFO - Started process (PID=1217) to work on /home/airflow/.local/lib/python3.8/site-packages/airflow/example_dags/example_task_group_decorator.py
[2025-11-03T01:38:05.801+0000] {processor.py:830} INFO - Processing file /home/airflow/.local/lib/python3.8/site-packages/airflow/example_dags/example_task_group_decorator.py for tasks to queue
[2025-11-03T01:38:05.824+0000] {logging_mixin.py:188} INFO - [2025-11-03T01:38:05.814+0000] {dagbag.py:538} INFO - Filling up the DagBag from /home/airflow/.local/lib/python3.8/site-packages/airflow/example_dags/example_task_group_decorator.py
[2025-11-03T01:38:05.989+0000] {processor.py:840} INFO - DAG(s) 'example_task_group_decorator' retrieved from /home/airflow/.local/lib/python3.8/site-packages/airflow/example_dags/example_task_group_decorator.py
[2025-11-03T01:38:06.284+0000] {logging_mixin.py:188} INFO - [2025-11-03T01:38:06.283+0000] {dag.py:3036} INFO - Sync 1 DAGs
[2025-11-03T01:38:06.518+0000] {logging_mixin.py:188} INFO - [2025-11-03T01:38:06.517+0000] {dag.py:3823} INFO - Setting next_dagrun for example_task_group_decorator to 2025-11-02 00:00:00+00:00, run_after=2025-11-03 00:00:00+00:00
[2025-11-03T01:38:06.757+0000] {processor.py:183} INFO - Processing /home/airflow/.local/lib/python3.8/site-packages/airflow/example_dags/example_task_group_decorator.py took 0.989 seconds
[2025-11-03T01:38:50.520+0000] {processor.py:161} INFO - Started process (PID=1274) to work on /home/airflow/.local/lib/python3.8/site-packages/airflow/example_dags/example_task_group_decorator.py
[2025-11-03T01:38:50.534+0000] {processor.py:830} INFO - Processing file /home/airflow/.local/lib/python3.8/site-packages/airflow/example_dags/example_task_group_decorator.py for tasks to queue
[2025-11-03T01:38:50.551+0000] {logging_mixin.py:188} INFO - [2025-11-03T01:38:50.551+0000] {dagbag.py:538} INFO - Filling up the DagBag from /home/airflow/.local/lib/python3.8/site-packages/airflow/example_dags/example_task_group_decorator.py
[2025-11-03T01:38:50.816+0000] {processor.py:840} INFO - DAG(s) 'example_task_group_decorator' retrieved from /home/airflow/.local/lib/python3.8/site-packages/airflow/example_dags/example_task_group_decorator.py
[2025-11-03T01:38:51.093+0000] {logging_mixin.py:188} INFO - [2025-11-03T01:38:51.093+0000] {dag.py:3036} INFO - Sync 1 DAGs
[2025-11-03T01:38:51.376+0000] {logging_mixin.py:188} INFO - [2025-11-03T01:38:51.375+0000] {dag.py:3823} INFO - Setting next_dagrun for example_task_group_decorator to 2025-11-02 00:00:00+00:00, run_after=2025-11-03 00:00:00+00:00
[2025-11-03T01:38:51.553+0000] {processor.py:183} INFO - Processing /home/airflow/.local/lib/python3.8/site-packages/airflow/example_dags/example_task_group_decorator.py took 1.055 seconds
[2025-11-03T01:39:24.204+0000] {processor.py:161} INFO - Started process (PID=1316) to work on /home/airflow/.local/lib/python3.8/site-packages/airflow/example_dags/example_task_group_decorator.py
[2025-11-03T01:39:24.216+0000] {processor.py:830} INFO - Processing file /home/airflow/.local/lib/python3.8/site-packages/airflow/example_dags/example_task_group_decorator.py for tasks to queue
[2025-11-03T01:39:24.223+0000] {logging_mixin.py:188} INFO - [2025-11-03T01:39:24.222+0000] {dagbag.py:538} INFO - Filling up the DagBag from /home/airflow/.local/lib/python3.8/site-packages/airflow/example_dags/example_task_group_decorator.py
[2025-11-03T01:39:24.381+0000] {processor.py:840} INFO - DAG(s) 'example_task_group_decorator' retrieved from /home/airflow/.local/lib/python3.8/site-packages/airflow/example_dags/example_task_group_decorator.py
[2025-11-03T01:39:24.583+0000] {logging_mixin.py:188} INFO - [2025-11-03T01:39:24.582+0000] {dag.py:3036} INFO - Sync 1 DAGs
[2025-11-03T01:39:24.678+0000] {logging_mixin.py:188} INFO - [2025-11-03T01:39:24.677+0000] {dag.py:3823} INFO - Setting next_dagrun for example_task_group_decorator to 2025-11-02 00:00:00+00:00, run_after=2025-11-03 00:00:00+00:00
[2025-11-03T01:39:24.746+0000] {processor.py:183} INFO - Processing /home/airflow/.local/lib/python3.8/site-packages/airflow/example_dags/example_task_group_decorator.py took 0.565 seconds
[2025-11-03T01:39:57.696+0000] {processor.py:161} INFO - Started process (PID=1370) to work on /home/airflow/.local/lib/python3.8/site-packages/airflow/example_dags/example_task_group_decorator.py
[2025-11-03T01:39:57.724+0000] {processor.py:830} INFO - Processing file /home/airflow/.local/lib/python3.8/site-packages/airflow/example_dags/example_task_group_decorator.py for tasks to queue
[2025-11-03T01:39:57.758+0000] {logging_mixin.py:188} INFO - [2025-11-03T01:39:57.746+0000] {dagbag.py:538} INFO - Filling up the DagBag from /home/airflow/.local/lib/python3.8/site-packages/airflow/example_dags/example_task_group_decorator.py
[2025-11-03T01:39:58.133+0000] {processor.py:840} INFO - DAG(s) 'example_task_group_decorator' retrieved from /home/airflow/.local/lib/python3.8/site-packages/airflow/example_dags/example_task_group_decorator.py
[2025-11-03T01:39:58.494+0000] {logging_mixin.py:188} INFO - [2025-11-03T01:39:58.493+0000] {dag.py:3036} INFO - Sync 1 DAGs
[2025-11-03T01:39:58.732+0000] {logging_mixin.py:188} INFO - [2025-11-03T01:39:58.730+0000] {dag.py:3823} INFO - Setting next_dagrun for example_task_group_decorator to 2025-11-02 00:00:00+00:00, run_after=2025-11-03 00:00:00+00:00
[2025-11-03T01:39:58.924+0000] {processor.py:183} INFO - Processing /home/airflow/.local/lib/python3.8/site-packages/airflow/example_dags/example_task_group_decorator.py took 1.353 seconds
[2025-11-03T01:42:45.921+0000] {processor.py:161} INFO - Started process (PID=1437) to work on /home/airflow/.local/lib/python3.8/site-packages/airflow/example_dags/example_task_group_decorator.py
[2025-11-03T01:42:47.071+0000] {processor.py:830} INFO - Processing file /home/airflow/.local/lib/python3.8/site-packages/airflow/example_dags/example_task_group_decorator.py for tasks to queue
[2025-11-03T01:42:47.427+0000] {logging_mixin.py:188} INFO - [2025-11-03T01:42:47.411+0000] {dagbag.py:538} INFO - Filling up the DagBag from /home/airflow/.local/lib/python3.8/site-packages/airflow/example_dags/example_task_group_decorator.py
[2025-11-03T01:42:56.930+0000] {processor.py:840} INFO - DAG(s) 'example_task_group_decorator' retrieved from /home/airflow/.local/lib/python3.8/site-packages/airflow/example_dags/example_task_group_decorator.py
[2025-11-03T01:43:02.017+0000] {logging_mixin.py:188} INFO - [2025-11-03T01:43:02.016+0000] {dag.py:3036} INFO - Sync 1 DAGs
[2025-11-03T01:43:03.755+0000] {logging_mixin.py:188} INFO - [2025-11-03T01:43:03.754+0000] {dag.py:3823} INFO - Setting next_dagrun for example_task_group_decorator to 2025-11-02 00:00:00+00:00, run_after=2025-11-03 00:00:00+00:00
[2025-11-03T01:43:04.317+0000] {processor.py:183} INFO - Processing /home/airflow/.local/lib/python3.8/site-packages/airflow/example_dags/example_task_group_decorator.py took 19.743 seconds
[2025-11-03T01:50:05.761+0000] {processor.py:161} INFO - Started process (PID=1543) to work on /home/airflow/.local/lib/python3.8/site-packages/airflow/example_dags/example_task_group_decorator.py
[2025-11-03T01:50:05.825+0000] {processor.py:830} INFO - Processing file /home/airflow/.local/lib/python3.8/site-packages/airflow/example_dags/example_task_group_decorator.py for tasks to queue
[2025-11-03T01:50:05.841+0000] {logging_mixin.py:188} INFO - [2025-11-03T01:50:05.840+0000] {dagbag.py:538} INFO - Filling up the DagBag from /home/airflow/.local/lib/python3.8/site-packages/airflow/example_dags/example_task_group_decorator.py
[2025-11-03T01:50:06.867+0000] {processor.py:840} INFO - DAG(s) 'example_task_group_decorator' retrieved from /home/airflow/.local/lib/python3.8/site-packages/airflow/example_dags/example_task_group_decorator.py
[2025-11-03T01:50:09.320+0000] {logging_mixin.py:188} INFO - [2025-11-03T01:50:09.307+0000] {dag.py:3036} INFO - Sync 1 DAGs
[2025-11-03T01:50:09.894+0000] {logging_mixin.py:188} INFO - [2025-11-03T01:50:09.893+0000] {dag.py:3823} INFO - Setting next_dagrun for example_task_group_decorator to 2025-11-02 00:00:00+00:00, run_after=2025-11-03 00:00:00+00:00
[2025-11-03T01:50:10.082+0000] {processor.py:183} INFO - Processing /home/airflow/.local/lib/python3.8/site-packages/airflow/example_dags/example_task_group_decorator.py took 4.405 seconds
[2025-11-03T01:58:30.366+0000] {processor.py:161} INFO - Started process (PID=1651) to work on /home/airflow/.local/lib/python3.8/site-packages/airflow/example_dags/example_task_group_decorator.py
[2025-11-03T01:58:30.561+0000] {processor.py:830} INFO - Processing file /home/airflow/.local/lib/python3.8/site-packages/airflow/example_dags/example_task_group_decorator.py for tasks to queue
[2025-11-03T01:58:30.820+0000] {logging_mixin.py:188} INFO - [2025-11-03T01:58:30.819+0000] {dagbag.py:538} INFO - Filling up the DagBag from /home/airflow/.local/lib/python3.8/site-packages/airflow/example_dags/example_task_group_decorator.py
[2025-11-03T01:58:34.563+0000] {processor.py:840} INFO - DAG(s) 'example_task_group_decorator' retrieved from /home/airflow/.local/lib/python3.8/site-packages/airflow/example_dags/example_task_group_decorator.py
[2025-11-03T01:58:43.158+0000] {logging_mixin.py:188} INFO - [2025-11-03T01:58:43.158+0000] {dag.py:3036} INFO - Sync 1 DAGs
[2025-11-03T01:58:47.384+0000] {logging_mixin.py:188} INFO - [2025-11-03T01:58:47.384+0000] {dag.py:3823} INFO - Setting next_dagrun for example_task_group_decorator to 2025-11-02 00:00:00+00:00, run_after=2025-11-03 00:00:00+00:00
[2025-11-03T01:58:49.106+0000] {processor.py:183} INFO - Processing /home/airflow/.local/lib/python3.8/site-packages/airflow/example_dags/example_task_group_decorator.py took 17.751 seconds
