[2025-11-03T01:13:37.364+0000] {processor.py:161} INFO - Started process (PID=118) to work on /home/airflow/.local/lib/python3.8/site-packages/airflow/example_dags/example_branch_python_dop_operator_3.py
[2025-11-03T01:13:37.374+0000] {processor.py:830} INFO - Processing file /home/airflow/.local/lib/python3.8/site-packages/airflow/example_dags/example_branch_python_dop_operator_3.py for tasks to queue
[2025-11-03T01:13:37.405+0000] {logging_mixin.py:188} INFO - [2025-11-03T01:13:37.399+0000] {dagbag.py:538} INFO - Filling up the DagBag from /home/airflow/.local/lib/python3.8/site-packages/airflow/example_dags/example_branch_python_dop_operator_3.py
[2025-11-03T01:13:37.556+0000] {processor.py:840} INFO - DAG(s) 'example_branch_dop_operator_v3' retrieved from /home/airflow/.local/lib/python3.8/site-packages/airflow/example_dags/example_branch_python_dop_operator_3.py
[2025-11-03T01:13:37.837+0000] {logging_mixin.py:188} INFO - [2025-11-03T01:13:37.836+0000] {dag.py:3036} INFO - Sync 1 DAGs
[2025-11-03T01:13:38.161+0000] {logging_mixin.py:188} INFO - [2025-11-03T01:13:38.160+0000] {dag.py:3823} INFO - Setting next_dagrun for example_branch_dop_operator_v3 to 2025-11-03 01:12:00+00:00, run_after=2025-11-03 01:13:00+00:00
[2025-11-03T01:13:38.336+0000] {processor.py:183} INFO - Processing /home/airflow/.local/lib/python3.8/site-packages/airflow/example_dags/example_branch_python_dop_operator_3.py took 1.042 seconds
[2025-11-03T01:14:20.226+0000] {processor.py:161} INFO - Started process (PID=173) to work on /home/airflow/.local/lib/python3.8/site-packages/airflow/example_dags/example_branch_python_dop_operator_3.py
[2025-11-03T01:14:20.271+0000] {processor.py:830} INFO - Processing file /home/airflow/.local/lib/python3.8/site-packages/airflow/example_dags/example_branch_python_dop_operator_3.py for tasks to queue
[2025-11-03T01:14:20.307+0000] {logging_mixin.py:188} INFO - [2025-11-03T01:14:20.306+0000] {dagbag.py:538} INFO - Filling up the DagBag from /home/airflow/.local/lib/python3.8/site-packages/airflow/example_dags/example_branch_python_dop_operator_3.py
[2025-11-03T01:14:20.543+0000] {processor.py:840} INFO - DAG(s) 'example_branch_dop_operator_v3' retrieved from /home/airflow/.local/lib/python3.8/site-packages/airflow/example_dags/example_branch_python_dop_operator_3.py
[2025-11-03T01:14:21.026+0000] {logging_mixin.py:188} INFO - [2025-11-03T01:14:21.025+0000] {dag.py:3036} INFO - Sync 1 DAGs
[2025-11-03T01:14:21.562+0000] {logging_mixin.py:188} INFO - [2025-11-03T01:14:21.561+0000] {dag.py:3823} INFO - Setting next_dagrun for example_branch_dop_operator_v3 to 2025-11-03 01:13:00+00:00, run_after=2025-11-03 01:14:00+00:00
[2025-11-03T01:14:21.729+0000] {processor.py:183} INFO - Processing /home/airflow/.local/lib/python3.8/site-packages/airflow/example_dags/example_branch_python_dop_operator_3.py took 1.543 seconds
[2025-11-03T01:15:13.424+0000] {processor.py:161} INFO - Started process (PID=234) to work on /home/airflow/.local/lib/python3.8/site-packages/airflow/example_dags/example_branch_python_dop_operator_3.py
[2025-11-03T01:15:13.433+0000] {processor.py:830} INFO - Processing file /home/airflow/.local/lib/python3.8/site-packages/airflow/example_dags/example_branch_python_dop_operator_3.py for tasks to queue
[2025-11-03T01:15:13.446+0000] {logging_mixin.py:188} INFO - [2025-11-03T01:15:13.445+0000] {dagbag.py:538} INFO - Filling up the DagBag from /home/airflow/.local/lib/python3.8/site-packages/airflow/example_dags/example_branch_python_dop_operator_3.py
[2025-11-03T01:15:13.616+0000] {processor.py:840} INFO - DAG(s) 'example_branch_dop_operator_v3' retrieved from /home/airflow/.local/lib/python3.8/site-packages/airflow/example_dags/example_branch_python_dop_operator_3.py
[2025-11-03T01:15:14.028+0000] {logging_mixin.py:188} INFO - [2025-11-03T01:15:14.027+0000] {dag.py:3036} INFO - Sync 1 DAGs
[2025-11-03T01:15:14.324+0000] {logging_mixin.py:188} INFO - [2025-11-03T01:15:14.315+0000] {dag.py:3823} INFO - Setting next_dagrun for example_branch_dop_operator_v3 to 2025-11-03 01:14:00+00:00, run_after=2025-11-03 01:15:00+00:00
[2025-11-03T01:15:14.667+0000] {processor.py:183} INFO - Processing /home/airflow/.local/lib/python3.8/site-packages/airflow/example_dags/example_branch_python_dop_operator_3.py took 1.376 seconds
[2025-11-03T01:15:53.303+0000] {processor.py:161} INFO - Started process (PID=287) to work on /home/airflow/.local/lib/python3.8/site-packages/airflow/example_dags/example_branch_python_dop_operator_3.py
[2025-11-03T01:15:53.311+0000] {processor.py:830} INFO - Processing file /home/airflow/.local/lib/python3.8/site-packages/airflow/example_dags/example_branch_python_dop_operator_3.py for tasks to queue
[2025-11-03T01:15:53.330+0000] {logging_mixin.py:188} INFO - [2025-11-03T01:15:53.329+0000] {dagbag.py:538} INFO - Filling up the DagBag from /home/airflow/.local/lib/python3.8/site-packages/airflow/example_dags/example_branch_python_dop_operator_3.py
[2025-11-03T01:15:53.690+0000] {processor.py:840} INFO - DAG(s) 'example_branch_dop_operator_v3' retrieved from /home/airflow/.local/lib/python3.8/site-packages/airflow/example_dags/example_branch_python_dop_operator_3.py
[2025-11-03T01:15:54.006+0000] {logging_mixin.py:188} INFO - [2025-11-03T01:15:53.986+0000] {dag.py:3036} INFO - Sync 1 DAGs
[2025-11-03T01:15:54.483+0000] {logging_mixin.py:188} INFO - [2025-11-03T01:15:54.482+0000] {dag.py:3823} INFO - Setting next_dagrun for example_branch_dop_operator_v3 to 2025-11-03 01:14:00+00:00, run_after=2025-11-03 01:15:00+00:00
[2025-11-03T01:15:54.598+0000] {processor.py:183} INFO - Processing /home/airflow/.local/lib/python3.8/site-packages/airflow/example_dags/example_branch_python_dop_operator_3.py took 1.374 seconds
[2025-11-03T01:16:35.590+0000] {processor.py:161} INFO - Started process (PID=349) to work on /home/airflow/.local/lib/python3.8/site-packages/airflow/example_dags/example_branch_python_dop_operator_3.py
[2025-11-03T01:16:35.594+0000] {processor.py:830} INFO - Processing file /home/airflow/.local/lib/python3.8/site-packages/airflow/example_dags/example_branch_python_dop_operator_3.py for tasks to queue
[2025-11-03T01:16:35.601+0000] {logging_mixin.py:188} INFO - [2025-11-03T01:16:35.600+0000] {dagbag.py:538} INFO - Filling up the DagBag from /home/airflow/.local/lib/python3.8/site-packages/airflow/example_dags/example_branch_python_dop_operator_3.py
[2025-11-03T01:16:35.675+0000] {processor.py:840} INFO - DAG(s) 'example_branch_dop_operator_v3' retrieved from /home/airflow/.local/lib/python3.8/site-packages/airflow/example_dags/example_branch_python_dop_operator_3.py
[2025-11-03T01:16:36.315+0000] {logging_mixin.py:188} INFO - [2025-11-03T01:16:36.314+0000] {dag.py:3036} INFO - Sync 1 DAGs
[2025-11-03T01:16:36.458+0000] {logging_mixin.py:188} INFO - [2025-11-03T01:16:36.446+0000] {dag.py:3823} INFO - Setting next_dagrun for example_branch_dop_operator_v3 to 2025-11-03 01:15:00+00:00, run_after=2025-11-03 01:16:00+00:00
[2025-11-03T01:16:36.539+0000] {processor.py:183} INFO - Processing /home/airflow/.local/lib/python3.8/site-packages/airflow/example_dags/example_branch_python_dop_operator_3.py took 0.965 seconds
[2025-11-03T01:17:08.202+0000] {processor.py:161} INFO - Started process (PID=404) to work on /home/airflow/.local/lib/python3.8/site-packages/airflow/example_dags/example_branch_python_dop_operator_3.py
[2025-11-03T01:17:08.206+0000] {processor.py:830} INFO - Processing file /home/airflow/.local/lib/python3.8/site-packages/airflow/example_dags/example_branch_python_dop_operator_3.py for tasks to queue
[2025-11-03T01:17:08.216+0000] {logging_mixin.py:188} INFO - [2025-11-03T01:17:08.215+0000] {dagbag.py:538} INFO - Filling up the DagBag from /home/airflow/.local/lib/python3.8/site-packages/airflow/example_dags/example_branch_python_dop_operator_3.py
[2025-11-03T01:17:08.256+0000] {processor.py:840} INFO - DAG(s) 'example_branch_dop_operator_v3' retrieved from /home/airflow/.local/lib/python3.8/site-packages/airflow/example_dags/example_branch_python_dop_operator_3.py
[2025-11-03T01:17:08.350+0000] {logging_mixin.py:188} INFO - [2025-11-03T01:17:08.349+0000] {dag.py:3036} INFO - Sync 1 DAGs
[2025-11-03T01:17:08.516+0000] {logging_mixin.py:188} INFO - [2025-11-03T01:17:08.515+0000] {dag.py:3823} INFO - Setting next_dagrun for example_branch_dop_operator_v3 to 2025-11-03 01:16:00+00:00, run_after=2025-11-03 01:17:00+00:00
[2025-11-03T01:17:08.635+0000] {processor.py:183} INFO - Processing /home/airflow/.local/lib/python3.8/site-packages/airflow/example_dags/example_branch_python_dop_operator_3.py took 0.448 seconds
[2025-11-03T01:17:43.208+0000] {processor.py:161} INFO - Started process (PID=462) to work on /home/airflow/.local/lib/python3.8/site-packages/airflow/example_dags/example_branch_python_dop_operator_3.py
[2025-11-03T01:17:43.222+0000] {processor.py:830} INFO - Processing file /home/airflow/.local/lib/python3.8/site-packages/airflow/example_dags/example_branch_python_dop_operator_3.py for tasks to queue
[2025-11-03T01:17:43.264+0000] {logging_mixin.py:188} INFO - [2025-11-03T01:17:43.260+0000] {dagbag.py:538} INFO - Filling up the DagBag from /home/airflow/.local/lib/python3.8/site-packages/airflow/example_dags/example_branch_python_dop_operator_3.py
[2025-11-03T01:17:43.346+0000] {processor.py:840} INFO - DAG(s) 'example_branch_dop_operator_v3' retrieved from /home/airflow/.local/lib/python3.8/site-packages/airflow/example_dags/example_branch_python_dop_operator_3.py
[2025-11-03T01:17:43.486+0000] {logging_mixin.py:188} INFO - [2025-11-03T01:17:43.485+0000] {dag.py:3036} INFO - Sync 1 DAGs
[2025-11-03T01:17:43.617+0000] {logging_mixin.py:188} INFO - [2025-11-03T01:17:43.617+0000] {dag.py:3823} INFO - Setting next_dagrun for example_branch_dop_operator_v3 to 2025-11-03 01:16:00+00:00, run_after=2025-11-03 01:17:00+00:00
[2025-11-03T01:17:43.704+0000] {processor.py:183} INFO - Processing /home/airflow/.local/lib/python3.8/site-packages/airflow/example_dags/example_branch_python_dop_operator_3.py took 0.536 seconds
[2025-11-03T01:18:14.274+0000] {processor.py:161} INFO - Started process (PID=517) to work on /home/airflow/.local/lib/python3.8/site-packages/airflow/example_dags/example_branch_python_dop_operator_3.py
[2025-11-03T01:18:14.279+0000] {processor.py:830} INFO - Processing file /home/airflow/.local/lib/python3.8/site-packages/airflow/example_dags/example_branch_python_dop_operator_3.py for tasks to queue
[2025-11-03T01:18:14.289+0000] {logging_mixin.py:188} INFO - [2025-11-03T01:18:14.286+0000] {dagbag.py:538} INFO - Filling up the DagBag from /home/airflow/.local/lib/python3.8/site-packages/airflow/example_dags/example_branch_python_dop_operator_3.py
[2025-11-03T01:18:14.339+0000] {processor.py:840} INFO - DAG(s) 'example_branch_dop_operator_v3' retrieved from /home/airflow/.local/lib/python3.8/site-packages/airflow/example_dags/example_branch_python_dop_operator_3.py
[2025-11-03T01:18:14.428+0000] {logging_mixin.py:188} INFO - [2025-11-03T01:18:14.426+0000] {dag.py:3036} INFO - Sync 1 DAGs
[2025-11-03T01:18:14.558+0000] {logging_mixin.py:188} INFO - [2025-11-03T01:18:14.558+0000] {dag.py:3823} INFO - Setting next_dagrun for example_branch_dop_operator_v3 to 2025-11-03 01:17:00+00:00, run_after=2025-11-03 01:18:00+00:00
[2025-11-03T01:18:14.708+0000] {processor.py:183} INFO - Processing /home/airflow/.local/lib/python3.8/site-packages/airflow/example_dags/example_branch_python_dop_operator_3.py took 0.453 seconds
[2025-11-03T01:18:46.286+0000] {processor.py:161} INFO - Started process (PID=574) to work on /home/airflow/.local/lib/python3.8/site-packages/airflow/example_dags/example_branch_python_dop_operator_3.py
[2025-11-03T01:18:46.294+0000] {processor.py:830} INFO - Processing file /home/airflow/.local/lib/python3.8/site-packages/airflow/example_dags/example_branch_python_dop_operator_3.py for tasks to queue
[2025-11-03T01:18:46.301+0000] {logging_mixin.py:188} INFO - [2025-11-03T01:18:46.300+0000] {dagbag.py:538} INFO - Filling up the DagBag from /home/airflow/.local/lib/python3.8/site-packages/airflow/example_dags/example_branch_python_dop_operator_3.py
[2025-11-03T01:18:46.344+0000] {processor.py:840} INFO - DAG(s) 'example_branch_dop_operator_v3' retrieved from /home/airflow/.local/lib/python3.8/site-packages/airflow/example_dags/example_branch_python_dop_operator_3.py
[2025-11-03T01:18:46.457+0000] {logging_mixin.py:188} INFO - [2025-11-03T01:18:46.455+0000] {dag.py:3036} INFO - Sync 1 DAGs
[2025-11-03T01:18:46.636+0000] {logging_mixin.py:188} INFO - [2025-11-03T01:18:46.636+0000] {dag.py:3823} INFO - Setting next_dagrun for example_branch_dop_operator_v3 to 2025-11-03 01:17:00+00:00, run_after=2025-11-03 01:18:00+00:00
[2025-11-03T01:18:46.786+0000] {processor.py:183} INFO - Processing /home/airflow/.local/lib/python3.8/site-packages/airflow/example_dags/example_branch_python_dop_operator_3.py took 0.532 seconds
[2025-11-03T01:19:19.094+0000] {processor.py:161} INFO - Started process (PID=630) to work on /home/airflow/.local/lib/python3.8/site-packages/airflow/example_dags/example_branch_python_dop_operator_3.py
[2025-11-03T01:19:19.105+0000] {processor.py:830} INFO - Processing file /home/airflow/.local/lib/python3.8/site-packages/airflow/example_dags/example_branch_python_dop_operator_3.py for tasks to queue
[2025-11-03T01:19:19.131+0000] {logging_mixin.py:188} INFO - [2025-11-03T01:19:19.130+0000] {dagbag.py:538} INFO - Filling up the DagBag from /home/airflow/.local/lib/python3.8/site-packages/airflow/example_dags/example_branch_python_dop_operator_3.py
[2025-11-03T01:19:19.186+0000] {processor.py:840} INFO - DAG(s) 'example_branch_dop_operator_v3' retrieved from /home/airflow/.local/lib/python3.8/site-packages/airflow/example_dags/example_branch_python_dop_operator_3.py
[2025-11-03T01:19:19.311+0000] {logging_mixin.py:188} INFO - [2025-11-03T01:19:19.311+0000] {dag.py:3036} INFO - Sync 1 DAGs
[2025-11-03T01:19:19.399+0000] {logging_mixin.py:188} INFO - [2025-11-03T01:19:19.398+0000] {dag.py:3823} INFO - Setting next_dagrun for example_branch_dop_operator_v3 to 2025-11-03 01:18:00+00:00, run_after=2025-11-03 01:19:00+00:00
[2025-11-03T01:19:19.481+0000] {processor.py:183} INFO - Processing /home/airflow/.local/lib/python3.8/site-packages/airflow/example_dags/example_branch_python_dop_operator_3.py took 0.404 seconds
[2025-11-03T01:19:51.153+0000] {processor.py:161} INFO - Started process (PID=685) to work on /home/airflow/.local/lib/python3.8/site-packages/airflow/example_dags/example_branch_python_dop_operator_3.py
[2025-11-03T01:19:51.158+0000] {processor.py:830} INFO - Processing file /home/airflow/.local/lib/python3.8/site-packages/airflow/example_dags/example_branch_python_dop_operator_3.py for tasks to queue
[2025-11-03T01:19:51.186+0000] {logging_mixin.py:188} INFO - [2025-11-03T01:19:51.174+0000] {dagbag.py:538} INFO - Filling up the DagBag from /home/airflow/.local/lib/python3.8/site-packages/airflow/example_dags/example_branch_python_dop_operator_3.py
[2025-11-03T01:19:51.247+0000] {processor.py:840} INFO - DAG(s) 'example_branch_dop_operator_v3' retrieved from /home/airflow/.local/lib/python3.8/site-packages/airflow/example_dags/example_branch_python_dop_operator_3.py
[2025-11-03T01:19:51.378+0000] {logging_mixin.py:188} INFO - [2025-11-03T01:19:51.377+0000] {dag.py:3036} INFO - Sync 1 DAGs
[2025-11-03T01:19:51.538+0000] {logging_mixin.py:188} INFO - [2025-11-03T01:19:51.537+0000] {dag.py:3823} INFO - Setting next_dagrun for example_branch_dop_operator_v3 to 2025-11-03 01:18:00+00:00, run_after=2025-11-03 01:19:00+00:00
[2025-11-03T01:19:51.632+0000] {processor.py:183} INFO - Processing /home/airflow/.local/lib/python3.8/site-packages/airflow/example_dags/example_branch_python_dop_operator_3.py took 0.513 seconds
[2025-11-03T01:20:23.374+0000] {processor.py:161} INFO - Started process (PID=739) to work on /home/airflow/.local/lib/python3.8/site-packages/airflow/example_dags/example_branch_python_dop_operator_3.py
[2025-11-03T01:20:23.382+0000] {processor.py:830} INFO - Processing file /home/airflow/.local/lib/python3.8/site-packages/airflow/example_dags/example_branch_python_dop_operator_3.py for tasks to queue
[2025-11-03T01:20:23.394+0000] {logging_mixin.py:188} INFO - [2025-11-03T01:20:23.390+0000] {dagbag.py:538} INFO - Filling up the DagBag from /home/airflow/.local/lib/python3.8/site-packages/airflow/example_dags/example_branch_python_dop_operator_3.py
[2025-11-03T01:20:23.440+0000] {processor.py:840} INFO - DAG(s) 'example_branch_dop_operator_v3' retrieved from /home/airflow/.local/lib/python3.8/site-packages/airflow/example_dags/example_branch_python_dop_operator_3.py
[2025-11-03T01:20:23.545+0000] {logging_mixin.py:188} INFO - [2025-11-03T01:20:23.544+0000] {dag.py:3036} INFO - Sync 1 DAGs
[2025-11-03T01:20:23.663+0000] {logging_mixin.py:188} INFO - [2025-11-03T01:20:23.662+0000] {dag.py:3823} INFO - Setting next_dagrun for example_branch_dop_operator_v3 to 2025-11-03 01:19:00+00:00, run_after=2025-11-03 01:20:00+00:00
[2025-11-03T01:20:23.744+0000] {processor.py:183} INFO - Processing /home/airflow/.local/lib/python3.8/site-packages/airflow/example_dags/example_branch_python_dop_operator_3.py took 0.395 seconds
[2025-11-03T01:21:00.842+0000] {processor.py:161} INFO - Started process (PID=791) to work on /home/airflow/.local/lib/python3.8/site-packages/airflow/example_dags/example_branch_python_dop_operator_3.py
[2025-11-03T01:21:00.879+0000] {processor.py:830} INFO - Processing file /home/airflow/.local/lib/python3.8/site-packages/airflow/example_dags/example_branch_python_dop_operator_3.py for tasks to queue
[2025-11-03T01:21:00.943+0000] {logging_mixin.py:188} INFO - [2025-11-03T01:21:00.942+0000] {dagbag.py:538} INFO - Filling up the DagBag from /home/airflow/.local/lib/python3.8/site-packages/airflow/example_dags/example_branch_python_dop_operator_3.py
[2025-11-03T01:21:01.103+0000] {processor.py:840} INFO - DAG(s) 'example_branch_dop_operator_v3' retrieved from /home/airflow/.local/lib/python3.8/site-packages/airflow/example_dags/example_branch_python_dop_operator_3.py
[2025-11-03T01:21:01.333+0000] {logging_mixin.py:188} INFO - [2025-11-03T01:21:01.332+0000] {dag.py:3036} INFO - Sync 1 DAGs
[2025-11-03T01:21:01.924+0000] {logging_mixin.py:188} INFO - [2025-11-03T01:21:01.923+0000] {dag.py:3823} INFO - Setting next_dagrun for example_branch_dop_operator_v3 to 2025-11-03 01:20:00+00:00, run_after=2025-11-03 01:21:00+00:00
[2025-11-03T01:21:02.604+0000] {processor.py:183} INFO - Processing /home/airflow/.local/lib/python3.8/site-packages/airflow/example_dags/example_branch_python_dop_operator_3.py took 1.825 seconds
[2025-11-03T01:25:46.304+0000] {processor.py:161} INFO - Started process (PID=104) to work on /home/airflow/.local/lib/python3.8/site-packages/airflow/example_dags/example_branch_python_dop_operator_3.py
[2025-11-03T01:25:46.331+0000] {processor.py:830} INFO - Processing file /home/airflow/.local/lib/python3.8/site-packages/airflow/example_dags/example_branch_python_dop_operator_3.py for tasks to queue
[2025-11-03T01:25:46.361+0000] {logging_mixin.py:188} INFO - [2025-11-03T01:25:46.360+0000] {dagbag.py:538} INFO - Filling up the DagBag from /home/airflow/.local/lib/python3.8/site-packages/airflow/example_dags/example_branch_python_dop_operator_3.py
[2025-11-03T01:25:46.490+0000] {processor.py:840} INFO - DAG(s) 'example_branch_dop_operator_v3' retrieved from /home/airflow/.local/lib/python3.8/site-packages/airflow/example_dags/example_branch_python_dop_operator_3.py
[2025-11-03T01:25:46.773+0000] {logging_mixin.py:188} INFO - [2025-11-03T01:25:46.772+0000] {dag.py:3036} INFO - Sync 1 DAGs
[2025-11-03T01:25:46.968+0000] {logging_mixin.py:188} INFO - [2025-11-03T01:25:46.968+0000] {dag.py:3823} INFO - Setting next_dagrun for example_branch_dop_operator_v3 to 2025-11-03 01:24:00+00:00, run_after=2025-11-03 01:25:00+00:00
[2025-11-03T01:25:47.321+0000] {processor.py:183} INFO - Processing /home/airflow/.local/lib/python3.8/site-packages/airflow/example_dags/example_branch_python_dop_operator_3.py took 1.068 seconds
[2025-11-03T01:26:18.072+0000] {processor.py:161} INFO - Started process (PID=161) to work on /home/airflow/.local/lib/python3.8/site-packages/airflow/example_dags/example_branch_python_dop_operator_3.py
[2025-11-03T01:26:18.075+0000] {processor.py:830} INFO - Processing file /home/airflow/.local/lib/python3.8/site-packages/airflow/example_dags/example_branch_python_dop_operator_3.py for tasks to queue
[2025-11-03T01:26:18.080+0000] {logging_mixin.py:188} INFO - [2025-11-03T01:26:18.079+0000] {dagbag.py:538} INFO - Filling up the DagBag from /home/airflow/.local/lib/python3.8/site-packages/airflow/example_dags/example_branch_python_dop_operator_3.py
[2025-11-03T01:26:18.106+0000] {processor.py:840} INFO - DAG(s) 'example_branch_dop_operator_v3' retrieved from /home/airflow/.local/lib/python3.8/site-packages/airflow/example_dags/example_branch_python_dop_operator_3.py
[2025-11-03T01:26:18.155+0000] {logging_mixin.py:188} INFO - [2025-11-03T01:26:18.154+0000] {dag.py:3036} INFO - Sync 1 DAGs
[2025-11-03T01:26:18.204+0000] {logging_mixin.py:188} INFO - [2025-11-03T01:26:18.204+0000] {dag.py:3823} INFO - Setting next_dagrun for example_branch_dop_operator_v3 to 2025-11-03 01:25:00+00:00, run_after=2025-11-03 01:26:00+00:00
[2025-11-03T01:26:18.240+0000] {processor.py:183} INFO - Processing /home/airflow/.local/lib/python3.8/site-packages/airflow/example_dags/example_branch_python_dop_operator_3.py took 0.178 seconds
[2025-11-03T01:26:48.465+0000] {processor.py:161} INFO - Started process (PID=216) to work on /home/airflow/.local/lib/python3.8/site-packages/airflow/example_dags/example_branch_python_dop_operator_3.py
[2025-11-03T01:26:48.468+0000] {processor.py:830} INFO - Processing file /home/airflow/.local/lib/python3.8/site-packages/airflow/example_dags/example_branch_python_dop_operator_3.py for tasks to queue
[2025-11-03T01:26:48.473+0000] {logging_mixin.py:188} INFO - [2025-11-03T01:26:48.473+0000] {dagbag.py:538} INFO - Filling up the DagBag from /home/airflow/.local/lib/python3.8/site-packages/airflow/example_dags/example_branch_python_dop_operator_3.py
[2025-11-03T01:26:48.496+0000] {processor.py:840} INFO - DAG(s) 'example_branch_dop_operator_v3' retrieved from /home/airflow/.local/lib/python3.8/site-packages/airflow/example_dags/example_branch_python_dop_operator_3.py
[2025-11-03T01:26:48.541+0000] {logging_mixin.py:188} INFO - [2025-11-03T01:26:48.540+0000] {dag.py:3036} INFO - Sync 1 DAGs
[2025-11-03T01:26:48.590+0000] {logging_mixin.py:188} INFO - [2025-11-03T01:26:48.590+0000] {dag.py:3823} INFO - Setting next_dagrun for example_branch_dop_operator_v3 to 2025-11-03 01:25:00+00:00, run_after=2025-11-03 01:26:00+00:00
[2025-11-03T01:26:48.627+0000] {processor.py:183} INFO - Processing /home/airflow/.local/lib/python3.8/site-packages/airflow/example_dags/example_branch_python_dop_operator_3.py took 0.173 seconds
[2025-11-03T01:27:18.756+0000] {processor.py:161} INFO - Started process (PID=271) to work on /home/airflow/.local/lib/python3.8/site-packages/airflow/example_dags/example_branch_python_dop_operator_3.py
[2025-11-03T01:27:18.762+0000] {processor.py:830} INFO - Processing file /home/airflow/.local/lib/python3.8/site-packages/airflow/example_dags/example_branch_python_dop_operator_3.py for tasks to queue
[2025-11-03T01:27:18.769+0000] {logging_mixin.py:188} INFO - [2025-11-03T01:27:18.768+0000] {dagbag.py:538} INFO - Filling up the DagBag from /home/airflow/.local/lib/python3.8/site-packages/airflow/example_dags/example_branch_python_dop_operator_3.py
[2025-11-03T01:27:18.815+0000] {processor.py:840} INFO - DAG(s) 'example_branch_dop_operator_v3' retrieved from /home/airflow/.local/lib/python3.8/site-packages/airflow/example_dags/example_branch_python_dop_operator_3.py
[2025-11-03T01:27:18.912+0000] {logging_mixin.py:188} INFO - [2025-11-03T01:27:18.911+0000] {dag.py:3036} INFO - Sync 1 DAGs
[2025-11-03T01:27:19.042+0000] {logging_mixin.py:188} INFO - [2025-11-03T01:27:19.041+0000] {dag.py:3823} INFO - Setting next_dagrun for example_branch_dop_operator_v3 to 2025-11-03 01:26:00+00:00, run_after=2025-11-03 01:27:00+00:00
[2025-11-03T01:27:19.145+0000] {processor.py:183} INFO - Processing /home/airflow/.local/lib/python3.8/site-packages/airflow/example_dags/example_branch_python_dop_operator_3.py took 0.403 seconds
[2025-11-03T01:27:50.292+0000] {processor.py:161} INFO - Started process (PID=325) to work on /home/airflow/.local/lib/python3.8/site-packages/airflow/example_dags/example_branch_python_dop_operator_3.py
[2025-11-03T01:27:50.318+0000] {processor.py:830} INFO - Processing file /home/airflow/.local/lib/python3.8/site-packages/airflow/example_dags/example_branch_python_dop_operator_3.py for tasks to queue
[2025-11-03T01:27:50.332+0000] {logging_mixin.py:188} INFO - [2025-11-03T01:27:50.328+0000] {dagbag.py:538} INFO - Filling up the DagBag from /home/airflow/.local/lib/python3.8/site-packages/airflow/example_dags/example_branch_python_dop_operator_3.py
[2025-11-03T01:27:50.576+0000] {processor.py:840} INFO - DAG(s) 'example_branch_dop_operator_v3' retrieved from /home/airflow/.local/lib/python3.8/site-packages/airflow/example_dags/example_branch_python_dop_operator_3.py
[2025-11-03T01:27:50.672+0000] {logging_mixin.py:188} INFO - [2025-11-03T01:27:50.671+0000] {dag.py:3036} INFO - Sync 1 DAGs
[2025-11-03T01:27:50.778+0000] {logging_mixin.py:188} INFO - [2025-11-03T01:27:50.777+0000] {dag.py:3823} INFO - Setting next_dagrun for example_branch_dop_operator_v3 to 2025-11-03 01:26:00+00:00, run_after=2025-11-03 01:27:00+00:00
[2025-11-03T01:27:50.897+0000] {processor.py:183} INFO - Processing /home/airflow/.local/lib/python3.8/site-packages/airflow/example_dags/example_branch_python_dop_operator_3.py took 0.661 seconds
[2025-11-03T01:28:21.595+0000] {processor.py:161} INFO - Started process (PID=379) to work on /home/airflow/.local/lib/python3.8/site-packages/airflow/example_dags/example_branch_python_dop_operator_3.py
[2025-11-03T01:28:21.598+0000] {processor.py:830} INFO - Processing file /home/airflow/.local/lib/python3.8/site-packages/airflow/example_dags/example_branch_python_dop_operator_3.py for tasks to queue
[2025-11-03T01:28:21.605+0000] {logging_mixin.py:188} INFO - [2025-11-03T01:28:21.603+0000] {dagbag.py:538} INFO - Filling up the DagBag from /home/airflow/.local/lib/python3.8/site-packages/airflow/example_dags/example_branch_python_dop_operator_3.py
[2025-11-03T01:28:21.654+0000] {processor.py:840} INFO - DAG(s) 'example_branch_dop_operator_v3' retrieved from /home/airflow/.local/lib/python3.8/site-packages/airflow/example_dags/example_branch_python_dop_operator_3.py
[2025-11-03T01:28:21.731+0000] {logging_mixin.py:188} INFO - [2025-11-03T01:28:21.728+0000] {dag.py:3036} INFO - Sync 1 DAGs
[2025-11-03T01:28:21.829+0000] {logging_mixin.py:188} INFO - [2025-11-03T01:28:21.829+0000] {dag.py:3823} INFO - Setting next_dagrun for example_branch_dop_operator_v3 to 2025-11-03 01:27:00+00:00, run_after=2025-11-03 01:28:00+00:00
[2025-11-03T01:28:21.963+0000] {processor.py:183} INFO - Processing /home/airflow/.local/lib/python3.8/site-packages/airflow/example_dags/example_branch_python_dop_operator_3.py took 0.388 seconds
[2025-11-03T01:28:52.274+0000] {processor.py:161} INFO - Started process (PID=432) to work on /home/airflow/.local/lib/python3.8/site-packages/airflow/example_dags/example_branch_python_dop_operator_3.py
[2025-11-03T01:28:52.277+0000] {processor.py:830} INFO - Processing file /home/airflow/.local/lib/python3.8/site-packages/airflow/example_dags/example_branch_python_dop_operator_3.py for tasks to queue
[2025-11-03T01:28:52.284+0000] {logging_mixin.py:188} INFO - [2025-11-03T01:28:52.282+0000] {dagbag.py:538} INFO - Filling up the DagBag from /home/airflow/.local/lib/python3.8/site-packages/airflow/example_dags/example_branch_python_dop_operator_3.py
[2025-11-03T01:28:52.332+0000] {processor.py:840} INFO - DAG(s) 'example_branch_dop_operator_v3' retrieved from /home/airflow/.local/lib/python3.8/site-packages/airflow/example_dags/example_branch_python_dop_operator_3.py
[2025-11-03T01:28:52.661+0000] {logging_mixin.py:188} INFO - [2025-11-03T01:28:52.661+0000] {dag.py:3036} INFO - Sync 1 DAGs
[2025-11-03T01:28:52.731+0000] {logging_mixin.py:188} INFO - [2025-11-03T01:28:52.730+0000] {dag.py:3823} INFO - Setting next_dagrun for example_branch_dop_operator_v3 to 2025-11-03 01:27:00+00:00, run_after=2025-11-03 01:28:00+00:00
[2025-11-03T01:28:52.783+0000] {processor.py:183} INFO - Processing /home/airflow/.local/lib/python3.8/site-packages/airflow/example_dags/example_branch_python_dop_operator_3.py took 0.524 seconds
[2025-11-03T01:29:29.213+0000] {processor.py:161} INFO - Started process (PID=488) to work on /home/airflow/.local/lib/python3.8/site-packages/airflow/example_dags/example_branch_python_dop_operator_3.py
[2025-11-03T01:29:29.478+0000] {processor.py:830} INFO - Processing file /home/airflow/.local/lib/python3.8/site-packages/airflow/example_dags/example_branch_python_dop_operator_3.py for tasks to queue
[2025-11-03T01:29:29.551+0000] {logging_mixin.py:188} INFO - [2025-11-03T01:29:29.524+0000] {dagbag.py:538} INFO - Filling up the DagBag from /home/airflow/.local/lib/python3.8/site-packages/airflow/example_dags/example_branch_python_dop_operator_3.py
[2025-11-03T01:29:29.865+0000] {processor.py:840} INFO - DAG(s) 'example_branch_dop_operator_v3' retrieved from /home/airflow/.local/lib/python3.8/site-packages/airflow/example_dags/example_branch_python_dop_operator_3.py
[2025-11-03T01:29:30.186+0000] {logging_mixin.py:188} INFO - [2025-11-03T01:29:30.185+0000] {dag.py:3036} INFO - Sync 1 DAGs
[2025-11-03T01:29:30.665+0000] {logging_mixin.py:188} INFO - [2025-11-03T01:29:30.664+0000] {dag.py:3823} INFO - Setting next_dagrun for example_branch_dop_operator_v3 to 2025-11-03 01:28:00+00:00, run_after=2025-11-03 01:29:00+00:00
[2025-11-03T01:29:30.829+0000] {processor.py:183} INFO - Processing /home/airflow/.local/lib/python3.8/site-packages/airflow/example_dags/example_branch_python_dop_operator_3.py took 1.677 seconds
[2025-11-03T01:30:32.363+0000] {processor.py:161} INFO - Started process (PID=548) to work on /home/airflow/.local/lib/python3.8/site-packages/airflow/example_dags/example_branch_python_dop_operator_3.py
[2025-11-03T01:30:32.445+0000] {processor.py:830} INFO - Processing file /home/airflow/.local/lib/python3.8/site-packages/airflow/example_dags/example_branch_python_dop_operator_3.py for tasks to queue
[2025-11-03T01:30:32.622+0000] {logging_mixin.py:188} INFO - [2025-11-03T01:30:32.621+0000] {dagbag.py:538} INFO - Filling up the DagBag from /home/airflow/.local/lib/python3.8/site-packages/airflow/example_dags/example_branch_python_dop_operator_3.py
[2025-11-03T01:30:32.980+0000] {processor.py:840} INFO - DAG(s) 'example_branch_dop_operator_v3' retrieved from /home/airflow/.local/lib/python3.8/site-packages/airflow/example_dags/example_branch_python_dop_operator_3.py
[2025-11-03T01:30:33.659+0000] {logging_mixin.py:188} INFO - [2025-11-03T01:30:33.647+0000] {dag.py:3036} INFO - Sync 1 DAGs
[2025-11-03T01:30:34.449+0000] {logging_mixin.py:188} INFO - [2025-11-03T01:30:34.448+0000] {dag.py:3823} INFO - Setting next_dagrun for example_branch_dop_operator_v3 to 2025-11-03 01:29:00+00:00, run_after=2025-11-03 01:30:00+00:00
[2025-11-03T01:30:35.649+0000] {processor.py:183} INFO - Processing /home/airflow/.local/lib/python3.8/site-packages/airflow/example_dags/example_branch_python_dop_operator_3.py took 3.649 seconds
[2025-11-03T01:31:19.662+0000] {processor.py:161} INFO - Started process (PID=602) to work on /home/airflow/.local/lib/python3.8/site-packages/airflow/example_dags/example_branch_python_dop_operator_3.py
[2025-11-03T01:31:19.666+0000] {processor.py:830} INFO - Processing file /home/airflow/.local/lib/python3.8/site-packages/airflow/example_dags/example_branch_python_dop_operator_3.py for tasks to queue
[2025-11-03T01:31:19.672+0000] {logging_mixin.py:188} INFO - [2025-11-03T01:31:19.671+0000] {dagbag.py:538} INFO - Filling up the DagBag from /home/airflow/.local/lib/python3.8/site-packages/airflow/example_dags/example_branch_python_dop_operator_3.py
[2025-11-03T01:31:19.711+0000] {processor.py:840} INFO - DAG(s) 'example_branch_dop_operator_v3' retrieved from /home/airflow/.local/lib/python3.8/site-packages/airflow/example_dags/example_branch_python_dop_operator_3.py
[2025-11-03T01:31:19.790+0000] {logging_mixin.py:188} INFO - [2025-11-03T01:31:19.789+0000] {dag.py:3036} INFO - Sync 1 DAGs
[2025-11-03T01:31:19.889+0000] {logging_mixin.py:188} INFO - [2025-11-03T01:31:19.888+0000] {dag.py:3823} INFO - Setting next_dagrun for example_branch_dop_operator_v3 to 2025-11-03 01:30:00+00:00, run_after=2025-11-03 01:31:00+00:00
[2025-11-03T01:31:19.950+0000] {processor.py:183} INFO - Processing /home/airflow/.local/lib/python3.8/site-packages/airflow/example_dags/example_branch_python_dop_operator_3.py took 0.300 seconds
[2025-11-03T01:31:52.198+0000] {processor.py:161} INFO - Started process (PID=656) to work on /home/airflow/.local/lib/python3.8/site-packages/airflow/example_dags/example_branch_python_dop_operator_3.py
[2025-11-03T01:31:52.203+0000] {processor.py:830} INFO - Processing file /home/airflow/.local/lib/python3.8/site-packages/airflow/example_dags/example_branch_python_dop_operator_3.py for tasks to queue
[2025-11-03T01:31:52.223+0000] {logging_mixin.py:188} INFO - [2025-11-03T01:31:52.222+0000] {dagbag.py:538} INFO - Filling up the DagBag from /home/airflow/.local/lib/python3.8/site-packages/airflow/example_dags/example_branch_python_dop_operator_3.py
[2025-11-03T01:31:52.316+0000] {processor.py:840} INFO - DAG(s) 'example_branch_dop_operator_v3' retrieved from /home/airflow/.local/lib/python3.8/site-packages/airflow/example_dags/example_branch_python_dop_operator_3.py
[2025-11-03T01:31:52.480+0000] {logging_mixin.py:188} INFO - [2025-11-03T01:31:52.479+0000] {dag.py:3036} INFO - Sync 1 DAGs
[2025-11-03T01:31:52.789+0000] {logging_mixin.py:188} INFO - [2025-11-03T01:31:52.788+0000] {dag.py:3823} INFO - Setting next_dagrun for example_branch_dop_operator_v3 to 2025-11-03 01:30:00+00:00, run_after=2025-11-03 01:31:00+00:00
[2025-11-03T01:31:52.991+0000] {processor.py:183} INFO - Processing /home/airflow/.local/lib/python3.8/site-packages/airflow/example_dags/example_branch_python_dop_operator_3.py took 0.856 seconds
[2025-11-03T01:32:25.668+0000] {processor.py:161} INFO - Started process (PID=716) to work on /home/airflow/.local/lib/python3.8/site-packages/airflow/example_dags/example_branch_python_dop_operator_3.py
[2025-11-03T01:32:25.671+0000] {processor.py:830} INFO - Processing file /home/airflow/.local/lib/python3.8/site-packages/airflow/example_dags/example_branch_python_dop_operator_3.py for tasks to queue
[2025-11-03T01:32:25.683+0000] {logging_mixin.py:188} INFO - [2025-11-03T01:32:25.681+0000] {dagbag.py:538} INFO - Filling up the DagBag from /home/airflow/.local/lib/python3.8/site-packages/airflow/example_dags/example_branch_python_dop_operator_3.py
[2025-11-03T01:32:25.722+0000] {processor.py:840} INFO - DAG(s) 'example_branch_dop_operator_v3' retrieved from /home/airflow/.local/lib/python3.8/site-packages/airflow/example_dags/example_branch_python_dop_operator_3.py
[2025-11-03T01:32:25.801+0000] {logging_mixin.py:188} INFO - [2025-11-03T01:32:25.800+0000] {dag.py:3036} INFO - Sync 1 DAGs
[2025-11-03T01:32:25.991+0000] {logging_mixin.py:188} INFO - [2025-11-03T01:32:25.990+0000] {dag.py:3823} INFO - Setting next_dagrun for example_branch_dop_operator_v3 to 2025-11-03 01:31:00+00:00, run_after=2025-11-03 01:32:00+00:00
[2025-11-03T01:32:26.433+0000] {processor.py:183} INFO - Processing /home/airflow/.local/lib/python3.8/site-packages/airflow/example_dags/example_branch_python_dop_operator_3.py took 0.779 seconds
[2025-11-03T01:33:09.781+0000] {processor.py:161} INFO - Started process (PID=772) to work on /home/airflow/.local/lib/python3.8/site-packages/airflow/example_dags/example_branch_python_dop_operator_3.py
[2025-11-03T01:33:09.815+0000] {processor.py:830} INFO - Processing file /home/airflow/.local/lib/python3.8/site-packages/airflow/example_dags/example_branch_python_dop_operator_3.py for tasks to queue
[2025-11-03T01:33:09.904+0000] {logging_mixin.py:188} INFO - [2025-11-03T01:33:09.903+0000] {dagbag.py:538} INFO - Filling up the DagBag from /home/airflow/.local/lib/python3.8/site-packages/airflow/example_dags/example_branch_python_dop_operator_3.py
[2025-11-03T01:33:10.260+0000] {processor.py:840} INFO - DAG(s) 'example_branch_dop_operator_v3' retrieved from /home/airflow/.local/lib/python3.8/site-packages/airflow/example_dags/example_branch_python_dop_operator_3.py
[2025-11-03T01:33:10.878+0000] {logging_mixin.py:188} INFO - [2025-11-03T01:33:10.877+0000] {dag.py:3036} INFO - Sync 1 DAGs
[2025-11-03T01:33:12.117+0000] {logging_mixin.py:188} INFO - [2025-11-03T01:33:12.116+0000] {dag.py:3823} INFO - Setting next_dagrun for example_branch_dop_operator_v3 to 2025-11-03 01:32:00+00:00, run_after=2025-11-03 01:33:00+00:00
[2025-11-03T01:33:12.648+0000] {processor.py:183} INFO - Processing /home/airflow/.local/lib/python3.8/site-packages/airflow/example_dags/example_branch_python_dop_operator_3.py took 2.983 seconds
[2025-11-03T01:33:52.298+0000] {processor.py:161} INFO - Started process (PID=829) to work on /home/airflow/.local/lib/python3.8/site-packages/airflow/example_dags/example_branch_python_dop_operator_3.py
[2025-11-03T01:33:52.302+0000] {processor.py:830} INFO - Processing file /home/airflow/.local/lib/python3.8/site-packages/airflow/example_dags/example_branch_python_dop_operator_3.py for tasks to queue
[2025-11-03T01:33:52.309+0000] {logging_mixin.py:188} INFO - [2025-11-03T01:33:52.307+0000] {dagbag.py:538} INFO - Filling up the DagBag from /home/airflow/.local/lib/python3.8/site-packages/airflow/example_dags/example_branch_python_dop_operator_3.py
[2025-11-03T01:33:52.344+0000] {processor.py:840} INFO - DAG(s) 'example_branch_dop_operator_v3' retrieved from /home/airflow/.local/lib/python3.8/site-packages/airflow/example_dags/example_branch_python_dop_operator_3.py
[2025-11-03T01:33:52.421+0000] {logging_mixin.py:188} INFO - [2025-11-03T01:33:52.421+0000] {dag.py:3036} INFO - Sync 1 DAGs
[2025-11-03T01:33:52.521+0000] {logging_mixin.py:188} INFO - [2025-11-03T01:33:52.519+0000] {dag.py:3823} INFO - Setting next_dagrun for example_branch_dop_operator_v3 to 2025-11-03 01:32:00+00:00, run_after=2025-11-03 01:33:00+00:00
[2025-11-03T01:33:52.652+0000] {processor.py:183} INFO - Processing /home/airflow/.local/lib/python3.8/site-packages/airflow/example_dags/example_branch_python_dop_operator_3.py took 0.383 seconds
[2025-11-03T01:34:38.275+0000] {processor.py:161} INFO - Started process (PID=899) to work on /home/airflow/.local/lib/python3.8/site-packages/airflow/example_dags/example_branch_python_dop_operator_3.py
[2025-11-03T01:34:38.280+0000] {processor.py:830} INFO - Processing file /home/airflow/.local/lib/python3.8/site-packages/airflow/example_dags/example_branch_python_dop_operator_3.py for tasks to queue
[2025-11-03T01:34:38.290+0000] {logging_mixin.py:188} INFO - [2025-11-03T01:34:38.289+0000] {dagbag.py:538} INFO - Filling up the DagBag from /home/airflow/.local/lib/python3.8/site-packages/airflow/example_dags/example_branch_python_dop_operator_3.py
[2025-11-03T01:34:38.368+0000] {processor.py:840} INFO - DAG(s) 'example_branch_dop_operator_v3' retrieved from /home/airflow/.local/lib/python3.8/site-packages/airflow/example_dags/example_branch_python_dop_operator_3.py
[2025-11-03T01:34:38.491+0000] {logging_mixin.py:188} INFO - [2025-11-03T01:34:38.491+0000] {dag.py:3036} INFO - Sync 1 DAGs
[2025-11-03T01:34:38.649+0000] {logging_mixin.py:188} INFO - [2025-11-03T01:34:38.642+0000] {dag.py:3823} INFO - Setting next_dagrun for example_branch_dop_operator_v3 to 2025-11-03 01:33:00+00:00, run_after=2025-11-03 01:34:00+00:00
[2025-11-03T01:34:38.790+0000] {processor.py:183} INFO - Processing /home/airflow/.local/lib/python3.8/site-packages/airflow/example_dags/example_branch_python_dop_operator_3.py took 0.534 seconds
[2025-11-03T01:35:09.650+0000] {processor.py:161} INFO - Started process (PID=953) to work on /home/airflow/.local/lib/python3.8/site-packages/airflow/example_dags/example_branch_python_dop_operator_3.py
[2025-11-03T01:35:09.656+0000] {processor.py:830} INFO - Processing file /home/airflow/.local/lib/python3.8/site-packages/airflow/example_dags/example_branch_python_dop_operator_3.py for tasks to queue
[2025-11-03T01:35:09.663+0000] {logging_mixin.py:188} INFO - [2025-11-03T01:35:09.662+0000] {dagbag.py:538} INFO - Filling up the DagBag from /home/airflow/.local/lib/python3.8/site-packages/airflow/example_dags/example_branch_python_dop_operator_3.py
[2025-11-03T01:35:09.723+0000] {processor.py:840} INFO - DAG(s) 'example_branch_dop_operator_v3' retrieved from /home/airflow/.local/lib/python3.8/site-packages/airflow/example_dags/example_branch_python_dop_operator_3.py
[2025-11-03T01:35:10.089+0000] {logging_mixin.py:188} INFO - [2025-11-03T01:35:10.088+0000] {dag.py:3036} INFO - Sync 1 DAGs
[2025-11-03T01:35:10.432+0000] {logging_mixin.py:188} INFO - [2025-11-03T01:35:10.431+0000] {dag.py:3823} INFO - Setting next_dagrun for example_branch_dop_operator_v3 to 2025-11-03 01:34:00+00:00, run_after=2025-11-03 01:35:00+00:00
[2025-11-03T01:35:10.787+0000] {processor.py:183} INFO - Processing /home/airflow/.local/lib/python3.8/site-packages/airflow/example_dags/example_branch_python_dop_operator_3.py took 1.156 seconds
[2025-11-03T01:35:42.341+0000] {processor.py:161} INFO - Started process (PID=1008) to work on /home/airflow/.local/lib/python3.8/site-packages/airflow/example_dags/example_branch_python_dop_operator_3.py
[2025-11-03T01:35:42.343+0000] {processor.py:830} INFO - Processing file /home/airflow/.local/lib/python3.8/site-packages/airflow/example_dags/example_branch_python_dop_operator_3.py for tasks to queue
[2025-11-03T01:35:42.348+0000] {logging_mixin.py:188} INFO - [2025-11-03T01:35:42.347+0000] {dagbag.py:538} INFO - Filling up the DagBag from /home/airflow/.local/lib/python3.8/site-packages/airflow/example_dags/example_branch_python_dop_operator_3.py
[2025-11-03T01:35:42.381+0000] {processor.py:840} INFO - DAG(s) 'example_branch_dop_operator_v3' retrieved from /home/airflow/.local/lib/python3.8/site-packages/airflow/example_dags/example_branch_python_dop_operator_3.py
[2025-11-03T01:35:42.435+0000] {logging_mixin.py:188} INFO - [2025-11-03T01:35:42.434+0000] {dag.py:3036} INFO - Sync 1 DAGs
[2025-11-03T01:35:42.535+0000] {logging_mixin.py:188} INFO - [2025-11-03T01:35:42.534+0000] {dag.py:3823} INFO - Setting next_dagrun for example_branch_dop_operator_v3 to 2025-11-03 01:34:00+00:00, run_after=2025-11-03 01:35:00+00:00
[2025-11-03T01:35:42.592+0000] {processor.py:183} INFO - Processing /home/airflow/.local/lib/python3.8/site-packages/airflow/example_dags/example_branch_python_dop_operator_3.py took 0.263 seconds
[2025-11-03T01:36:14.009+0000] {processor.py:161} INFO - Started process (PID=1063) to work on /home/airflow/.local/lib/python3.8/site-packages/airflow/example_dags/example_branch_python_dop_operator_3.py
[2025-11-03T01:36:14.012+0000] {processor.py:830} INFO - Processing file /home/airflow/.local/lib/python3.8/site-packages/airflow/example_dags/example_branch_python_dop_operator_3.py for tasks to queue
[2025-11-03T01:36:14.020+0000] {logging_mixin.py:188} INFO - [2025-11-03T01:36:14.019+0000] {dagbag.py:538} INFO - Filling up the DagBag from /home/airflow/.local/lib/python3.8/site-packages/airflow/example_dags/example_branch_python_dop_operator_3.py
[2025-11-03T01:36:14.057+0000] {processor.py:840} INFO - DAG(s) 'example_branch_dop_operator_v3' retrieved from /home/airflow/.local/lib/python3.8/site-packages/airflow/example_dags/example_branch_python_dop_operator_3.py
[2025-11-03T01:36:14.164+0000] {logging_mixin.py:188} INFO - [2025-11-03T01:36:14.164+0000] {dag.py:3036} INFO - Sync 1 DAGs
[2025-11-03T01:36:14.306+0000] {logging_mixin.py:188} INFO - [2025-11-03T01:36:14.305+0000] {dag.py:3823} INFO - Setting next_dagrun for example_branch_dop_operator_v3 to 2025-11-03 01:35:00+00:00, run_after=2025-11-03 01:36:00+00:00
[2025-11-03T01:36:14.442+0000] {processor.py:183} INFO - Processing /home/airflow/.local/lib/python3.8/site-packages/airflow/example_dags/example_branch_python_dop_operator_3.py took 0.450 seconds
[2025-11-03T01:36:45.059+0000] {processor.py:161} INFO - Started process (PID=1119) to work on /home/airflow/.local/lib/python3.8/site-packages/airflow/example_dags/example_branch_python_dop_operator_3.py
[2025-11-03T01:36:45.074+0000] {processor.py:830} INFO - Processing file /home/airflow/.local/lib/python3.8/site-packages/airflow/example_dags/example_branch_python_dop_operator_3.py for tasks to queue
[2025-11-03T01:36:45.093+0000] {logging_mixin.py:188} INFO - [2025-11-03T01:36:45.092+0000] {dagbag.py:538} INFO - Filling up the DagBag from /home/airflow/.local/lib/python3.8/site-packages/airflow/example_dags/example_branch_python_dop_operator_3.py
[2025-11-03T01:36:45.147+0000] {processor.py:840} INFO - DAG(s) 'example_branch_dop_operator_v3' retrieved from /home/airflow/.local/lib/python3.8/site-packages/airflow/example_dags/example_branch_python_dop_operator_3.py
[2025-11-03T01:36:45.329+0000] {logging_mixin.py:188} INFO - [2025-11-03T01:36:45.329+0000] {dag.py:3036} INFO - Sync 1 DAGs
[2025-11-03T01:36:45.663+0000] {logging_mixin.py:188} INFO - [2025-11-03T01:36:45.662+0000] {dag.py:3823} INFO - Setting next_dagrun for example_branch_dop_operator_v3 to 2025-11-03 01:35:00+00:00, run_after=2025-11-03 01:36:00+00:00
[2025-11-03T01:36:45.849+0000] {processor.py:183} INFO - Processing /home/airflow/.local/lib/python3.8/site-packages/airflow/example_dags/example_branch_python_dop_operator_3.py took 0.810 seconds
[2025-11-03T01:37:22.958+0000] {processor.py:161} INFO - Started process (PID=1173) to work on /home/airflow/.local/lib/python3.8/site-packages/airflow/example_dags/example_branch_python_dop_operator_3.py
[2025-11-03T01:37:22.997+0000] {processor.py:830} INFO - Processing file /home/airflow/.local/lib/python3.8/site-packages/airflow/example_dags/example_branch_python_dop_operator_3.py for tasks to queue
[2025-11-03T01:37:23.026+0000] {logging_mixin.py:188} INFO - [2025-11-03T01:37:23.025+0000] {dagbag.py:538} INFO - Filling up the DagBag from /home/airflow/.local/lib/python3.8/site-packages/airflow/example_dags/example_branch_python_dop_operator_3.py
[2025-11-03T01:37:23.112+0000] {processor.py:840} INFO - DAG(s) 'example_branch_dop_operator_v3' retrieved from /home/airflow/.local/lib/python3.8/site-packages/airflow/example_dags/example_branch_python_dop_operator_3.py
[2025-11-03T01:37:23.265+0000] {logging_mixin.py:188} INFO - [2025-11-03T01:37:23.264+0000] {dag.py:3036} INFO - Sync 1 DAGs
[2025-11-03T01:37:23.847+0000] {logging_mixin.py:188} INFO - [2025-11-03T01:37:23.846+0000] {dag.py:3823} INFO - Setting next_dagrun for example_branch_dop_operator_v3 to 2025-11-03 01:36:00+00:00, run_after=2025-11-03 01:37:00+00:00
[2025-11-03T01:37:24.041+0000] {processor.py:183} INFO - Processing /home/airflow/.local/lib/python3.8/site-packages/airflow/example_dags/example_branch_python_dop_operator_3.py took 1.114 seconds
[2025-11-03T01:38:23.098+0000] {processor.py:161} INFO - Started process (PID=1242) to work on /home/airflow/.local/lib/python3.8/site-packages/airflow/example_dags/example_branch_python_dop_operator_3.py
[2025-11-03T01:38:23.103+0000] {processor.py:830} INFO - Processing file /home/airflow/.local/lib/python3.8/site-packages/airflow/example_dags/example_branch_python_dop_operator_3.py for tasks to queue
[2025-11-03T01:38:23.153+0000] {logging_mixin.py:188} INFO - [2025-11-03T01:38:23.139+0000] {dagbag.py:538} INFO - Filling up the DagBag from /home/airflow/.local/lib/python3.8/site-packages/airflow/example_dags/example_branch_python_dop_operator_3.py
[2025-11-03T01:38:23.267+0000] {processor.py:840} INFO - DAG(s) 'example_branch_dop_operator_v3' retrieved from /home/airflow/.local/lib/python3.8/site-packages/airflow/example_dags/example_branch_python_dop_operator_3.py
[2025-11-03T01:38:23.754+0000] {logging_mixin.py:188} INFO - [2025-11-03T01:38:23.754+0000] {dag.py:3036} INFO - Sync 1 DAGs
[2025-11-03T01:38:24.296+0000] {logging_mixin.py:188} INFO - [2025-11-03T01:38:24.295+0000] {dag.py:3823} INFO - Setting next_dagrun for example_branch_dop_operator_v3 to 2025-11-03 01:37:00+00:00, run_after=2025-11-03 01:38:00+00:00
[2025-11-03T01:38:24.704+0000] {processor.py:183} INFO - Processing /home/airflow/.local/lib/python3.8/site-packages/airflow/example_dags/example_branch_python_dop_operator_3.py took 1.636 seconds
[2025-11-03T01:39:22.463+0000] {processor.py:161} INFO - Started process (PID=1310) to work on /home/airflow/.local/lib/python3.8/site-packages/airflow/example_dags/example_branch_python_dop_operator_3.py
[2025-11-03T01:39:22.475+0000] {processor.py:830} INFO - Processing file /home/airflow/.local/lib/python3.8/site-packages/airflow/example_dags/example_branch_python_dop_operator_3.py for tasks to queue
[2025-11-03T01:39:22.535+0000] {logging_mixin.py:188} INFO - [2025-11-03T01:39:22.534+0000] {dagbag.py:538} INFO - Filling up the DagBag from /home/airflow/.local/lib/python3.8/site-packages/airflow/example_dags/example_branch_python_dop_operator_3.py
[2025-11-03T01:39:22.622+0000] {processor.py:840} INFO - DAG(s) 'example_branch_dop_operator_v3' retrieved from /home/airflow/.local/lib/python3.8/site-packages/airflow/example_dags/example_branch_python_dop_operator_3.py
[2025-11-03T01:39:22.788+0000] {logging_mixin.py:188} INFO - [2025-11-03T01:39:22.787+0000] {dag.py:3036} INFO - Sync 1 DAGs
[2025-11-03T01:39:23.043+0000] {logging_mixin.py:188} INFO - [2025-11-03T01:39:23.043+0000] {dag.py:3823} INFO - Setting next_dagrun for example_branch_dop_operator_v3 to 2025-11-03 01:38:00+00:00, run_after=2025-11-03 01:39:00+00:00
[2025-11-03T01:39:23.195+0000] {processor.py:183} INFO - Processing /home/airflow/.local/lib/python3.8/site-packages/airflow/example_dags/example_branch_python_dop_operator_3.py took 0.751 seconds
[2025-11-03T01:39:54.659+0000] {processor.py:161} INFO - Started process (PID=1364) to work on /home/airflow/.local/lib/python3.8/site-packages/airflow/example_dags/example_branch_python_dop_operator_3.py
[2025-11-03T01:39:54.670+0000] {processor.py:830} INFO - Processing file /home/airflow/.local/lib/python3.8/site-packages/airflow/example_dags/example_branch_python_dop_operator_3.py for tasks to queue
[2025-11-03T01:39:54.678+0000] {logging_mixin.py:188} INFO - [2025-11-03T01:39:54.676+0000] {dagbag.py:538} INFO - Filling up the DagBag from /home/airflow/.local/lib/python3.8/site-packages/airflow/example_dags/example_branch_python_dop_operator_3.py
[2025-11-03T01:39:54.776+0000] {processor.py:840} INFO - DAG(s) 'example_branch_dop_operator_v3' retrieved from /home/airflow/.local/lib/python3.8/site-packages/airflow/example_dags/example_branch_python_dop_operator_3.py
[2025-11-03T01:39:54.900+0000] {logging_mixin.py:188} INFO - [2025-11-03T01:39:54.899+0000] {dag.py:3036} INFO - Sync 1 DAGs
[2025-11-03T01:39:55.133+0000] {logging_mixin.py:188} INFO - [2025-11-03T01:39:55.132+0000] {dag.py:3823} INFO - Setting next_dagrun for example_branch_dop_operator_v3 to 2025-11-03 01:38:00+00:00, run_after=2025-11-03 01:39:00+00:00
[2025-11-03T01:39:55.232+0000] {processor.py:183} INFO - Processing /home/airflow/.local/lib/python3.8/site-packages/airflow/example_dags/example_branch_python_dop_operator_3.py took 0.602 seconds
[2025-11-03T01:42:09.617+0000] {processor.py:161} INFO - Started process (PID=1428) to work on /home/airflow/.local/lib/python3.8/site-packages/airflow/example_dags/example_branch_python_dop_operator_3.py
[2025-11-03T01:42:09.685+0000] {processor.py:830} INFO - Processing file /home/airflow/.local/lib/python3.8/site-packages/airflow/example_dags/example_branch_python_dop_operator_3.py for tasks to queue
[2025-11-03T01:42:11.034+0000] {logging_mixin.py:188} INFO - [2025-11-03T01:42:11.019+0000] {dagbag.py:538} INFO - Filling up the DagBag from /home/airflow/.local/lib/python3.8/site-packages/airflow/example_dags/example_branch_python_dop_operator_3.py
[2025-11-03T01:42:14.407+0000] {processor.py:840} INFO - DAG(s) 'example_branch_dop_operator_v3' retrieved from /home/airflow/.local/lib/python3.8/site-packages/airflow/example_dags/example_branch_python_dop_operator_3.py
[2025-11-03T01:42:18.471+0000] {logging_mixin.py:188} INFO - [2025-11-03T01:42:18.470+0000] {dag.py:3036} INFO - Sync 1 DAGs
[2025-11-03T01:42:19.753+0000] {logging_mixin.py:188} INFO - [2025-11-03T01:42:19.752+0000] {dag.py:3823} INFO - Setting next_dagrun for example_branch_dop_operator_v3 to 2025-11-03 01:41:00+00:00, run_after=2025-11-03 01:42:00+00:00
[2025-11-03T01:42:27.329+0000] {processor.py:183} INFO - Processing /home/airflow/.local/lib/python3.8/site-packages/airflow/example_dags/example_branch_python_dop_operator_3.py took 18.629 seconds
[2025-11-03T01:57:01.998+0000] {processor.py:161} INFO - Started process (PID=1634) to work on /home/airflow/.local/lib/python3.8/site-packages/airflow/example_dags/example_branch_python_dop_operator_3.py
[2025-11-03T01:57:02.191+0000] {processor.py:830} INFO - Processing file /home/airflow/.local/lib/python3.8/site-packages/airflow/example_dags/example_branch_python_dop_operator_3.py for tasks to queue
[2025-11-03T01:57:02.284+0000] {logging_mixin.py:188} INFO - [2025-11-03T01:57:02.256+0000] {dagbag.py:538} INFO - Filling up the DagBag from /home/airflow/.local/lib/python3.8/site-packages/airflow/example_dags/example_branch_python_dop_operator_3.py
[2025-11-03T01:57:03.882+0000] {processor.py:840} INFO - DAG(s) 'example_branch_dop_operator_v3' retrieved from /home/airflow/.local/lib/python3.8/site-packages/airflow/example_dags/example_branch_python_dop_operator_3.py
[2025-11-03T01:57:31.171+0000] {logging_mixin.py:188} INFO - [2025-11-03T01:57:31.170+0000] {dag.py:3036} INFO - Sync 1 DAGs
[2025-11-03T01:57:33.251+0000] {logging_mixin.py:188} INFO - [2025-11-03T01:57:33.190+0000] {dag.py:3823} INFO - Setting next_dagrun for example_branch_dop_operator_v3 to 2025-11-03 01:56:00+00:00, run_after=2025-11-03 01:57:00+00:00
[2025-11-03T01:57:35.875+0000] {processor.py:183} INFO - Processing /home/airflow/.local/lib/python3.8/site-packages/airflow/example_dags/example_branch_python_dop_operator_3.py took 32.969 seconds
