[2025-11-03T01:13:42.047+0000] {processor.py:161} INFO - Started process (PID=125) to work on /home/airflow/.local/lib/python3.8/site-packages/airflow/example_dags/example_short_circuit_decorator.py
[2025-11-03T01:13:42.075+0000] {processor.py:830} INFO - Processing file /home/airflow/.local/lib/python3.8/site-packages/airflow/example_dags/example_short_circuit_decorator.py for tasks to queue
[2025-11-03T01:13:42.095+0000] {logging_mixin.py:188} INFO - [2025-11-03T01:13:42.094+0000] {dagbag.py:538} INFO - Filling up the DagBag from /home/airflow/.local/lib/python3.8/site-packages/airflow/example_dags/example_short_circuit_decorator.py
[2025-11-03T01:13:42.202+0000] {processor.py:840} INFO - DAG(s) 'example_short_circuit_decorator' retrieved from /home/airflow/.local/lib/python3.8/site-packages/airflow/example_dags/example_short_circuit_decorator.py
[2025-11-03T01:13:42.436+0000] {logging_mixin.py:188} INFO - [2025-11-03T01:13:42.436+0000] {dag.py:3036} INFO - Sync 1 DAGs
[2025-11-03T01:13:42.646+0000] {logging_mixin.py:188} INFO - [2025-11-03T01:13:42.646+0000] {dag.py:3823} INFO - Setting next_dagrun for example_short_circuit_decorator to 2025-11-02 00:00:00+00:00, run_after=2025-11-03 00:00:00+00:00
[2025-11-03T01:13:42.837+0000] {processor.py:183} INFO - Processing /home/airflow/.local/lib/python3.8/site-packages/airflow/example_dags/example_short_circuit_decorator.py took 0.859 seconds
[2025-11-03T01:14:25.763+0000] {processor.py:161} INFO - Started process (PID=185) to work on /home/airflow/.local/lib/python3.8/site-packages/airflow/example_dags/example_short_circuit_decorator.py
[2025-11-03T01:14:25.803+0000] {processor.py:830} INFO - Processing file /home/airflow/.local/lib/python3.8/site-packages/airflow/example_dags/example_short_circuit_decorator.py for tasks to queue
[2025-11-03T01:14:25.822+0000] {logging_mixin.py:188} INFO - [2025-11-03T01:14:25.821+0000] {dagbag.py:538} INFO - Filling up the DagBag from /home/airflow/.local/lib/python3.8/site-packages/airflow/example_dags/example_short_circuit_decorator.py
[2025-11-03T01:14:25.980+0000] {processor.py:840} INFO - DAG(s) 'example_short_circuit_decorator' retrieved from /home/airflow/.local/lib/python3.8/site-packages/airflow/example_dags/example_short_circuit_decorator.py
[2025-11-03T01:14:26.494+0000] {logging_mixin.py:188} INFO - [2025-11-03T01:14:26.492+0000] {dag.py:3036} INFO - Sync 1 DAGs
[2025-11-03T01:14:26.773+0000] {logging_mixin.py:188} INFO - [2025-11-03T01:14:26.772+0000] {dag.py:3823} INFO - Setting next_dagrun for example_short_circuit_decorator to 2025-11-02 00:00:00+00:00, run_after=2025-11-03 00:00:00+00:00
[2025-11-03T01:14:27.150+0000] {processor.py:183} INFO - Processing /home/airflow/.local/lib/python3.8/site-packages/airflow/example_dags/example_short_circuit_decorator.py took 1.493 seconds
[2025-11-03T01:15:20.693+0000] {processor.py:161} INFO - Started process (PID=241) to work on /home/airflow/.local/lib/python3.8/site-packages/airflow/example_dags/example_short_circuit_decorator.py
[2025-11-03T01:15:20.698+0000] {processor.py:830} INFO - Processing file /home/airflow/.local/lib/python3.8/site-packages/airflow/example_dags/example_short_circuit_decorator.py for tasks to queue
[2025-11-03T01:15:20.706+0000] {logging_mixin.py:188} INFO - [2025-11-03T01:15:20.705+0000] {dagbag.py:538} INFO - Filling up the DagBag from /home/airflow/.local/lib/python3.8/site-packages/airflow/example_dags/example_short_circuit_decorator.py
[2025-11-03T01:15:20.747+0000] {processor.py:840} INFO - DAG(s) 'example_short_circuit_decorator' retrieved from /home/airflow/.local/lib/python3.8/site-packages/airflow/example_dags/example_short_circuit_decorator.py
[2025-11-03T01:15:20.878+0000] {logging_mixin.py:188} INFO - [2025-11-03T01:15:20.878+0000] {dag.py:3036} INFO - Sync 1 DAGs
[2025-11-03T01:15:21.065+0000] {logging_mixin.py:188} INFO - [2025-11-03T01:15:21.065+0000] {dag.py:3823} INFO - Setting next_dagrun for example_short_circuit_decorator to 2025-11-02 00:00:00+00:00, run_after=2025-11-03 00:00:00+00:00
[2025-11-03T01:15:21.280+0000] {processor.py:183} INFO - Processing /home/airflow/.local/lib/python3.8/site-packages/airflow/example_dags/example_short_circuit_decorator.py took 0.602 seconds
[2025-11-03T01:16:10.616+0000] {processor.py:161} INFO - Started process (PID=307) to work on /home/airflow/.local/lib/python3.8/site-packages/airflow/example_dags/example_short_circuit_decorator.py
[2025-11-03T01:16:10.624+0000] {processor.py:830} INFO - Processing file /home/airflow/.local/lib/python3.8/site-packages/airflow/example_dags/example_short_circuit_decorator.py for tasks to queue
[2025-11-03T01:16:10.651+0000] {logging_mixin.py:188} INFO - [2025-11-03T01:16:10.650+0000] {dagbag.py:538} INFO - Filling up the DagBag from /home/airflow/.local/lib/python3.8/site-packages/airflow/example_dags/example_short_circuit_decorator.py
[2025-11-03T01:16:10.730+0000] {processor.py:840} INFO - DAG(s) 'example_short_circuit_decorator' retrieved from /home/airflow/.local/lib/python3.8/site-packages/airflow/example_dags/example_short_circuit_decorator.py
[2025-11-03T01:16:12.308+0000] {logging_mixin.py:188} INFO - [2025-11-03T01:16:12.307+0000] {dag.py:3036} INFO - Sync 1 DAGs
[2025-11-03T01:16:12.523+0000] {logging_mixin.py:188} INFO - [2025-11-03T01:16:12.516+0000] {dag.py:3823} INFO - Setting next_dagrun for example_short_circuit_decorator to 2025-11-02 00:00:00+00:00, run_after=2025-11-03 00:00:00+00:00
[2025-11-03T01:16:12.765+0000] {processor.py:183} INFO - Processing /home/airflow/.local/lib/python3.8/site-packages/airflow/example_dags/example_short_circuit_decorator.py took 2.122 seconds
[2025-11-03T01:16:43.534+0000] {processor.py:161} INFO - Started process (PID=362) to work on /home/airflow/.local/lib/python3.8/site-packages/airflow/example_dags/example_short_circuit_decorator.py
[2025-11-03T01:16:43.552+0000] {processor.py:830} INFO - Processing file /home/airflow/.local/lib/python3.8/site-packages/airflow/example_dags/example_short_circuit_decorator.py for tasks to queue
[2025-11-03T01:16:43.585+0000] {logging_mixin.py:188} INFO - [2025-11-03T01:16:43.584+0000] {dagbag.py:538} INFO - Filling up the DagBag from /home/airflow/.local/lib/python3.8/site-packages/airflow/example_dags/example_short_circuit_decorator.py
[2025-11-03T01:16:43.686+0000] {processor.py:840} INFO - DAG(s) 'example_short_circuit_decorator' retrieved from /home/airflow/.local/lib/python3.8/site-packages/airflow/example_dags/example_short_circuit_decorator.py
[2025-11-03T01:16:43.806+0000] {logging_mixin.py:188} INFO - [2025-11-03T01:16:43.806+0000] {dag.py:3036} INFO - Sync 1 DAGs
[2025-11-03T01:16:43.906+0000] {logging_mixin.py:188} INFO - [2025-11-03T01:16:43.905+0000] {dag.py:3823} INFO - Setting next_dagrun for example_short_circuit_decorator to 2025-11-02 00:00:00+00:00, run_after=2025-11-03 00:00:00+00:00
[2025-11-03T01:16:44.023+0000] {processor.py:183} INFO - Processing /home/airflow/.local/lib/python3.8/site-packages/airflow/example_dags/example_short_circuit_decorator.py took 0.514 seconds
[2025-11-03T01:17:16.190+0000] {processor.py:161} INFO - Started process (PID=417) to work on /home/airflow/.local/lib/python3.8/site-packages/airflow/example_dags/example_short_circuit_decorator.py
[2025-11-03T01:17:16.197+0000] {processor.py:830} INFO - Processing file /home/airflow/.local/lib/python3.8/site-packages/airflow/example_dags/example_short_circuit_decorator.py for tasks to queue
[2025-11-03T01:17:16.208+0000] {logging_mixin.py:188} INFO - [2025-11-03T01:17:16.206+0000] {dagbag.py:538} INFO - Filling up the DagBag from /home/airflow/.local/lib/python3.8/site-packages/airflow/example_dags/example_short_circuit_decorator.py
[2025-11-03T01:17:16.257+0000] {processor.py:840} INFO - DAG(s) 'example_short_circuit_decorator' retrieved from /home/airflow/.local/lib/python3.8/site-packages/airflow/example_dags/example_short_circuit_decorator.py
[2025-11-03T01:17:16.450+0000] {logging_mixin.py:188} INFO - [2025-11-03T01:17:16.449+0000] {dag.py:3036} INFO - Sync 1 DAGs
[2025-11-03T01:17:16.602+0000] {logging_mixin.py:188} INFO - [2025-11-03T01:17:16.601+0000] {dag.py:3823} INFO - Setting next_dagrun for example_short_circuit_decorator to 2025-11-02 00:00:00+00:00, run_after=2025-11-03 00:00:00+00:00
[2025-11-03T01:17:16.775+0000] {processor.py:183} INFO - Processing /home/airflow/.local/lib/python3.8/site-packages/airflow/example_dags/example_short_circuit_decorator.py took 0.632 seconds
[2025-11-03T01:17:47.416+0000] {processor.py:161} INFO - Started process (PID=473) to work on /home/airflow/.local/lib/python3.8/site-packages/airflow/example_dags/example_short_circuit_decorator.py
[2025-11-03T01:17:47.438+0000] {processor.py:830} INFO - Processing file /home/airflow/.local/lib/python3.8/site-packages/airflow/example_dags/example_short_circuit_decorator.py for tasks to queue
[2025-11-03T01:17:47.458+0000] {logging_mixin.py:188} INFO - [2025-11-03T01:17:47.451+0000] {dagbag.py:538} INFO - Filling up the DagBag from /home/airflow/.local/lib/python3.8/site-packages/airflow/example_dags/example_short_circuit_decorator.py
[2025-11-03T01:17:47.561+0000] {processor.py:840} INFO - DAG(s) 'example_short_circuit_decorator' retrieved from /home/airflow/.local/lib/python3.8/site-packages/airflow/example_dags/example_short_circuit_decorator.py
[2025-11-03T01:17:47.731+0000] {logging_mixin.py:188} INFO - [2025-11-03T01:17:47.728+0000] {dag.py:3036} INFO - Sync 1 DAGs
[2025-11-03T01:17:47.982+0000] {logging_mixin.py:188} INFO - [2025-11-03T01:17:47.981+0000] {dag.py:3823} INFO - Setting next_dagrun for example_short_circuit_decorator to 2025-11-02 00:00:00+00:00, run_after=2025-11-03 00:00:00+00:00
[2025-11-03T01:17:48.201+0000] {processor.py:183} INFO - Processing /home/airflow/.local/lib/python3.8/site-packages/airflow/example_dags/example_short_circuit_decorator.py took 0.816 seconds
[2025-11-03T01:18:18.433+0000] {processor.py:161} INFO - Started process (PID=527) to work on /home/airflow/.local/lib/python3.8/site-packages/airflow/example_dags/example_short_circuit_decorator.py
[2025-11-03T01:18:18.438+0000] {processor.py:830} INFO - Processing file /home/airflow/.local/lib/python3.8/site-packages/airflow/example_dags/example_short_circuit_decorator.py for tasks to queue
[2025-11-03T01:18:18.447+0000] {logging_mixin.py:188} INFO - [2025-11-03T01:18:18.446+0000] {dagbag.py:538} INFO - Filling up the DagBag from /home/airflow/.local/lib/python3.8/site-packages/airflow/example_dags/example_short_circuit_decorator.py
[2025-11-03T01:18:18.488+0000] {processor.py:840} INFO - DAG(s) 'example_short_circuit_decorator' retrieved from /home/airflow/.local/lib/python3.8/site-packages/airflow/example_dags/example_short_circuit_decorator.py
[2025-11-03T01:18:18.596+0000] {logging_mixin.py:188} INFO - [2025-11-03T01:18:18.595+0000] {dag.py:3036} INFO - Sync 1 DAGs
[2025-11-03T01:18:18.698+0000] {logging_mixin.py:188} INFO - [2025-11-03T01:18:18.697+0000] {dag.py:3823} INFO - Setting next_dagrun for example_short_circuit_decorator to 2025-11-02 00:00:00+00:00, run_after=2025-11-03 00:00:00+00:00
[2025-11-03T01:18:18.799+0000] {processor.py:183} INFO - Processing /home/airflow/.local/lib/python3.8/site-packages/airflow/example_dags/example_short_circuit_decorator.py took 0.389 seconds
[2025-11-03T01:18:49.051+0000] {processor.py:161} INFO - Started process (PID=582) to work on /home/airflow/.local/lib/python3.8/site-packages/airflow/example_dags/example_short_circuit_decorator.py
[2025-11-03T01:18:49.055+0000] {processor.py:830} INFO - Processing file /home/airflow/.local/lib/python3.8/site-packages/airflow/example_dags/example_short_circuit_decorator.py for tasks to queue
[2025-11-03T01:18:49.062+0000] {logging_mixin.py:188} INFO - [2025-11-03T01:18:49.061+0000] {dagbag.py:538} INFO - Filling up the DagBag from /home/airflow/.local/lib/python3.8/site-packages/airflow/example_dags/example_short_circuit_decorator.py
[2025-11-03T01:18:49.116+0000] {processor.py:840} INFO - DAG(s) 'example_short_circuit_decorator' retrieved from /home/airflow/.local/lib/python3.8/site-packages/airflow/example_dags/example_short_circuit_decorator.py
[2025-11-03T01:18:49.345+0000] {logging_mixin.py:188} INFO - [2025-11-03T01:18:49.333+0000] {dag.py:3036} INFO - Sync 1 DAGs
[2025-11-03T01:18:49.540+0000] {logging_mixin.py:188} INFO - [2025-11-03T01:18:49.540+0000] {dag.py:3823} INFO - Setting next_dagrun for example_short_circuit_decorator to 2025-11-02 00:00:00+00:00, run_after=2025-11-03 00:00:00+00:00
[2025-11-03T01:18:49.747+0000] {processor.py:183} INFO - Processing /home/airflow/.local/lib/python3.8/site-packages/airflow/example_dags/example_short_circuit_decorator.py took 0.712 seconds
[2025-11-03T01:19:23.630+0000] {processor.py:161} INFO - Started process (PID=637) to work on /home/airflow/.local/lib/python3.8/site-packages/airflow/example_dags/example_short_circuit_decorator.py
[2025-11-03T01:19:23.656+0000] {processor.py:830} INFO - Processing file /home/airflow/.local/lib/python3.8/site-packages/airflow/example_dags/example_short_circuit_decorator.py for tasks to queue
[2025-11-03T01:19:23.711+0000] {logging_mixin.py:188} INFO - [2025-11-03T01:19:23.710+0000] {dagbag.py:538} INFO - Filling up the DagBag from /home/airflow/.local/lib/python3.8/site-packages/airflow/example_dags/example_short_circuit_decorator.py
[2025-11-03T01:19:23.915+0000] {processor.py:840} INFO - DAG(s) 'example_short_circuit_decorator' retrieved from /home/airflow/.local/lib/python3.8/site-packages/airflow/example_dags/example_short_circuit_decorator.py
[2025-11-03T01:19:24.550+0000] {logging_mixin.py:188} INFO - [2025-11-03T01:19:24.544+0000] {dag.py:3036} INFO - Sync 1 DAGs
[2025-11-03T01:19:24.834+0000] {logging_mixin.py:188} INFO - [2025-11-03T01:19:24.833+0000] {dag.py:3823} INFO - Setting next_dagrun for example_short_circuit_decorator to 2025-11-02 00:00:00+00:00, run_after=2025-11-03 00:00:00+00:00
[2025-11-03T01:19:24.967+0000] {processor.py:183} INFO - Processing /home/airflow/.local/lib/python3.8/site-packages/airflow/example_dags/example_short_circuit_decorator.py took 1.401 seconds
[2025-11-03T01:19:55.727+0000] {processor.py:161} INFO - Started process (PID=692) to work on /home/airflow/.local/lib/python3.8/site-packages/airflow/example_dags/example_short_circuit_decorator.py
[2025-11-03T01:19:55.731+0000] {processor.py:830} INFO - Processing file /home/airflow/.local/lib/python3.8/site-packages/airflow/example_dags/example_short_circuit_decorator.py for tasks to queue
[2025-11-03T01:19:55.741+0000] {logging_mixin.py:188} INFO - [2025-11-03T01:19:55.736+0000] {dagbag.py:538} INFO - Filling up the DagBag from /home/airflow/.local/lib/python3.8/site-packages/airflow/example_dags/example_short_circuit_decorator.py
[2025-11-03T01:19:55.802+0000] {processor.py:840} INFO - DAG(s) 'example_short_circuit_decorator' retrieved from /home/airflow/.local/lib/python3.8/site-packages/airflow/example_dags/example_short_circuit_decorator.py
[2025-11-03T01:19:55.993+0000] {logging_mixin.py:188} INFO - [2025-11-03T01:19:55.992+0000] {dag.py:3036} INFO - Sync 1 DAGs
[2025-11-03T01:19:56.387+0000] {logging_mixin.py:188} INFO - [2025-11-03T01:19:56.387+0000] {dag.py:3823} INFO - Setting next_dagrun for example_short_circuit_decorator to 2025-11-02 00:00:00+00:00, run_after=2025-11-03 00:00:00+00:00
[2025-11-03T01:19:56.511+0000] {processor.py:183} INFO - Processing /home/airflow/.local/lib/python3.8/site-packages/airflow/example_dags/example_short_circuit_decorator.py took 0.796 seconds
[2025-11-03T01:20:26.717+0000] {processor.py:161} INFO - Started process (PID=745) to work on /home/airflow/.local/lib/python3.8/site-packages/airflow/example_dags/example_short_circuit_decorator.py
[2025-11-03T01:20:26.724+0000] {processor.py:830} INFO - Processing file /home/airflow/.local/lib/python3.8/site-packages/airflow/example_dags/example_short_circuit_decorator.py for tasks to queue
[2025-11-03T01:20:26.736+0000] {logging_mixin.py:188} INFO - [2025-11-03T01:20:26.730+0000] {dagbag.py:538} INFO - Filling up the DagBag from /home/airflow/.local/lib/python3.8/site-packages/airflow/example_dags/example_short_circuit_decorator.py
[2025-11-03T01:20:26.776+0000] {processor.py:840} INFO - DAG(s) 'example_short_circuit_decorator' retrieved from /home/airflow/.local/lib/python3.8/site-packages/airflow/example_dags/example_short_circuit_decorator.py
[2025-11-03T01:20:26.938+0000] {logging_mixin.py:188} INFO - [2025-11-03T01:20:26.937+0000] {dag.py:3036} INFO - Sync 1 DAGs
[2025-11-03T01:20:27.190+0000] {logging_mixin.py:188} INFO - [2025-11-03T01:20:27.189+0000] {dag.py:3823} INFO - Setting next_dagrun for example_short_circuit_decorator to 2025-11-02 00:00:00+00:00, run_after=2025-11-03 00:00:00+00:00
[2025-11-03T01:20:27.284+0000] {processor.py:183} INFO - Processing /home/airflow/.local/lib/python3.8/site-packages/airflow/example_dags/example_short_circuit_decorator.py took 0.586 seconds
[2025-11-03T01:21:05.669+0000] {processor.py:161} INFO - Started process (PID=802) to work on /home/airflow/.local/lib/python3.8/site-packages/airflow/example_dags/example_short_circuit_decorator.py
[2025-11-03T01:21:05.673+0000] {processor.py:830} INFO - Processing file /home/airflow/.local/lib/python3.8/site-packages/airflow/example_dags/example_short_circuit_decorator.py for tasks to queue
[2025-11-03T01:21:05.680+0000] {logging_mixin.py:188} INFO - [2025-11-03T01:21:05.679+0000] {dagbag.py:538} INFO - Filling up the DagBag from /home/airflow/.local/lib/python3.8/site-packages/airflow/example_dags/example_short_circuit_decorator.py
[2025-11-03T01:21:05.742+0000] {processor.py:840} INFO - DAG(s) 'example_short_circuit_decorator' retrieved from /home/airflow/.local/lib/python3.8/site-packages/airflow/example_dags/example_short_circuit_decorator.py
[2025-11-03T01:21:05.853+0000] {logging_mixin.py:188} INFO - [2025-11-03T01:21:05.852+0000] {dag.py:3036} INFO - Sync 1 DAGs
[2025-11-03T01:21:06.024+0000] {logging_mixin.py:188} INFO - [2025-11-03T01:21:06.023+0000] {dag.py:3823} INFO - Setting next_dagrun for example_short_circuit_decorator to 2025-11-02 00:00:00+00:00, run_after=2025-11-03 00:00:00+00:00
[2025-11-03T01:21:06.114+0000] {processor.py:183} INFO - Processing /home/airflow/.local/lib/python3.8/site-packages/airflow/example_dags/example_short_circuit_decorator.py took 0.488 seconds
[2025-11-03T01:25:52.915+0000] {processor.py:161} INFO - Started process (PID=111) to work on /home/airflow/.local/lib/python3.8/site-packages/airflow/example_dags/example_short_circuit_decorator.py
[2025-11-03T01:25:52.922+0000] {processor.py:830} INFO - Processing file /home/airflow/.local/lib/python3.8/site-packages/airflow/example_dags/example_short_circuit_decorator.py for tasks to queue
[2025-11-03T01:25:52.937+0000] {logging_mixin.py:188} INFO - [2025-11-03T01:25:52.936+0000] {dagbag.py:538} INFO - Filling up the DagBag from /home/airflow/.local/lib/python3.8/site-packages/airflow/example_dags/example_short_circuit_decorator.py
[2025-11-03T01:25:53.068+0000] {processor.py:840} INFO - DAG(s) 'example_short_circuit_decorator' retrieved from /home/airflow/.local/lib/python3.8/site-packages/airflow/example_dags/example_short_circuit_decorator.py
[2025-11-03T01:25:53.243+0000] {logging_mixin.py:188} INFO - [2025-11-03T01:25:53.243+0000] {dag.py:3036} INFO - Sync 1 DAGs
[2025-11-03T01:25:53.373+0000] {logging_mixin.py:188} INFO - [2025-11-03T01:25:53.372+0000] {dag.py:3823} INFO - Setting next_dagrun for example_short_circuit_decorator to 2025-11-02 00:00:00+00:00, run_after=2025-11-03 00:00:00+00:00
[2025-11-03T01:25:54.316+0000] {processor.py:183} INFO - Processing /home/airflow/.local/lib/python3.8/site-packages/airflow/example_dags/example_short_circuit_decorator.py took 1.482 seconds
[2025-11-03T01:26:25.218+0000] {processor.py:161} INFO - Started process (PID=168) to work on /home/airflow/.local/lib/python3.8/site-packages/airflow/example_dags/example_short_circuit_decorator.py
[2025-11-03T01:26:25.227+0000] {processor.py:830} INFO - Processing file /home/airflow/.local/lib/python3.8/site-packages/airflow/example_dags/example_short_circuit_decorator.py for tasks to queue
[2025-11-03T01:26:25.233+0000] {logging_mixin.py:188} INFO - [2025-11-03T01:26:25.232+0000] {dagbag.py:538} INFO - Filling up the DagBag from /home/airflow/.local/lib/python3.8/site-packages/airflow/example_dags/example_short_circuit_decorator.py
[2025-11-03T01:26:25.263+0000] {processor.py:840} INFO - DAG(s) 'example_short_circuit_decorator' retrieved from /home/airflow/.local/lib/python3.8/site-packages/airflow/example_dags/example_short_circuit_decorator.py
[2025-11-03T01:26:25.320+0000] {logging_mixin.py:188} INFO - [2025-11-03T01:26:25.320+0000] {dag.py:3036} INFO - Sync 1 DAGs
[2025-11-03T01:26:25.372+0000] {logging_mixin.py:188} INFO - [2025-11-03T01:26:25.371+0000] {dag.py:3823} INFO - Setting next_dagrun for example_short_circuit_decorator to 2025-11-02 00:00:00+00:00, run_after=2025-11-03 00:00:00+00:00
[2025-11-03T01:26:25.416+0000] {processor.py:183} INFO - Processing /home/airflow/.local/lib/python3.8/site-packages/airflow/example_dags/example_short_circuit_decorator.py took 0.208 seconds
[2025-11-03T01:26:55.591+0000] {processor.py:161} INFO - Started process (PID=223) to work on /home/airflow/.local/lib/python3.8/site-packages/airflow/example_dags/example_short_circuit_decorator.py
[2025-11-03T01:26:55.594+0000] {processor.py:830} INFO - Processing file /home/airflow/.local/lib/python3.8/site-packages/airflow/example_dags/example_short_circuit_decorator.py for tasks to queue
[2025-11-03T01:26:55.599+0000] {logging_mixin.py:188} INFO - [2025-11-03T01:26:55.599+0000] {dagbag.py:538} INFO - Filling up the DagBag from /home/airflow/.local/lib/python3.8/site-packages/airflow/example_dags/example_short_circuit_decorator.py
[2025-11-03T01:26:55.626+0000] {processor.py:840} INFO - DAG(s) 'example_short_circuit_decorator' retrieved from /home/airflow/.local/lib/python3.8/site-packages/airflow/example_dags/example_short_circuit_decorator.py
[2025-11-03T01:26:55.690+0000] {logging_mixin.py:188} INFO - [2025-11-03T01:26:55.689+0000] {dag.py:3036} INFO - Sync 1 DAGs
[2025-11-03T01:26:55.747+0000] {logging_mixin.py:188} INFO - [2025-11-03T01:26:55.747+0000] {dag.py:3823} INFO - Setting next_dagrun for example_short_circuit_decorator to 2025-11-02 00:00:00+00:00, run_after=2025-11-03 00:00:00+00:00
[2025-11-03T01:26:55.804+0000] {processor.py:183} INFO - Processing /home/airflow/.local/lib/python3.8/site-packages/airflow/example_dags/example_short_circuit_decorator.py took 0.221 seconds
[2025-11-03T01:27:25.930+0000] {processor.py:161} INFO - Started process (PID=278) to work on /home/airflow/.local/lib/python3.8/site-packages/airflow/example_dags/example_short_circuit_decorator.py
[2025-11-03T01:27:25.933+0000] {processor.py:830} INFO - Processing file /home/airflow/.local/lib/python3.8/site-packages/airflow/example_dags/example_short_circuit_decorator.py for tasks to queue
[2025-11-03T01:27:25.944+0000] {logging_mixin.py:188} INFO - [2025-11-03T01:27:25.943+0000] {dagbag.py:538} INFO - Filling up the DagBag from /home/airflow/.local/lib/python3.8/site-packages/airflow/example_dags/example_short_circuit_decorator.py
[2025-11-03T01:27:25.985+0000] {processor.py:840} INFO - DAG(s) 'example_short_circuit_decorator' retrieved from /home/airflow/.local/lib/python3.8/site-packages/airflow/example_dags/example_short_circuit_decorator.py
[2025-11-03T01:27:26.089+0000] {logging_mixin.py:188} INFO - [2025-11-03T01:27:26.088+0000] {dag.py:3036} INFO - Sync 1 DAGs
[2025-11-03T01:27:26.181+0000] {logging_mixin.py:188} INFO - [2025-11-03T01:27:26.180+0000] {dag.py:3823} INFO - Setting next_dagrun for example_short_circuit_decorator to 2025-11-02 00:00:00+00:00, run_after=2025-11-03 00:00:00+00:00
[2025-11-03T01:27:26.275+0000] {processor.py:183} INFO - Processing /home/airflow/.local/lib/python3.8/site-packages/airflow/example_dags/example_short_circuit_decorator.py took 0.361 seconds
[2025-11-03T01:27:56.966+0000] {processor.py:161} INFO - Started process (PID=332) to work on /home/airflow/.local/lib/python3.8/site-packages/airflow/example_dags/example_short_circuit_decorator.py
[2025-11-03T01:27:56.970+0000] {processor.py:830} INFO - Processing file /home/airflow/.local/lib/python3.8/site-packages/airflow/example_dags/example_short_circuit_decorator.py for tasks to queue
[2025-11-03T01:27:56.987+0000] {logging_mixin.py:188} INFO - [2025-11-03T01:27:56.986+0000] {dagbag.py:538} INFO - Filling up the DagBag from /home/airflow/.local/lib/python3.8/site-packages/airflow/example_dags/example_short_circuit_decorator.py
[2025-11-03T01:27:57.072+0000] {processor.py:840} INFO - DAG(s) 'example_short_circuit_decorator' retrieved from /home/airflow/.local/lib/python3.8/site-packages/airflow/example_dags/example_short_circuit_decorator.py
[2025-11-03T01:27:57.397+0000] {logging_mixin.py:188} INFO - [2025-11-03T01:27:57.396+0000] {dag.py:3036} INFO - Sync 1 DAGs
[2025-11-03T01:27:57.596+0000] {logging_mixin.py:188} INFO - [2025-11-03T01:27:57.595+0000] {dag.py:3823} INFO - Setting next_dagrun for example_short_circuit_decorator to 2025-11-02 00:00:00+00:00, run_after=2025-11-03 00:00:00+00:00
[2025-11-03T01:27:57.719+0000] {processor.py:183} INFO - Processing /home/airflow/.local/lib/python3.8/site-packages/airflow/example_dags/example_short_circuit_decorator.py took 0.790 seconds
[2025-11-03T01:28:28.397+0000] {processor.py:161} INFO - Started process (PID=386) to work on /home/airflow/.local/lib/python3.8/site-packages/airflow/example_dags/example_short_circuit_decorator.py
[2025-11-03T01:28:28.403+0000] {processor.py:830} INFO - Processing file /home/airflow/.local/lib/python3.8/site-packages/airflow/example_dags/example_short_circuit_decorator.py for tasks to queue
[2025-11-03T01:28:28.413+0000] {logging_mixin.py:188} INFO - [2025-11-03T01:28:28.412+0000] {dagbag.py:538} INFO - Filling up the DagBag from /home/airflow/.local/lib/python3.8/site-packages/airflow/example_dags/example_short_circuit_decorator.py
[2025-11-03T01:28:28.471+0000] {processor.py:840} INFO - DAG(s) 'example_short_circuit_decorator' retrieved from /home/airflow/.local/lib/python3.8/site-packages/airflow/example_dags/example_short_circuit_decorator.py
[2025-11-03T01:28:28.557+0000] {logging_mixin.py:188} INFO - [2025-11-03T01:28:28.557+0000] {dag.py:3036} INFO - Sync 1 DAGs
[2025-11-03T01:28:28.929+0000] {logging_mixin.py:188} INFO - [2025-11-03T01:28:28.928+0000] {dag.py:3823} INFO - Setting next_dagrun for example_short_circuit_decorator to 2025-11-02 00:00:00+00:00, run_after=2025-11-03 00:00:00+00:00
[2025-11-03T01:28:29.104+0000] {processor.py:183} INFO - Processing /home/airflow/.local/lib/python3.8/site-packages/airflow/example_dags/example_short_circuit_decorator.py took 0.729 seconds
[2025-11-03T01:28:59.387+0000] {processor.py:161} INFO - Started process (PID=439) to work on /home/airflow/.local/lib/python3.8/site-packages/airflow/example_dags/example_short_circuit_decorator.py
[2025-11-03T01:28:59.391+0000] {processor.py:830} INFO - Processing file /home/airflow/.local/lib/python3.8/site-packages/airflow/example_dags/example_short_circuit_decorator.py for tasks to queue
[2025-11-03T01:28:59.396+0000] {logging_mixin.py:188} INFO - [2025-11-03T01:28:59.395+0000] {dagbag.py:538} INFO - Filling up the DagBag from /home/airflow/.local/lib/python3.8/site-packages/airflow/example_dags/example_short_circuit_decorator.py
[2025-11-03T01:28:59.416+0000] {processor.py:840} INFO - DAG(s) 'example_short_circuit_decorator' retrieved from /home/airflow/.local/lib/python3.8/site-packages/airflow/example_dags/example_short_circuit_decorator.py
[2025-11-03T01:28:59.690+0000] {logging_mixin.py:188} INFO - [2025-11-03T01:28:59.689+0000] {dag.py:3036} INFO - Sync 1 DAGs
[2025-11-03T01:28:59.729+0000] {logging_mixin.py:188} INFO - [2025-11-03T01:28:59.729+0000] {dag.py:3823} INFO - Setting next_dagrun for example_short_circuit_decorator to 2025-11-02 00:00:00+00:00, run_after=2025-11-03 00:00:00+00:00
[2025-11-03T01:28:59.780+0000] {processor.py:183} INFO - Processing /home/airflow/.local/lib/python3.8/site-packages/airflow/example_dags/example_short_circuit_decorator.py took 0.405 seconds
[2025-11-03T01:29:36.103+0000] {processor.py:161} INFO - Started process (PID=495) to work on /home/airflow/.local/lib/python3.8/site-packages/airflow/example_dags/example_short_circuit_decorator.py
[2025-11-03T01:29:36.107+0000] {processor.py:830} INFO - Processing file /home/airflow/.local/lib/python3.8/site-packages/airflow/example_dags/example_short_circuit_decorator.py for tasks to queue
[2025-11-03T01:29:36.135+0000] {logging_mixin.py:188} INFO - [2025-11-03T01:29:36.134+0000] {dagbag.py:538} INFO - Filling up the DagBag from /home/airflow/.local/lib/python3.8/site-packages/airflow/example_dags/example_short_circuit_decorator.py
[2025-11-03T01:29:36.248+0000] {processor.py:840} INFO - DAG(s) 'example_short_circuit_decorator' retrieved from /home/airflow/.local/lib/python3.8/site-packages/airflow/example_dags/example_short_circuit_decorator.py
[2025-11-03T01:29:36.547+0000] {logging_mixin.py:188} INFO - [2025-11-03T01:29:36.546+0000] {dag.py:3036} INFO - Sync 1 DAGs
[2025-11-03T01:29:36.933+0000] {logging_mixin.py:188} INFO - [2025-11-03T01:29:36.918+0000] {dag.py:3823} INFO - Setting next_dagrun for example_short_circuit_decorator to 2025-11-02 00:00:00+00:00, run_after=2025-11-03 00:00:00+00:00
[2025-11-03T01:29:37.419+0000] {processor.py:183} INFO - Processing /home/airflow/.local/lib/python3.8/site-packages/airflow/example_dags/example_short_circuit_decorator.py took 1.364 seconds
[2025-11-03T01:31:06.376+0000] {processor.py:161} INFO - Started process (PID=577) to work on /home/airflow/.local/lib/python3.8/site-packages/airflow/example_dags/example_short_circuit_decorator.py
[2025-11-03T01:31:06.420+0000] {processor.py:830} INFO - Processing file /home/airflow/.local/lib/python3.8/site-packages/airflow/example_dags/example_short_circuit_decorator.py for tasks to queue
[2025-11-03T01:31:06.487+0000] {logging_mixin.py:188} INFO - [2025-11-03T01:31:06.485+0000] {dagbag.py:538} INFO - Filling up the DagBag from /home/airflow/.local/lib/python3.8/site-packages/airflow/example_dags/example_short_circuit_decorator.py
[2025-11-03T01:31:06.784+0000] {processor.py:840} INFO - DAG(s) 'example_short_circuit_decorator' retrieved from /home/airflow/.local/lib/python3.8/site-packages/airflow/example_dags/example_short_circuit_decorator.py
[2025-11-03T01:31:07.131+0000] {logging_mixin.py:188} INFO - [2025-11-03T01:31:07.119+0000] {dag.py:3036} INFO - Sync 1 DAGs
[2025-11-03T01:31:07.406+0000] {logging_mixin.py:188} INFO - [2025-11-03T01:31:07.405+0000] {dag.py:3823} INFO - Setting next_dagrun for example_short_circuit_decorator to 2025-11-02 00:00:00+00:00, run_after=2025-11-03 00:00:00+00:00
[2025-11-03T01:31:07.716+0000] {processor.py:183} INFO - Processing /home/airflow/.local/lib/python3.8/site-packages/airflow/example_dags/example_short_circuit_decorator.py took 1.389 seconds
[2025-11-03T01:31:38.636+0000] {processor.py:161} INFO - Started process (PID=631) to work on /home/airflow/.local/lib/python3.8/site-packages/airflow/example_dags/example_short_circuit_decorator.py
[2025-11-03T01:31:38.651+0000] {processor.py:830} INFO - Processing file /home/airflow/.local/lib/python3.8/site-packages/airflow/example_dags/example_short_circuit_decorator.py for tasks to queue
[2025-11-03T01:31:38.667+0000] {logging_mixin.py:188} INFO - [2025-11-03T01:31:38.666+0000] {dagbag.py:538} INFO - Filling up the DagBag from /home/airflow/.local/lib/python3.8/site-packages/airflow/example_dags/example_short_circuit_decorator.py
[2025-11-03T01:31:38.769+0000] {processor.py:840} INFO - DAG(s) 'example_short_circuit_decorator' retrieved from /home/airflow/.local/lib/python3.8/site-packages/airflow/example_dags/example_short_circuit_decorator.py
[2025-11-03T01:31:39.048+0000] {logging_mixin.py:188} INFO - [2025-11-03T01:31:39.048+0000] {dag.py:3036} INFO - Sync 1 DAGs
[2025-11-03T01:31:39.289+0000] {logging_mixin.py:188} INFO - [2025-11-03T01:31:39.288+0000] {dag.py:3823} INFO - Setting next_dagrun for example_short_circuit_decorator to 2025-11-02 00:00:00+00:00, run_after=2025-11-03 00:00:00+00:00
[2025-11-03T01:31:39.526+0000] {processor.py:183} INFO - Processing /home/airflow/.local/lib/python3.8/site-packages/airflow/example_dags/example_short_circuit_decorator.py took 0.924 seconds
[2025-11-03T01:32:10.528+0000] {processor.py:161} INFO - Started process (PID=685) to work on /home/airflow/.local/lib/python3.8/site-packages/airflow/example_dags/example_short_circuit_decorator.py
[2025-11-03T01:32:10.536+0000] {processor.py:830} INFO - Processing file /home/airflow/.local/lib/python3.8/site-packages/airflow/example_dags/example_short_circuit_decorator.py for tasks to queue
[2025-11-03T01:32:10.551+0000] {logging_mixin.py:188} INFO - [2025-11-03T01:32:10.550+0000] {dagbag.py:538} INFO - Filling up the DagBag from /home/airflow/.local/lib/python3.8/site-packages/airflow/example_dags/example_short_circuit_decorator.py
[2025-11-03T01:32:10.659+0000] {processor.py:840} INFO - DAG(s) 'example_short_circuit_decorator' retrieved from /home/airflow/.local/lib/python3.8/site-packages/airflow/example_dags/example_short_circuit_decorator.py
[2025-11-03T01:32:10.947+0000] {logging_mixin.py:188} INFO - [2025-11-03T01:32:10.946+0000] {dag.py:3036} INFO - Sync 1 DAGs
[2025-11-03T01:32:11.123+0000] {logging_mixin.py:188} INFO - [2025-11-03T01:32:11.123+0000] {dag.py:3823} INFO - Setting next_dagrun for example_short_circuit_decorator to 2025-11-02 00:00:00+00:00, run_after=2025-11-03 00:00:00+00:00
[2025-11-03T01:32:11.309+0000] {processor.py:183} INFO - Processing /home/airflow/.local/lib/python3.8/site-packages/airflow/example_dags/example_short_circuit_decorator.py took 0.810 seconds
[2025-11-03T01:32:41.838+0000] {processor.py:161} INFO - Started process (PID=738) to work on /home/airflow/.local/lib/python3.8/site-packages/airflow/example_dags/example_short_circuit_decorator.py
[2025-11-03T01:32:41.852+0000] {processor.py:830} INFO - Processing file /home/airflow/.local/lib/python3.8/site-packages/airflow/example_dags/example_short_circuit_decorator.py for tasks to queue
[2025-11-03T01:32:41.898+0000] {logging_mixin.py:188} INFO - [2025-11-03T01:32:41.887+0000] {dagbag.py:538} INFO - Filling up the DagBag from /home/airflow/.local/lib/python3.8/site-packages/airflow/example_dags/example_short_circuit_decorator.py
[2025-11-03T01:32:42.068+0000] {processor.py:840} INFO - DAG(s) 'example_short_circuit_decorator' retrieved from /home/airflow/.local/lib/python3.8/site-packages/airflow/example_dags/example_short_circuit_decorator.py
[2025-11-03T01:32:42.327+0000] {logging_mixin.py:188} INFO - [2025-11-03T01:32:42.327+0000] {dag.py:3036} INFO - Sync 1 DAGs
[2025-11-03T01:32:42.584+0000] {logging_mixin.py:188} INFO - [2025-11-03T01:32:42.583+0000] {dag.py:3823} INFO - Setting next_dagrun for example_short_circuit_decorator to 2025-11-02 00:00:00+00:00, run_after=2025-11-03 00:00:00+00:00
[2025-11-03T01:32:42.843+0000] {processor.py:183} INFO - Processing /home/airflow/.local/lib/python3.8/site-packages/airflow/example_dags/example_short_circuit_decorator.py took 1.039 seconds
[2025-11-03T01:33:32.682+0000] {processor.py:161} INFO - Started process (PID=798) to work on /home/airflow/.local/lib/python3.8/site-packages/airflow/example_dags/example_short_circuit_decorator.py
[2025-11-03T01:33:32.694+0000] {processor.py:830} INFO - Processing file /home/airflow/.local/lib/python3.8/site-packages/airflow/example_dags/example_short_circuit_decorator.py for tasks to queue
[2025-11-03T01:33:32.712+0000] {logging_mixin.py:188} INFO - [2025-11-03T01:33:32.700+0000] {dagbag.py:538} INFO - Filling up the DagBag from /home/airflow/.local/lib/python3.8/site-packages/airflow/example_dags/example_short_circuit_decorator.py
[2025-11-03T01:33:32.879+0000] {processor.py:840} INFO - DAG(s) 'example_short_circuit_decorator' retrieved from /home/airflow/.local/lib/python3.8/site-packages/airflow/example_dags/example_short_circuit_decorator.py
[2025-11-03T01:33:33.328+0000] {logging_mixin.py:188} INFO - [2025-11-03T01:33:33.327+0000] {dag.py:3036} INFO - Sync 1 DAGs
[2025-11-03T01:33:33.931+0000] {logging_mixin.py:188} INFO - [2025-11-03T01:33:33.930+0000] {dag.py:3823} INFO - Setting next_dagrun for example_short_circuit_decorator to 2025-11-02 00:00:00+00:00, run_after=2025-11-03 00:00:00+00:00
[2025-11-03T01:33:34.529+0000] {processor.py:183} INFO - Processing /home/airflow/.local/lib/python3.8/site-packages/airflow/example_dags/example_short_circuit_decorator.py took 1.891 seconds
[2025-11-03T01:34:05.321+0000] {processor.py:161} INFO - Started process (PID=854) to work on /home/airflow/.local/lib/python3.8/site-packages/airflow/example_dags/example_short_circuit_decorator.py
[2025-11-03T01:34:05.355+0000] {processor.py:830} INFO - Processing file /home/airflow/.local/lib/python3.8/site-packages/airflow/example_dags/example_short_circuit_decorator.py for tasks to queue
[2025-11-03T01:34:05.418+0000] {logging_mixin.py:188} INFO - [2025-11-03T01:34:05.417+0000] {dagbag.py:538} INFO - Filling up the DagBag from /home/airflow/.local/lib/python3.8/site-packages/airflow/example_dags/example_short_circuit_decorator.py
[2025-11-03T01:34:05.706+0000] {processor.py:840} INFO - DAG(s) 'example_short_circuit_decorator' retrieved from /home/airflow/.local/lib/python3.8/site-packages/airflow/example_dags/example_short_circuit_decorator.py
[2025-11-03T01:34:06.685+0000] {logging_mixin.py:188} INFO - [2025-11-03T01:34:06.685+0000] {dag.py:3036} INFO - Sync 1 DAGs
[2025-11-03T01:34:07.463+0000] {logging_mixin.py:188} INFO - [2025-11-03T01:34:07.460+0000] {dag.py:3823} INFO - Setting next_dagrun for example_short_circuit_decorator to 2025-11-02 00:00:00+00:00, run_after=2025-11-03 00:00:00+00:00
[2025-11-03T01:34:07.922+0000] {processor.py:183} INFO - Processing /home/airflow/.local/lib/python3.8/site-packages/airflow/example_dags/example_short_circuit_decorator.py took 2.676 seconds
[2025-11-03T01:34:43.945+0000] {processor.py:161} INFO - Started process (PID=910) to work on /home/airflow/.local/lib/python3.8/site-packages/airflow/example_dags/example_short_circuit_decorator.py
[2025-11-03T01:34:43.952+0000] {processor.py:830} INFO - Processing file /home/airflow/.local/lib/python3.8/site-packages/airflow/example_dags/example_short_circuit_decorator.py for tasks to queue
[2025-11-03T01:34:43.960+0000] {logging_mixin.py:188} INFO - [2025-11-03T01:34:43.959+0000] {dagbag.py:538} INFO - Filling up the DagBag from /home/airflow/.local/lib/python3.8/site-packages/airflow/example_dags/example_short_circuit_decorator.py
[2025-11-03T01:34:44.011+0000] {processor.py:840} INFO - DAG(s) 'example_short_circuit_decorator' retrieved from /home/airflow/.local/lib/python3.8/site-packages/airflow/example_dags/example_short_circuit_decorator.py
[2025-11-03T01:34:44.123+0000] {logging_mixin.py:188} INFO - [2025-11-03T01:34:44.122+0000] {dag.py:3036} INFO - Sync 1 DAGs
[2025-11-03T01:34:44.352+0000] {logging_mixin.py:188} INFO - [2025-11-03T01:34:44.351+0000] {dag.py:3823} INFO - Setting next_dagrun for example_short_circuit_decorator to 2025-11-02 00:00:00+00:00, run_after=2025-11-03 00:00:00+00:00
[2025-11-03T01:34:44.441+0000] {processor.py:183} INFO - Processing /home/airflow/.local/lib/python3.8/site-packages/airflow/example_dags/example_short_circuit_decorator.py took 0.515 seconds
[2025-11-03T01:35:17.892+0000] {processor.py:161} INFO - Started process (PID=965) to work on /home/airflow/.local/lib/python3.8/site-packages/airflow/example_dags/example_short_circuit_decorator.py
[2025-11-03T01:35:17.906+0000] {processor.py:830} INFO - Processing file /home/airflow/.local/lib/python3.8/site-packages/airflow/example_dags/example_short_circuit_decorator.py for tasks to queue
[2025-11-03T01:35:17.922+0000] {logging_mixin.py:188} INFO - [2025-11-03T01:35:17.917+0000] {dagbag.py:538} INFO - Filling up the DagBag from /home/airflow/.local/lib/python3.8/site-packages/airflow/example_dags/example_short_circuit_decorator.py
[2025-11-03T01:35:17.977+0000] {processor.py:840} INFO - DAG(s) 'example_short_circuit_decorator' retrieved from /home/airflow/.local/lib/python3.8/site-packages/airflow/example_dags/example_short_circuit_decorator.py
[2025-11-03T01:35:18.156+0000] {logging_mixin.py:188} INFO - [2025-11-03T01:35:18.155+0000] {dag.py:3036} INFO - Sync 1 DAGs
[2025-11-03T01:35:18.332+0000] {logging_mixin.py:188} INFO - [2025-11-03T01:35:18.331+0000] {dag.py:3823} INFO - Setting next_dagrun for example_short_circuit_decorator to 2025-11-02 00:00:00+00:00, run_after=2025-11-03 00:00:00+00:00
[2025-11-03T01:35:18.438+0000] {processor.py:183} INFO - Processing /home/airflow/.local/lib/python3.8/site-packages/airflow/example_dags/example_short_circuit_decorator.py took 0.565 seconds
[2025-11-03T01:35:49.272+0000] {processor.py:161} INFO - Started process (PID=1020) to work on /home/airflow/.local/lib/python3.8/site-packages/airflow/example_dags/example_short_circuit_decorator.py
[2025-11-03T01:35:49.275+0000] {processor.py:830} INFO - Processing file /home/airflow/.local/lib/python3.8/site-packages/airflow/example_dags/example_short_circuit_decorator.py for tasks to queue
[2025-11-03T01:35:49.282+0000] {logging_mixin.py:188} INFO - [2025-11-03T01:35:49.281+0000] {dagbag.py:538} INFO - Filling up the DagBag from /home/airflow/.local/lib/python3.8/site-packages/airflow/example_dags/example_short_circuit_decorator.py
[2025-11-03T01:35:49.318+0000] {processor.py:840} INFO - DAG(s) 'example_short_circuit_decorator' retrieved from /home/airflow/.local/lib/python3.8/site-packages/airflow/example_dags/example_short_circuit_decorator.py
[2025-11-03T01:35:49.404+0000] {logging_mixin.py:188} INFO - [2025-11-03T01:35:49.404+0000] {dag.py:3036} INFO - Sync 1 DAGs
[2025-11-03T01:35:49.458+0000] {logging_mixin.py:188} INFO - [2025-11-03T01:35:49.457+0000] {dag.py:3823} INFO - Setting next_dagrun for example_short_circuit_decorator to 2025-11-02 00:00:00+00:00, run_after=2025-11-03 00:00:00+00:00
[2025-11-03T01:35:49.509+0000] {processor.py:183} INFO - Processing /home/airflow/.local/lib/python3.8/site-packages/airflow/example_dags/example_short_circuit_decorator.py took 0.252 seconds
[2025-11-03T01:36:20.208+0000] {processor.py:161} INFO - Started process (PID=1075) to work on /home/airflow/.local/lib/python3.8/site-packages/airflow/example_dags/example_short_circuit_decorator.py
[2025-11-03T01:36:20.211+0000] {processor.py:830} INFO - Processing file /home/airflow/.local/lib/python3.8/site-packages/airflow/example_dags/example_short_circuit_decorator.py for tasks to queue
[2025-11-03T01:36:20.222+0000] {logging_mixin.py:188} INFO - [2025-11-03T01:36:20.221+0000] {dagbag.py:538} INFO - Filling up the DagBag from /home/airflow/.local/lib/python3.8/site-packages/airflow/example_dags/example_short_circuit_decorator.py
[2025-11-03T01:36:20.277+0000] {processor.py:840} INFO - DAG(s) 'example_short_circuit_decorator' retrieved from /home/airflow/.local/lib/python3.8/site-packages/airflow/example_dags/example_short_circuit_decorator.py
[2025-11-03T01:36:20.495+0000] {logging_mixin.py:188} INFO - [2025-11-03T01:36:20.494+0000] {dag.py:3036} INFO - Sync 1 DAGs
[2025-11-03T01:36:20.658+0000] {logging_mixin.py:188} INFO - [2025-11-03T01:36:20.657+0000] {dag.py:3823} INFO - Setting next_dagrun for example_short_circuit_decorator to 2025-11-02 00:00:00+00:00, run_after=2025-11-03 00:00:00+00:00
[2025-11-03T01:36:20.750+0000] {processor.py:183} INFO - Processing /home/airflow/.local/lib/python3.8/site-packages/airflow/example_dags/example_short_circuit_decorator.py took 0.564 seconds
[2025-11-03T01:36:51.299+0000] {processor.py:161} INFO - Started process (PID=1131) to work on /home/airflow/.local/lib/python3.8/site-packages/airflow/example_dags/example_short_circuit_decorator.py
[2025-11-03T01:36:51.329+0000] {processor.py:830} INFO - Processing file /home/airflow/.local/lib/python3.8/site-packages/airflow/example_dags/example_short_circuit_decorator.py for tasks to queue
[2025-11-03T01:36:51.369+0000] {logging_mixin.py:188} INFO - [2025-11-03T01:36:51.368+0000] {dagbag.py:538} INFO - Filling up the DagBag from /home/airflow/.local/lib/python3.8/site-packages/airflow/example_dags/example_short_circuit_decorator.py
[2025-11-03T01:36:51.469+0000] {processor.py:840} INFO - DAG(s) 'example_short_circuit_decorator' retrieved from /home/airflow/.local/lib/python3.8/site-packages/airflow/example_dags/example_short_circuit_decorator.py
[2025-11-03T01:36:51.619+0000] {logging_mixin.py:188} INFO - [2025-11-03T01:36:51.619+0000] {dag.py:3036} INFO - Sync 1 DAGs
[2025-11-03T01:36:51.741+0000] {logging_mixin.py:188} INFO - [2025-11-03T01:36:51.741+0000] {dag.py:3823} INFO - Setting next_dagrun for example_short_circuit_decorator to 2025-11-02 00:00:00+00:00, run_after=2025-11-03 00:00:00+00:00
[2025-11-03T01:36:51.880+0000] {processor.py:183} INFO - Processing /home/airflow/.local/lib/python3.8/site-packages/airflow/example_dags/example_short_circuit_decorator.py took 0.653 seconds
[2025-11-03T01:37:44.817+0000] {processor.py:161} INFO - Started process (PID=1199) to work on /home/airflow/.local/lib/python3.8/site-packages/airflow/example_dags/example_short_circuit_decorator.py
[2025-11-03T01:37:44.843+0000] {processor.py:830} INFO - Processing file /home/airflow/.local/lib/python3.8/site-packages/airflow/example_dags/example_short_circuit_decorator.py for tasks to queue
[2025-11-03T01:37:44.871+0000] {logging_mixin.py:188} INFO - [2025-11-03T01:37:44.870+0000] {dagbag.py:538} INFO - Filling up the DagBag from /home/airflow/.local/lib/python3.8/site-packages/airflow/example_dags/example_short_circuit_decorator.py
[2025-11-03T01:37:45.028+0000] {processor.py:840} INFO - DAG(s) 'example_short_circuit_decorator' retrieved from /home/airflow/.local/lib/python3.8/site-packages/airflow/example_dags/example_short_circuit_decorator.py
[2025-11-03T01:37:45.329+0000] {logging_mixin.py:188} INFO - [2025-11-03T01:37:45.329+0000] {dag.py:3036} INFO - Sync 1 DAGs
[2025-11-03T01:37:45.582+0000] {logging_mixin.py:188} INFO - [2025-11-03T01:37:45.582+0000] {dag.py:3823} INFO - Setting next_dagrun for example_short_circuit_decorator to 2025-11-02 00:00:00+00:00, run_after=2025-11-03 00:00:00+00:00
[2025-11-03T01:37:45.902+0000] {processor.py:183} INFO - Processing /home/airflow/.local/lib/python3.8/site-packages/airflow/example_dags/example_short_circuit_decorator.py took 1.118 seconds
[2025-11-03T01:38:48.773+0000] {processor.py:161} INFO - Started process (PID=1272) to work on /home/airflow/.local/lib/python3.8/site-packages/airflow/example_dags/example_short_circuit_decorator.py
[2025-11-03T01:38:48.855+0000] {processor.py:830} INFO - Processing file /home/airflow/.local/lib/python3.8/site-packages/airflow/example_dags/example_short_circuit_decorator.py for tasks to queue
[2025-11-03T01:38:48.878+0000] {logging_mixin.py:188} INFO - [2025-11-03T01:38:48.877+0000] {dagbag.py:538} INFO - Filling up the DagBag from /home/airflow/.local/lib/python3.8/site-packages/airflow/example_dags/example_short_circuit_decorator.py
[2025-11-03T01:38:49.022+0000] {processor.py:840} INFO - DAG(s) 'example_short_circuit_decorator' retrieved from /home/airflow/.local/lib/python3.8/site-packages/airflow/example_dags/example_short_circuit_decorator.py
[2025-11-03T01:38:49.271+0000] {logging_mixin.py:188} INFO - [2025-11-03T01:38:49.270+0000] {dag.py:3036} INFO - Sync 1 DAGs
[2025-11-03T01:38:49.472+0000] {logging_mixin.py:188} INFO - [2025-11-03T01:38:49.471+0000] {dag.py:3823} INFO - Setting next_dagrun for example_short_circuit_decorator to 2025-11-02 00:00:00+00:00, run_after=2025-11-03 00:00:00+00:00
[2025-11-03T01:38:49.857+0000] {processor.py:183} INFO - Processing /home/airflow/.local/lib/python3.8/site-packages/airflow/example_dags/example_short_circuit_decorator.py took 1.116 seconds
[2025-11-03T01:39:29.625+0000] {processor.py:161} INFO - Started process (PID=1330) to work on /home/airflow/.local/lib/python3.8/site-packages/airflow/example_dags/example_short_circuit_decorator.py
[2025-11-03T01:39:29.629+0000] {processor.py:830} INFO - Processing file /home/airflow/.local/lib/python3.8/site-packages/airflow/example_dags/example_short_circuit_decorator.py for tasks to queue
[2025-11-03T01:39:29.636+0000] {logging_mixin.py:188} INFO - [2025-11-03T01:39:29.635+0000] {dagbag.py:538} INFO - Filling up the DagBag from /home/airflow/.local/lib/python3.8/site-packages/airflow/example_dags/example_short_circuit_decorator.py
[2025-11-03T01:39:29.675+0000] {processor.py:840} INFO - DAG(s) 'example_short_circuit_decorator' retrieved from /home/airflow/.local/lib/python3.8/site-packages/airflow/example_dags/example_short_circuit_decorator.py
[2025-11-03T01:39:29.894+0000] {logging_mixin.py:188} INFO - [2025-11-03T01:39:29.894+0000] {dag.py:3036} INFO - Sync 1 DAGs
[2025-11-03T01:39:30.094+0000] {logging_mixin.py:188} INFO - [2025-11-03T01:39:30.093+0000] {dag.py:3823} INFO - Setting next_dagrun for example_short_circuit_decorator to 2025-11-02 00:00:00+00:00, run_after=2025-11-03 00:00:00+00:00
[2025-11-03T01:39:30.263+0000] {processor.py:183} INFO - Processing /home/airflow/.local/lib/python3.8/site-packages/airflow/example_dags/example_short_circuit_decorator.py took 0.650 seconds
[2025-11-03T01:40:06.494+0000] {processor.py:161} INFO - Started process (PID=1384) to work on /home/airflow/.local/lib/python3.8/site-packages/airflow/example_dags/example_short_circuit_decorator.py
[2025-11-03T01:40:06.502+0000] {processor.py:830} INFO - Processing file /home/airflow/.local/lib/python3.8/site-packages/airflow/example_dags/example_short_circuit_decorator.py for tasks to queue
[2025-11-03T01:40:06.517+0000] {logging_mixin.py:188} INFO - [2025-11-03T01:40:06.516+0000] {dagbag.py:538} INFO - Filling up the DagBag from /home/airflow/.local/lib/python3.8/site-packages/airflow/example_dags/example_short_circuit_decorator.py
[2025-11-03T01:40:06.639+0000] {processor.py:840} INFO - DAG(s) 'example_short_circuit_decorator' retrieved from /home/airflow/.local/lib/python3.8/site-packages/airflow/example_dags/example_short_circuit_decorator.py
[2025-11-03T01:40:06.851+0000] {logging_mixin.py:188} INFO - [2025-11-03T01:40:06.851+0000] {dag.py:3036} INFO - Sync 1 DAGs
[2025-11-03T01:40:07.209+0000] {logging_mixin.py:188} INFO - [2025-11-03T01:40:07.207+0000] {dag.py:3823} INFO - Setting next_dagrun for example_short_circuit_decorator to 2025-11-02 00:00:00+00:00, run_after=2025-11-03 00:00:00+00:00
[2025-11-03T01:40:07.465+0000] {processor.py:183} INFO - Processing /home/airflow/.local/lib/python3.8/site-packages/airflow/example_dags/example_short_circuit_decorator.py took 1.002 seconds
[2025-11-03T01:49:36.091+0000] {processor.py:161} INFO - Started process (PID=1528) to work on /home/airflow/.local/lib/python3.8/site-packages/airflow/example_dags/example_short_circuit_decorator.py
[2025-11-03T01:49:36.199+0000] {processor.py:830} INFO - Processing file /home/airflow/.local/lib/python3.8/site-packages/airflow/example_dags/example_short_circuit_decorator.py for tasks to queue
[2025-11-03T01:49:36.216+0000] {logging_mixin.py:188} INFO - [2025-11-03T01:49:36.215+0000] {dagbag.py:538} INFO - Filling up the DagBag from /home/airflow/.local/lib/python3.8/site-packages/airflow/example_dags/example_short_circuit_decorator.py
[2025-11-03T01:49:37.008+0000] {processor.py:840} INFO - DAG(s) 'example_short_circuit_decorator' retrieved from /home/airflow/.local/lib/python3.8/site-packages/airflow/example_dags/example_short_circuit_decorator.py
[2025-11-03T01:49:38.746+0000] {logging_mixin.py:188} INFO - [2025-11-03T01:49:38.735+0000] {dag.py:3036} INFO - Sync 1 DAGs
[2025-11-03T01:49:40.809+0000] {logging_mixin.py:188} INFO - [2025-11-03T01:49:40.808+0000] {dag.py:3823} INFO - Setting next_dagrun for example_short_circuit_decorator to 2025-11-02 00:00:00+00:00, run_after=2025-11-03 00:00:00+00:00
[2025-11-03T01:49:41.807+0000] {processor.py:183} INFO - Processing /home/airflow/.local/lib/python3.8/site-packages/airflow/example_dags/example_short_circuit_decorator.py took 5.886 seconds
