[2025-11-03T01:13:46.554+0000] {processor.py:161} INFO - Started process (PID=130) to work on /home/airflow/.local/lib/python3.8/site-packages/airflow/example_dags/example_python_operator.py
[2025-11-03T01:13:46.591+0000] {processor.py:830} INFO - Processing file /home/airflow/.local/lib/python3.8/site-packages/airflow/example_dags/example_python_operator.py for tasks to queue
[2025-11-03T01:13:46.692+0000] {logging_mixin.py:188} INFO - [2025-11-03T01:13:46.692+0000] {dagbag.py:538} INFO - Filling up the DagBag from /home/airflow/.local/lib/python3.8/site-packages/airflow/example_dags/example_python_operator.py
[2025-11-03T01:13:47.185+0000] {processor.py:840} INFO - DAG(s) 'example_python_operator' retrieved from /home/airflow/.local/lib/python3.8/site-packages/airflow/example_dags/example_python_operator.py
[2025-11-03T01:13:49.929+0000] {logging_mixin.py:188} INFO - [2025-11-03T01:13:49.928+0000] {dag.py:3036} INFO - Sync 1 DAGs
[2025-11-03T01:13:50.472+0000] {logging_mixin.py:188} INFO - [2025-11-03T01:13:50.429+0000] {dag.py:3823} INFO - Setting next_dagrun for example_python_operator to None, run_after=None
[2025-11-03T01:13:51.061+0000] {processor.py:183} INFO - Processing /home/airflow/.local/lib/python3.8/site-packages/airflow/example_dags/example_python_operator.py took 4.660 seconds
[2025-11-03T01:14:32.407+0000] {processor.py:161} INFO - Started process (PID=191) to work on /home/airflow/.local/lib/python3.8/site-packages/airflow/example_dags/example_python_operator.py
[2025-11-03T01:14:32.413+0000] {processor.py:830} INFO - Processing file /home/airflow/.local/lib/python3.8/site-packages/airflow/example_dags/example_python_operator.py for tasks to queue
[2025-11-03T01:14:32.452+0000] {logging_mixin.py:188} INFO - [2025-11-03T01:14:32.451+0000] {dagbag.py:538} INFO - Filling up the DagBag from /home/airflow/.local/lib/python3.8/site-packages/airflow/example_dags/example_python_operator.py
[2025-11-03T01:14:32.669+0000] {processor.py:840} INFO - DAG(s) 'example_python_operator' retrieved from /home/airflow/.local/lib/python3.8/site-packages/airflow/example_dags/example_python_operator.py
[2025-11-03T01:14:33.040+0000] {logging_mixin.py:188} INFO - [2025-11-03T01:14:33.035+0000] {dag.py:3036} INFO - Sync 1 DAGs
[2025-11-03T01:14:33.204+0000] {logging_mixin.py:188} INFO - [2025-11-03T01:14:33.203+0000] {dag.py:3823} INFO - Setting next_dagrun for example_python_operator to None, run_after=None
[2025-11-03T01:14:33.428+0000] {processor.py:183} INFO - Processing /home/airflow/.local/lib/python3.8/site-packages/airflow/example_dags/example_python_operator.py took 1.061 seconds
[2025-11-03T01:15:34.446+0000] {processor.py:161} INFO - Started process (PID=265) to work on /home/airflow/.local/lib/python3.8/site-packages/airflow/example_dags/example_python_operator.py
[2025-11-03T01:15:34.458+0000] {processor.py:830} INFO - Processing file /home/airflow/.local/lib/python3.8/site-packages/airflow/example_dags/example_python_operator.py for tasks to queue
[2025-11-03T01:15:34.472+0000] {logging_mixin.py:188} INFO - [2025-11-03T01:15:34.465+0000] {dagbag.py:538} INFO - Filling up the DagBag from /home/airflow/.local/lib/python3.8/site-packages/airflow/example_dags/example_python_operator.py
[2025-11-03T01:15:34.542+0000] {processor.py:840} INFO - DAG(s) 'example_python_operator' retrieved from /home/airflow/.local/lib/python3.8/site-packages/airflow/example_dags/example_python_operator.py
[2025-11-03T01:15:34.681+0000] {logging_mixin.py:188} INFO - [2025-11-03T01:15:34.681+0000] {dag.py:3036} INFO - Sync 1 DAGs
[2025-11-03T01:15:34.940+0000] {logging_mixin.py:188} INFO - [2025-11-03T01:15:34.887+0000] {dag.py:3823} INFO - Setting next_dagrun for example_python_operator to None, run_after=None
[2025-11-03T01:15:35.394+0000] {processor.py:183} INFO - Processing /home/airflow/.local/lib/python3.8/site-packages/airflow/example_dags/example_python_operator.py took 0.971 seconds
[2025-11-03T01:16:23.178+0000] {processor.py:161} INFO - Started process (PID=323) to work on /home/airflow/.local/lib/python3.8/site-packages/airflow/example_dags/example_python_operator.py
[2025-11-03T01:16:23.185+0000] {processor.py:830} INFO - Processing file /home/airflow/.local/lib/python3.8/site-packages/airflow/example_dags/example_python_operator.py for tasks to queue
[2025-11-03T01:16:23.202+0000] {logging_mixin.py:188} INFO - [2025-11-03T01:16:23.201+0000] {dagbag.py:538} INFO - Filling up the DagBag from /home/airflow/.local/lib/python3.8/site-packages/airflow/example_dags/example_python_operator.py
[2025-11-03T01:16:23.271+0000] {processor.py:840} INFO - DAG(s) 'example_python_operator' retrieved from /home/airflow/.local/lib/python3.8/site-packages/airflow/example_dags/example_python_operator.py
[2025-11-03T01:16:23.733+0000] {logging_mixin.py:188} INFO - [2025-11-03T01:16:23.732+0000] {dag.py:3036} INFO - Sync 1 DAGs
[2025-11-03T01:16:23.774+0000] {logging_mixin.py:188} INFO - [2025-11-03T01:16:23.773+0000] {dag.py:3823} INFO - Setting next_dagrun for example_python_operator to None, run_after=None
[2025-11-03T01:16:23.884+0000] {processor.py:183} INFO - Processing /home/airflow/.local/lib/python3.8/site-packages/airflow/example_dags/example_python_operator.py took 0.738 seconds
[2025-11-03T01:16:57.280+0000] {processor.py:161} INFO - Started process (PID=378) to work on /home/airflow/.local/lib/python3.8/site-packages/airflow/example_dags/example_python_operator.py
[2025-11-03T01:16:57.295+0000] {processor.py:830} INFO - Processing file /home/airflow/.local/lib/python3.8/site-packages/airflow/example_dags/example_python_operator.py for tasks to queue
[2025-11-03T01:16:57.344+0000] {logging_mixin.py:188} INFO - [2025-11-03T01:16:57.343+0000] {dagbag.py:538} INFO - Filling up the DagBag from /home/airflow/.local/lib/python3.8/site-packages/airflow/example_dags/example_python_operator.py
[2025-11-03T01:16:57.639+0000] {processor.py:840} INFO - DAG(s) 'example_python_operator' retrieved from /home/airflow/.local/lib/python3.8/site-packages/airflow/example_dags/example_python_operator.py
[2025-11-03T01:16:57.991+0000] {logging_mixin.py:188} INFO - [2025-11-03T01:16:57.990+0000] {dag.py:3036} INFO - Sync 1 DAGs
[2025-11-03T01:16:58.189+0000] {logging_mixin.py:188} INFO - [2025-11-03T01:16:58.189+0000] {dag.py:3823} INFO - Setting next_dagrun for example_python_operator to None, run_after=None
[2025-11-03T01:16:58.574+0000] {processor.py:183} INFO - Processing /home/airflow/.local/lib/python3.8/site-packages/airflow/example_dags/example_python_operator.py took 1.371 seconds
[2025-11-03T01:17:28.842+0000] {processor.py:161} INFO - Started process (PID=434) to work on /home/airflow/.local/lib/python3.8/site-packages/airflow/example_dags/example_python_operator.py
[2025-11-03T01:17:28.847+0000] {processor.py:830} INFO - Processing file /home/airflow/.local/lib/python3.8/site-packages/airflow/example_dags/example_python_operator.py for tasks to queue
[2025-11-03T01:17:28.854+0000] {logging_mixin.py:188} INFO - [2025-11-03T01:17:28.853+0000] {dagbag.py:538} INFO - Filling up the DagBag from /home/airflow/.local/lib/python3.8/site-packages/airflow/example_dags/example_python_operator.py
[2025-11-03T01:17:28.884+0000] {processor.py:840} INFO - DAG(s) 'example_python_operator' retrieved from /home/airflow/.local/lib/python3.8/site-packages/airflow/example_dags/example_python_operator.py
[2025-11-03T01:17:28.966+0000] {logging_mixin.py:188} INFO - [2025-11-03T01:17:28.965+0000] {dag.py:3036} INFO - Sync 1 DAGs
[2025-11-03T01:17:29.026+0000] {logging_mixin.py:188} INFO - [2025-11-03T01:17:29.025+0000] {dag.py:3823} INFO - Setting next_dagrun for example_python_operator to None, run_after=None
[2025-11-03T01:17:29.132+0000] {processor.py:183} INFO - Processing /home/airflow/.local/lib/python3.8/site-packages/airflow/example_dags/example_python_operator.py took 0.304 seconds
[2025-11-03T01:17:59.948+0000] {processor.py:161} INFO - Started process (PID=490) to work on /home/airflow/.local/lib/python3.8/site-packages/airflow/example_dags/example_python_operator.py
[2025-11-03T01:17:59.952+0000] {processor.py:830} INFO - Processing file /home/airflow/.local/lib/python3.8/site-packages/airflow/example_dags/example_python_operator.py for tasks to queue
[2025-11-03T01:17:59.960+0000] {logging_mixin.py:188} INFO - [2025-11-03T01:17:59.959+0000] {dagbag.py:538} INFO - Filling up the DagBag from /home/airflow/.local/lib/python3.8/site-packages/airflow/example_dags/example_python_operator.py
[2025-11-03T01:18:00.006+0000] {processor.py:840} INFO - DAG(s) 'example_python_operator' retrieved from /home/airflow/.local/lib/python3.8/site-packages/airflow/example_dags/example_python_operator.py
[2025-11-03T01:18:00.197+0000] {logging_mixin.py:188} INFO - [2025-11-03T01:18:00.197+0000] {dag.py:3036} INFO - Sync 1 DAGs
[2025-11-03T01:18:00.264+0000] {logging_mixin.py:188} INFO - [2025-11-03T01:18:00.263+0000] {dag.py:3823} INFO - Setting next_dagrun for example_python_operator to None, run_after=None
[2025-11-03T01:18:00.356+0000] {processor.py:183} INFO - Processing /home/airflow/.local/lib/python3.8/site-packages/airflow/example_dags/example_python_operator.py took 0.422 seconds
[2025-11-03T01:18:30.797+0000] {processor.py:161} INFO - Started process (PID=545) to work on /home/airflow/.local/lib/python3.8/site-packages/airflow/example_dags/example_python_operator.py
[2025-11-03T01:18:30.802+0000] {processor.py:830} INFO - Processing file /home/airflow/.local/lib/python3.8/site-packages/airflow/example_dags/example_python_operator.py for tasks to queue
[2025-11-03T01:18:30.809+0000] {logging_mixin.py:188} INFO - [2025-11-03T01:18:30.808+0000] {dagbag.py:538} INFO - Filling up the DagBag from /home/airflow/.local/lib/python3.8/site-packages/airflow/example_dags/example_python_operator.py
[2025-11-03T01:18:30.855+0000] {processor.py:840} INFO - DAG(s) 'example_python_operator' retrieved from /home/airflow/.local/lib/python3.8/site-packages/airflow/example_dags/example_python_operator.py
[2025-11-03T01:18:30.944+0000] {logging_mixin.py:188} INFO - [2025-11-03T01:18:30.944+0000] {dag.py:3036} INFO - Sync 1 DAGs
[2025-11-03T01:18:31.004+0000] {logging_mixin.py:188} INFO - [2025-11-03T01:18:31.003+0000] {dag.py:3823} INFO - Setting next_dagrun for example_python_operator to None, run_after=None
[2025-11-03T01:18:31.133+0000] {processor.py:183} INFO - Processing /home/airflow/.local/lib/python3.8/site-packages/airflow/example_dags/example_python_operator.py took 0.356 seconds
[2025-11-03T01:19:02.481+0000] {processor.py:161} INFO - Started process (PID=606) to work on /home/airflow/.local/lib/python3.8/site-packages/airflow/example_dags/example_python_operator.py
[2025-11-03T01:19:02.494+0000] {processor.py:830} INFO - Processing file /home/airflow/.local/lib/python3.8/site-packages/airflow/example_dags/example_python_operator.py for tasks to queue
[2025-11-03T01:19:02.512+0000] {logging_mixin.py:188} INFO - [2025-11-03T01:19:02.511+0000] {dagbag.py:538} INFO - Filling up the DagBag from /home/airflow/.local/lib/python3.8/site-packages/airflow/example_dags/example_python_operator.py
[2025-11-03T01:19:02.641+0000] {processor.py:840} INFO - DAG(s) 'example_python_operator' retrieved from /home/airflow/.local/lib/python3.8/site-packages/airflow/example_dags/example_python_operator.py
[2025-11-03T01:19:02.945+0000] {logging_mixin.py:188} INFO - [2025-11-03T01:19:02.944+0000] {dag.py:3036} INFO - Sync 1 DAGs
[2025-11-03T01:19:03.120+0000] {logging_mixin.py:188} INFO - [2025-11-03T01:19:03.120+0000] {dag.py:3823} INFO - Setting next_dagrun for example_python_operator to None, run_after=None
[2025-11-03T01:19:03.527+0000] {processor.py:183} INFO - Processing /home/airflow/.local/lib/python3.8/site-packages/airflow/example_dags/example_python_operator.py took 1.078 seconds
[2025-11-03T01:19:33.801+0000] {processor.py:161} INFO - Started process (PID=661) to work on /home/airflow/.local/lib/python3.8/site-packages/airflow/example_dags/example_python_operator.py
[2025-11-03T01:19:33.809+0000] {processor.py:830} INFO - Processing file /home/airflow/.local/lib/python3.8/site-packages/airflow/example_dags/example_python_operator.py for tasks to queue
[2025-11-03T01:19:33.817+0000] {logging_mixin.py:188} INFO - [2025-11-03T01:19:33.816+0000] {dagbag.py:538} INFO - Filling up the DagBag from /home/airflow/.local/lib/python3.8/site-packages/airflow/example_dags/example_python_operator.py
[2025-11-03T01:19:33.858+0000] {processor.py:840} INFO - DAG(s) 'example_python_operator' retrieved from /home/airflow/.local/lib/python3.8/site-packages/airflow/example_dags/example_python_operator.py
[2025-11-03T01:19:33.954+0000] {logging_mixin.py:188} INFO - [2025-11-03T01:19:33.953+0000] {dag.py:3036} INFO - Sync 1 DAGs
[2025-11-03T01:19:33.996+0000] {logging_mixin.py:188} INFO - [2025-11-03T01:19:33.995+0000] {dag.py:3823} INFO - Setting next_dagrun for example_python_operator to None, run_after=None
[2025-11-03T01:19:34.086+0000] {processor.py:183} INFO - Processing /home/airflow/.local/lib/python3.8/site-packages/airflow/example_dags/example_python_operator.py took 0.300 seconds
[2025-11-03T01:20:04.950+0000] {processor.py:161} INFO - Started process (PID=715) to work on /home/airflow/.local/lib/python3.8/site-packages/airflow/example_dags/example_python_operator.py
[2025-11-03T01:20:04.966+0000] {processor.py:830} INFO - Processing file /home/airflow/.local/lib/python3.8/site-packages/airflow/example_dags/example_python_operator.py for tasks to queue
[2025-11-03T01:20:04.974+0000] {logging_mixin.py:188} INFO - [2025-11-03T01:20:04.973+0000] {dagbag.py:538} INFO - Filling up the DagBag from /home/airflow/.local/lib/python3.8/site-packages/airflow/example_dags/example_python_operator.py
[2025-11-03T01:20:05.077+0000] {processor.py:840} INFO - DAG(s) 'example_python_operator' retrieved from /home/airflow/.local/lib/python3.8/site-packages/airflow/example_dags/example_python_operator.py
[2025-11-03T01:20:05.219+0000] {logging_mixin.py:188} INFO - [2025-11-03T01:20:05.219+0000] {dag.py:3036} INFO - Sync 1 DAGs
[2025-11-03T01:20:05.310+0000] {logging_mixin.py:188} INFO - [2025-11-03T01:20:05.309+0000] {dag.py:3823} INFO - Setting next_dagrun for example_python_operator to None, run_after=None
[2025-11-03T01:20:05.408+0000] {processor.py:183} INFO - Processing /home/airflow/.local/lib/python3.8/site-packages/airflow/example_dags/example_python_operator.py took 0.486 seconds
[2025-11-03T01:20:35.802+0000] {processor.py:161} INFO - Started process (PID=769) to work on /home/airflow/.local/lib/python3.8/site-packages/airflow/example_dags/example_python_operator.py
[2025-11-03T01:20:35.806+0000] {processor.py:830} INFO - Processing file /home/airflow/.local/lib/python3.8/site-packages/airflow/example_dags/example_python_operator.py for tasks to queue
[2025-11-03T01:20:35.812+0000] {logging_mixin.py:188} INFO - [2025-11-03T01:20:35.811+0000] {dagbag.py:538} INFO - Filling up the DagBag from /home/airflow/.local/lib/python3.8/site-packages/airflow/example_dags/example_python_operator.py
[2025-11-03T01:20:35.851+0000] {processor.py:840} INFO - DAG(s) 'example_python_operator' retrieved from /home/airflow/.local/lib/python3.8/site-packages/airflow/example_dags/example_python_operator.py
[2025-11-03T01:20:35.951+0000] {logging_mixin.py:188} INFO - [2025-11-03T01:20:35.950+0000] {dag.py:3036} INFO - Sync 1 DAGs
[2025-11-03T01:20:36.000+0000] {logging_mixin.py:188} INFO - [2025-11-03T01:20:35.999+0000] {dag.py:3823} INFO - Setting next_dagrun for example_python_operator to None, run_after=None
[2025-11-03T01:20:36.115+0000] {processor.py:183} INFO - Processing /home/airflow/.local/lib/python3.8/site-packages/airflow/example_dags/example_python_operator.py took 0.323 seconds
[2025-11-03T01:21:15.586+0000] {processor.py:161} INFO - Started process (PID=822) to work on /home/airflow/.local/lib/python3.8/site-packages/airflow/example_dags/example_python_operator.py
[2025-11-03T01:21:15.595+0000] {processor.py:830} INFO - Processing file /home/airflow/.local/lib/python3.8/site-packages/airflow/example_dags/example_python_operator.py for tasks to queue
[2025-11-03T01:21:15.602+0000] {logging_mixin.py:188} INFO - [2025-11-03T01:21:15.601+0000] {dagbag.py:538} INFO - Filling up the DagBag from /home/airflow/.local/lib/python3.8/site-packages/airflow/example_dags/example_python_operator.py
[2025-11-03T01:21:15.662+0000] {processor.py:840} INFO - DAG(s) 'example_python_operator' retrieved from /home/airflow/.local/lib/python3.8/site-packages/airflow/example_dags/example_python_operator.py
[2025-11-03T01:21:15.887+0000] {logging_mixin.py:188} INFO - [2025-11-03T01:21:15.886+0000] {dag.py:3036} INFO - Sync 1 DAGs
[2025-11-03T01:21:15.981+0000] {logging_mixin.py:188} INFO - [2025-11-03T01:21:15.980+0000] {dag.py:3823} INFO - Setting next_dagrun for example_python_operator to None, run_after=None
[2025-11-03T01:21:16.095+0000] {processor.py:183} INFO - Processing /home/airflow/.local/lib/python3.8/site-packages/airflow/example_dags/example_python_operator.py took 0.520 seconds
[2025-11-03T01:25:57.215+0000] {processor.py:161} INFO - Started process (PID=116) to work on /home/airflow/.local/lib/python3.8/site-packages/airflow/example_dags/example_python_operator.py
[2025-11-03T01:25:57.218+0000] {processor.py:830} INFO - Processing file /home/airflow/.local/lib/python3.8/site-packages/airflow/example_dags/example_python_operator.py for tasks to queue
[2025-11-03T01:25:57.225+0000] {logging_mixin.py:188} INFO - [2025-11-03T01:25:57.224+0000] {dagbag.py:538} INFO - Filling up the DagBag from /home/airflow/.local/lib/python3.8/site-packages/airflow/example_dags/example_python_operator.py
[2025-11-03T01:25:57.266+0000] {processor.py:840} INFO - DAG(s) 'example_python_operator' retrieved from /home/airflow/.local/lib/python3.8/site-packages/airflow/example_dags/example_python_operator.py
[2025-11-03T01:25:57.972+0000] {logging_mixin.py:188} INFO - [2025-11-03T01:25:57.972+0000] {dag.py:3036} INFO - Sync 1 DAGs
[2025-11-03T01:25:58.005+0000] {logging_mixin.py:188} INFO - [2025-11-03T01:25:58.005+0000] {dag.py:3823} INFO - Setting next_dagrun for example_python_operator to None, run_after=None
[2025-11-03T01:25:58.440+0000] {processor.py:183} INFO - Processing /home/airflow/.local/lib/python3.8/site-packages/airflow/example_dags/example_python_operator.py took 1.237 seconds
[2025-11-03T01:26:28.925+0000] {processor.py:161} INFO - Started process (PID=173) to work on /home/airflow/.local/lib/python3.8/site-packages/airflow/example_dags/example_python_operator.py
[2025-11-03T01:26:28.932+0000] {processor.py:830} INFO - Processing file /home/airflow/.local/lib/python3.8/site-packages/airflow/example_dags/example_python_operator.py for tasks to queue
[2025-11-03T01:26:28.939+0000] {logging_mixin.py:188} INFO - [2025-11-03T01:26:28.938+0000] {dagbag.py:538} INFO - Filling up the DagBag from /home/airflow/.local/lib/python3.8/site-packages/airflow/example_dags/example_python_operator.py
[2025-11-03T01:26:28.984+0000] {processor.py:840} INFO - DAG(s) 'example_python_operator' retrieved from /home/airflow/.local/lib/python3.8/site-packages/airflow/example_dags/example_python_operator.py
[2025-11-03T01:26:29.093+0000] {logging_mixin.py:188} INFO - [2025-11-03T01:26:29.092+0000] {dag.py:3036} INFO - Sync 1 DAGs
[2025-11-03T01:26:29.191+0000] {logging_mixin.py:188} INFO - [2025-11-03T01:26:29.190+0000] {dag.py:3823} INFO - Setting next_dagrun for example_python_operator to None, run_after=None
[2025-11-03T01:26:29.407+0000] {processor.py:183} INFO - Processing /home/airflow/.local/lib/python3.8/site-packages/airflow/example_dags/example_python_operator.py took 0.493 seconds
[2025-11-03T01:27:00.152+0000] {processor.py:161} INFO - Started process (PID=228) to work on /home/airflow/.local/lib/python3.8/site-packages/airflow/example_dags/example_python_operator.py
[2025-11-03T01:27:00.155+0000] {processor.py:830} INFO - Processing file /home/airflow/.local/lib/python3.8/site-packages/airflow/example_dags/example_python_operator.py for tasks to queue
[2025-11-03T01:27:00.160+0000] {logging_mixin.py:188} INFO - [2025-11-03T01:27:00.159+0000] {dagbag.py:538} INFO - Filling up the DagBag from /home/airflow/.local/lib/python3.8/site-packages/airflow/example_dags/example_python_operator.py
[2025-11-03T01:27:00.188+0000] {processor.py:840} INFO - DAG(s) 'example_python_operator' retrieved from /home/airflow/.local/lib/python3.8/site-packages/airflow/example_dags/example_python_operator.py
[2025-11-03T01:27:00.262+0000] {logging_mixin.py:188} INFO - [2025-11-03T01:27:00.262+0000] {dag.py:3036} INFO - Sync 1 DAGs
[2025-11-03T01:27:00.290+0000] {logging_mixin.py:188} INFO - [2025-11-03T01:27:00.290+0000] {dag.py:3823} INFO - Setting next_dagrun for example_python_operator to None, run_after=None
[2025-11-03T01:27:00.343+0000] {processor.py:183} INFO - Processing /home/airflow/.local/lib/python3.8/site-packages/airflow/example_dags/example_python_operator.py took 0.202 seconds
[2025-11-03T01:27:30.976+0000] {processor.py:161} INFO - Started process (PID=283) to work on /home/airflow/.local/lib/python3.8/site-packages/airflow/example_dags/example_python_operator.py
[2025-11-03T01:27:30.993+0000] {processor.py:830} INFO - Processing file /home/airflow/.local/lib/python3.8/site-packages/airflow/example_dags/example_python_operator.py for tasks to queue
[2025-11-03T01:27:31.011+0000] {logging_mixin.py:188} INFO - [2025-11-03T01:27:31.000+0000] {dagbag.py:538} INFO - Filling up the DagBag from /home/airflow/.local/lib/python3.8/site-packages/airflow/example_dags/example_python_operator.py
[2025-11-03T01:27:31.112+0000] {processor.py:840} INFO - DAG(s) 'example_python_operator' retrieved from /home/airflow/.local/lib/python3.8/site-packages/airflow/example_dags/example_python_operator.py
[2025-11-03T01:27:31.291+0000] {logging_mixin.py:188} INFO - [2025-11-03T01:27:31.290+0000] {dag.py:3036} INFO - Sync 1 DAGs
[2025-11-03T01:27:31.342+0000] {logging_mixin.py:188} INFO - [2025-11-03T01:27:31.342+0000] {dag.py:3823} INFO - Setting next_dagrun for example_python_operator to None, run_after=None
[2025-11-03T01:27:31.467+0000] {processor.py:183} INFO - Processing /home/airflow/.local/lib/python3.8/site-packages/airflow/example_dags/example_python_operator.py took 0.509 seconds
[2025-11-03T01:28:03.542+0000] {processor.py:161} INFO - Started process (PID=337) to work on /home/airflow/.local/lib/python3.8/site-packages/airflow/example_dags/example_python_operator.py
[2025-11-03T01:28:03.599+0000] {processor.py:830} INFO - Processing file /home/airflow/.local/lib/python3.8/site-packages/airflow/example_dags/example_python_operator.py for tasks to queue
[2025-11-03T01:28:03.638+0000] {logging_mixin.py:188} INFO - [2025-11-03T01:28:03.626+0000] {dagbag.py:538} INFO - Filling up the DagBag from /home/airflow/.local/lib/python3.8/site-packages/airflow/example_dags/example_python_operator.py
[2025-11-03T01:28:03.742+0000] {processor.py:840} INFO - DAG(s) 'example_python_operator' retrieved from /home/airflow/.local/lib/python3.8/site-packages/airflow/example_dags/example_python_operator.py
[2025-11-03T01:28:03.914+0000] {logging_mixin.py:188} INFO - [2025-11-03T01:28:03.913+0000] {dag.py:3036} INFO - Sync 1 DAGs
[2025-11-03T01:28:03.995+0000] {logging_mixin.py:188} INFO - [2025-11-03T01:28:03.994+0000] {dag.py:3823} INFO - Setting next_dagrun for example_python_operator to None, run_after=None
[2025-11-03T01:28:04.263+0000] {processor.py:183} INFO - Processing /home/airflow/.local/lib/python3.8/site-packages/airflow/example_dags/example_python_operator.py took 0.742 seconds
[2025-11-03T01:28:34.958+0000] {processor.py:161} INFO - Started process (PID=391) to work on /home/airflow/.local/lib/python3.8/site-packages/airflow/example_dags/example_python_operator.py
[2025-11-03T01:28:34.991+0000] {processor.py:830} INFO - Processing file /home/airflow/.local/lib/python3.8/site-packages/airflow/example_dags/example_python_operator.py for tasks to queue
[2025-11-03T01:28:35.106+0000] {logging_mixin.py:188} INFO - [2025-11-03T01:28:35.105+0000] {dagbag.py:538} INFO - Filling up the DagBag from /home/airflow/.local/lib/python3.8/site-packages/airflow/example_dags/example_python_operator.py
[2025-11-03T01:28:35.427+0000] {processor.py:840} INFO - DAG(s) 'example_python_operator' retrieved from /home/airflow/.local/lib/python3.8/site-packages/airflow/example_dags/example_python_operator.py
[2025-11-03T01:28:35.621+0000] {logging_mixin.py:188} INFO - [2025-11-03T01:28:35.617+0000] {dag.py:3036} INFO - Sync 1 DAGs
[2025-11-03T01:28:35.734+0000] {logging_mixin.py:188} INFO - [2025-11-03T01:28:35.733+0000] {dag.py:3823} INFO - Setting next_dagrun for example_python_operator to None, run_after=None
[2025-11-03T01:28:35.926+0000] {processor.py:183} INFO - Processing /home/airflow/.local/lib/python3.8/site-packages/airflow/example_dags/example_python_operator.py took 1.012 seconds
[2025-11-03T01:29:06.527+0000] {processor.py:161} INFO - Started process (PID=445) to work on /home/airflow/.local/lib/python3.8/site-packages/airflow/example_dags/example_python_operator.py
[2025-11-03T01:29:06.530+0000] {processor.py:830} INFO - Processing file /home/airflow/.local/lib/python3.8/site-packages/airflow/example_dags/example_python_operator.py for tasks to queue
[2025-11-03T01:29:06.537+0000] {logging_mixin.py:188} INFO - [2025-11-03T01:29:06.536+0000] {dagbag.py:538} INFO - Filling up the DagBag from /home/airflow/.local/lib/python3.8/site-packages/airflow/example_dags/example_python_operator.py
[2025-11-03T01:29:06.567+0000] {processor.py:840} INFO - DAG(s) 'example_python_operator' retrieved from /home/airflow/.local/lib/python3.8/site-packages/airflow/example_dags/example_python_operator.py
[2025-11-03T01:29:06.985+0000] {logging_mixin.py:188} INFO - [2025-11-03T01:29:06.984+0000] {dag.py:3036} INFO - Sync 1 DAGs
[2025-11-03T01:29:07.022+0000] {logging_mixin.py:188} INFO - [2025-11-03T01:29:07.022+0000] {dag.py:3823} INFO - Setting next_dagrun for example_python_operator to None, run_after=None
[2025-11-03T01:29:07.160+0000] {processor.py:183} INFO - Processing /home/airflow/.local/lib/python3.8/site-packages/airflow/example_dags/example_python_operator.py took 0.649 seconds
[2025-11-03T01:29:40.487+0000] {processor.py:161} INFO - Started process (PID=500) to work on /home/airflow/.local/lib/python3.8/site-packages/airflow/example_dags/example_python_operator.py
[2025-11-03T01:29:40.503+0000] {processor.py:830} INFO - Processing file /home/airflow/.local/lib/python3.8/site-packages/airflow/example_dags/example_python_operator.py for tasks to queue
[2025-11-03T01:29:40.528+0000] {logging_mixin.py:188} INFO - [2025-11-03T01:29:40.527+0000] {dagbag.py:538} INFO - Filling up the DagBag from /home/airflow/.local/lib/python3.8/site-packages/airflow/example_dags/example_python_operator.py
[2025-11-03T01:29:40.670+0000] {processor.py:840} INFO - DAG(s) 'example_python_operator' retrieved from /home/airflow/.local/lib/python3.8/site-packages/airflow/example_dags/example_python_operator.py
[2025-11-03T01:29:41.272+0000] {logging_mixin.py:188} INFO - [2025-11-03T01:29:41.271+0000] {dag.py:3036} INFO - Sync 1 DAGs
[2025-11-03T01:29:41.490+0000] {logging_mixin.py:188} INFO - [2025-11-03T01:29:41.489+0000] {dag.py:3823} INFO - Setting next_dagrun for example_python_operator to None, run_after=None
[2025-11-03T01:29:41.699+0000] {processor.py:183} INFO - Processing /home/airflow/.local/lib/python3.8/site-packages/airflow/example_dags/example_python_operator.py took 1.241 seconds
[2025-11-03T01:31:11.603+0000] {processor.py:161} INFO - Started process (PID=582) to work on /home/airflow/.local/lib/python3.8/site-packages/airflow/example_dags/example_python_operator.py
[2025-11-03T01:31:11.622+0000] {processor.py:830} INFO - Processing file /home/airflow/.local/lib/python3.8/site-packages/airflow/example_dags/example_python_operator.py for tasks to queue
[2025-11-03T01:31:11.690+0000] {logging_mixin.py:188} INFO - [2025-11-03T01:31:11.685+0000] {dagbag.py:538} INFO - Filling up the DagBag from /home/airflow/.local/lib/python3.8/site-packages/airflow/example_dags/example_python_operator.py
[2025-11-03T01:31:11.919+0000] {processor.py:840} INFO - DAG(s) 'example_python_operator' retrieved from /home/airflow/.local/lib/python3.8/site-packages/airflow/example_dags/example_python_operator.py
[2025-11-03T01:31:12.309+0000] {logging_mixin.py:188} INFO - [2025-11-03T01:31:12.308+0000] {dag.py:3036} INFO - Sync 1 DAGs
[2025-11-03T01:31:12.426+0000] {logging_mixin.py:188} INFO - [2025-11-03T01:31:12.425+0000] {dag.py:3823} INFO - Setting next_dagrun for example_python_operator to None, run_after=None
[2025-11-03T01:31:12.606+0000] {processor.py:183} INFO - Processing /home/airflow/.local/lib/python3.8/site-packages/airflow/example_dags/example_python_operator.py took 1.108 seconds
[2025-11-03T01:31:44.372+0000] {processor.py:161} INFO - Started process (PID=636) to work on /home/airflow/.local/lib/python3.8/site-packages/airflow/example_dags/example_python_operator.py
[2025-11-03T01:31:44.376+0000] {processor.py:830} INFO - Processing file /home/airflow/.local/lib/python3.8/site-packages/airflow/example_dags/example_python_operator.py for tasks to queue
[2025-11-03T01:31:44.389+0000] {logging_mixin.py:188} INFO - [2025-11-03T01:31:44.388+0000] {dagbag.py:538} INFO - Filling up the DagBag from /home/airflow/.local/lib/python3.8/site-packages/airflow/example_dags/example_python_operator.py
[2025-11-03T01:31:44.462+0000] {processor.py:840} INFO - DAG(s) 'example_python_operator' retrieved from /home/airflow/.local/lib/python3.8/site-packages/airflow/example_dags/example_python_operator.py
[2025-11-03T01:31:44.607+0000] {logging_mixin.py:188} INFO - [2025-11-03T01:31:44.606+0000] {dag.py:3036} INFO - Sync 1 DAGs
[2025-11-03T01:31:44.677+0000] {logging_mixin.py:188} INFO - [2025-11-03T01:31:44.677+0000] {dag.py:3823} INFO - Setting next_dagrun for example_python_operator to None, run_after=None
[2025-11-03T01:31:44.842+0000] {processor.py:183} INFO - Processing /home/airflow/.local/lib/python3.8/site-packages/airflow/example_dags/example_python_operator.py took 0.511 seconds
[2025-11-03T01:32:15.562+0000] {processor.py:161} INFO - Started process (PID=690) to work on /home/airflow/.local/lib/python3.8/site-packages/airflow/example_dags/example_python_operator.py
[2025-11-03T01:32:15.575+0000] {processor.py:830} INFO - Processing file /home/airflow/.local/lib/python3.8/site-packages/airflow/example_dags/example_python_operator.py for tasks to queue
[2025-11-03T01:32:15.596+0000] {logging_mixin.py:188} INFO - [2025-11-03T01:32:15.587+0000] {dagbag.py:538} INFO - Filling up the DagBag from /home/airflow/.local/lib/python3.8/site-packages/airflow/example_dags/example_python_operator.py
[2025-11-03T01:32:15.743+0000] {processor.py:840} INFO - DAG(s) 'example_python_operator' retrieved from /home/airflow/.local/lib/python3.8/site-packages/airflow/example_dags/example_python_operator.py
[2025-11-03T01:32:15.911+0000] {logging_mixin.py:188} INFO - [2025-11-03T01:32:15.911+0000] {dag.py:3036} INFO - Sync 1 DAGs
[2025-11-03T01:32:16.016+0000] {logging_mixin.py:188} INFO - [2025-11-03T01:32:16.010+0000] {dag.py:3823} INFO - Setting next_dagrun for example_python_operator to None, run_after=None
[2025-11-03T01:32:16.180+0000] {processor.py:183} INFO - Processing /home/airflow/.local/lib/python3.8/site-packages/airflow/example_dags/example_python_operator.py took 0.636 seconds
[2025-11-03T01:32:50.529+0000] {processor.py:161} INFO - Started process (PID=747) to work on /home/airflow/.local/lib/python3.8/site-packages/airflow/example_dags/example_python_operator.py
[2025-11-03T01:32:50.543+0000] {processor.py:830} INFO - Processing file /home/airflow/.local/lib/python3.8/site-packages/airflow/example_dags/example_python_operator.py for tasks to queue
[2025-11-03T01:32:50.560+0000] {logging_mixin.py:188} INFO - [2025-11-03T01:32:50.558+0000] {dagbag.py:538} INFO - Filling up the DagBag from /home/airflow/.local/lib/python3.8/site-packages/airflow/example_dags/example_python_operator.py
[2025-11-03T01:32:50.687+0000] {processor.py:840} INFO - DAG(s) 'example_python_operator' retrieved from /home/airflow/.local/lib/python3.8/site-packages/airflow/example_dags/example_python_operator.py
[2025-11-03T01:32:51.036+0000] {logging_mixin.py:188} INFO - [2025-11-03T01:32:51.035+0000] {dag.py:3036} INFO - Sync 1 DAGs
[2025-11-03T01:32:51.254+0000] {logging_mixin.py:188} INFO - [2025-11-03T01:32:51.254+0000] {dag.py:3823} INFO - Setting next_dagrun for example_python_operator to None, run_after=None
[2025-11-03T01:32:51.585+0000] {processor.py:183} INFO - Processing /home/airflow/.local/lib/python3.8/site-packages/airflow/example_dags/example_python_operator.py took 1.088 seconds
[2025-11-03T01:33:46.300+0000] {processor.py:161} INFO - Started process (PID=819) to work on /home/airflow/.local/lib/python3.8/site-packages/airflow/example_dags/example_python_operator.py
[2025-11-03T01:33:46.320+0000] {processor.py:830} INFO - Processing file /home/airflow/.local/lib/python3.8/site-packages/airflow/example_dags/example_python_operator.py for tasks to queue
[2025-11-03T01:33:46.333+0000] {logging_mixin.py:188} INFO - [2025-11-03T01:33:46.332+0000] {dagbag.py:538} INFO - Filling up the DagBag from /home/airflow/.local/lib/python3.8/site-packages/airflow/example_dags/example_python_operator.py
[2025-11-03T01:33:46.422+0000] {processor.py:840} INFO - DAG(s) 'example_python_operator' retrieved from /home/airflow/.local/lib/python3.8/site-packages/airflow/example_dags/example_python_operator.py
[2025-11-03T01:33:46.543+0000] {logging_mixin.py:188} INFO - [2025-11-03T01:33:46.543+0000] {dag.py:3036} INFO - Sync 1 DAGs
[2025-11-03T01:33:46.627+0000] {logging_mixin.py:188} INFO - [2025-11-03T01:33:46.626+0000] {dag.py:3823} INFO - Setting next_dagrun for example_python_operator to None, run_after=None
[2025-11-03T01:33:46.713+0000] {processor.py:183} INFO - Processing /home/airflow/.local/lib/python3.8/site-packages/airflow/example_dags/example_python_operator.py took 0.536 seconds
[2025-11-03T01:34:26.084+0000] {processor.py:161} INFO - Started process (PID=875) to work on /home/airflow/.local/lib/python3.8/site-packages/airflow/example_dags/example_python_operator.py
[2025-11-03T01:34:26.094+0000] {processor.py:830} INFO - Processing file /home/airflow/.local/lib/python3.8/site-packages/airflow/example_dags/example_python_operator.py for tasks to queue
[2025-11-03T01:34:26.152+0000] {logging_mixin.py:188} INFO - [2025-11-03T01:34:26.150+0000] {dagbag.py:538} INFO - Filling up the DagBag from /home/airflow/.local/lib/python3.8/site-packages/airflow/example_dags/example_python_operator.py
[2025-11-03T01:34:26.308+0000] {processor.py:840} INFO - DAG(s) 'example_python_operator' retrieved from /home/airflow/.local/lib/python3.8/site-packages/airflow/example_dags/example_python_operator.py
[2025-11-03T01:34:26.623+0000] {logging_mixin.py:188} INFO - [2025-11-03T01:34:26.623+0000] {dag.py:3036} INFO - Sync 1 DAGs
[2025-11-03T01:34:26.811+0000] {logging_mixin.py:188} INFO - [2025-11-03T01:34:26.810+0000] {dag.py:3823} INFO - Setting next_dagrun for example_python_operator to None, run_after=None
[2025-11-03T01:34:27.227+0000] {processor.py:183} INFO - Processing /home/airflow/.local/lib/python3.8/site-packages/airflow/example_dags/example_python_operator.py took 1.168 seconds
[2025-11-03T01:34:59.437+0000] {processor.py:161} INFO - Started process (PID=930) to work on /home/airflow/.local/lib/python3.8/site-packages/airflow/example_dags/example_python_operator.py
[2025-11-03T01:34:59.452+0000] {processor.py:830} INFO - Processing file /home/airflow/.local/lib/python3.8/site-packages/airflow/example_dags/example_python_operator.py for tasks to queue
[2025-11-03T01:34:59.466+0000] {logging_mixin.py:188} INFO - [2025-11-03T01:34:59.464+0000] {dagbag.py:538} INFO - Filling up the DagBag from /home/airflow/.local/lib/python3.8/site-packages/airflow/example_dags/example_python_operator.py
[2025-11-03T01:34:59.554+0000] {processor.py:840} INFO - DAG(s) 'example_python_operator' retrieved from /home/airflow/.local/lib/python3.8/site-packages/airflow/example_dags/example_python_operator.py
[2025-11-03T01:34:59.737+0000] {logging_mixin.py:188} INFO - [2025-11-03T01:34:59.737+0000] {dag.py:3036} INFO - Sync 1 DAGs
[2025-11-03T01:34:59.816+0000] {logging_mixin.py:188} INFO - [2025-11-03T01:34:59.815+0000] {dag.py:3823} INFO - Setting next_dagrun for example_python_operator to None, run_after=None
[2025-11-03T01:34:59.916+0000] {processor.py:183} INFO - Processing /home/airflow/.local/lib/python3.8/site-packages/airflow/example_dags/example_python_operator.py took 0.561 seconds
[2025-11-03T01:35:35.159+0000] {processor.py:161} INFO - Started process (PID=984) to work on /home/airflow/.local/lib/python3.8/site-packages/airflow/example_dags/example_python_operator.py
[2025-11-03T01:35:35.173+0000] {processor.py:830} INFO - Processing file /home/airflow/.local/lib/python3.8/site-packages/airflow/example_dags/example_python_operator.py for tasks to queue
[2025-11-03T01:35:35.182+0000] {logging_mixin.py:188} INFO - [2025-11-03T01:35:35.181+0000] {dagbag.py:538} INFO - Filling up the DagBag from /home/airflow/.local/lib/python3.8/site-packages/airflow/example_dags/example_python_operator.py
[2025-11-03T01:35:35.311+0000] {processor.py:840} INFO - DAG(s) 'example_python_operator' retrieved from /home/airflow/.local/lib/python3.8/site-packages/airflow/example_dags/example_python_operator.py
[2025-11-03T01:35:35.777+0000] {logging_mixin.py:188} INFO - [2025-11-03T01:35:35.776+0000] {dag.py:3036} INFO - Sync 1 DAGs
[2025-11-03T01:35:35.923+0000] {logging_mixin.py:188} INFO - [2025-11-03T01:35:35.913+0000] {dag.py:3823} INFO - Setting next_dagrun for example_python_operator to None, run_after=None
[2025-11-03T01:35:36.236+0000] {processor.py:183} INFO - Processing /home/airflow/.local/lib/python3.8/site-packages/airflow/example_dags/example_python_operator.py took 1.110 seconds
[2025-11-03T01:36:07.483+0000] {processor.py:161} INFO - Started process (PID=1045) to work on /home/airflow/.local/lib/python3.8/site-packages/airflow/example_dags/example_python_operator.py
[2025-11-03T01:36:07.490+0000] {processor.py:830} INFO - Processing file /home/airflow/.local/lib/python3.8/site-packages/airflow/example_dags/example_python_operator.py for tasks to queue
[2025-11-03T01:36:07.500+0000] {logging_mixin.py:188} INFO - [2025-11-03T01:36:07.498+0000] {dagbag.py:538} INFO - Filling up the DagBag from /home/airflow/.local/lib/python3.8/site-packages/airflow/example_dags/example_python_operator.py
[2025-11-03T01:36:07.579+0000] {processor.py:840} INFO - DAG(s) 'example_python_operator' retrieved from /home/airflow/.local/lib/python3.8/site-packages/airflow/example_dags/example_python_operator.py
[2025-11-03T01:36:07.752+0000] {logging_mixin.py:188} INFO - [2025-11-03T01:36:07.751+0000] {dag.py:3036} INFO - Sync 1 DAGs
[2025-11-03T01:36:07.837+0000] {logging_mixin.py:188} INFO - [2025-11-03T01:36:07.836+0000] {dag.py:3823} INFO - Setting next_dagrun for example_python_operator to None, run_after=None
[2025-11-03T01:36:07.990+0000] {processor.py:183} INFO - Processing /home/airflow/.local/lib/python3.8/site-packages/airflow/example_dags/example_python_operator.py took 0.535 seconds
[2025-11-03T01:36:39.529+0000] {processor.py:161} INFO - Started process (PID=1102) to work on /home/airflow/.local/lib/python3.8/site-packages/airflow/example_dags/example_python_operator.py
[2025-11-03T01:36:39.535+0000] {processor.py:830} INFO - Processing file /home/airflow/.local/lib/python3.8/site-packages/airflow/example_dags/example_python_operator.py for tasks to queue
[2025-11-03T01:36:39.547+0000] {logging_mixin.py:188} INFO - [2025-11-03T01:36:39.545+0000] {dagbag.py:538} INFO - Filling up the DagBag from /home/airflow/.local/lib/python3.8/site-packages/airflow/example_dags/example_python_operator.py
[2025-11-03T01:36:39.587+0000] {processor.py:840} INFO - DAG(s) 'example_python_operator' retrieved from /home/airflow/.local/lib/python3.8/site-packages/airflow/example_dags/example_python_operator.py
[2025-11-03T01:36:39.672+0000] {logging_mixin.py:188} INFO - [2025-11-03T01:36:39.671+0000] {dag.py:3036} INFO - Sync 1 DAGs
[2025-11-03T01:36:39.751+0000] {logging_mixin.py:188} INFO - [2025-11-03T01:36:39.749+0000] {dag.py:3823} INFO - Setting next_dagrun for example_python_operator to None, run_after=None
[2025-11-03T01:36:39.857+0000] {processor.py:183} INFO - Processing /home/airflow/.local/lib/python3.8/site-packages/airflow/example_dags/example_python_operator.py took 0.342 seconds
[2025-11-03T01:37:16.026+0000] {processor.py:161} INFO - Started process (PID=1161) to work on /home/airflow/.local/lib/python3.8/site-packages/airflow/example_dags/example_python_operator.py
[2025-11-03T01:37:16.315+0000] {processor.py:830} INFO - Processing file /home/airflow/.local/lib/python3.8/site-packages/airflow/example_dags/example_python_operator.py for tasks to queue
[2025-11-03T01:37:16.415+0000] {logging_mixin.py:188} INFO - [2025-11-03T01:37:16.414+0000] {dagbag.py:538} INFO - Filling up the DagBag from /home/airflow/.local/lib/python3.8/site-packages/airflow/example_dags/example_python_operator.py
[2025-11-03T01:37:16.562+0000] {processor.py:840} INFO - DAG(s) 'example_python_operator' retrieved from /home/airflow/.local/lib/python3.8/site-packages/airflow/example_dags/example_python_operator.py
[2025-11-03T01:37:16.781+0000] {logging_mixin.py:188} INFO - [2025-11-03T01:37:16.781+0000] {dag.py:3036} INFO - Sync 1 DAGs
[2025-11-03T01:37:16.949+0000] {logging_mixin.py:188} INFO - [2025-11-03T01:37:16.938+0000] {dag.py:3823} INFO - Setting next_dagrun for example_python_operator to None, run_after=None
[2025-11-03T01:37:17.251+0000] {processor.py:183} INFO - Processing /home/airflow/.local/lib/python3.8/site-packages/airflow/example_dags/example_python_operator.py took 1.364 seconds
[2025-11-03T01:38:26.577+0000] {processor.py:161} INFO - Started process (PID=1244) to work on /home/airflow/.local/lib/python3.8/site-packages/airflow/example_dags/example_python_operator.py
[2025-11-03T01:38:26.628+0000] {processor.py:830} INFO - Processing file /home/airflow/.local/lib/python3.8/site-packages/airflow/example_dags/example_python_operator.py for tasks to queue
[2025-11-03T01:38:26.663+0000] {logging_mixin.py:188} INFO - [2025-11-03T01:38:26.662+0000] {dagbag.py:538} INFO - Filling up the DagBag from /home/airflow/.local/lib/python3.8/site-packages/airflow/example_dags/example_python_operator.py
[2025-11-03T01:38:26.810+0000] {processor.py:840} INFO - DAG(s) 'example_python_operator' retrieved from /home/airflow/.local/lib/python3.8/site-packages/airflow/example_dags/example_python_operator.py
[2025-11-03T01:38:27.042+0000] {logging_mixin.py:188} INFO - [2025-11-03T01:38:27.030+0000] {dag.py:3036} INFO - Sync 1 DAGs
[2025-11-03T01:38:27.275+0000] {logging_mixin.py:188} INFO - [2025-11-03T01:38:27.274+0000] {dag.py:3823} INFO - Setting next_dagrun for example_python_operator to None, run_after=None
[2025-11-03T01:38:27.478+0000] {processor.py:183} INFO - Processing /home/airflow/.local/lib/python3.8/site-packages/airflow/example_dags/example_python_operator.py took 0.931 seconds
[2025-11-03T01:39:23.309+0000] {processor.py:161} INFO - Started process (PID=1312) to work on /home/airflow/.local/lib/python3.8/site-packages/airflow/example_dags/example_python_operator.py
[2025-11-03T01:39:23.312+0000] {processor.py:830} INFO - Processing file /home/airflow/.local/lib/python3.8/site-packages/airflow/example_dags/example_python_operator.py for tasks to queue
[2025-11-03T01:39:23.321+0000] {logging_mixin.py:188} INFO - [2025-11-03T01:39:23.320+0000] {dagbag.py:538} INFO - Filling up the DagBag from /home/airflow/.local/lib/python3.8/site-packages/airflow/example_dags/example_python_operator.py
[2025-11-03T01:39:23.360+0000] {processor.py:840} INFO - DAG(s) 'example_python_operator' retrieved from /home/airflow/.local/lib/python3.8/site-packages/airflow/example_dags/example_python_operator.py
[2025-11-03T01:39:23.447+0000] {logging_mixin.py:188} INFO - [2025-11-03T01:39:23.443+0000] {dag.py:3036} INFO - Sync 1 DAGs
[2025-11-03T01:39:23.523+0000] {logging_mixin.py:188} INFO - [2025-11-03T01:39:23.522+0000] {dag.py:3823} INFO - Setting next_dagrun for example_python_operator to None, run_after=None
[2025-11-03T01:39:23.610+0000] {processor.py:183} INFO - Processing /home/airflow/.local/lib/python3.8/site-packages/airflow/example_dags/example_python_operator.py took 0.313 seconds
[2025-11-03T01:39:55.497+0000] {processor.py:161} INFO - Started process (PID=1366) to work on /home/airflow/.local/lib/python3.8/site-packages/airflow/example_dags/example_python_operator.py
[2025-11-03T01:39:55.514+0000] {processor.py:830} INFO - Processing file /home/airflow/.local/lib/python3.8/site-packages/airflow/example_dags/example_python_operator.py for tasks to queue
[2025-11-03T01:39:55.540+0000] {logging_mixin.py:188} INFO - [2025-11-03T01:39:55.529+0000] {dagbag.py:538} INFO - Filling up the DagBag from /home/airflow/.local/lib/python3.8/site-packages/airflow/example_dags/example_python_operator.py
[2025-11-03T01:39:55.662+0000] {processor.py:840} INFO - DAG(s) 'example_python_operator' retrieved from /home/airflow/.local/lib/python3.8/site-packages/airflow/example_dags/example_python_operator.py
[2025-11-03T01:39:55.769+0000] {logging_mixin.py:188} INFO - [2025-11-03T01:39:55.768+0000] {dag.py:3036} INFO - Sync 1 DAGs
[2025-11-03T01:39:55.880+0000] {logging_mixin.py:188} INFO - [2025-11-03T01:39:55.879+0000] {dag.py:3823} INFO - Setting next_dagrun for example_python_operator to None, run_after=None
[2025-11-03T01:39:56.122+0000] {processor.py:183} INFO - Processing /home/airflow/.local/lib/python3.8/site-packages/airflow/example_dags/example_python_operator.py took 0.719 seconds
[2025-11-03T01:49:52.812+0000] {processor.py:161} INFO - Started process (PID=1539) to work on /home/airflow/.local/lib/python3.8/site-packages/airflow/example_dags/example_python_operator.py
[2025-11-03T01:49:52.827+0000] {processor.py:830} INFO - Processing file /home/airflow/.local/lib/python3.8/site-packages/airflow/example_dags/example_python_operator.py for tasks to queue
[2025-11-03T01:49:52.968+0000] {logging_mixin.py:188} INFO - [2025-11-03T01:49:52.967+0000] {dagbag.py:538} INFO - Filling up the DagBag from /home/airflow/.local/lib/python3.8/site-packages/airflow/example_dags/example_python_operator.py
[2025-11-03T01:49:53.817+0000] {processor.py:840} INFO - DAG(s) 'example_python_operator' retrieved from /home/airflow/.local/lib/python3.8/site-packages/airflow/example_dags/example_python_operator.py
[2025-11-03T01:49:57.690+0000] {logging_mixin.py:188} INFO - [2025-11-03T01:49:57.689+0000] {dag.py:3036} INFO - Sync 1 DAGs
[2025-11-03T01:49:58.026+0000] {logging_mixin.py:188} INFO - [2025-11-03T01:49:58.026+0000] {dag.py:3823} INFO - Setting next_dagrun for example_python_operator to None, run_after=None
[2025-11-03T01:49:58.873+0000] {processor.py:183} INFO - Processing /home/airflow/.local/lib/python3.8/site-packages/airflow/example_dags/example_python_operator.py took 5.549 seconds
