[2025-11-03T01:13:19.273+0000] {processor.py:161} INFO - Started process (PID=86) to work on /home/airflow/.local/lib/python3.8/site-packages/airflow/example_dags/example_params_trigger_ui.py
[2025-11-03T01:13:19.311+0000] {processor.py:830} INFO - Processing file /home/airflow/.local/lib/python3.8/site-packages/airflow/example_dags/example_params_trigger_ui.py for tasks to queue
[2025-11-03T01:13:19.378+0000] {logging_mixin.py:188} INFO - [2025-11-03T01:13:19.377+0000] {dagbag.py:538} INFO - Filling up the DagBag from /home/airflow/.local/lib/python3.8/site-packages/airflow/example_dags/example_params_trigger_ui.py
[2025-11-03T01:13:19.641+0000] {processor.py:840} INFO - DAG(s) 'example_params_trigger_ui' retrieved from /home/airflow/.local/lib/python3.8/site-packages/airflow/example_dags/example_params_trigger_ui.py
[2025-11-03T01:13:20.894+0000] {logging_mixin.py:188} INFO - [2025-11-03T01:13:20.892+0000] {dag.py:3036} INFO - Sync 1 DAGs
[2025-11-03T01:13:21.405+0000] {logging_mixin.py:188} INFO - [2025-11-03T01:13:21.404+0000] {dag.py:3823} INFO - Setting next_dagrun for example_params_trigger_ui to None, run_after=None
[2025-11-03T01:13:22.002+0000] {processor.py:183} INFO - Processing /home/airflow/.local/lib/python3.8/site-packages/airflow/example_dags/example_params_trigger_ui.py took 2.756 seconds
[2025-11-03T01:14:01.732+0000] {processor.py:161} INFO - Started process (PID=147) to work on /home/airflow/.local/lib/python3.8/site-packages/airflow/example_dags/example_params_trigger_ui.py
[2025-11-03T01:14:01.735+0000] {processor.py:830} INFO - Processing file /home/airflow/.local/lib/python3.8/site-packages/airflow/example_dags/example_params_trigger_ui.py for tasks to queue
[2025-11-03T01:14:01.754+0000] {logging_mixin.py:188} INFO - [2025-11-03T01:14:01.754+0000] {dagbag.py:538} INFO - Filling up the DagBag from /home/airflow/.local/lib/python3.8/site-packages/airflow/example_dags/example_params_trigger_ui.py
[2025-11-03T01:14:01.902+0000] {processor.py:840} INFO - DAG(s) 'example_params_trigger_ui' retrieved from /home/airflow/.local/lib/python3.8/site-packages/airflow/example_dags/example_params_trigger_ui.py
[2025-11-03T01:14:02.244+0000] {logging_mixin.py:188} INFO - [2025-11-03T01:14:02.243+0000] {dag.py:3036} INFO - Sync 1 DAGs
[2025-11-03T01:14:02.386+0000] {logging_mixin.py:188} INFO - [2025-11-03T01:14:02.385+0000] {dag.py:3823} INFO - Setting next_dagrun for example_params_trigger_ui to None, run_after=None
[2025-11-03T01:14:02.547+0000] {processor.py:183} INFO - Processing /home/airflow/.local/lib/python3.8/site-packages/airflow/example_dags/example_params_trigger_ui.py took 0.854 seconds
[2025-11-03T01:14:39.441+0000] {processor.py:161} INFO - Started process (PID=200) to work on /home/airflow/.local/lib/python3.8/site-packages/airflow/example_dags/example_params_trigger_ui.py
[2025-11-03T01:14:39.455+0000] {processor.py:830} INFO - Processing file /home/airflow/.local/lib/python3.8/site-packages/airflow/example_dags/example_params_trigger_ui.py for tasks to queue
[2025-11-03T01:14:39.494+0000] {logging_mixin.py:188} INFO - [2025-11-03T01:14:39.492+0000] {dagbag.py:538} INFO - Filling up the DagBag from /home/airflow/.local/lib/python3.8/site-packages/airflow/example_dags/example_params_trigger_ui.py
[2025-11-03T01:14:39.754+0000] {processor.py:840} INFO - DAG(s) 'example_params_trigger_ui' retrieved from /home/airflow/.local/lib/python3.8/site-packages/airflow/example_dags/example_params_trigger_ui.py
[2025-11-03T01:14:41.437+0000] {logging_mixin.py:188} INFO - [2025-11-03T01:14:41.420+0000] {dag.py:3036} INFO - Sync 1 DAGs
[2025-11-03T01:14:41.709+0000] {logging_mixin.py:188} INFO - [2025-11-03T01:14:41.708+0000] {dag.py:3823} INFO - Setting next_dagrun for example_params_trigger_ui to None, run_after=None
[2025-11-03T01:14:42.036+0000] {processor.py:183} INFO - Processing /home/airflow/.local/lib/python3.8/site-packages/airflow/example_dags/example_params_trigger_ui.py took 2.589 seconds
[2025-11-03T01:15:26.506+0000] {processor.py:161} INFO - Started process (PID=254) to work on /home/airflow/.local/lib/python3.8/site-packages/airflow/example_dags/example_params_trigger_ui.py
[2025-11-03T01:15:26.518+0000] {processor.py:830} INFO - Processing file /home/airflow/.local/lib/python3.8/site-packages/airflow/example_dags/example_params_trigger_ui.py for tasks to queue
[2025-11-03T01:15:26.542+0000] {logging_mixin.py:188} INFO - [2025-11-03T01:15:26.541+0000] {dagbag.py:538} INFO - Filling up the DagBag from /home/airflow/.local/lib/python3.8/site-packages/airflow/example_dags/example_params_trigger_ui.py
[2025-11-03T01:15:26.652+0000] {processor.py:840} INFO - DAG(s) 'example_params_trigger_ui' retrieved from /home/airflow/.local/lib/python3.8/site-packages/airflow/example_dags/example_params_trigger_ui.py
[2025-11-03T01:15:27.490+0000] {logging_mixin.py:188} INFO - [2025-11-03T01:15:27.485+0000] {dag.py:3036} INFO - Sync 1 DAGs
[2025-11-03T01:15:27.652+0000] {logging_mixin.py:188} INFO - [2025-11-03T01:15:27.639+0000] {dag.py:3823} INFO - Setting next_dagrun for example_params_trigger_ui to None, run_after=None
[2025-11-03T01:15:27.841+0000] {processor.py:183} INFO - Processing /home/airflow/.local/lib/python3.8/site-packages/airflow/example_dags/example_params_trigger_ui.py took 1.369 seconds
[2025-11-03T01:16:06.086+0000] {processor.py:161} INFO - Started process (PID=302) to work on /home/airflow/.local/lib/python3.8/site-packages/airflow/example_dags/example_params_trigger_ui.py
[2025-11-03T01:16:06.089+0000] {processor.py:830} INFO - Processing file /home/airflow/.local/lib/python3.8/site-packages/airflow/example_dags/example_params_trigger_ui.py for tasks to queue
[2025-11-03T01:16:06.102+0000] {logging_mixin.py:188} INFO - [2025-11-03T01:16:06.101+0000] {dagbag.py:538} INFO - Filling up the DagBag from /home/airflow/.local/lib/python3.8/site-packages/airflow/example_dags/example_params_trigger_ui.py
[2025-11-03T01:16:06.204+0000] {processor.py:840} INFO - DAG(s) 'example_params_trigger_ui' retrieved from /home/airflow/.local/lib/python3.8/site-packages/airflow/example_dags/example_params_trigger_ui.py
[2025-11-03T01:16:07.253+0000] {logging_mixin.py:188} INFO - [2025-11-03T01:16:07.252+0000] {dag.py:3036} INFO - Sync 1 DAGs
[2025-11-03T01:16:07.465+0000] {logging_mixin.py:188} INFO - [2025-11-03T01:16:07.464+0000] {dag.py:3823} INFO - Setting next_dagrun for example_params_trigger_ui to None, run_after=None
[2025-11-03T01:16:07.680+0000] {processor.py:183} INFO - Processing /home/airflow/.local/lib/python3.8/site-packages/airflow/example_dags/example_params_trigger_ui.py took 1.636 seconds
[2025-11-03T01:16:38.490+0000] {processor.py:161} INFO - Started process (PID=357) to work on /home/airflow/.local/lib/python3.8/site-packages/airflow/example_dags/example_params_trigger_ui.py
[2025-11-03T01:16:38.493+0000] {processor.py:830} INFO - Processing file /home/airflow/.local/lib/python3.8/site-packages/airflow/example_dags/example_params_trigger_ui.py for tasks to queue
[2025-11-03T01:16:38.506+0000] {logging_mixin.py:188} INFO - [2025-11-03T01:16:38.505+0000] {dagbag.py:538} INFO - Filling up the DagBag from /home/airflow/.local/lib/python3.8/site-packages/airflow/example_dags/example_params_trigger_ui.py
[2025-11-03T01:16:38.579+0000] {processor.py:840} INFO - DAG(s) 'example_params_trigger_ui' retrieved from /home/airflow/.local/lib/python3.8/site-packages/airflow/example_dags/example_params_trigger_ui.py
[2025-11-03T01:16:38.961+0000] {logging_mixin.py:188} INFO - [2025-11-03T01:16:38.960+0000] {dag.py:3036} INFO - Sync 1 DAGs
[2025-11-03T01:16:39.185+0000] {logging_mixin.py:188} INFO - [2025-11-03T01:16:39.184+0000] {dag.py:3823} INFO - Setting next_dagrun for example_params_trigger_ui to None, run_after=None
[2025-11-03T01:16:39.294+0000] {processor.py:183} INFO - Processing /home/airflow/.local/lib/python3.8/site-packages/airflow/example_dags/example_params_trigger_ui.py took 0.820 seconds
[2025-11-03T01:17:10.931+0000] {processor.py:161} INFO - Started process (PID=412) to work on /home/airflow/.local/lib/python3.8/site-packages/airflow/example_dags/example_params_trigger_ui.py
[2025-11-03T01:17:10.959+0000] {processor.py:830} INFO - Processing file /home/airflow/.local/lib/python3.8/site-packages/airflow/example_dags/example_params_trigger_ui.py for tasks to queue
[2025-11-03T01:17:11.022+0000] {logging_mixin.py:188} INFO - [2025-11-03T01:17:11.016+0000] {dagbag.py:538} INFO - Filling up the DagBag from /home/airflow/.local/lib/python3.8/site-packages/airflow/example_dags/example_params_trigger_ui.py
[2025-11-03T01:17:11.153+0000] {processor.py:840} INFO - DAG(s) 'example_params_trigger_ui' retrieved from /home/airflow/.local/lib/python3.8/site-packages/airflow/example_dags/example_params_trigger_ui.py
[2025-11-03T01:17:12.488+0000] {logging_mixin.py:188} INFO - [2025-11-03T01:17:12.488+0000] {dag.py:3036} INFO - Sync 1 DAGs
[2025-11-03T01:17:12.688+0000] {logging_mixin.py:188} INFO - [2025-11-03T01:17:12.687+0000] {dag.py:3823} INFO - Setting next_dagrun for example_params_trigger_ui to None, run_after=None
[2025-11-03T01:17:13.074+0000] {processor.py:183} INFO - Processing /home/airflow/.local/lib/python3.8/site-packages/airflow/example_dags/example_params_trigger_ui.py took 2.170 seconds
[2025-11-03T01:17:44.048+0000] {processor.py:161} INFO - Started process (PID=465) to work on /home/airflow/.local/lib/python3.8/site-packages/airflow/example_dags/example_params_trigger_ui.py
[2025-11-03T01:17:44.054+0000] {processor.py:830} INFO - Processing file /home/airflow/.local/lib/python3.8/site-packages/airflow/example_dags/example_params_trigger_ui.py for tasks to queue
[2025-11-03T01:17:44.062+0000] {logging_mixin.py:188} INFO - [2025-11-03T01:17:44.060+0000] {dagbag.py:538} INFO - Filling up the DagBag from /home/airflow/.local/lib/python3.8/site-packages/airflow/example_dags/example_params_trigger_ui.py
[2025-11-03T01:17:44.116+0000] {processor.py:840} INFO - DAG(s) 'example_params_trigger_ui' retrieved from /home/airflow/.local/lib/python3.8/site-packages/airflow/example_dags/example_params_trigger_ui.py
[2025-11-03T01:17:44.417+0000] {logging_mixin.py:188} INFO - [2025-11-03T01:17:44.416+0000] {dag.py:3036} INFO - Sync 1 DAGs
[2025-11-03T01:17:44.469+0000] {logging_mixin.py:188} INFO - [2025-11-03T01:17:44.468+0000] {dag.py:3823} INFO - Setting next_dagrun for example_params_trigger_ui to None, run_after=None
[2025-11-03T01:17:44.563+0000] {processor.py:183} INFO - Processing /home/airflow/.local/lib/python3.8/site-packages/airflow/example_dags/example_params_trigger_ui.py took 0.528 seconds
[2025-11-03T01:18:15.095+0000] {processor.py:161} INFO - Started process (PID=520) to work on /home/airflow/.local/lib/python3.8/site-packages/airflow/example_dags/example_params_trigger_ui.py
[2025-11-03T01:18:15.105+0000] {processor.py:830} INFO - Processing file /home/airflow/.local/lib/python3.8/site-packages/airflow/example_dags/example_params_trigger_ui.py for tasks to queue
[2025-11-03T01:18:15.113+0000] {logging_mixin.py:188} INFO - [2025-11-03T01:18:15.112+0000] {dagbag.py:538} INFO - Filling up the DagBag from /home/airflow/.local/lib/python3.8/site-packages/airflow/example_dags/example_params_trigger_ui.py
[2025-11-03T01:18:15.167+0000] {processor.py:840} INFO - DAG(s) 'example_params_trigger_ui' retrieved from /home/airflow/.local/lib/python3.8/site-packages/airflow/example_dags/example_params_trigger_ui.py
[2025-11-03T01:18:15.383+0000] {logging_mixin.py:188} INFO - [2025-11-03T01:18:15.382+0000] {dag.py:3036} INFO - Sync 1 DAGs
[2025-11-03T01:18:15.423+0000] {logging_mixin.py:188} INFO - [2025-11-03T01:18:15.423+0000] {dag.py:3823} INFO - Setting next_dagrun for example_params_trigger_ui to None, run_after=None
[2025-11-03T01:18:15.539+0000] {processor.py:183} INFO - Processing /home/airflow/.local/lib/python3.8/site-packages/airflow/example_dags/example_params_trigger_ui.py took 0.460 seconds
[2025-11-03T01:18:46.014+0000] {processor.py:161} INFO - Started process (PID=573) to work on /home/airflow/.local/lib/python3.8/site-packages/airflow/example_dags/example_params_trigger_ui.py
[2025-11-03T01:18:46.025+0000] {processor.py:830} INFO - Processing file /home/airflow/.local/lib/python3.8/site-packages/airflow/example_dags/example_params_trigger_ui.py for tasks to queue
[2025-11-03T01:18:46.034+0000] {logging_mixin.py:188} INFO - [2025-11-03T01:18:46.033+0000] {dagbag.py:538} INFO - Filling up the DagBag from /home/airflow/.local/lib/python3.8/site-packages/airflow/example_dags/example_params_trigger_ui.py
[2025-11-03T01:18:46.106+0000] {processor.py:840} INFO - DAG(s) 'example_params_trigger_ui' retrieved from /home/airflow/.local/lib/python3.8/site-packages/airflow/example_dags/example_params_trigger_ui.py
[2025-11-03T01:18:46.350+0000] {logging_mixin.py:188} INFO - [2025-11-03T01:18:46.348+0000] {dag.py:3036} INFO - Sync 1 DAGs
[2025-11-03T01:18:46.484+0000] {logging_mixin.py:188} INFO - [2025-11-03T01:18:46.483+0000] {dag.py:3823} INFO - Setting next_dagrun for example_params_trigger_ui to None, run_after=None
[2025-11-03T01:18:46.592+0000] {processor.py:183} INFO - Processing /home/airflow/.local/lib/python3.8/site-packages/airflow/example_dags/example_params_trigger_ui.py took 0.594 seconds
[2025-11-03T01:19:18.623+0000] {processor.py:161} INFO - Started process (PID=628) to work on /home/airflow/.local/lib/python3.8/site-packages/airflow/example_dags/example_params_trigger_ui.py
[2025-11-03T01:19:18.626+0000] {processor.py:830} INFO - Processing file /home/airflow/.local/lib/python3.8/site-packages/airflow/example_dags/example_params_trigger_ui.py for tasks to queue
[2025-11-03T01:19:18.632+0000] {logging_mixin.py:188} INFO - [2025-11-03T01:19:18.631+0000] {dagbag.py:538} INFO - Filling up the DagBag from /home/airflow/.local/lib/python3.8/site-packages/airflow/example_dags/example_params_trigger_ui.py
[2025-11-03T01:19:18.688+0000] {processor.py:840} INFO - DAG(s) 'example_params_trigger_ui' retrieved from /home/airflow/.local/lib/python3.8/site-packages/airflow/example_dags/example_params_trigger_ui.py
[2025-11-03T01:19:18.885+0000] {logging_mixin.py:188} INFO - [2025-11-03T01:19:18.884+0000] {dag.py:3036} INFO - Sync 1 DAGs
[2025-11-03T01:19:18.921+0000] {logging_mixin.py:188} INFO - [2025-11-03T01:19:18.921+0000] {dag.py:3823} INFO - Setting next_dagrun for example_params_trigger_ui to None, run_after=None
[2025-11-03T01:19:18.973+0000] {processor.py:183} INFO - Processing /home/airflow/.local/lib/python3.8/site-packages/airflow/example_dags/example_params_trigger_ui.py took 0.361 seconds
[2025-11-03T01:19:50.351+0000] {processor.py:161} INFO - Started process (PID=683) to work on /home/airflow/.local/lib/python3.8/site-packages/airflow/example_dags/example_params_trigger_ui.py
[2025-11-03T01:19:50.355+0000] {processor.py:830} INFO - Processing file /home/airflow/.local/lib/python3.8/site-packages/airflow/example_dags/example_params_trigger_ui.py for tasks to queue
[2025-11-03T01:19:50.372+0000] {logging_mixin.py:188} INFO - [2025-11-03T01:19:50.370+0000] {dagbag.py:538} INFO - Filling up the DagBag from /home/airflow/.local/lib/python3.8/site-packages/airflow/example_dags/example_params_trigger_ui.py
[2025-11-03T01:19:50.441+0000] {processor.py:840} INFO - DAG(s) 'example_params_trigger_ui' retrieved from /home/airflow/.local/lib/python3.8/site-packages/airflow/example_dags/example_params_trigger_ui.py
[2025-11-03T01:19:50.772+0000] {logging_mixin.py:188} INFO - [2025-11-03T01:19:50.771+0000] {dag.py:3036} INFO - Sync 1 DAGs
[2025-11-03T01:19:50.841+0000] {logging_mixin.py:188} INFO - [2025-11-03T01:19:50.840+0000] {dag.py:3823} INFO - Setting next_dagrun for example_params_trigger_ui to None, run_after=None
[2025-11-03T01:19:50.950+0000] {processor.py:183} INFO - Processing /home/airflow/.local/lib/python3.8/site-packages/airflow/example_dags/example_params_trigger_ui.py took 0.624 seconds
[2025-11-03T01:20:22.106+0000] {processor.py:161} INFO - Started process (PID=736) to work on /home/airflow/.local/lib/python3.8/site-packages/airflow/example_dags/example_params_trigger_ui.py
[2025-11-03T01:20:22.110+0000] {processor.py:830} INFO - Processing file /home/airflow/.local/lib/python3.8/site-packages/airflow/example_dags/example_params_trigger_ui.py for tasks to queue
[2025-11-03T01:20:22.126+0000] {logging_mixin.py:188} INFO - [2025-11-03T01:20:22.125+0000] {dagbag.py:538} INFO - Filling up the DagBag from /home/airflow/.local/lib/python3.8/site-packages/airflow/example_dags/example_params_trigger_ui.py
[2025-11-03T01:20:22.199+0000] {processor.py:840} INFO - DAG(s) 'example_params_trigger_ui' retrieved from /home/airflow/.local/lib/python3.8/site-packages/airflow/example_dags/example_params_trigger_ui.py
[2025-11-03T01:20:22.501+0000] {logging_mixin.py:188} INFO - [2025-11-03T01:20:22.500+0000] {dag.py:3036} INFO - Sync 1 DAGs
[2025-11-03T01:20:22.566+0000] {logging_mixin.py:188} INFO - [2025-11-03T01:20:22.565+0000] {dag.py:3823} INFO - Setting next_dagrun for example_params_trigger_ui to None, run_after=None
[2025-11-03T01:20:22.656+0000] {processor.py:183} INFO - Processing /home/airflow/.local/lib/python3.8/site-packages/airflow/example_dags/example_params_trigger_ui.py took 0.562 seconds
[2025-11-03T01:20:58.623+0000] {processor.py:161} INFO - Started process (PID=789) to work on /home/airflow/.local/lib/python3.8/site-packages/airflow/example_dags/example_params_trigger_ui.py
[2025-11-03T01:20:58.691+0000] {processor.py:830} INFO - Processing file /home/airflow/.local/lib/python3.8/site-packages/airflow/example_dags/example_params_trigger_ui.py for tasks to queue
[2025-11-03T01:20:58.724+0000] {logging_mixin.py:188} INFO - [2025-11-03T01:20:58.723+0000] {dagbag.py:538} INFO - Filling up the DagBag from /home/airflow/.local/lib/python3.8/site-packages/airflow/example_dags/example_params_trigger_ui.py
[2025-11-03T01:20:58.917+0000] {processor.py:840} INFO - DAG(s) 'example_params_trigger_ui' retrieved from /home/airflow/.local/lib/python3.8/site-packages/airflow/example_dags/example_params_trigger_ui.py
[2025-11-03T01:20:59.694+0000] {logging_mixin.py:188} INFO - [2025-11-03T01:20:59.692+0000] {dag.py:3036} INFO - Sync 1 DAGs
[2025-11-03T01:20:59.832+0000] {logging_mixin.py:188} INFO - [2025-11-03T01:20:59.832+0000] {dag.py:3823} INFO - Setting next_dagrun for example_params_trigger_ui to None, run_after=None
[2025-11-03T01:21:00.151+0000] {processor.py:183} INFO - Processing /home/airflow/.local/lib/python3.8/site-packages/airflow/example_dags/example_params_trigger_ui.py took 1.580 seconds
[2025-11-03T01:25:31.610+0000] {processor.py:161} INFO - Started process (PID=73) to work on /home/airflow/.local/lib/python3.8/site-packages/airflow/example_dags/example_params_trigger_ui.py
[2025-11-03T01:25:31.615+0000] {processor.py:830} INFO - Processing file /home/airflow/.local/lib/python3.8/site-packages/airflow/example_dags/example_params_trigger_ui.py for tasks to queue
[2025-11-03T01:25:31.625+0000] {logging_mixin.py:188} INFO - [2025-11-03T01:25:31.624+0000] {dagbag.py:538} INFO - Filling up the DagBag from /home/airflow/.local/lib/python3.8/site-packages/airflow/example_dags/example_params_trigger_ui.py
[2025-11-03T01:25:31.739+0000] {processor.py:840} INFO - DAG(s) 'example_params_trigger_ui' retrieved from /home/airflow/.local/lib/python3.8/site-packages/airflow/example_dags/example_params_trigger_ui.py
[2025-11-03T01:25:32.083+0000] {logging_mixin.py:188} INFO - [2025-11-03T01:25:32.082+0000] {dag.py:3036} INFO - Sync 1 DAGs
[2025-11-03T01:25:32.129+0000] {logging_mixin.py:188} INFO - [2025-11-03T01:25:32.129+0000] {dag.py:3823} INFO - Setting next_dagrun for example_params_trigger_ui to None, run_after=None
[2025-11-03T01:25:32.236+0000] {processor.py:183} INFO - Processing /home/airflow/.local/lib/python3.8/site-packages/airflow/example_dags/example_params_trigger_ui.py took 0.654 seconds
[2025-11-03T01:26:03.449+0000] {processor.py:161} INFO - Started process (PID=128) to work on /home/airflow/.local/lib/python3.8/site-packages/airflow/example_dags/example_params_trigger_ui.py
[2025-11-03T01:26:03.453+0000] {processor.py:830} INFO - Processing file /home/airflow/.local/lib/python3.8/site-packages/airflow/example_dags/example_params_trigger_ui.py for tasks to queue
[2025-11-03T01:26:03.460+0000] {logging_mixin.py:188} INFO - [2025-11-03T01:26:03.459+0000] {dagbag.py:538} INFO - Filling up the DagBag from /home/airflow/.local/lib/python3.8/site-packages/airflow/example_dags/example_params_trigger_ui.py
[2025-11-03T01:26:03.690+0000] {processor.py:840} INFO - DAG(s) 'example_params_trigger_ui' retrieved from /home/airflow/.local/lib/python3.8/site-packages/airflow/example_dags/example_params_trigger_ui.py
[2025-11-03T01:26:04.102+0000] {logging_mixin.py:188} INFO - [2025-11-03T01:26:04.101+0000] {dag.py:3036} INFO - Sync 1 DAGs
[2025-11-03T01:26:04.151+0000] {logging_mixin.py:188} INFO - [2025-11-03T01:26:04.150+0000] {dag.py:3823} INFO - Setting next_dagrun for example_params_trigger_ui to None, run_after=None
[2025-11-03T01:26:04.242+0000] {processor.py:183} INFO - Processing /home/airflow/.local/lib/python3.8/site-packages/airflow/example_dags/example_params_trigger_ui.py took 0.806 seconds
[2025-11-03T01:26:34.547+0000] {processor.py:161} INFO - Started process (PID=185) to work on /home/airflow/.local/lib/python3.8/site-packages/airflow/example_dags/example_params_trigger_ui.py
[2025-11-03T01:26:34.550+0000] {processor.py:830} INFO - Processing file /home/airflow/.local/lib/python3.8/site-packages/airflow/example_dags/example_params_trigger_ui.py for tasks to queue
[2025-11-03T01:26:34.556+0000] {logging_mixin.py:188} INFO - [2025-11-03T01:26:34.555+0000] {dagbag.py:538} INFO - Filling up the DagBag from /home/airflow/.local/lib/python3.8/site-packages/airflow/example_dags/example_params_trigger_ui.py
[2025-11-03T01:26:34.639+0000] {processor.py:840} INFO - DAG(s) 'example_params_trigger_ui' retrieved from /home/airflow/.local/lib/python3.8/site-packages/airflow/example_dags/example_params_trigger_ui.py
[2025-11-03T01:26:34.907+0000] {logging_mixin.py:188} INFO - [2025-11-03T01:26:34.907+0000] {dag.py:3036} INFO - Sync 1 DAGs
[2025-11-03T01:26:35.002+0000] {logging_mixin.py:188} INFO - [2025-11-03T01:26:35.001+0000] {dag.py:3823} INFO - Setting next_dagrun for example_params_trigger_ui to None, run_after=None
[2025-11-03T01:26:35.059+0000] {processor.py:183} INFO - Processing /home/airflow/.local/lib/python3.8/site-packages/airflow/example_dags/example_params_trigger_ui.py took 0.524 seconds
[2025-11-03T01:27:05.810+0000] {processor.py:161} INFO - Started process (PID=238) to work on /home/airflow/.local/lib/python3.8/site-packages/airflow/example_dags/example_params_trigger_ui.py
[2025-11-03T01:27:05.813+0000] {processor.py:830} INFO - Processing file /home/airflow/.local/lib/python3.8/site-packages/airflow/example_dags/example_params_trigger_ui.py for tasks to queue
[2025-11-03T01:27:05.820+0000] {logging_mixin.py:188} INFO - [2025-11-03T01:27:05.819+0000] {dagbag.py:538} INFO - Filling up the DagBag from /home/airflow/.local/lib/python3.8/site-packages/airflow/example_dags/example_params_trigger_ui.py
[2025-11-03T01:27:05.868+0000] {processor.py:840} INFO - DAG(s) 'example_params_trigger_ui' retrieved from /home/airflow/.local/lib/python3.8/site-packages/airflow/example_dags/example_params_trigger_ui.py
[2025-11-03T01:27:06.083+0000] {logging_mixin.py:188} INFO - [2025-11-03T01:27:06.082+0000] {dag.py:3036} INFO - Sync 1 DAGs
[2025-11-03T01:27:06.132+0000] {logging_mixin.py:188} INFO - [2025-11-03T01:27:06.132+0000] {dag.py:3823} INFO - Setting next_dagrun for example_params_trigger_ui to None, run_after=None
[2025-11-03T01:27:06.222+0000] {processor.py:183} INFO - Processing /home/airflow/.local/lib/python3.8/site-packages/airflow/example_dags/example_params_trigger_ui.py took 0.435 seconds
[2025-11-03T01:27:36.433+0000] {processor.py:161} INFO - Started process (PID=293) to work on /home/airflow/.local/lib/python3.8/site-packages/airflow/example_dags/example_params_trigger_ui.py
[2025-11-03T01:27:36.436+0000] {processor.py:830} INFO - Processing file /home/airflow/.local/lib/python3.8/site-packages/airflow/example_dags/example_params_trigger_ui.py for tasks to queue
[2025-11-03T01:27:36.443+0000] {logging_mixin.py:188} INFO - [2025-11-03T01:27:36.442+0000] {dagbag.py:538} INFO - Filling up the DagBag from /home/airflow/.local/lib/python3.8/site-packages/airflow/example_dags/example_params_trigger_ui.py
[2025-11-03T01:27:36.496+0000] {processor.py:840} INFO - DAG(s) 'example_params_trigger_ui' retrieved from /home/airflow/.local/lib/python3.8/site-packages/airflow/example_dags/example_params_trigger_ui.py
[2025-11-03T01:27:37.020+0000] {logging_mixin.py:188} INFO - [2025-11-03T01:27:37.020+0000] {dag.py:3036} INFO - Sync 1 DAGs
[2025-11-03T01:27:37.290+0000] {logging_mixin.py:188} INFO - [2025-11-03T01:27:37.290+0000] {dag.py:3823} INFO - Setting next_dagrun for example_params_trigger_ui to None, run_after=None
[2025-11-03T01:27:37.651+0000] {processor.py:183} INFO - Processing /home/airflow/.local/lib/python3.8/site-packages/airflow/example_dags/example_params_trigger_ui.py took 1.228 seconds
[2025-11-03T01:28:08.098+0000] {processor.py:161} INFO - Started process (PID=347) to work on /home/airflow/.local/lib/python3.8/site-packages/airflow/example_dags/example_params_trigger_ui.py
[2025-11-03T01:28:08.103+0000] {processor.py:830} INFO - Processing file /home/airflow/.local/lib/python3.8/site-packages/airflow/example_dags/example_params_trigger_ui.py for tasks to queue
[2025-11-03T01:28:08.113+0000] {logging_mixin.py:188} INFO - [2025-11-03T01:28:08.112+0000] {dagbag.py:538} INFO - Filling up the DagBag from /home/airflow/.local/lib/python3.8/site-packages/airflow/example_dags/example_params_trigger_ui.py
[2025-11-03T01:28:08.176+0000] {processor.py:840} INFO - DAG(s) 'example_params_trigger_ui' retrieved from /home/airflow/.local/lib/python3.8/site-packages/airflow/example_dags/example_params_trigger_ui.py
[2025-11-03T01:28:08.438+0000] {logging_mixin.py:188} INFO - [2025-11-03T01:28:08.438+0000] {dag.py:3036} INFO - Sync 1 DAGs
[2025-11-03T01:28:08.508+0000] {logging_mixin.py:188} INFO - [2025-11-03T01:28:08.508+0000] {dag.py:3823} INFO - Setting next_dagrun for example_params_trigger_ui to None, run_after=None
[2025-11-03T01:28:08.590+0000] {processor.py:183} INFO - Processing /home/airflow/.local/lib/python3.8/site-packages/airflow/example_dags/example_params_trigger_ui.py took 0.506 seconds
[2025-11-03T01:28:40.352+0000] {processor.py:161} INFO - Started process (PID=401) to work on /home/airflow/.local/lib/python3.8/site-packages/airflow/example_dags/example_params_trigger_ui.py
[2025-11-03T01:28:40.355+0000] {processor.py:830} INFO - Processing file /home/airflow/.local/lib/python3.8/site-packages/airflow/example_dags/example_params_trigger_ui.py for tasks to queue
[2025-11-03T01:28:40.361+0000] {logging_mixin.py:188} INFO - [2025-11-03T01:28:40.360+0000] {dagbag.py:538} INFO - Filling up the DagBag from /home/airflow/.local/lib/python3.8/site-packages/airflow/example_dags/example_params_trigger_ui.py
[2025-11-03T01:28:40.448+0000] {processor.py:840} INFO - DAG(s) 'example_params_trigger_ui' retrieved from /home/airflow/.local/lib/python3.8/site-packages/airflow/example_dags/example_params_trigger_ui.py
[2025-11-03T01:28:40.489+0000] {logging_mixin.py:188} INFO - [2025-11-03T01:28:40.488+0000] {dag.py:3036} INFO - Sync 1 DAGs
[2025-11-03T01:28:40.534+0000] {logging_mixin.py:188} INFO - [2025-11-03T01:28:40.533+0000] {dag.py:3823} INFO - Setting next_dagrun for example_params_trigger_ui to None, run_after=None
[2025-11-03T01:28:40.661+0000] {processor.py:183} INFO - Processing /home/airflow/.local/lib/python3.8/site-packages/airflow/example_dags/example_params_trigger_ui.py took 0.322 seconds
[2025-11-03T01:29:13.931+0000] {processor.py:161} INFO - Started process (PID=461) to work on /home/airflow/.local/lib/python3.8/site-packages/airflow/example_dags/example_params_trigger_ui.py
[2025-11-03T01:29:13.935+0000] {processor.py:830} INFO - Processing file /home/airflow/.local/lib/python3.8/site-packages/airflow/example_dags/example_params_trigger_ui.py for tasks to queue
[2025-11-03T01:29:13.941+0000] {logging_mixin.py:188} INFO - [2025-11-03T01:29:13.940+0000] {dagbag.py:538} INFO - Filling up the DagBag from /home/airflow/.local/lib/python3.8/site-packages/airflow/example_dags/example_params_trigger_ui.py
[2025-11-03T01:29:13.987+0000] {processor.py:840} INFO - DAG(s) 'example_params_trigger_ui' retrieved from /home/airflow/.local/lib/python3.8/site-packages/airflow/example_dags/example_params_trigger_ui.py
[2025-11-03T01:29:14.595+0000] {logging_mixin.py:188} INFO - [2025-11-03T01:29:14.595+0000] {dag.py:3036} INFO - Sync 1 DAGs
[2025-11-03T01:29:14.671+0000] {logging_mixin.py:188} INFO - [2025-11-03T01:29:14.670+0000] {dag.py:3823} INFO - Setting next_dagrun for example_params_trigger_ui to None, run_after=None
[2025-11-03T01:29:14.752+0000] {processor.py:183} INFO - Processing /home/airflow/.local/lib/python3.8/site-packages/airflow/example_dags/example_params_trigger_ui.py took 0.844 seconds
[2025-11-03T01:29:52.778+0000] {processor.py:161} INFO - Started process (PID=517) to work on /home/airflow/.local/lib/python3.8/site-packages/airflow/example_dags/example_params_trigger_ui.py
[2025-11-03T01:29:52.795+0000] {processor.py:830} INFO - Processing file /home/airflow/.local/lib/python3.8/site-packages/airflow/example_dags/example_params_trigger_ui.py for tasks to queue
[2025-11-03T01:29:52.842+0000] {logging_mixin.py:188} INFO - [2025-11-03T01:29:52.840+0000] {dagbag.py:538} INFO - Filling up the DagBag from /home/airflow/.local/lib/python3.8/site-packages/airflow/example_dags/example_params_trigger_ui.py
[2025-11-03T01:29:53.377+0000] {processor.py:840} INFO - DAG(s) 'example_params_trigger_ui' retrieved from /home/airflow/.local/lib/python3.8/site-packages/airflow/example_dags/example_params_trigger_ui.py
[2025-11-03T01:29:54.913+0000] {logging_mixin.py:188} INFO - [2025-11-03T01:29:54.912+0000] {dag.py:3036} INFO - Sync 1 DAGs
[2025-11-03T01:29:55.116+0000] {logging_mixin.py:188} INFO - [2025-11-03T01:29:55.116+0000] {dag.py:3823} INFO - Setting next_dagrun for example_params_trigger_ui to None, run_after=None
[2025-11-03T01:29:55.681+0000] {processor.py:183} INFO - Processing /home/airflow/.local/lib/python3.8/site-packages/airflow/example_dags/example_params_trigger_ui.py took 2.967 seconds
[2025-11-03T01:30:50.567+0000] {processor.py:161} INFO - Started process (PID=566) to work on /home/airflow/.local/lib/python3.8/site-packages/airflow/example_dags/example_params_trigger_ui.py
[2025-11-03T01:30:50.576+0000] {processor.py:830} INFO - Processing file /home/airflow/.local/lib/python3.8/site-packages/airflow/example_dags/example_params_trigger_ui.py for tasks to queue
[2025-11-03T01:30:50.593+0000] {logging_mixin.py:188} INFO - [2025-11-03T01:30:50.592+0000] {dagbag.py:538} INFO - Filling up the DagBag from /home/airflow/.local/lib/python3.8/site-packages/airflow/example_dags/example_params_trigger_ui.py
[2025-11-03T01:30:50.747+0000] {processor.py:840} INFO - DAG(s) 'example_params_trigger_ui' retrieved from /home/airflow/.local/lib/python3.8/site-packages/airflow/example_dags/example_params_trigger_ui.py
[2025-11-03T01:30:51.455+0000] {logging_mixin.py:188} INFO - [2025-11-03T01:30:51.455+0000] {dag.py:3036} INFO - Sync 1 DAGs
[2025-11-03T01:30:51.665+0000] {logging_mixin.py:188} INFO - [2025-11-03T01:30:51.664+0000] {dag.py:3823} INFO - Setting next_dagrun for example_params_trigger_ui to None, run_after=None
[2025-11-03T01:30:51.912+0000] {processor.py:183} INFO - Processing /home/airflow/.local/lib/python3.8/site-packages/airflow/example_dags/example_params_trigger_ui.py took 1.365 seconds
[2025-11-03T01:31:25.508+0000] {processor.py:161} INFO - Started process (PID=619) to work on /home/airflow/.local/lib/python3.8/site-packages/airflow/example_dags/example_params_trigger_ui.py
[2025-11-03T01:31:25.526+0000] {processor.py:830} INFO - Processing file /home/airflow/.local/lib/python3.8/site-packages/airflow/example_dags/example_params_trigger_ui.py for tasks to queue
[2025-11-03T01:31:25.544+0000] {logging_mixin.py:188} INFO - [2025-11-03T01:31:25.542+0000] {dagbag.py:538} INFO - Filling up the DagBag from /home/airflow/.local/lib/python3.8/site-packages/airflow/example_dags/example_params_trigger_ui.py
[2025-11-03T01:31:25.708+0000] {processor.py:840} INFO - DAG(s) 'example_params_trigger_ui' retrieved from /home/airflow/.local/lib/python3.8/site-packages/airflow/example_dags/example_params_trigger_ui.py
[2025-11-03T01:31:26.791+0000] {logging_mixin.py:188} INFO - [2025-11-03T01:31:26.791+0000] {dag.py:3036} INFO - Sync 1 DAGs
[2025-11-03T01:31:27.009+0000] {logging_mixin.py:188} INFO - [2025-11-03T01:31:27.008+0000] {dag.py:3823} INFO - Setting next_dagrun for example_params_trigger_ui to None, run_after=None
[2025-11-03T01:31:27.324+0000] {processor.py:183} INFO - Processing /home/airflow/.local/lib/python3.8/site-packages/airflow/example_dags/example_params_trigger_ui.py took 1.867 seconds
[2025-11-03T01:31:57.903+0000] {processor.py:161} INFO - Started process (PID=672) to work on /home/airflow/.local/lib/python3.8/site-packages/airflow/example_dags/example_params_trigger_ui.py
[2025-11-03T01:31:57.906+0000] {processor.py:830} INFO - Processing file /home/airflow/.local/lib/python3.8/site-packages/airflow/example_dags/example_params_trigger_ui.py for tasks to queue
[2025-11-03T01:31:57.911+0000] {logging_mixin.py:188} INFO - [2025-11-03T01:31:57.911+0000] {dagbag.py:538} INFO - Filling up the DagBag from /home/airflow/.local/lib/python3.8/site-packages/airflow/example_dags/example_params_trigger_ui.py
[2025-11-03T01:31:57.960+0000] {processor.py:840} INFO - DAG(s) 'example_params_trigger_ui' retrieved from /home/airflow/.local/lib/python3.8/site-packages/airflow/example_dags/example_params_trigger_ui.py
[2025-11-03T01:31:58.303+0000] {logging_mixin.py:188} INFO - [2025-11-03T01:31:58.302+0000] {dag.py:3036} INFO - Sync 1 DAGs
[2025-11-03T01:31:58.350+0000] {logging_mixin.py:188} INFO - [2025-11-03T01:31:58.349+0000] {dag.py:3823} INFO - Setting next_dagrun for example_params_trigger_ui to None, run_after=None
[2025-11-03T01:31:58.440+0000] {processor.py:183} INFO - Processing /home/airflow/.local/lib/python3.8/site-packages/airflow/example_dags/example_params_trigger_ui.py took 0.548 seconds
[2025-11-03T01:32:29.786+0000] {processor.py:161} INFO - Started process (PID=726) to work on /home/airflow/.local/lib/python3.8/site-packages/airflow/example_dags/example_params_trigger_ui.py
[2025-11-03T01:32:29.791+0000] {processor.py:830} INFO - Processing file /home/airflow/.local/lib/python3.8/site-packages/airflow/example_dags/example_params_trigger_ui.py for tasks to queue
[2025-11-03T01:32:29.799+0000] {logging_mixin.py:188} INFO - [2025-11-03T01:32:29.798+0000] {dagbag.py:538} INFO - Filling up the DagBag from /home/airflow/.local/lib/python3.8/site-packages/airflow/example_dags/example_params_trigger_ui.py
[2025-11-03T01:32:29.857+0000] {processor.py:840} INFO - DAG(s) 'example_params_trigger_ui' retrieved from /home/airflow/.local/lib/python3.8/site-packages/airflow/example_dags/example_params_trigger_ui.py
[2025-11-03T01:32:30.082+0000] {logging_mixin.py:188} INFO - [2025-11-03T01:32:30.081+0000] {dag.py:3036} INFO - Sync 1 DAGs
[2025-11-03T01:32:30.167+0000] {logging_mixin.py:188} INFO - [2025-11-03T01:32:30.166+0000] {dag.py:3823} INFO - Setting next_dagrun for example_params_trigger_ui to None, run_after=None
[2025-11-03T01:32:30.281+0000] {processor.py:183} INFO - Processing /home/airflow/.local/lib/python3.8/site-packages/airflow/example_dags/example_params_trigger_ui.py took 0.517 seconds
[2025-11-03T01:33:18.794+0000] {processor.py:161} INFO - Started process (PID=781) to work on /home/airflow/.local/lib/python3.8/site-packages/airflow/example_dags/example_params_trigger_ui.py
[2025-11-03T01:33:18.801+0000] {processor.py:830} INFO - Processing file /home/airflow/.local/lib/python3.8/site-packages/airflow/example_dags/example_params_trigger_ui.py for tasks to queue
[2025-11-03T01:33:18.825+0000] {logging_mixin.py:188} INFO - [2025-11-03T01:33:18.824+0000] {dagbag.py:538} INFO - Filling up the DagBag from /home/airflow/.local/lib/python3.8/site-packages/airflow/example_dags/example_params_trigger_ui.py
[2025-11-03T01:33:19.082+0000] {processor.py:840} INFO - DAG(s) 'example_params_trigger_ui' retrieved from /home/airflow/.local/lib/python3.8/site-packages/airflow/example_dags/example_params_trigger_ui.py
[2025-11-03T01:33:20.437+0000] {logging_mixin.py:188} INFO - [2025-11-03T01:33:20.436+0000] {dag.py:3036} INFO - Sync 1 DAGs
[2025-11-03T01:33:20.611+0000] {logging_mixin.py:188} INFO - [2025-11-03T01:33:20.610+0000] {dag.py:3823} INFO - Setting next_dagrun for example_params_trigger_ui to None, run_after=None
[2025-11-03T01:33:20.837+0000] {processor.py:183} INFO - Processing /home/airflow/.local/lib/python3.8/site-packages/airflow/example_dags/example_params_trigger_ui.py took 1.290 seconds
[2025-11-03T01:33:54.765+0000] {processor.py:161} INFO - Started process (PID=836) to work on /home/airflow/.local/lib/python3.8/site-packages/airflow/example_dags/example_params_trigger_ui.py
[2025-11-03T01:33:54.769+0000] {processor.py:830} INFO - Processing file /home/airflow/.local/lib/python3.8/site-packages/airflow/example_dags/example_params_trigger_ui.py for tasks to queue
[2025-11-03T01:33:54.774+0000] {logging_mixin.py:188} INFO - [2025-11-03T01:33:54.773+0000] {dagbag.py:538} INFO - Filling up the DagBag from /home/airflow/.local/lib/python3.8/site-packages/airflow/example_dags/example_params_trigger_ui.py
[2025-11-03T01:33:54.817+0000] {processor.py:840} INFO - DAG(s) 'example_params_trigger_ui' retrieved from /home/airflow/.local/lib/python3.8/site-packages/airflow/example_dags/example_params_trigger_ui.py
[2025-11-03T01:33:55.025+0000] {logging_mixin.py:188} INFO - [2025-11-03T01:33:55.024+0000] {dag.py:3036} INFO - Sync 1 DAGs
[2025-11-03T01:33:55.064+0000] {logging_mixin.py:188} INFO - [2025-11-03T01:33:55.064+0000] {dag.py:3823} INFO - Setting next_dagrun for example_params_trigger_ui to None, run_after=None
[2025-11-03T01:33:55.121+0000] {processor.py:183} INFO - Processing /home/airflow/.local/lib/python3.8/site-packages/airflow/example_dags/example_params_trigger_ui.py took 0.365 seconds
[2025-11-03T01:34:31.333+0000] {processor.py:161} INFO - Started process (PID=883) to work on /home/airflow/.local/lib/python3.8/site-packages/airflow/example_dags/example_params_trigger_ui.py
[2025-11-03T01:34:31.365+0000] {processor.py:830} INFO - Processing file /home/airflow/.local/lib/python3.8/site-packages/airflow/example_dags/example_params_trigger_ui.py for tasks to queue
[2025-11-03T01:34:31.382+0000] {logging_mixin.py:188} INFO - [2025-11-03T01:34:31.371+0000] {dagbag.py:538} INFO - Filling up the DagBag from /home/airflow/.local/lib/python3.8/site-packages/airflow/example_dags/example_params_trigger_ui.py
[2025-11-03T01:34:31.630+0000] {processor.py:840} INFO - DAG(s) 'example_params_trigger_ui' retrieved from /home/airflow/.local/lib/python3.8/site-packages/airflow/example_dags/example_params_trigger_ui.py
[2025-11-03T01:34:33.491+0000] {logging_mixin.py:188} INFO - [2025-11-03T01:34:33.489+0000] {dag.py:3036} INFO - Sync 1 DAGs
[2025-11-03T01:34:33.691+0000] {logging_mixin.py:188} INFO - [2025-11-03T01:34:33.691+0000] {dag.py:3823} INFO - Setting next_dagrun for example_params_trigger_ui to None, run_after=None
[2025-11-03T01:34:34.069+0000] {processor.py:183} INFO - Processing /home/airflow/.local/lib/python3.8/site-packages/airflow/example_dags/example_params_trigger_ui.py took 2.765 seconds
[2025-11-03T01:35:05.061+0000] {processor.py:161} INFO - Started process (PID=943) to work on /home/airflow/.local/lib/python3.8/site-packages/airflow/example_dags/example_params_trigger_ui.py
[2025-11-03T01:35:05.064+0000] {processor.py:830} INFO - Processing file /home/airflow/.local/lib/python3.8/site-packages/airflow/example_dags/example_params_trigger_ui.py for tasks to queue
[2025-11-03T01:35:05.080+0000] {logging_mixin.py:188} INFO - [2025-11-03T01:35:05.078+0000] {dagbag.py:538} INFO - Filling up the DagBag from /home/airflow/.local/lib/python3.8/site-packages/airflow/example_dags/example_params_trigger_ui.py
[2025-11-03T01:35:05.161+0000] {processor.py:840} INFO - DAG(s) 'example_params_trigger_ui' retrieved from /home/airflow/.local/lib/python3.8/site-packages/airflow/example_dags/example_params_trigger_ui.py
[2025-11-03T01:35:05.648+0000] {logging_mixin.py:188} INFO - [2025-11-03T01:35:05.647+0000] {dag.py:3036} INFO - Sync 1 DAGs
[2025-11-03T01:35:05.761+0000] {logging_mixin.py:188} INFO - [2025-11-03T01:35:05.760+0000] {dag.py:3823} INFO - Setting next_dagrun for example_params_trigger_ui to None, run_after=None
[2025-11-03T01:35:05.860+0000] {processor.py:183} INFO - Processing /home/airflow/.local/lib/python3.8/site-packages/airflow/example_dags/example_params_trigger_ui.py took 0.819 seconds
[2025-11-03T01:35:38.139+0000] {processor.py:161} INFO - Started process (PID=997) to work on /home/airflow/.local/lib/python3.8/site-packages/airflow/example_dags/example_params_trigger_ui.py
[2025-11-03T01:35:38.143+0000] {processor.py:830} INFO - Processing file /home/airflow/.local/lib/python3.8/site-packages/airflow/example_dags/example_params_trigger_ui.py for tasks to queue
[2025-11-03T01:35:38.149+0000] {logging_mixin.py:188} INFO - [2025-11-03T01:35:38.148+0000] {dagbag.py:538} INFO - Filling up the DagBag from /home/airflow/.local/lib/python3.8/site-packages/airflow/example_dags/example_params_trigger_ui.py
[2025-11-03T01:35:38.203+0000] {processor.py:840} INFO - DAG(s) 'example_params_trigger_ui' retrieved from /home/airflow/.local/lib/python3.8/site-packages/airflow/example_dags/example_params_trigger_ui.py
[2025-11-03T01:35:38.565+0000] {logging_mixin.py:188} INFO - [2025-11-03T01:35:38.561+0000] {dag.py:3036} INFO - Sync 1 DAGs
[2025-11-03T01:35:38.632+0000] {logging_mixin.py:188} INFO - [2025-11-03T01:35:38.632+0000] {dag.py:3823} INFO - Setting next_dagrun for example_params_trigger_ui to None, run_after=None
[2025-11-03T01:35:38.712+0000] {processor.py:183} INFO - Processing /home/airflow/.local/lib/python3.8/site-packages/airflow/example_dags/example_params_trigger_ui.py took 0.612 seconds
[2025-11-03T01:36:09.839+0000] {processor.py:161} INFO - Started process (PID=1052) to work on /home/airflow/.local/lib/python3.8/site-packages/airflow/example_dags/example_params_trigger_ui.py
[2025-11-03T01:36:09.844+0000] {processor.py:830} INFO - Processing file /home/airflow/.local/lib/python3.8/site-packages/airflow/example_dags/example_params_trigger_ui.py for tasks to queue
[2025-11-03T01:36:09.853+0000] {logging_mixin.py:188} INFO - [2025-11-03T01:36:09.852+0000] {dagbag.py:538} INFO - Filling up the DagBag from /home/airflow/.local/lib/python3.8/site-packages/airflow/example_dags/example_params_trigger_ui.py
[2025-11-03T01:36:09.927+0000] {processor.py:840} INFO - DAG(s) 'example_params_trigger_ui' retrieved from /home/airflow/.local/lib/python3.8/site-packages/airflow/example_dags/example_params_trigger_ui.py
[2025-11-03T01:36:10.195+0000] {logging_mixin.py:188} INFO - [2025-11-03T01:36:10.194+0000] {dag.py:3036} INFO - Sync 1 DAGs
[2025-11-03T01:36:10.237+0000] {logging_mixin.py:188} INFO - [2025-11-03T01:36:10.237+0000] {dag.py:3823} INFO - Setting next_dagrun for example_params_trigger_ui to None, run_after=None
[2025-11-03T01:36:10.297+0000] {processor.py:183} INFO - Processing /home/airflow/.local/lib/python3.8/site-packages/airflow/example_dags/example_params_trigger_ui.py took 0.474 seconds
[2025-11-03T01:36:41.175+0000] {processor.py:161} INFO - Started process (PID=1108) to work on /home/airflow/.local/lib/python3.8/site-packages/airflow/example_dags/example_params_trigger_ui.py
[2025-11-03T01:36:41.181+0000] {processor.py:830} INFO - Processing file /home/airflow/.local/lib/python3.8/site-packages/airflow/example_dags/example_params_trigger_ui.py for tasks to queue
[2025-11-03T01:36:41.188+0000] {logging_mixin.py:188} INFO - [2025-11-03T01:36:41.187+0000] {dagbag.py:538} INFO - Filling up the DagBag from /home/airflow/.local/lib/python3.8/site-packages/airflow/example_dags/example_params_trigger_ui.py
[2025-11-03T01:36:41.292+0000] {processor.py:840} INFO - DAG(s) 'example_params_trigger_ui' retrieved from /home/airflow/.local/lib/python3.8/site-packages/airflow/example_dags/example_params_trigger_ui.py
[2025-11-03T01:36:41.659+0000] {logging_mixin.py:188} INFO - [2025-11-03T01:36:41.658+0000] {dag.py:3036} INFO - Sync 1 DAGs
[2025-11-03T01:36:41.740+0000] {logging_mixin.py:188} INFO - [2025-11-03T01:36:41.739+0000] {dag.py:3823} INFO - Setting next_dagrun for example_params_trigger_ui to None, run_after=None
[2025-11-03T01:36:41.855+0000] {processor.py:183} INFO - Processing /home/airflow/.local/lib/python3.8/site-packages/airflow/example_dags/example_params_trigger_ui.py took 0.694 seconds
[2025-11-03T01:37:15.009+0000] {processor.py:161} INFO - Started process (PID=1160) to work on /home/airflow/.local/lib/python3.8/site-packages/airflow/example_dags/example_params_trigger_ui.py
[2025-11-03T01:37:15.021+0000] {processor.py:830} INFO - Processing file /home/airflow/.local/lib/python3.8/site-packages/airflow/example_dags/example_params_trigger_ui.py for tasks to queue
[2025-11-03T01:37:15.029+0000] {logging_mixin.py:188} INFO - [2025-11-03T01:37:15.028+0000] {dagbag.py:538} INFO - Filling up the DagBag from /home/airflow/.local/lib/python3.8/site-packages/airflow/example_dags/example_params_trigger_ui.py
[2025-11-03T01:37:15.111+0000] {processor.py:840} INFO - DAG(s) 'example_params_trigger_ui' retrieved from /home/airflow/.local/lib/python3.8/site-packages/airflow/example_dags/example_params_trigger_ui.py
[2025-11-03T01:37:15.680+0000] {logging_mixin.py:188} INFO - [2025-11-03T01:37:15.679+0000] {dag.py:3036} INFO - Sync 1 DAGs
[2025-11-03T01:37:15.837+0000] {logging_mixin.py:188} INFO - [2025-11-03T01:37:15.836+0000] {dag.py:3823} INFO - Setting next_dagrun for example_params_trigger_ui to None, run_after=None
[2025-11-03T01:37:16.320+0000] {processor.py:183} INFO - Processing /home/airflow/.local/lib/python3.8/site-packages/airflow/example_dags/example_params_trigger_ui.py took 1.329 seconds
[2025-11-03T01:37:51.173+0000] {processor.py:161} INFO - Started process (PID=1205) to work on /home/airflow/.local/lib/python3.8/site-packages/airflow/example_dags/example_params_trigger_ui.py
[2025-11-03T01:37:51.237+0000] {processor.py:830} INFO - Processing file /home/airflow/.local/lib/python3.8/site-packages/airflow/example_dags/example_params_trigger_ui.py for tasks to queue
[2025-11-03T01:37:51.304+0000] {logging_mixin.py:188} INFO - [2025-11-03T01:37:51.289+0000] {dagbag.py:538} INFO - Filling up the DagBag from /home/airflow/.local/lib/python3.8/site-packages/airflow/example_dags/example_params_trigger_ui.py
[2025-11-03T01:37:51.446+0000] {processor.py:840} INFO - DAG(s) 'example_params_trigger_ui' retrieved from /home/airflow/.local/lib/python3.8/site-packages/airflow/example_dags/example_params_trigger_ui.py
[2025-11-03T01:37:52.085+0000] {logging_mixin.py:188} INFO - [2025-11-03T01:37:52.084+0000] {dag.py:3036} INFO - Sync 1 DAGs
[2025-11-03T01:37:52.239+0000] {logging_mixin.py:188} INFO - [2025-11-03T01:37:52.226+0000] {dag.py:3823} INFO - Setting next_dagrun for example_params_trigger_ui to None, run_after=None
[2025-11-03T01:37:52.603+0000] {processor.py:183} INFO - Processing /home/airflow/.local/lib/python3.8/site-packages/airflow/example_dags/example_params_trigger_ui.py took 1.480 seconds
[2025-11-03T01:38:36.689+0000] {processor.py:161} INFO - Started process (PID=1252) to work on /home/airflow/.local/lib/python3.8/site-packages/airflow/example_dags/example_params_trigger_ui.py
[2025-11-03T01:38:36.729+0000] {processor.py:830} INFO - Processing file /home/airflow/.local/lib/python3.8/site-packages/airflow/example_dags/example_params_trigger_ui.py for tasks to queue
[2025-11-03T01:38:36.737+0000] {logging_mixin.py:188} INFO - [2025-11-03T01:38:36.736+0000] {dagbag.py:538} INFO - Filling up the DagBag from /home/airflow/.local/lib/python3.8/site-packages/airflow/example_dags/example_params_trigger_ui.py
[2025-11-03T01:38:36.892+0000] {processor.py:840} INFO - DAG(s) 'example_params_trigger_ui' retrieved from /home/airflow/.local/lib/python3.8/site-packages/airflow/example_dags/example_params_trigger_ui.py
[2025-11-03T01:38:37.552+0000] {logging_mixin.py:188} INFO - [2025-11-03T01:38:37.552+0000] {dag.py:3036} INFO - Sync 1 DAGs
[2025-11-03T01:38:37.804+0000] {logging_mixin.py:188} INFO - [2025-11-03T01:38:37.802+0000] {dag.py:3823} INFO - Setting next_dagrun for example_params_trigger_ui to None, run_after=None
[2025-11-03T01:38:38.084+0000] {processor.py:183} INFO - Processing /home/airflow/.local/lib/python3.8/site-packages/airflow/example_dags/example_params_trigger_ui.py took 1.415 seconds
[2025-11-03T01:39:15.847+0000] {processor.py:161} INFO - Started process (PID=1297) to work on /home/airflow/.local/lib/python3.8/site-packages/airflow/example_dags/example_params_trigger_ui.py
[2025-11-03T01:39:15.862+0000] {processor.py:830} INFO - Processing file /home/airflow/.local/lib/python3.8/site-packages/airflow/example_dags/example_params_trigger_ui.py for tasks to queue
[2025-11-03T01:39:15.868+0000] {logging_mixin.py:188} INFO - [2025-11-03T01:39:15.867+0000] {dagbag.py:538} INFO - Filling up the DagBag from /home/airflow/.local/lib/python3.8/site-packages/airflow/example_dags/example_params_trigger_ui.py
[2025-11-03T01:39:15.976+0000] {processor.py:840} INFO - DAG(s) 'example_params_trigger_ui' retrieved from /home/airflow/.local/lib/python3.8/site-packages/airflow/example_dags/example_params_trigger_ui.py
[2025-11-03T01:39:17.013+0000] {logging_mixin.py:188} INFO - [2025-11-03T01:39:17.013+0000] {dag.py:3036} INFO - Sync 1 DAGs
[2025-11-03T01:39:17.415+0000] {logging_mixin.py:188} INFO - [2025-11-03T01:39:17.415+0000] {dag.py:3823} INFO - Setting next_dagrun for example_params_trigger_ui to None, run_after=None
[2025-11-03T01:39:17.997+0000] {processor.py:183} INFO - Processing /home/airflow/.local/lib/python3.8/site-packages/airflow/example_dags/example_params_trigger_ui.py took 2.183 seconds
[2025-11-03T01:39:51.060+0000] {processor.py:161} INFO - Started process (PID=1357) to work on /home/airflow/.local/lib/python3.8/site-packages/airflow/example_dags/example_params_trigger_ui.py
[2025-11-03T01:39:51.072+0000] {processor.py:830} INFO - Processing file /home/airflow/.local/lib/python3.8/site-packages/airflow/example_dags/example_params_trigger_ui.py for tasks to queue
[2025-11-03T01:39:51.090+0000] {logging_mixin.py:188} INFO - [2025-11-03T01:39:51.089+0000] {dagbag.py:538} INFO - Filling up the DagBag from /home/airflow/.local/lib/python3.8/site-packages/airflow/example_dags/example_params_trigger_ui.py
[2025-11-03T01:39:51.331+0000] {processor.py:840} INFO - DAG(s) 'example_params_trigger_ui' retrieved from /home/airflow/.local/lib/python3.8/site-packages/airflow/example_dags/example_params_trigger_ui.py
[2025-11-03T01:39:51.576+0000] {logging_mixin.py:188} INFO - [2025-11-03T01:39:51.572+0000] {dag.py:3036} INFO - Sync 1 DAGs
[2025-11-03T01:39:51.654+0000] {logging_mixin.py:188} INFO - [2025-11-03T01:39:51.653+0000] {dag.py:3823} INFO - Setting next_dagrun for example_params_trigger_ui to None, run_after=None
[2025-11-03T01:39:51.818+0000] {processor.py:183} INFO - Processing /home/airflow/.local/lib/python3.8/site-packages/airflow/example_dags/example_params_trigger_ui.py took 0.783 seconds
[2025-11-03T01:40:40.506+0000] {processor.py:161} INFO - Started process (PID=1410) to work on /home/airflow/.local/lib/python3.8/site-packages/airflow/example_dags/example_params_trigger_ui.py
[2025-11-03T01:40:42.900+0000] {processor.py:830} INFO - Processing file /home/airflow/.local/lib/python3.8/site-packages/airflow/example_dags/example_params_trigger_ui.py for tasks to queue
[2025-11-03T01:40:44.013+0000] {logging_mixin.py:188} INFO - [2025-11-03T01:40:43.938+0000] {dagbag.py:538} INFO - Filling up the DagBag from /home/airflow/.local/lib/python3.8/site-packages/airflow/example_dags/example_params_trigger_ui.py
[2025-11-03T01:40:49.636+0000] {processor.py:840} INFO - DAG(s) 'example_params_trigger_ui' retrieved from /home/airflow/.local/lib/python3.8/site-packages/airflow/example_dags/example_params_trigger_ui.py
[2025-11-03T01:40:52.210+0000] {logging_mixin.py:188} INFO - [2025-11-03T01:40:52.210+0000] {dag.py:3036} INFO - Sync 1 DAGs
[2025-11-03T01:40:52.864+0000] {logging_mixin.py:188} INFO - [2025-11-03T01:40:52.853+0000] {dag.py:3823} INFO - Setting next_dagrun for example_params_trigger_ui to None, run_after=None
[2025-11-03T01:40:55.090+0000] {processor.py:183} INFO - Processing /home/airflow/.local/lib/python3.8/site-packages/airflow/example_dags/example_params_trigger_ui.py took 18.208 seconds
[2025-11-03T01:43:47.896+0000] {processor.py:161} INFO - Started process (PID=1455) to work on /home/airflow/.local/lib/python3.8/site-packages/airflow/example_dags/example_params_trigger_ui.py
[2025-11-03T01:43:48.154+0000] {processor.py:830} INFO - Processing file /home/airflow/.local/lib/python3.8/site-packages/airflow/example_dags/example_params_trigger_ui.py for tasks to queue
[2025-11-03T01:43:52.037+0000] {logging_mixin.py:188} INFO - [2025-11-03T01:43:51.977+0000] {dagbag.py:538} INFO - Filling up the DagBag from /home/airflow/.local/lib/python3.8/site-packages/airflow/example_dags/example_params_trigger_ui.py
[2025-11-03T01:43:58.962+0000] {processor.py:840} INFO - DAG(s) 'example_params_trigger_ui' retrieved from /home/airflow/.local/lib/python3.8/site-packages/airflow/example_dags/example_params_trigger_ui.py
[2025-11-03T01:44:28.413+0000] {logging_mixin.py:188} INFO - [2025-11-03T01:44:28.412+0000] {dag.py:3036} INFO - Sync 1 DAGs
[2025-11-03T01:44:29.864+0000] {logging_mixin.py:188} INFO - [2025-11-03T01:44:29.861+0000] {dag.py:3823} INFO - Setting next_dagrun for example_params_trigger_ui to None, run_after=None
[2025-11-03T01:44:31.157+0000] {processor.py:183} INFO - Processing /home/airflow/.local/lib/python3.8/site-packages/airflow/example_dags/example_params_trigger_ui.py took 42.327 seconds
[2025-11-03T01:50:23.681+0000] {processor.py:161} INFO - Started process (PID=1555) to work on /home/airflow/.local/lib/python3.8/site-packages/airflow/example_dags/example_params_trigger_ui.py
[2025-11-03T01:50:23.743+0000] {processor.py:830} INFO - Processing file /home/airflow/.local/lib/python3.8/site-packages/airflow/example_dags/example_params_trigger_ui.py for tasks to queue
[2025-11-03T01:50:23.793+0000] {logging_mixin.py:188} INFO - [2025-11-03T01:50:23.791+0000] {dagbag.py:538} INFO - Filling up the DagBag from /home/airflow/.local/lib/python3.8/site-packages/airflow/example_dags/example_params_trigger_ui.py
[2025-11-03T01:50:26.847+0000] {processor.py:840} INFO - DAG(s) 'example_params_trigger_ui' retrieved from /home/airflow/.local/lib/python3.8/site-packages/airflow/example_dags/example_params_trigger_ui.py
[2025-11-03T01:50:46.157+0000] {logging_mixin.py:188} INFO - [2025-11-03T01:50:46.156+0000] {dag.py:3036} INFO - Sync 1 DAGs
[2025-11-03T01:50:51.160+0000] {logging_mixin.py:188} INFO - [2025-11-03T01:50:51.159+0000] {dag.py:3823} INFO - Setting next_dagrun for example_params_trigger_ui to None, run_after=None
[2025-11-03T01:50:53.761+0000] {processor.py:183} INFO - Processing /home/airflow/.local/lib/python3.8/site-packages/airflow/example_dags/example_params_trigger_ui.py took 29.029 seconds
[2025-11-03T02:00:11.254+0000] {processor.py:161} INFO - Started process (PID=1673) to work on /home/airflow/.local/lib/python3.8/site-packages/airflow/example_dags/example_params_trigger_ui.py
[2025-11-03T02:00:11.920+0000] {processor.py:830} INFO - Processing file /home/airflow/.local/lib/python3.8/site-packages/airflow/example_dags/example_params_trigger_ui.py for tasks to queue
[2025-11-03T02:00:11.998+0000] {logging_mixin.py:188} INFO - [2025-11-03T02:00:11.997+0000] {dagbag.py:538} INFO - Filling up the DagBag from /home/airflow/.local/lib/python3.8/site-packages/airflow/example_dags/example_params_trigger_ui.py
[2025-11-03T02:00:16.344+0000] {processor.py:840} INFO - DAG(s) 'example_params_trigger_ui' retrieved from /home/airflow/.local/lib/python3.8/site-packages/airflow/example_dags/example_params_trigger_ui.py
[2025-11-03T02:00:49.687+0000] {logging_mixin.py:188} INFO - [2025-11-03T02:00:49.686+0000] {dag.py:3036} INFO - Sync 1 DAGs
[2025-11-03T02:00:53.223+0000] {logging_mixin.py:188} INFO - [2025-11-03T02:00:53.223+0000] {dag.py:3823} INFO - Setting next_dagrun for example_params_trigger_ui to None, run_after=None
