[2025-11-03T01:13:36.746+0000] {processor.py:161} INFO - Started process (PID=117) to work on /home/airflow/.local/lib/python3.8/site-packages/airflow/example_dags/example_python_decorator.py
[2025-11-03T01:13:36.783+0000] {processor.py:830} INFO - Processing file /home/airflow/.local/lib/python3.8/site-packages/airflow/example_dags/example_python_decorator.py for tasks to queue
[2025-11-03T01:13:36.840+0000] {logging_mixin.py:188} INFO - [2025-11-03T01:13:36.839+0000] {dagbag.py:538} INFO - Filling up the DagBag from /home/airflow/.local/lib/python3.8/site-packages/airflow/example_dags/example_python_decorator.py
[2025-11-03T01:13:37.135+0000] {processor.py:840} INFO - DAG(s) 'example_python_decorator' retrieved from /home/airflow/.local/lib/python3.8/site-packages/airflow/example_dags/example_python_decorator.py
[2025-11-03T01:13:38.157+0000] {logging_mixin.py:188} INFO - [2025-11-03T01:13:38.157+0000] {dag.py:3036} INFO - Sync 1 DAGs
[2025-11-03T01:13:38.266+0000] {logging_mixin.py:188} INFO - [2025-11-03T01:13:38.266+0000] {dag.py:3823} INFO - Setting next_dagrun for example_python_decorator to None, run_after=None
[2025-11-03T01:13:38.570+0000] {processor.py:183} INFO - Processing /home/airflow/.local/lib/python3.8/site-packages/airflow/example_dags/example_python_decorator.py took 1.936 seconds
[2025-11-03T01:14:19.799+0000] {processor.py:161} INFO - Started process (PID=172) to work on /home/airflow/.local/lib/python3.8/site-packages/airflow/example_dags/example_python_decorator.py
[2025-11-03T01:14:19.814+0000] {processor.py:830} INFO - Processing file /home/airflow/.local/lib/python3.8/site-packages/airflow/example_dags/example_python_decorator.py for tasks to queue
[2025-11-03T01:14:19.827+0000] {logging_mixin.py:188} INFO - [2025-11-03T01:14:19.826+0000] {dagbag.py:538} INFO - Filling up the DagBag from /home/airflow/.local/lib/python3.8/site-packages/airflow/example_dags/example_python_decorator.py
[2025-11-03T01:14:20.098+0000] {processor.py:840} INFO - DAG(s) 'example_python_decorator' retrieved from /home/airflow/.local/lib/python3.8/site-packages/airflow/example_dags/example_python_decorator.py
[2025-11-03T01:14:20.546+0000] {logging_mixin.py:188} INFO - [2025-11-03T01:14:20.546+0000] {dag.py:3036} INFO - Sync 1 DAGs
[2025-11-03T01:14:20.959+0000] {logging_mixin.py:188} INFO - [2025-11-03T01:14:20.959+0000] {dag.py:3823} INFO - Setting next_dagrun for example_python_decorator to None, run_after=None
[2025-11-03T01:14:21.456+0000] {processor.py:183} INFO - Processing /home/airflow/.local/lib/python3.8/site-packages/airflow/example_dags/example_python_decorator.py took 1.758 seconds
[2025-11-03T01:15:12.512+0000] {processor.py:161} INFO - Started process (PID=233) to work on /home/airflow/.local/lib/python3.8/site-packages/airflow/example_dags/example_python_decorator.py
[2025-11-03T01:15:12.519+0000] {processor.py:830} INFO - Processing file /home/airflow/.local/lib/python3.8/site-packages/airflow/example_dags/example_python_decorator.py for tasks to queue
[2025-11-03T01:15:12.535+0000] {logging_mixin.py:188} INFO - [2025-11-03T01:15:12.530+0000] {dagbag.py:538} INFO - Filling up the DagBag from /home/airflow/.local/lib/python3.8/site-packages/airflow/example_dags/example_python_decorator.py
[2025-11-03T01:15:12.685+0000] {processor.py:840} INFO - DAG(s) 'example_python_decorator' retrieved from /home/airflow/.local/lib/python3.8/site-packages/airflow/example_dags/example_python_decorator.py
[2025-11-03T01:15:12.819+0000] {logging_mixin.py:188} INFO - [2025-11-03T01:15:12.818+0000] {dag.py:3036} INFO - Sync 1 DAGs
[2025-11-03T01:15:12.966+0000] {logging_mixin.py:188} INFO - [2025-11-03T01:15:12.965+0000] {dag.py:3823} INFO - Setting next_dagrun for example_python_decorator to None, run_after=None
[2025-11-03T01:15:13.075+0000] {processor.py:183} INFO - Processing /home/airflow/.local/lib/python3.8/site-packages/airflow/example_dags/example_python_decorator.py took 0.578 seconds
[2025-11-03T01:15:52.225+0000] {processor.py:161} INFO - Started process (PID=286) to work on /home/airflow/.local/lib/python3.8/site-packages/airflow/example_dags/example_python_decorator.py
[2025-11-03T01:15:52.234+0000] {processor.py:830} INFO - Processing file /home/airflow/.local/lib/python3.8/site-packages/airflow/example_dags/example_python_decorator.py for tasks to queue
[2025-11-03T01:15:52.251+0000] {logging_mixin.py:188} INFO - [2025-11-03T01:15:52.249+0000] {dagbag.py:538} INFO - Filling up the DagBag from /home/airflow/.local/lib/python3.8/site-packages/airflow/example_dags/example_python_decorator.py
[2025-11-03T01:15:52.458+0000] {processor.py:840} INFO - DAG(s) 'example_python_decorator' retrieved from /home/airflow/.local/lib/python3.8/site-packages/airflow/example_dags/example_python_decorator.py
[2025-11-03T01:15:52.622+0000] {logging_mixin.py:188} INFO - [2025-11-03T01:15:52.621+0000] {dag.py:3036} INFO - Sync 1 DAGs
[2025-11-03T01:15:52.970+0000] {logging_mixin.py:188} INFO - [2025-11-03T01:15:52.969+0000] {dag.py:3823} INFO - Setting next_dagrun for example_python_decorator to None, run_after=None
[2025-11-03T01:15:53.280+0000] {processor.py:183} INFO - Processing /home/airflow/.local/lib/python3.8/site-packages/airflow/example_dags/example_python_decorator.py took 1.078 seconds
[2025-11-03T01:16:34.378+0000] {processor.py:161} INFO - Started process (PID=346) to work on /home/airflow/.local/lib/python3.8/site-packages/airflow/example_dags/example_python_decorator.py
[2025-11-03T01:16:34.383+0000] {processor.py:830} INFO - Processing file /home/airflow/.local/lib/python3.8/site-packages/airflow/example_dags/example_python_decorator.py for tasks to queue
[2025-11-03T01:16:34.400+0000] {logging_mixin.py:188} INFO - [2025-11-03T01:16:34.398+0000] {dagbag.py:538} INFO - Filling up the DagBag from /home/airflow/.local/lib/python3.8/site-packages/airflow/example_dags/example_python_decorator.py
[2025-11-03T01:16:34.464+0000] {processor.py:840} INFO - DAG(s) 'example_python_decorator' retrieved from /home/airflow/.local/lib/python3.8/site-packages/airflow/example_dags/example_python_decorator.py
[2025-11-03T01:16:34.983+0000] {logging_mixin.py:188} INFO - [2025-11-03T01:16:34.982+0000] {dag.py:3036} INFO - Sync 1 DAGs
[2025-11-03T01:16:35.028+0000] {logging_mixin.py:188} INFO - [2025-11-03T01:16:35.028+0000] {dag.py:3823} INFO - Setting next_dagrun for example_python_decorator to None, run_after=None
[2025-11-03T01:16:35.143+0000] {processor.py:183} INFO - Processing /home/airflow/.local/lib/python3.8/site-packages/airflow/example_dags/example_python_decorator.py took 0.783 seconds
[2025-11-03T01:17:06.818+0000] {processor.py:161} INFO - Started process (PID=401) to work on /home/airflow/.local/lib/python3.8/site-packages/airflow/example_dags/example_python_decorator.py
[2025-11-03T01:17:06.830+0000] {processor.py:830} INFO - Processing file /home/airflow/.local/lib/python3.8/site-packages/airflow/example_dags/example_python_decorator.py for tasks to queue
[2025-11-03T01:17:06.845+0000] {logging_mixin.py:188} INFO - [2025-11-03T01:17:06.840+0000] {dagbag.py:538} INFO - Filling up the DagBag from /home/airflow/.local/lib/python3.8/site-packages/airflow/example_dags/example_python_decorator.py
[2025-11-03T01:17:06.928+0000] {processor.py:840} INFO - DAG(s) 'example_python_decorator' retrieved from /home/airflow/.local/lib/python3.8/site-packages/airflow/example_dags/example_python_decorator.py
[2025-11-03T01:17:07.075+0000] {logging_mixin.py:188} INFO - [2025-11-03T01:17:07.074+0000] {dag.py:3036} INFO - Sync 1 DAGs
[2025-11-03T01:17:07.132+0000] {logging_mixin.py:188} INFO - [2025-11-03T01:17:07.132+0000] {dag.py:3823} INFO - Setting next_dagrun for example_python_decorator to None, run_after=None
[2025-11-03T01:17:07.243+0000] {processor.py:183} INFO - Processing /home/airflow/.local/lib/python3.8/site-packages/airflow/example_dags/example_python_decorator.py took 0.451 seconds
[2025-11-03T01:17:39.980+0000] {processor.py:161} INFO - Started process (PID=457) to work on /home/airflow/.local/lib/python3.8/site-packages/airflow/example_dags/example_python_decorator.py
[2025-11-03T01:17:40.001+0000] {processor.py:830} INFO - Processing file /home/airflow/.local/lib/python3.8/site-packages/airflow/example_dags/example_python_decorator.py for tasks to queue
[2025-11-03T01:17:40.011+0000] {logging_mixin.py:188} INFO - [2025-11-03T01:17:40.010+0000] {dagbag.py:538} INFO - Filling up the DagBag from /home/airflow/.local/lib/python3.8/site-packages/airflow/example_dags/example_python_decorator.py
[2025-11-03T01:17:40.122+0000] {processor.py:840} INFO - DAG(s) 'example_python_decorator' retrieved from /home/airflow/.local/lib/python3.8/site-packages/airflow/example_dags/example_python_decorator.py
[2025-11-03T01:17:40.293+0000] {logging_mixin.py:188} INFO - [2025-11-03T01:17:40.292+0000] {dag.py:3036} INFO - Sync 1 DAGs
[2025-11-03T01:17:40.405+0000] {logging_mixin.py:188} INFO - [2025-11-03T01:17:40.404+0000] {dag.py:3823} INFO - Setting next_dagrun for example_python_decorator to None, run_after=None
[2025-11-03T01:17:40.623+0000] {processor.py:183} INFO - Processing /home/airflow/.local/lib/python3.8/site-packages/airflow/example_dags/example_python_decorator.py took 0.665 seconds
[2025-11-03T01:18:12.100+0000] {processor.py:161} INFO - Started process (PID=513) to work on /home/airflow/.local/lib/python3.8/site-packages/airflow/example_dags/example_python_decorator.py
[2025-11-03T01:18:12.104+0000] {processor.py:830} INFO - Processing file /home/airflow/.local/lib/python3.8/site-packages/airflow/example_dags/example_python_decorator.py for tasks to queue
[2025-11-03T01:18:12.109+0000] {logging_mixin.py:188} INFO - [2025-11-03T01:18:12.108+0000] {dagbag.py:538} INFO - Filling up the DagBag from /home/airflow/.local/lib/python3.8/site-packages/airflow/example_dags/example_python_decorator.py
[2025-11-03T01:18:12.139+0000] {processor.py:840} INFO - DAG(s) 'example_python_decorator' retrieved from /home/airflow/.local/lib/python3.8/site-packages/airflow/example_dags/example_python_decorator.py
[2025-11-03T01:18:12.186+0000] {logging_mixin.py:188} INFO - [2025-11-03T01:18:12.186+0000] {dag.py:3036} INFO - Sync 1 DAGs
[2025-11-03T01:18:12.212+0000] {logging_mixin.py:188} INFO - [2025-11-03T01:18:12.211+0000] {dag.py:3823} INFO - Setting next_dagrun for example_python_decorator to None, run_after=None
[2025-11-03T01:18:13.413+0000] {processor.py:183} INFO - Processing /home/airflow/.local/lib/python3.8/site-packages/airflow/example_dags/example_python_decorator.py took 1.321 seconds
[2025-11-03T01:18:43.716+0000] {processor.py:161} INFO - Started process (PID=568) to work on /home/airflow/.local/lib/python3.8/site-packages/airflow/example_dags/example_python_decorator.py
[2025-11-03T01:18:43.720+0000] {processor.py:830} INFO - Processing file /home/airflow/.local/lib/python3.8/site-packages/airflow/example_dags/example_python_decorator.py for tasks to queue
[2025-11-03T01:18:43.727+0000] {logging_mixin.py:188} INFO - [2025-11-03T01:18:43.726+0000] {dagbag.py:538} INFO - Filling up the DagBag from /home/airflow/.local/lib/python3.8/site-packages/airflow/example_dags/example_python_decorator.py
[2025-11-03T01:18:43.770+0000] {processor.py:840} INFO - DAG(s) 'example_python_decorator' retrieved from /home/airflow/.local/lib/python3.8/site-packages/airflow/example_dags/example_python_decorator.py
[2025-11-03T01:18:43.896+0000] {logging_mixin.py:188} INFO - [2025-11-03T01:18:43.896+0000] {dag.py:3036} INFO - Sync 1 DAGs
[2025-11-03T01:18:43.958+0000] {logging_mixin.py:188} INFO - [2025-11-03T01:18:43.957+0000] {dag.py:3823} INFO - Setting next_dagrun for example_python_decorator to None, run_after=None
[2025-11-03T01:18:44.042+0000] {processor.py:183} INFO - Processing /home/airflow/.local/lib/python3.8/site-packages/airflow/example_dags/example_python_decorator.py took 0.338 seconds
[2025-11-03T01:19:15.906+0000] {processor.py:161} INFO - Started process (PID=623) to work on /home/airflow/.local/lib/python3.8/site-packages/airflow/example_dags/example_python_decorator.py
[2025-11-03T01:19:15.917+0000] {processor.py:830} INFO - Processing file /home/airflow/.local/lib/python3.8/site-packages/airflow/example_dags/example_python_decorator.py for tasks to queue
[2025-11-03T01:19:15.932+0000] {logging_mixin.py:188} INFO - [2025-11-03T01:19:15.931+0000] {dagbag.py:538} INFO - Filling up the DagBag from /home/airflow/.local/lib/python3.8/site-packages/airflow/example_dags/example_python_decorator.py
[2025-11-03T01:19:16.112+0000] {processor.py:840} INFO - DAG(s) 'example_python_decorator' retrieved from /home/airflow/.local/lib/python3.8/site-packages/airflow/example_dags/example_python_decorator.py
[2025-11-03T01:19:16.637+0000] {logging_mixin.py:188} INFO - [2025-11-03T01:19:16.626+0000] {dag.py:3036} INFO - Sync 1 DAGs
[2025-11-03T01:19:16.820+0000] {logging_mixin.py:188} INFO - [2025-11-03T01:19:16.820+0000] {dag.py:3823} INFO - Setting next_dagrun for example_python_decorator to None, run_after=None
[2025-11-03T01:19:16.967+0000] {processor.py:183} INFO - Processing /home/airflow/.local/lib/python3.8/site-packages/airflow/example_dags/example_python_decorator.py took 1.105 seconds
[2025-11-03T01:19:47.748+0000] {processor.py:161} INFO - Started process (PID=676) to work on /home/airflow/.local/lib/python3.8/site-packages/airflow/example_dags/example_python_decorator.py
[2025-11-03T01:19:47.774+0000] {processor.py:830} INFO - Processing file /home/airflow/.local/lib/python3.8/site-packages/airflow/example_dags/example_python_decorator.py for tasks to queue
[2025-11-03T01:19:47.788+0000] {logging_mixin.py:188} INFO - [2025-11-03T01:19:47.787+0000] {dagbag.py:538} INFO - Filling up the DagBag from /home/airflow/.local/lib/python3.8/site-packages/airflow/example_dags/example_python_decorator.py
[2025-11-03T01:19:47.955+0000] {processor.py:840} INFO - DAG(s) 'example_python_decorator' retrieved from /home/airflow/.local/lib/python3.8/site-packages/airflow/example_dags/example_python_decorator.py
[2025-11-03T01:19:48.198+0000] {logging_mixin.py:188} INFO - [2025-11-03T01:19:48.197+0000] {dag.py:3036} INFO - Sync 1 DAGs
[2025-11-03T01:19:48.309+0000] {logging_mixin.py:188} INFO - [2025-11-03T01:19:48.309+0000] {dag.py:3823} INFO - Setting next_dagrun for example_python_decorator to None, run_after=None
[2025-11-03T01:19:48.513+0000] {processor.py:183} INFO - Processing /home/airflow/.local/lib/python3.8/site-packages/airflow/example_dags/example_python_decorator.py took 0.813 seconds
[2025-11-03T01:20:18.743+0000] {processor.py:161} INFO - Started process (PID=730) to work on /home/airflow/.local/lib/python3.8/site-packages/airflow/example_dags/example_python_decorator.py
[2025-11-03T01:20:18.746+0000] {processor.py:830} INFO - Processing file /home/airflow/.local/lib/python3.8/site-packages/airflow/example_dags/example_python_decorator.py for tasks to queue
[2025-11-03T01:20:18.753+0000] {logging_mixin.py:188} INFO - [2025-11-03T01:20:18.752+0000] {dagbag.py:538} INFO - Filling up the DagBag from /home/airflow/.local/lib/python3.8/site-packages/airflow/example_dags/example_python_decorator.py
[2025-11-03T01:20:18.821+0000] {processor.py:840} INFO - DAG(s) 'example_python_decorator' retrieved from /home/airflow/.local/lib/python3.8/site-packages/airflow/example_dags/example_python_decorator.py
[2025-11-03T01:20:18.953+0000] {logging_mixin.py:188} INFO - [2025-11-03T01:20:18.951+0000] {dag.py:3036} INFO - Sync 1 DAGs
[2025-11-03T01:20:19.021+0000] {logging_mixin.py:188} INFO - [2025-11-03T01:20:19.014+0000] {dag.py:3823} INFO - Setting next_dagrun for example_python_decorator to None, run_after=None
[2025-11-03T01:20:19.139+0000] {processor.py:183} INFO - Processing /home/airflow/.local/lib/python3.8/site-packages/airflow/example_dags/example_python_decorator.py took 0.409 seconds
[2025-11-03T01:20:57.795+0000] {processor.py:161} INFO - Started process (PID=788) to work on /home/airflow/.local/lib/python3.8/site-packages/airflow/example_dags/example_python_decorator.py
[2025-11-03T01:20:57.812+0000] {processor.py:830} INFO - Processing file /home/airflow/.local/lib/python3.8/site-packages/airflow/example_dags/example_python_decorator.py for tasks to queue
[2025-11-03T01:20:57.874+0000] {logging_mixin.py:188} INFO - [2025-11-03T01:20:57.873+0000] {dagbag.py:538} INFO - Filling up the DagBag from /home/airflow/.local/lib/python3.8/site-packages/airflow/example_dags/example_python_decorator.py
[2025-11-03T01:20:58.049+0000] {processor.py:840} INFO - DAG(s) 'example_python_decorator' retrieved from /home/airflow/.local/lib/python3.8/site-packages/airflow/example_dags/example_python_decorator.py
[2025-11-03T01:20:58.444+0000] {logging_mixin.py:188} INFO - [2025-11-03T01:20:58.443+0000] {dag.py:3036} INFO - Sync 1 DAGs
[2025-11-03T01:20:58.673+0000] {logging_mixin.py:188} INFO - [2025-11-03T01:20:58.673+0000] {dag.py:3823} INFO - Setting next_dagrun for example_python_decorator to None, run_after=None
[2025-11-03T01:20:59.007+0000] {processor.py:183} INFO - Processing /home/airflow/.local/lib/python3.8/site-packages/airflow/example_dags/example_python_decorator.py took 1.253 seconds
[2025-11-03T01:25:45.316+0000] {processor.py:161} INFO - Started process (PID=103) to work on /home/airflow/.local/lib/python3.8/site-packages/airflow/example_dags/example_python_decorator.py
[2025-11-03T01:25:45.323+0000] {processor.py:830} INFO - Processing file /home/airflow/.local/lib/python3.8/site-packages/airflow/example_dags/example_python_decorator.py for tasks to queue
[2025-11-03T01:25:45.329+0000] {logging_mixin.py:188} INFO - [2025-11-03T01:25:45.328+0000] {dagbag.py:538} INFO - Filling up the DagBag from /home/airflow/.local/lib/python3.8/site-packages/airflow/example_dags/example_python_decorator.py
[2025-11-03T01:25:45.412+0000] {processor.py:840} INFO - DAG(s) 'example_python_decorator' retrieved from /home/airflow/.local/lib/python3.8/site-packages/airflow/example_dags/example_python_decorator.py
[2025-11-03T01:25:46.123+0000] {logging_mixin.py:188} INFO - [2025-11-03T01:25:46.122+0000] {dag.py:3036} INFO - Sync 1 DAGs
[2025-11-03T01:25:46.284+0000] {logging_mixin.py:188} INFO - [2025-11-03T01:25:46.284+0000] {dag.py:3823} INFO - Setting next_dagrun for example_python_decorator to None, run_after=None
[2025-11-03T01:25:46.512+0000] {processor.py:183} INFO - Processing /home/airflow/.local/lib/python3.8/site-packages/airflow/example_dags/example_python_decorator.py took 1.218 seconds
[2025-11-03T01:26:16.859+0000] {processor.py:161} INFO - Started process (PID=160) to work on /home/airflow/.local/lib/python3.8/site-packages/airflow/example_dags/example_python_decorator.py
[2025-11-03T01:26:16.862+0000] {processor.py:830} INFO - Processing file /home/airflow/.local/lib/python3.8/site-packages/airflow/example_dags/example_python_decorator.py for tasks to queue
[2025-11-03T01:26:16.870+0000] {logging_mixin.py:188} INFO - [2025-11-03T01:26:16.868+0000] {dagbag.py:538} INFO - Filling up the DagBag from /home/airflow/.local/lib/python3.8/site-packages/airflow/example_dags/example_python_decorator.py
[2025-11-03T01:26:16.905+0000] {processor.py:840} INFO - DAG(s) 'example_python_decorator' retrieved from /home/airflow/.local/lib/python3.8/site-packages/airflow/example_dags/example_python_decorator.py
[2025-11-03T01:26:16.960+0000] {logging_mixin.py:188} INFO - [2025-11-03T01:26:16.960+0000] {dag.py:3036} INFO - Sync 1 DAGs
[2025-11-03T01:26:16.994+0000] {logging_mixin.py:188} INFO - [2025-11-03T01:26:16.993+0000] {dag.py:3823} INFO - Setting next_dagrun for example_python_decorator to None, run_after=None
[2025-11-03T01:26:17.044+0000] {processor.py:183} INFO - Processing /home/airflow/.local/lib/python3.8/site-packages/airflow/example_dags/example_python_decorator.py took 0.195 seconds
[2025-11-03T01:26:47.188+0000] {processor.py:161} INFO - Started process (PID=215) to work on /home/airflow/.local/lib/python3.8/site-packages/airflow/example_dags/example_python_decorator.py
[2025-11-03T01:26:47.191+0000] {processor.py:830} INFO - Processing file /home/airflow/.local/lib/python3.8/site-packages/airflow/example_dags/example_python_decorator.py for tasks to queue
[2025-11-03T01:26:47.197+0000] {logging_mixin.py:188} INFO - [2025-11-03T01:26:47.196+0000] {dagbag.py:538} INFO - Filling up the DagBag from /home/airflow/.local/lib/python3.8/site-packages/airflow/example_dags/example_python_decorator.py
[2025-11-03T01:26:47.234+0000] {processor.py:840} INFO - DAG(s) 'example_python_decorator' retrieved from /home/airflow/.local/lib/python3.8/site-packages/airflow/example_dags/example_python_decorator.py
[2025-11-03T01:26:47.290+0000] {logging_mixin.py:188} INFO - [2025-11-03T01:26:47.289+0000] {dag.py:3036} INFO - Sync 1 DAGs
[2025-11-03T01:26:47.319+0000] {logging_mixin.py:188} INFO - [2025-11-03T01:26:47.318+0000] {dag.py:3823} INFO - Setting next_dagrun for example_python_decorator to None, run_after=None
[2025-11-03T01:26:47.365+0000] {processor.py:183} INFO - Processing /home/airflow/.local/lib/python3.8/site-packages/airflow/example_dags/example_python_decorator.py took 0.187 seconds
[2025-11-03T01:27:18.342+0000] {processor.py:161} INFO - Started process (PID=270) to work on /home/airflow/.local/lib/python3.8/site-packages/airflow/example_dags/example_python_decorator.py
[2025-11-03T01:27:18.347+0000] {processor.py:830} INFO - Processing file /home/airflow/.local/lib/python3.8/site-packages/airflow/example_dags/example_python_decorator.py for tasks to queue
[2025-11-03T01:27:18.355+0000] {logging_mixin.py:188} INFO - [2025-11-03T01:27:18.354+0000] {dagbag.py:538} INFO - Filling up the DagBag from /home/airflow/.local/lib/python3.8/site-packages/airflow/example_dags/example_python_decorator.py
[2025-11-03T01:27:18.408+0000] {processor.py:840} INFO - DAG(s) 'example_python_decorator' retrieved from /home/airflow/.local/lib/python3.8/site-packages/airflow/example_dags/example_python_decorator.py
[2025-11-03T01:27:18.500+0000] {logging_mixin.py:188} INFO - [2025-11-03T01:27:18.499+0000] {dag.py:3036} INFO - Sync 1 DAGs
[2025-11-03T01:27:18.562+0000] {logging_mixin.py:188} INFO - [2025-11-03T01:27:18.561+0000] {dag.py:3823} INFO - Setting next_dagrun for example_python_decorator to None, run_after=None
[2025-11-03T01:27:18.642+0000] {processor.py:183} INFO - Processing /home/airflow/.local/lib/python3.8/site-packages/airflow/example_dags/example_python_decorator.py took 0.313 seconds
[2025-11-03T01:27:49.547+0000] {processor.py:161} INFO - Started process (PID=324) to work on /home/airflow/.local/lib/python3.8/site-packages/airflow/example_dags/example_python_decorator.py
[2025-11-03T01:27:49.551+0000] {processor.py:830} INFO - Processing file /home/airflow/.local/lib/python3.8/site-packages/airflow/example_dags/example_python_decorator.py for tasks to queue
[2025-11-03T01:27:49.557+0000] {logging_mixin.py:188} INFO - [2025-11-03T01:27:49.556+0000] {dagbag.py:538} INFO - Filling up the DagBag from /home/airflow/.local/lib/python3.8/site-packages/airflow/example_dags/example_python_decorator.py
[2025-11-03T01:27:49.616+0000] {processor.py:840} INFO - DAG(s) 'example_python_decorator' retrieved from /home/airflow/.local/lib/python3.8/site-packages/airflow/example_dags/example_python_decorator.py
[2025-11-03T01:27:49.726+0000] {logging_mixin.py:188} INFO - [2025-11-03T01:27:49.725+0000] {dag.py:3036} INFO - Sync 1 DAGs
[2025-11-03T01:27:49.765+0000] {logging_mixin.py:188} INFO - [2025-11-03T01:27:49.764+0000] {dag.py:3823} INFO - Setting next_dagrun for example_python_decorator to None, run_after=None
[2025-11-03T01:27:50.019+0000] {processor.py:183} INFO - Processing /home/airflow/.local/lib/python3.8/site-packages/airflow/example_dags/example_python_decorator.py took 0.488 seconds
[2025-11-03T01:28:20.181+0000] {processor.py:161} INFO - Started process (PID=377) to work on /home/airflow/.local/lib/python3.8/site-packages/airflow/example_dags/example_python_decorator.py
[2025-11-03T01:28:20.185+0000] {processor.py:830} INFO - Processing file /home/airflow/.local/lib/python3.8/site-packages/airflow/example_dags/example_python_decorator.py for tasks to queue
[2025-11-03T01:28:20.191+0000] {logging_mixin.py:188} INFO - [2025-11-03T01:28:20.190+0000] {dagbag.py:538} INFO - Filling up the DagBag from /home/airflow/.local/lib/python3.8/site-packages/airflow/example_dags/example_python_decorator.py
[2025-11-03T01:28:20.225+0000] {processor.py:840} INFO - DAG(s) 'example_python_decorator' retrieved from /home/airflow/.local/lib/python3.8/site-packages/airflow/example_dags/example_python_decorator.py
[2025-11-03T01:28:20.262+0000] {logging_mixin.py:188} INFO - [2025-11-03T01:28:20.261+0000] {dag.py:3036} INFO - Sync 1 DAGs
[2025-11-03T01:28:20.295+0000] {logging_mixin.py:188} INFO - [2025-11-03T01:28:20.294+0000] {dag.py:3823} INFO - Setting next_dagrun for example_python_decorator to None, run_after=None
[2025-11-03T01:28:20.340+0000] {processor.py:183} INFO - Processing /home/airflow/.local/lib/python3.8/site-packages/airflow/example_dags/example_python_decorator.py took 0.177 seconds
[2025-11-03T01:28:50.614+0000] {processor.py:161} INFO - Started process (PID=431) to work on /home/airflow/.local/lib/python3.8/site-packages/airflow/example_dags/example_python_decorator.py
[2025-11-03T01:28:50.622+0000] {processor.py:830} INFO - Processing file /home/airflow/.local/lib/python3.8/site-packages/airflow/example_dags/example_python_decorator.py for tasks to queue
[2025-11-03T01:28:50.629+0000] {logging_mixin.py:188} INFO - [2025-11-03T01:28:50.628+0000] {dagbag.py:538} INFO - Filling up the DagBag from /home/airflow/.local/lib/python3.8/site-packages/airflow/example_dags/example_python_decorator.py
[2025-11-03T01:28:50.675+0000] {processor.py:840} INFO - DAG(s) 'example_python_decorator' retrieved from /home/airflow/.local/lib/python3.8/site-packages/airflow/example_dags/example_python_decorator.py
[2025-11-03T01:28:51.016+0000] {logging_mixin.py:188} INFO - [2025-11-03T01:28:51.016+0000] {dag.py:3036} INFO - Sync 1 DAGs
[2025-11-03T01:28:51.048+0000] {logging_mixin.py:188} INFO - [2025-11-03T01:28:51.047+0000] {dag.py:3823} INFO - Setting next_dagrun for example_python_decorator to None, run_after=None
[2025-11-03T01:28:51.126+0000] {processor.py:183} INFO - Processing /home/airflow/.local/lib/python3.8/site-packages/airflow/example_dags/example_python_decorator.py took 0.527 seconds
[2025-11-03T01:29:28.700+0000] {processor.py:161} INFO - Started process (PID=487) to work on /home/airflow/.local/lib/python3.8/site-packages/airflow/example_dags/example_python_decorator.py
[2025-11-03T01:29:28.736+0000] {processor.py:830} INFO - Processing file /home/airflow/.local/lib/python3.8/site-packages/airflow/example_dags/example_python_decorator.py for tasks to queue
[2025-11-03T01:29:28.778+0000] {logging_mixin.py:188} INFO - [2025-11-03T01:29:28.766+0000] {dagbag.py:538} INFO - Filling up the DagBag from /home/airflow/.local/lib/python3.8/site-packages/airflow/example_dags/example_python_decorator.py
[2025-11-03T01:29:28.991+0000] {processor.py:840} INFO - DAG(s) 'example_python_decorator' retrieved from /home/airflow/.local/lib/python3.8/site-packages/airflow/example_dags/example_python_decorator.py
[2025-11-03T01:29:29.386+0000] {logging_mixin.py:188} INFO - [2025-11-03T01:29:29.386+0000] {dag.py:3036} INFO - Sync 1 DAGs
[2025-11-03T01:29:29.711+0000] {logging_mixin.py:188} INFO - [2025-11-03T01:29:29.700+0000] {dag.py:3823} INFO - Setting next_dagrun for example_python_decorator to None, run_after=None
[2025-11-03T01:29:30.134+0000] {processor.py:183} INFO - Processing /home/airflow/.local/lib/python3.8/site-packages/airflow/example_dags/example_python_decorator.py took 1.480 seconds
[2025-11-03T01:30:30.004+0000] {processor.py:161} INFO - Started process (PID=547) to work on /home/airflow/.local/lib/python3.8/site-packages/airflow/example_dags/example_python_decorator.py
[2025-11-03T01:30:30.181+0000] {processor.py:830} INFO - Processing file /home/airflow/.local/lib/python3.8/site-packages/airflow/example_dags/example_python_decorator.py for tasks to queue
[2025-11-03T01:30:30.237+0000] {logging_mixin.py:188} INFO - [2025-11-03T01:30:30.234+0000] {dagbag.py:538} INFO - Filling up the DagBag from /home/airflow/.local/lib/python3.8/site-packages/airflow/example_dags/example_python_decorator.py
[2025-11-03T01:30:30.958+0000] {processor.py:840} INFO - DAG(s) 'example_python_decorator' retrieved from /home/airflow/.local/lib/python3.8/site-packages/airflow/example_dags/example_python_decorator.py
[2025-11-03T01:30:31.743+0000] {logging_mixin.py:188} INFO - [2025-11-03T01:30:31.707+0000] {dag.py:3036} INFO - Sync 1 DAGs
[2025-11-03T01:30:32.146+0000] {logging_mixin.py:188} INFO - [2025-11-03T01:30:32.146+0000] {dag.py:3823} INFO - Setting next_dagrun for example_python_decorator to None, run_after=None
[2025-11-03T01:30:33.102+0000] {processor.py:183} INFO - Processing /home/airflow/.local/lib/python3.8/site-packages/airflow/example_dags/example_python_decorator.py took 3.234 seconds
[2025-11-03T01:31:19.407+0000] {processor.py:161} INFO - Started process (PID=601) to work on /home/airflow/.local/lib/python3.8/site-packages/airflow/example_dags/example_python_decorator.py
[2025-11-03T01:31:19.413+0000] {processor.py:830} INFO - Processing file /home/airflow/.local/lib/python3.8/site-packages/airflow/example_dags/example_python_decorator.py for tasks to queue
[2025-11-03T01:31:19.421+0000] {logging_mixin.py:188} INFO - [2025-11-03T01:31:19.420+0000] {dagbag.py:538} INFO - Filling up the DagBag from /home/airflow/.local/lib/python3.8/site-packages/airflow/example_dags/example_python_decorator.py
[2025-11-03T01:31:19.487+0000] {processor.py:840} INFO - DAG(s) 'example_python_decorator' retrieved from /home/airflow/.local/lib/python3.8/site-packages/airflow/example_dags/example_python_decorator.py
[2025-11-03T01:31:19.565+0000] {logging_mixin.py:188} INFO - [2025-11-03T01:31:19.564+0000] {dag.py:3036} INFO - Sync 1 DAGs
[2025-11-03T01:31:19.613+0000] {logging_mixin.py:188} INFO - [2025-11-03T01:31:19.612+0000] {dag.py:3823} INFO - Setting next_dagrun for example_python_decorator to None, run_after=None
[2025-11-03T01:31:19.675+0000] {processor.py:183} INFO - Processing /home/airflow/.local/lib/python3.8/site-packages/airflow/example_dags/example_python_decorator.py took 0.280 seconds
[2025-11-03T01:31:51.679+0000] {processor.py:161} INFO - Started process (PID=655) to work on /home/airflow/.local/lib/python3.8/site-packages/airflow/example_dags/example_python_decorator.py
[2025-11-03T01:31:51.683+0000] {processor.py:830} INFO - Processing file /home/airflow/.local/lib/python3.8/site-packages/airflow/example_dags/example_python_decorator.py for tasks to queue
[2025-11-03T01:31:51.692+0000] {logging_mixin.py:188} INFO - [2025-11-03T01:31:51.691+0000] {dagbag.py:538} INFO - Filling up the DagBag from /home/airflow/.local/lib/python3.8/site-packages/airflow/example_dags/example_python_decorator.py
[2025-11-03T01:31:51.757+0000] {processor.py:840} INFO - DAG(s) 'example_python_decorator' retrieved from /home/airflow/.local/lib/python3.8/site-packages/airflow/example_dags/example_python_decorator.py
[2025-11-03T01:31:51.896+0000] {logging_mixin.py:188} INFO - [2025-11-03T01:31:51.895+0000] {dag.py:3036} INFO - Sync 1 DAGs
[2025-11-03T01:31:51.959+0000] {logging_mixin.py:188} INFO - [2025-11-03T01:31:51.958+0000] {dag.py:3823} INFO - Setting next_dagrun for example_python_decorator to None, run_after=None
[2025-11-03T01:31:52.102+0000] {processor.py:183} INFO - Processing /home/airflow/.local/lib/python3.8/site-packages/airflow/example_dags/example_python_decorator.py took 0.436 seconds
[2025-11-03T01:32:25.205+0000] {processor.py:161} INFO - Started process (PID=714) to work on /home/airflow/.local/lib/python3.8/site-packages/airflow/example_dags/example_python_decorator.py
[2025-11-03T01:32:25.211+0000] {processor.py:830} INFO - Processing file /home/airflow/.local/lib/python3.8/site-packages/airflow/example_dags/example_python_decorator.py for tasks to queue
[2025-11-03T01:32:25.218+0000] {logging_mixin.py:188} INFO - [2025-11-03T01:32:25.217+0000] {dagbag.py:538} INFO - Filling up the DagBag from /home/airflow/.local/lib/python3.8/site-packages/airflow/example_dags/example_python_decorator.py
[2025-11-03T01:32:25.278+0000] {processor.py:840} INFO - DAG(s) 'example_python_decorator' retrieved from /home/airflow/.local/lib/python3.8/site-packages/airflow/example_dags/example_python_decorator.py
[2025-11-03T01:32:25.385+0000] {logging_mixin.py:188} INFO - [2025-11-03T01:32:25.384+0000] {dag.py:3036} INFO - Sync 1 DAGs
[2025-11-03T01:32:25.441+0000] {logging_mixin.py:188} INFO - [2025-11-03T01:32:25.439+0000] {dag.py:3823} INFO - Setting next_dagrun for example_python_decorator to None, run_after=None
[2025-11-03T01:32:25.555+0000] {processor.py:183} INFO - Processing /home/airflow/.local/lib/python3.8/site-packages/airflow/example_dags/example_python_decorator.py took 0.364 seconds
[2025-11-03T01:33:09.186+0000] {processor.py:161} INFO - Started process (PID=771) to work on /home/airflow/.local/lib/python3.8/site-packages/airflow/example_dags/example_python_decorator.py
[2025-11-03T01:33:09.229+0000] {processor.py:830} INFO - Processing file /home/airflow/.local/lib/python3.8/site-packages/airflow/example_dags/example_python_decorator.py for tasks to queue
[2025-11-03T01:33:09.294+0000] {logging_mixin.py:188} INFO - [2025-11-03T01:33:09.293+0000] {dagbag.py:538} INFO - Filling up the DagBag from /home/airflow/.local/lib/python3.8/site-packages/airflow/example_dags/example_python_decorator.py
[2025-11-03T01:33:09.601+0000] {processor.py:840} INFO - DAG(s) 'example_python_decorator' retrieved from /home/airflow/.local/lib/python3.8/site-packages/airflow/example_dags/example_python_decorator.py
[2025-11-03T01:33:10.166+0000] {logging_mixin.py:188} INFO - [2025-11-03T01:33:10.165+0000] {dag.py:3036} INFO - Sync 1 DAGs
[2025-11-03T01:33:10.707+0000] {logging_mixin.py:188} INFO - [2025-11-03T01:33:10.706+0000] {dag.py:3823} INFO - Setting next_dagrun for example_python_decorator to None, run_after=None
[2025-11-03T01:33:11.398+0000] {processor.py:183} INFO - Processing /home/airflow/.local/lib/python3.8/site-packages/airflow/example_dags/example_python_decorator.py took 2.246 seconds
[2025-11-03T01:33:51.826+0000] {processor.py:161} INFO - Started process (PID=828) to work on /home/airflow/.local/lib/python3.8/site-packages/airflow/example_dags/example_python_decorator.py
[2025-11-03T01:33:51.830+0000] {processor.py:830} INFO - Processing file /home/airflow/.local/lib/python3.8/site-packages/airflow/example_dags/example_python_decorator.py for tasks to queue
[2025-11-03T01:33:51.845+0000] {logging_mixin.py:188} INFO - [2025-11-03T01:33:51.843+0000] {dagbag.py:538} INFO - Filling up the DagBag from /home/airflow/.local/lib/python3.8/site-packages/airflow/example_dags/example_python_decorator.py
[2025-11-03T01:33:51.934+0000] {processor.py:840} INFO - DAG(s) 'example_python_decorator' retrieved from /home/airflow/.local/lib/python3.8/site-packages/airflow/example_dags/example_python_decorator.py
[2025-11-03T01:33:52.101+0000] {logging_mixin.py:188} INFO - [2025-11-03T01:33:52.100+0000] {dag.py:3036} INFO - Sync 1 DAGs
[2025-11-03T01:33:52.179+0000] {logging_mixin.py:188} INFO - [2025-11-03T01:33:52.178+0000] {dag.py:3823} INFO - Setting next_dagrun for example_python_decorator to None, run_after=None
[2025-11-03T01:33:52.250+0000] {processor.py:183} INFO - Processing /home/airflow/.local/lib/python3.8/site-packages/airflow/example_dags/example_python_decorator.py took 0.444 seconds
[2025-11-03T01:34:38.098+0000] {processor.py:161} INFO - Started process (PID=898) to work on /home/airflow/.local/lib/python3.8/site-packages/airflow/example_dags/example_python_decorator.py
[2025-11-03T01:34:38.105+0000] {processor.py:830} INFO - Processing file /home/airflow/.local/lib/python3.8/site-packages/airflow/example_dags/example_python_decorator.py for tasks to queue
[2025-11-03T01:34:38.116+0000] {logging_mixin.py:188} INFO - [2025-11-03T01:34:38.111+0000] {dagbag.py:538} INFO - Filling up the DagBag from /home/airflow/.local/lib/python3.8/site-packages/airflow/example_dags/example_python_decorator.py
[2025-11-03T01:34:38.203+0000] {processor.py:840} INFO - DAG(s) 'example_python_decorator' retrieved from /home/airflow/.local/lib/python3.8/site-packages/airflow/example_dags/example_python_decorator.py
[2025-11-03T01:34:38.346+0000] {logging_mixin.py:188} INFO - [2025-11-03T01:34:38.345+0000] {dag.py:3036} INFO - Sync 1 DAGs
[2025-11-03T01:34:38.429+0000] {logging_mixin.py:188} INFO - [2025-11-03T01:34:38.428+0000] {dag.py:3823} INFO - Setting next_dagrun for example_python_decorator to None, run_after=None
[2025-11-03T01:34:38.519+0000] {processor.py:183} INFO - Processing /home/airflow/.local/lib/python3.8/site-packages/airflow/example_dags/example_python_decorator.py took 0.439 seconds
[2025-11-03T01:35:09.535+0000] {processor.py:161} INFO - Started process (PID=952) to work on /home/airflow/.local/lib/python3.8/site-packages/airflow/example_dags/example_python_decorator.py
[2025-11-03T01:35:09.547+0000] {processor.py:830} INFO - Processing file /home/airflow/.local/lib/python3.8/site-packages/airflow/example_dags/example_python_decorator.py for tasks to queue
[2025-11-03T01:35:09.562+0000] {logging_mixin.py:188} INFO - [2025-11-03T01:35:09.555+0000] {dagbag.py:538} INFO - Filling up the DagBag from /home/airflow/.local/lib/python3.8/site-packages/airflow/example_dags/example_python_decorator.py
[2025-11-03T01:35:09.632+0000] {processor.py:840} INFO - DAG(s) 'example_python_decorator' retrieved from /home/airflow/.local/lib/python3.8/site-packages/airflow/example_dags/example_python_decorator.py
[2025-11-03T01:35:09.797+0000] {logging_mixin.py:188} INFO - [2025-11-03T01:35:09.796+0000] {dag.py:3036} INFO - Sync 1 DAGs
[2025-11-03T01:35:10.075+0000] {logging_mixin.py:188} INFO - [2025-11-03T01:35:10.074+0000] {dag.py:3823} INFO - Setting next_dagrun for example_python_decorator to None, run_after=None
[2025-11-03T01:35:10.350+0000] {processor.py:183} INFO - Processing /home/airflow/.local/lib/python3.8/site-packages/airflow/example_dags/example_python_decorator.py took 0.832 seconds
[2025-11-03T01:35:42.013+0000] {processor.py:161} INFO - Started process (PID=1007) to work on /home/airflow/.local/lib/python3.8/site-packages/airflow/example_dags/example_python_decorator.py
[2025-11-03T01:35:42.015+0000] {processor.py:830} INFO - Processing file /home/airflow/.local/lib/python3.8/site-packages/airflow/example_dags/example_python_decorator.py for tasks to queue
[2025-11-03T01:35:42.022+0000] {logging_mixin.py:188} INFO - [2025-11-03T01:35:42.021+0000] {dagbag.py:538} INFO - Filling up the DagBag from /home/airflow/.local/lib/python3.8/site-packages/airflow/example_dags/example_python_decorator.py
[2025-11-03T01:35:42.065+0000] {processor.py:840} INFO - DAG(s) 'example_python_decorator' retrieved from /home/airflow/.local/lib/python3.8/site-packages/airflow/example_dags/example_python_decorator.py
[2025-11-03T01:35:42.155+0000] {logging_mixin.py:188} INFO - [2025-11-03T01:35:42.155+0000] {dag.py:3036} INFO - Sync 1 DAGs
[2025-11-03T01:35:42.189+0000] {logging_mixin.py:188} INFO - [2025-11-03T01:35:42.189+0000] {dag.py:3823} INFO - Setting next_dagrun for example_python_decorator to None, run_after=None
[2025-11-03T01:35:42.242+0000] {processor.py:183} INFO - Processing /home/airflow/.local/lib/python3.8/site-packages/airflow/example_dags/example_python_decorator.py took 0.241 seconds
[2025-11-03T01:36:13.607+0000] {processor.py:161} INFO - Started process (PID=1062) to work on /home/airflow/.local/lib/python3.8/site-packages/airflow/example_dags/example_python_decorator.py
[2025-11-03T01:36:13.616+0000] {processor.py:830} INFO - Processing file /home/airflow/.local/lib/python3.8/site-packages/airflow/example_dags/example_python_decorator.py for tasks to queue
[2025-11-03T01:36:13.639+0000] {logging_mixin.py:188} INFO - [2025-11-03T01:36:13.627+0000] {dagbag.py:538} INFO - Filling up the DagBag from /home/airflow/.local/lib/python3.8/site-packages/airflow/example_dags/example_python_decorator.py
[2025-11-03T01:36:13.910+0000] {processor.py:840} INFO - DAG(s) 'example_python_decorator' retrieved from /home/airflow/.local/lib/python3.8/site-packages/airflow/example_dags/example_python_decorator.py
[2025-11-03T01:36:14.045+0000] {logging_mixin.py:188} INFO - [2025-11-03T01:36:14.045+0000] {dag.py:3036} INFO - Sync 1 DAGs
[2025-11-03T01:36:14.110+0000] {logging_mixin.py:188} INFO - [2025-11-03T01:36:14.109+0000] {dag.py:3823} INFO - Setting next_dagrun for example_python_decorator to None, run_after=None
[2025-11-03T01:36:14.288+0000] {processor.py:183} INFO - Processing /home/airflow/.local/lib/python3.8/site-packages/airflow/example_dags/example_python_decorator.py took 0.717 seconds
[2025-11-03T01:36:44.945+0000] {processor.py:161} INFO - Started process (PID=1118) to work on /home/airflow/.local/lib/python3.8/site-packages/airflow/example_dags/example_python_decorator.py
[2025-11-03T01:36:44.949+0000] {processor.py:830} INFO - Processing file /home/airflow/.local/lib/python3.8/site-packages/airflow/example_dags/example_python_decorator.py for tasks to queue
[2025-11-03T01:36:44.956+0000] {logging_mixin.py:188} INFO - [2025-11-03T01:36:44.954+0000] {dagbag.py:538} INFO - Filling up the DagBag from /home/airflow/.local/lib/python3.8/site-packages/airflow/example_dags/example_python_decorator.py
[2025-11-03T01:36:45.017+0000] {processor.py:840} INFO - DAG(s) 'example_python_decorator' retrieved from /home/airflow/.local/lib/python3.8/site-packages/airflow/example_dags/example_python_decorator.py
[2025-11-03T01:36:45.137+0000] {logging_mixin.py:188} INFO - [2025-11-03T01:36:45.136+0000] {dag.py:3036} INFO - Sync 1 DAGs
[2025-11-03T01:36:45.265+0000] {logging_mixin.py:188} INFO - [2025-11-03T01:36:45.255+0000] {dag.py:3823} INFO - Setting next_dagrun for example_python_decorator to None, run_after=None
[2025-11-03T01:36:45.503+0000] {processor.py:183} INFO - Processing /home/airflow/.local/lib/python3.8/site-packages/airflow/example_dags/example_python_decorator.py took 0.575 seconds
[2025-11-03T01:37:21.781+0000] {processor.py:161} INFO - Started process (PID=1172) to work on /home/airflow/.local/lib/python3.8/site-packages/airflow/example_dags/example_python_decorator.py
[2025-11-03T01:37:21.785+0000] {processor.py:830} INFO - Processing file /home/airflow/.local/lib/python3.8/site-packages/airflow/example_dags/example_python_decorator.py for tasks to queue
[2025-11-03T01:37:21.830+0000] {logging_mixin.py:188} INFO - [2025-11-03T01:37:21.829+0000] {dagbag.py:538} INFO - Filling up the DagBag from /home/airflow/.local/lib/python3.8/site-packages/airflow/example_dags/example_python_decorator.py
[2025-11-03T01:37:22.020+0000] {processor.py:840} INFO - DAG(s) 'example_python_decorator' retrieved from /home/airflow/.local/lib/python3.8/site-packages/airflow/example_dags/example_python_decorator.py
[2025-11-03T01:37:22.378+0000] {logging_mixin.py:188} INFO - [2025-11-03T01:37:22.378+0000] {dag.py:3036} INFO - Sync 1 DAGs
[2025-11-03T01:37:22.582+0000] {logging_mixin.py:188} INFO - [2025-11-03T01:37:22.581+0000] {dag.py:3823} INFO - Setting next_dagrun for example_python_decorator to None, run_after=None
[2025-11-03T01:37:22.766+0000] {processor.py:183} INFO - Processing /home/airflow/.local/lib/python3.8/site-packages/airflow/example_dags/example_python_decorator.py took 1.029 seconds
[2025-11-03T01:38:22.620+0000] {processor.py:161} INFO - Started process (PID=1241) to work on /home/airflow/.local/lib/python3.8/site-packages/airflow/example_dags/example_python_decorator.py
[2025-11-03T01:38:22.623+0000] {processor.py:830} INFO - Processing file /home/airflow/.local/lib/python3.8/site-packages/airflow/example_dags/example_python_decorator.py for tasks to queue
[2025-11-03T01:38:22.641+0000] {logging_mixin.py:188} INFO - [2025-11-03T01:38:22.639+0000] {dagbag.py:538} INFO - Filling up the DagBag from /home/airflow/.local/lib/python3.8/site-packages/airflow/example_dags/example_python_decorator.py
[2025-11-03T01:38:22.737+0000] {processor.py:840} INFO - DAG(s) 'example_python_decorator' retrieved from /home/airflow/.local/lib/python3.8/site-packages/airflow/example_dags/example_python_decorator.py
[2025-11-03T01:38:22.895+0000] {logging_mixin.py:188} INFO - [2025-11-03T01:38:22.894+0000] {dag.py:3036} INFO - Sync 1 DAGs
[2025-11-03T01:38:23.008+0000] {logging_mixin.py:188} INFO - [2025-11-03T01:38:23.007+0000] {dag.py:3823} INFO - Setting next_dagrun for example_python_decorator to None, run_after=None
[2025-11-03T01:38:23.298+0000] {processor.py:183} INFO - Processing /home/airflow/.local/lib/python3.8/site-packages/airflow/example_dags/example_python_decorator.py took 0.710 seconds
[2025-11-03T01:39:20.797+0000] {processor.py:161} INFO - Started process (PID=1309) to work on /home/airflow/.local/lib/python3.8/site-packages/airflow/example_dags/example_python_decorator.py
[2025-11-03T01:39:20.816+0000] {processor.py:830} INFO - Processing file /home/airflow/.local/lib/python3.8/site-packages/airflow/example_dags/example_python_decorator.py for tasks to queue
[2025-11-03T01:39:20.855+0000] {logging_mixin.py:188} INFO - [2025-11-03T01:39:20.854+0000] {dagbag.py:538} INFO - Filling up the DagBag from /home/airflow/.local/lib/python3.8/site-packages/airflow/example_dags/example_python_decorator.py
[2025-11-03T01:39:21.570+0000] {processor.py:840} INFO - DAG(s) 'example_python_decorator' retrieved from /home/airflow/.local/lib/python3.8/site-packages/airflow/example_dags/example_python_decorator.py
[2025-11-03T01:39:22.067+0000] {logging_mixin.py:188} INFO - [2025-11-03T01:39:22.066+0000] {dag.py:3036} INFO - Sync 1 DAGs
[2025-11-03T01:39:22.292+0000] {logging_mixin.py:188} INFO - [2025-11-03T01:39:22.291+0000] {dag.py:3823} INFO - Setting next_dagrun for example_python_decorator to None, run_after=None
[2025-11-03T01:39:22.522+0000] {processor.py:183} INFO - Processing /home/airflow/.local/lib/python3.8/site-packages/airflow/example_dags/example_python_decorator.py took 1.788 seconds
[2025-11-03T01:39:54.153+0000] {processor.py:161} INFO - Started process (PID=1363) to work on /home/airflow/.local/lib/python3.8/site-packages/airflow/example_dags/example_python_decorator.py
[2025-11-03T01:39:54.157+0000] {processor.py:830} INFO - Processing file /home/airflow/.local/lib/python3.8/site-packages/airflow/example_dags/example_python_decorator.py for tasks to queue
[2025-11-03T01:39:54.176+0000] {logging_mixin.py:188} INFO - [2025-11-03T01:39:54.175+0000] {dagbag.py:538} INFO - Filling up the DagBag from /home/airflow/.local/lib/python3.8/site-packages/airflow/example_dags/example_python_decorator.py
[2025-11-03T01:39:54.404+0000] {processor.py:840} INFO - DAG(s) 'example_python_decorator' retrieved from /home/airflow/.local/lib/python3.8/site-packages/airflow/example_dags/example_python_decorator.py
[2025-11-03T01:39:54.537+0000] {logging_mixin.py:188} INFO - [2025-11-03T01:39:54.536+0000] {dag.py:3036} INFO - Sync 1 DAGs
[2025-11-03T01:39:54.612+0000] {logging_mixin.py:188} INFO - [2025-11-03T01:39:54.611+0000] {dag.py:3823} INFO - Setting next_dagrun for example_python_decorator to None, run_after=None
[2025-11-03T01:39:54.711+0000] {processor.py:183} INFO - Processing /home/airflow/.local/lib/python3.8/site-packages/airflow/example_dags/example_python_decorator.py took 0.624 seconds
[2025-11-03T01:41:52.685+0000] {processor.py:161} INFO - Started process (PID=1427) to work on /home/airflow/.local/lib/python3.8/site-packages/airflow/example_dags/example_python_decorator.py
[2025-11-03T01:41:53.235+0000] {processor.py:830} INFO - Processing file /home/airflow/.local/lib/python3.8/site-packages/airflow/example_dags/example_python_decorator.py for tasks to queue
[2025-11-03T01:41:55.384+0000] {logging_mixin.py:188} INFO - [2025-11-03T01:41:54.781+0000] {dagbag.py:538} INFO - Filling up the DagBag from /home/airflow/.local/lib/python3.8/site-packages/airflow/example_dags/example_python_decorator.py
[2025-11-03T01:42:02.793+0000] {processor.py:840} INFO - DAG(s) 'example_python_decorator' retrieved from /home/airflow/.local/lib/python3.8/site-packages/airflow/example_dags/example_python_decorator.py
[2025-11-03T01:42:08.502+0000] {logging_mixin.py:188} INFO - [2025-11-03T01:42:08.502+0000] {dag.py:3036} INFO - Sync 1 DAGs
[2025-11-03T01:42:12.641+0000] {logging_mixin.py:188} INFO - [2025-11-03T01:42:12.640+0000] {dag.py:3823} INFO - Setting next_dagrun for example_python_decorator to None, run_after=None
[2025-11-03T01:42:17.023+0000] {processor.py:183} INFO - Processing /home/airflow/.local/lib/python3.8/site-packages/airflow/example_dags/example_python_decorator.py took 24.460 seconds
[2025-11-03T01:56:36.310+0000] {processor.py:161} INFO - Started process (PID=1628) to work on /home/airflow/.local/lib/python3.8/site-packages/airflow/example_dags/example_python_decorator.py
[2025-11-03T01:56:36.378+0000] {processor.py:830} INFO - Processing file /home/airflow/.local/lib/python3.8/site-packages/airflow/example_dags/example_python_decorator.py for tasks to queue
[2025-11-03T01:56:36.399+0000] {logging_mixin.py:188} INFO - [2025-11-03T01:56:36.398+0000] {dagbag.py:538} INFO - Filling up the DagBag from /home/airflow/.local/lib/python3.8/site-packages/airflow/example_dags/example_python_decorator.py
[2025-11-03T01:56:44.519+0000] {processor.py:840} INFO - DAG(s) 'example_python_decorator' retrieved from /home/airflow/.local/lib/python3.8/site-packages/airflow/example_dags/example_python_decorator.py
[2025-11-03T01:56:53.833+0000] {logging_mixin.py:188} INFO - [2025-11-03T01:56:53.832+0000] {dag.py:3036} INFO - Sync 1 DAGs
[2025-11-03T01:56:54.747+0000] {logging_mixin.py:188} INFO - [2025-11-03T01:56:54.747+0000] {dag.py:3823} INFO - Setting next_dagrun for example_python_decorator to None, run_after=None
[2025-11-03T01:56:59.662+0000] {processor.py:183} INFO - Processing /home/airflow/.local/lib/python3.8/site-packages/airflow/example_dags/example_python_decorator.py took 22.327 seconds
