[2025-11-03T01:13:29.955+0000] {processor.py:161} INFO - Started process (PID=106) to work on /home/airflow/.local/lib/python3.8/site-packages/airflow/example_dags/example_nested_branch_dag.py
[2025-11-03T01:13:29.970+0000] {processor.py:830} INFO - Processing file /home/airflow/.local/lib/python3.8/site-packages/airflow/example_dags/example_nested_branch_dag.py for tasks to queue
[2025-11-03T01:13:29.986+0000] {logging_mixin.py:188} INFO - [2025-11-03T01:13:29.985+0000] {dagbag.py:538} INFO - Filling up the DagBag from /home/airflow/.local/lib/python3.8/site-packages/airflow/example_dags/example_nested_branch_dag.py
[2025-11-03T01:13:30.054+0000] {processor.py:840} INFO - DAG(s) 'example_nested_branch_dag' retrieved from /home/airflow/.local/lib/python3.8/site-packages/airflow/example_dags/example_nested_branch_dag.py
[2025-11-03T01:13:30.231+0000] {logging_mixin.py:188} INFO - [2025-11-03T01:13:30.231+0000] {dag.py:3036} INFO - Sync 1 DAGs
[2025-11-03T01:13:30.376+0000] {logging_mixin.py:188} INFO - [2025-11-03T01:13:30.376+0000] {dag.py:3823} INFO - Setting next_dagrun for example_nested_branch_dag to 2025-11-02 00:00:00+00:00, run_after=2025-11-03 00:00:00+00:00
[2025-11-03T01:13:30.516+0000] {processor.py:183} INFO - Processing /home/airflow/.local/lib/python3.8/site-packages/airflow/example_dags/example_nested_branch_dag.py took 0.584 seconds
[2025-11-03T01:14:11.211+0000] {processor.py:161} INFO - Started process (PID=161) to work on /home/airflow/.local/lib/python3.8/site-packages/airflow/example_dags/example_nested_branch_dag.py
[2025-11-03T01:14:11.225+0000] {processor.py:830} INFO - Processing file /home/airflow/.local/lib/python3.8/site-packages/airflow/example_dags/example_nested_branch_dag.py for tasks to queue
[2025-11-03T01:14:11.233+0000] {logging_mixin.py:188} INFO - [2025-11-03T01:14:11.232+0000] {dagbag.py:538} INFO - Filling up the DagBag from /home/airflow/.local/lib/python3.8/site-packages/airflow/example_dags/example_nested_branch_dag.py
[2025-11-03T01:14:11.481+0000] {processor.py:840} INFO - DAG(s) 'example_nested_branch_dag' retrieved from /home/airflow/.local/lib/python3.8/site-packages/airflow/example_dags/example_nested_branch_dag.py
[2025-11-03T01:14:11.948+0000] {logging_mixin.py:188} INFO - [2025-11-03T01:14:11.947+0000] {dag.py:3036} INFO - Sync 1 DAGs
[2025-11-03T01:14:12.137+0000] {logging_mixin.py:188} INFO - [2025-11-03T01:14:12.136+0000] {dag.py:3823} INFO - Setting next_dagrun for example_nested_branch_dag to 2025-11-02 00:00:00+00:00, run_after=2025-11-03 00:00:00+00:00
[2025-11-03T01:14:12.271+0000] {processor.py:183} INFO - Processing /home/airflow/.local/lib/python3.8/site-packages/airflow/example_dags/example_nested_branch_dag.py took 1.139 seconds
[2025-11-03T01:15:00.839+0000] {processor.py:161} INFO - Started process (PID=221) to work on /home/airflow/.local/lib/python3.8/site-packages/airflow/example_dags/example_nested_branch_dag.py
[2025-11-03T01:15:00.863+0000] {processor.py:830} INFO - Processing file /home/airflow/.local/lib/python3.8/site-packages/airflow/example_dags/example_nested_branch_dag.py for tasks to queue
[2025-11-03T01:15:00.880+0000] {logging_mixin.py:188} INFO - [2025-11-03T01:15:00.879+0000] {dagbag.py:538} INFO - Filling up the DagBag from /home/airflow/.local/lib/python3.8/site-packages/airflow/example_dags/example_nested_branch_dag.py
[2025-11-03T01:15:00.958+0000] {processor.py:840} INFO - DAG(s) 'example_nested_branch_dag' retrieved from /home/airflow/.local/lib/python3.8/site-packages/airflow/example_dags/example_nested_branch_dag.py
[2025-11-03T01:15:01.084+0000] {logging_mixin.py:188} INFO - [2025-11-03T01:15:01.083+0000] {dag.py:3036} INFO - Sync 1 DAGs
[2025-11-03T01:15:01.357+0000] {logging_mixin.py:188} INFO - [2025-11-03T01:15:01.355+0000] {dag.py:3823} INFO - Setting next_dagrun for example_nested_branch_dag to 2025-11-02 00:00:00+00:00, run_after=2025-11-03 00:00:00+00:00
[2025-11-03T01:15:01.524+0000] {processor.py:183} INFO - Processing /home/airflow/.local/lib/python3.8/site-packages/airflow/example_dags/example_nested_branch_dag.py took 0.734 seconds
[2025-11-03T01:15:44.438+0000] {processor.py:161} INFO - Started process (PID=276) to work on /home/airflow/.local/lib/python3.8/site-packages/airflow/example_dags/example_nested_branch_dag.py
[2025-11-03T01:15:44.455+0000] {processor.py:830} INFO - Processing file /home/airflow/.local/lib/python3.8/site-packages/airflow/example_dags/example_nested_branch_dag.py for tasks to queue
[2025-11-03T01:15:44.486+0000] {logging_mixin.py:188} INFO - [2025-11-03T01:15:44.485+0000] {dagbag.py:538} INFO - Filling up the DagBag from /home/airflow/.local/lib/python3.8/site-packages/airflow/example_dags/example_nested_branch_dag.py
[2025-11-03T01:15:44.654+0000] {processor.py:840} INFO - DAG(s) 'example_nested_branch_dag' retrieved from /home/airflow/.local/lib/python3.8/site-packages/airflow/example_dags/example_nested_branch_dag.py
[2025-11-03T01:15:44.979+0000] {logging_mixin.py:188} INFO - [2025-11-03T01:15:44.978+0000] {dag.py:3036} INFO - Sync 1 DAGs
[2025-11-03T01:15:45.327+0000] {logging_mixin.py:188} INFO - [2025-11-03T01:15:45.326+0000] {dag.py:3823} INFO - Setting next_dagrun for example_nested_branch_dag to 2025-11-02 00:00:00+00:00, run_after=2025-11-03 00:00:00+00:00
[2025-11-03T01:15:45.796+0000] {processor.py:183} INFO - Processing /home/airflow/.local/lib/python3.8/site-packages/airflow/example_dags/example_nested_branch_dag.py took 1.459 seconds
[2025-11-03T01:16:26.235+0000] {processor.py:161} INFO - Started process (PID=330) to work on /home/airflow/.local/lib/python3.8/site-packages/airflow/example_dags/example_nested_branch_dag.py
[2025-11-03T01:16:26.241+0000] {processor.py:830} INFO - Processing file /home/airflow/.local/lib/python3.8/site-packages/airflow/example_dags/example_nested_branch_dag.py for tasks to queue
[2025-11-03T01:16:26.252+0000] {logging_mixin.py:188} INFO - [2025-11-03T01:16:26.251+0000] {dagbag.py:538} INFO - Filling up the DagBag from /home/airflow/.local/lib/python3.8/site-packages/airflow/example_dags/example_nested_branch_dag.py
[2025-11-03T01:16:26.378+0000] {processor.py:840} INFO - DAG(s) 'example_nested_branch_dag' retrieved from /home/airflow/.local/lib/python3.8/site-packages/airflow/example_dags/example_nested_branch_dag.py
[2025-11-03T01:16:27.052+0000] {logging_mixin.py:188} INFO - [2025-11-03T01:16:27.051+0000] {dag.py:3036} INFO - Sync 1 DAGs
[2025-11-03T01:16:27.267+0000] {logging_mixin.py:188} INFO - [2025-11-03T01:16:27.266+0000] {dag.py:3823} INFO - Setting next_dagrun for example_nested_branch_dag to 2025-11-02 00:00:00+00:00, run_after=2025-11-03 00:00:00+00:00
[2025-11-03T01:16:27.401+0000] {processor.py:183} INFO - Processing /home/airflow/.local/lib/python3.8/site-packages/airflow/example_dags/example_nested_branch_dag.py took 1.183 seconds
[2025-11-03T01:16:59.431+0000] {processor.py:161} INFO - Started process (PID=381) to work on /home/airflow/.local/lib/python3.8/site-packages/airflow/example_dags/example_nested_branch_dag.py
[2025-11-03T01:16:59.447+0000] {processor.py:830} INFO - Processing file /home/airflow/.local/lib/python3.8/site-packages/airflow/example_dags/example_nested_branch_dag.py for tasks to queue
[2025-11-03T01:16:59.484+0000] {logging_mixin.py:188} INFO - [2025-11-03T01:16:59.483+0000] {dagbag.py:538} INFO - Filling up the DagBag from /home/airflow/.local/lib/python3.8/site-packages/airflow/example_dags/example_nested_branch_dag.py
[2025-11-03T01:16:59.779+0000] {processor.py:840} INFO - DAG(s) 'example_nested_branch_dag' retrieved from /home/airflow/.local/lib/python3.8/site-packages/airflow/example_dags/example_nested_branch_dag.py
[2025-11-03T01:17:00.355+0000] {logging_mixin.py:188} INFO - [2025-11-03T01:17:00.354+0000] {dag.py:3036} INFO - Sync 1 DAGs
[2025-11-03T01:17:00.692+0000] {logging_mixin.py:188} INFO - [2025-11-03T01:17:00.691+0000] {dag.py:3823} INFO - Setting next_dagrun for example_nested_branch_dag to 2025-11-02 00:00:00+00:00, run_after=2025-11-03 00:00:00+00:00
[2025-11-03T01:17:00.853+0000] {processor.py:183} INFO - Processing /home/airflow/.local/lib/python3.8/site-packages/airflow/example_dags/example_nested_branch_dag.py took 1.533 seconds
[2025-11-03T01:17:31.596+0000] {processor.py:161} INFO - Started process (PID=443) to work on /home/airflow/.local/lib/python3.8/site-packages/airflow/example_dags/example_nested_branch_dag.py
[2025-11-03T01:17:31.613+0000] {processor.py:830} INFO - Processing file /home/airflow/.local/lib/python3.8/site-packages/airflow/example_dags/example_nested_branch_dag.py for tasks to queue
[2025-11-03T01:17:31.636+0000] {logging_mixin.py:188} INFO - [2025-11-03T01:17:31.633+0000] {dagbag.py:538} INFO - Filling up the DagBag from /home/airflow/.local/lib/python3.8/site-packages/airflow/example_dags/example_nested_branch_dag.py
[2025-11-03T01:17:31.933+0000] {processor.py:840} INFO - DAG(s) 'example_nested_branch_dag' retrieved from /home/airflow/.local/lib/python3.8/site-packages/airflow/example_dags/example_nested_branch_dag.py
[2025-11-03T01:17:32.281+0000] {logging_mixin.py:188} INFO - [2025-11-03T01:17:32.280+0000] {dag.py:3036} INFO - Sync 1 DAGs
[2025-11-03T01:17:32.449+0000] {logging_mixin.py:188} INFO - [2025-11-03T01:17:32.449+0000] {dag.py:3823} INFO - Setting next_dagrun for example_nested_branch_dag to 2025-11-02 00:00:00+00:00, run_after=2025-11-03 00:00:00+00:00
[2025-11-03T01:17:32.583+0000] {processor.py:183} INFO - Processing /home/airflow/.local/lib/python3.8/site-packages/airflow/example_dags/example_nested_branch_dag.py took 1.149 seconds
[2025-11-03T01:18:02.897+0000] {processor.py:161} INFO - Started process (PID=499) to work on /home/airflow/.local/lib/python3.8/site-packages/airflow/example_dags/example_nested_branch_dag.py
[2025-11-03T01:18:02.901+0000] {processor.py:830} INFO - Processing file /home/airflow/.local/lib/python3.8/site-packages/airflow/example_dags/example_nested_branch_dag.py for tasks to queue
[2025-11-03T01:18:02.907+0000] {logging_mixin.py:188} INFO - [2025-11-03T01:18:02.906+0000] {dagbag.py:538} INFO - Filling up the DagBag from /home/airflow/.local/lib/python3.8/site-packages/airflow/example_dags/example_nested_branch_dag.py
[2025-11-03T01:18:02.949+0000] {processor.py:840} INFO - DAG(s) 'example_nested_branch_dag' retrieved from /home/airflow/.local/lib/python3.8/site-packages/airflow/example_dags/example_nested_branch_dag.py
[2025-11-03T01:18:03.063+0000] {logging_mixin.py:188} INFO - [2025-11-03T01:18:03.062+0000] {dag.py:3036} INFO - Sync 1 DAGs
[2025-11-03T01:18:03.154+0000] {logging_mixin.py:188} INFO - [2025-11-03T01:18:03.153+0000] {dag.py:3823} INFO - Setting next_dagrun for example_nested_branch_dag to 2025-11-02 00:00:00+00:00, run_after=2025-11-03 00:00:00+00:00
[2025-11-03T01:18:03.266+0000] {processor.py:183} INFO - Processing /home/airflow/.local/lib/python3.8/site-packages/airflow/example_dags/example_nested_branch_dag.py took 0.382 seconds
[2025-11-03T01:18:34.333+0000] {processor.py:161} INFO - Started process (PID=554) to work on /home/airflow/.local/lib/python3.8/site-packages/airflow/example_dags/example_nested_branch_dag.py
[2025-11-03T01:18:34.338+0000] {processor.py:830} INFO - Processing file /home/airflow/.local/lib/python3.8/site-packages/airflow/example_dags/example_nested_branch_dag.py for tasks to queue
[2025-11-03T01:18:34.342+0000] {logging_mixin.py:188} INFO - [2025-11-03T01:18:34.341+0000] {dagbag.py:538} INFO - Filling up the DagBag from /home/airflow/.local/lib/python3.8/site-packages/airflow/example_dags/example_nested_branch_dag.py
[2025-11-03T01:18:34.398+0000] {processor.py:840} INFO - DAG(s) 'example_nested_branch_dag' retrieved from /home/airflow/.local/lib/python3.8/site-packages/airflow/example_dags/example_nested_branch_dag.py
[2025-11-03T01:18:34.557+0000] {logging_mixin.py:188} INFO - [2025-11-03T01:18:34.557+0000] {dag.py:3036} INFO - Sync 1 DAGs
[2025-11-03T01:18:34.654+0000] {logging_mixin.py:188} INFO - [2025-11-03T01:18:34.653+0000] {dag.py:3823} INFO - Setting next_dagrun for example_nested_branch_dag to 2025-11-02 00:00:00+00:00, run_after=2025-11-03 00:00:00+00:00
[2025-11-03T01:18:34.727+0000] {processor.py:183} INFO - Processing /home/airflow/.local/lib/python3.8/site-packages/airflow/example_dags/example_nested_branch_dag.py took 0.409 seconds
[2025-11-03T01:19:05.257+0000] {processor.py:161} INFO - Started process (PID=609) to work on /home/airflow/.local/lib/python3.8/site-packages/airflow/example_dags/example_nested_branch_dag.py
[2025-11-03T01:19:05.269+0000] {processor.py:830} INFO - Processing file /home/airflow/.local/lib/python3.8/site-packages/airflow/example_dags/example_nested_branch_dag.py for tasks to queue
[2025-11-03T01:19:05.300+0000] {logging_mixin.py:188} INFO - [2025-11-03T01:19:05.299+0000] {dagbag.py:538} INFO - Filling up the DagBag from /home/airflow/.local/lib/python3.8/site-packages/airflow/example_dags/example_nested_branch_dag.py
[2025-11-03T01:19:05.445+0000] {processor.py:840} INFO - DAG(s) 'example_nested_branch_dag' retrieved from /home/airflow/.local/lib/python3.8/site-packages/airflow/example_dags/example_nested_branch_dag.py
[2025-11-03T01:19:05.779+0000] {logging_mixin.py:188} INFO - [2025-11-03T01:19:05.778+0000] {dag.py:3036} INFO - Sync 1 DAGs
[2025-11-03T01:19:06.025+0000] {logging_mixin.py:188} INFO - [2025-11-03T01:19:06.024+0000] {dag.py:3823} INFO - Setting next_dagrun for example_nested_branch_dag to 2025-11-02 00:00:00+00:00, run_after=2025-11-03 00:00:00+00:00
[2025-11-03T01:19:06.251+0000] {processor.py:183} INFO - Processing /home/airflow/.local/lib/python3.8/site-packages/airflow/example_dags/example_nested_branch_dag.py took 1.043 seconds
[2025-11-03T01:19:37.071+0000] {processor.py:161} INFO - Started process (PID=664) to work on /home/airflow/.local/lib/python3.8/site-packages/airflow/example_dags/example_nested_branch_dag.py
[2025-11-03T01:19:37.080+0000] {processor.py:830} INFO - Processing file /home/airflow/.local/lib/python3.8/site-packages/airflow/example_dags/example_nested_branch_dag.py for tasks to queue
[2025-11-03T01:19:37.091+0000] {logging_mixin.py:188} INFO - [2025-11-03T01:19:37.089+0000] {dagbag.py:538} INFO - Filling up the DagBag from /home/airflow/.local/lib/python3.8/site-packages/airflow/example_dags/example_nested_branch_dag.py
[2025-11-03T01:19:37.162+0000] {processor.py:840} INFO - DAG(s) 'example_nested_branch_dag' retrieved from /home/airflow/.local/lib/python3.8/site-packages/airflow/example_dags/example_nested_branch_dag.py
[2025-11-03T01:19:37.304+0000] {logging_mixin.py:188} INFO - [2025-11-03T01:19:37.303+0000] {dag.py:3036} INFO - Sync 1 DAGs
[2025-11-03T01:19:37.544+0000] {logging_mixin.py:188} INFO - [2025-11-03T01:19:37.543+0000] {dag.py:3823} INFO - Setting next_dagrun for example_nested_branch_dag to 2025-11-02 00:00:00+00:00, run_after=2025-11-03 00:00:00+00:00
[2025-11-03T01:19:37.718+0000] {processor.py:183} INFO - Processing /home/airflow/.local/lib/python3.8/site-packages/airflow/example_dags/example_nested_branch_dag.py took 0.659 seconds
[2025-11-03T01:20:09.435+0000] {processor.py:161} INFO - Started process (PID=718) to work on /home/airflow/.local/lib/python3.8/site-packages/airflow/example_dags/example_nested_branch_dag.py
[2025-11-03T01:20:09.446+0000] {processor.py:830} INFO - Processing file /home/airflow/.local/lib/python3.8/site-packages/airflow/example_dags/example_nested_branch_dag.py for tasks to queue
[2025-11-03T01:20:09.466+0000] {logging_mixin.py:188} INFO - [2025-11-03T01:20:09.463+0000] {dagbag.py:538} INFO - Filling up the DagBag from /home/airflow/.local/lib/python3.8/site-packages/airflow/example_dags/example_nested_branch_dag.py
[2025-11-03T01:20:09.566+0000] {processor.py:840} INFO - DAG(s) 'example_nested_branch_dag' retrieved from /home/airflow/.local/lib/python3.8/site-packages/airflow/example_dags/example_nested_branch_dag.py
[2025-11-03T01:20:09.776+0000] {logging_mixin.py:188} INFO - [2025-11-03T01:20:09.775+0000] {dag.py:3036} INFO - Sync 1 DAGs
[2025-11-03T01:20:10.189+0000] {logging_mixin.py:188} INFO - [2025-11-03T01:20:10.175+0000] {dag.py:3823} INFO - Setting next_dagrun for example_nested_branch_dag to 2025-11-02 00:00:00+00:00, run_after=2025-11-03 00:00:00+00:00
[2025-11-03T01:20:10.424+0000] {processor.py:183} INFO - Processing /home/airflow/.local/lib/python3.8/site-packages/airflow/example_dags/example_nested_branch_dag.py took 0.999 seconds
[2025-11-03T01:20:42.279+0000] {processor.py:161} INFO - Started process (PID=772) to work on /home/airflow/.local/lib/python3.8/site-packages/airflow/example_dags/example_nested_branch_dag.py
[2025-11-03T01:20:42.302+0000] {processor.py:830} INFO - Processing file /home/airflow/.local/lib/python3.8/site-packages/airflow/example_dags/example_nested_branch_dag.py for tasks to queue
[2025-11-03T01:20:42.320+0000] {logging_mixin.py:188} INFO - [2025-11-03T01:20:42.319+0000] {dagbag.py:538} INFO - Filling up the DagBag from /home/airflow/.local/lib/python3.8/site-packages/airflow/example_dags/example_nested_branch_dag.py
[2025-11-03T01:20:42.431+0000] {processor.py:840} INFO - DAG(s) 'example_nested_branch_dag' retrieved from /home/airflow/.local/lib/python3.8/site-packages/airflow/example_dags/example_nested_branch_dag.py
[2025-11-03T01:20:42.674+0000] {logging_mixin.py:188} INFO - [2025-11-03T01:20:42.673+0000] {dag.py:3036} INFO - Sync 1 DAGs
[2025-11-03T01:20:43.079+0000] {logging_mixin.py:188} INFO - [2025-11-03T01:20:43.078+0000] {dag.py:3823} INFO - Setting next_dagrun for example_nested_branch_dag to 2025-11-02 00:00:00+00:00, run_after=2025-11-03 00:00:00+00:00
[2025-11-03T01:20:43.346+0000] {processor.py:183} INFO - Processing /home/airflow/.local/lib/python3.8/site-packages/airflow/example_dags/example_nested_branch_dag.py took 1.100 seconds
[2025-11-03T01:21:16.327+0000] {processor.py:161} INFO - Started process (PID=826) to work on /home/airflow/.local/lib/python3.8/site-packages/airflow/example_dags/example_nested_branch_dag.py
[2025-11-03T01:21:16.332+0000] {processor.py:830} INFO - Processing file /home/airflow/.local/lib/python3.8/site-packages/airflow/example_dags/example_nested_branch_dag.py for tasks to queue
[2025-11-03T01:21:16.339+0000] {logging_mixin.py:188} INFO - [2025-11-03T01:21:16.338+0000] {dagbag.py:538} INFO - Filling up the DagBag from /home/airflow/.local/lib/python3.8/site-packages/airflow/example_dags/example_nested_branch_dag.py
[2025-11-03T01:21:16.388+0000] {processor.py:840} INFO - DAG(s) 'example_nested_branch_dag' retrieved from /home/airflow/.local/lib/python3.8/site-packages/airflow/example_dags/example_nested_branch_dag.py
[2025-11-03T01:21:16.513+0000] {logging_mixin.py:188} INFO - [2025-11-03T01:21:16.513+0000] {dag.py:3036} INFO - Sync 1 DAGs
[2025-11-03T01:21:16.586+0000] {logging_mixin.py:188} INFO - [2025-11-03T01:21:16.585+0000] {dag.py:3823} INFO - Setting next_dagrun for example_nested_branch_dag to 2025-11-02 00:00:00+00:00, run_after=2025-11-03 00:00:00+00:00
[2025-11-03T01:21:16.684+0000] {processor.py:183} INFO - Processing /home/airflow/.local/lib/python3.8/site-packages/airflow/example_dags/example_nested_branch_dag.py took 0.369 seconds
[2025-11-03T01:25:37.539+0000] {processor.py:161} INFO - Started process (PID=92) to work on /home/airflow/.local/lib/python3.8/site-packages/airflow/example_dags/example_nested_branch_dag.py
[2025-11-03T01:25:37.571+0000] {processor.py:830} INFO - Processing file /home/airflow/.local/lib/python3.8/site-packages/airflow/example_dags/example_nested_branch_dag.py for tasks to queue
[2025-11-03T01:25:38.304+0000] {logging_mixin.py:188} INFO - [2025-11-03T01:25:38.285+0000] {dagbag.py:538} INFO - Filling up the DagBag from /home/airflow/.local/lib/python3.8/site-packages/airflow/example_dags/example_nested_branch_dag.py
[2025-11-03T01:25:38.439+0000] {processor.py:840} INFO - DAG(s) 'example_nested_branch_dag' retrieved from /home/airflow/.local/lib/python3.8/site-packages/airflow/example_dags/example_nested_branch_dag.py
[2025-11-03T01:25:38.790+0000] {logging_mixin.py:188} INFO - [2025-11-03T01:25:38.789+0000] {dag.py:3036} INFO - Sync 1 DAGs
[2025-11-03T01:25:38.947+0000] {logging_mixin.py:188} INFO - [2025-11-03T01:25:38.947+0000] {dag.py:3823} INFO - Setting next_dagrun for example_nested_branch_dag to 2025-11-02 00:00:00+00:00, run_after=2025-11-03 00:00:00+00:00
[2025-11-03T01:25:39.008+0000] {processor.py:183} INFO - Processing /home/airflow/.local/lib/python3.8/site-packages/airflow/example_dags/example_nested_branch_dag.py took 0.833 seconds
[2025-11-03T01:26:09.233+0000] {processor.py:161} INFO - Started process (PID=148) to work on /home/airflow/.local/lib/python3.8/site-packages/airflow/example_dags/example_nested_branch_dag.py
[2025-11-03T01:26:09.237+0000] {processor.py:830} INFO - Processing file /home/airflow/.local/lib/python3.8/site-packages/airflow/example_dags/example_nested_branch_dag.py for tasks to queue
[2025-11-03T01:26:09.243+0000] {logging_mixin.py:188} INFO - [2025-11-03T01:26:09.242+0000] {dagbag.py:538} INFO - Filling up the DagBag from /home/airflow/.local/lib/python3.8/site-packages/airflow/example_dags/example_nested_branch_dag.py
[2025-11-03T01:26:09.264+0000] {processor.py:840} INFO - DAG(s) 'example_nested_branch_dag' retrieved from /home/airflow/.local/lib/python3.8/site-packages/airflow/example_dags/example_nested_branch_dag.py
[2025-11-03T01:26:09.312+0000] {logging_mixin.py:188} INFO - [2025-11-03T01:26:09.311+0000] {dag.py:3036} INFO - Sync 1 DAGs
[2025-11-03T01:26:09.363+0000] {logging_mixin.py:188} INFO - [2025-11-03T01:26:09.362+0000] {dag.py:3823} INFO - Setting next_dagrun for example_nested_branch_dag to 2025-11-02 00:00:00+00:00, run_after=2025-11-03 00:00:00+00:00
[2025-11-03T01:26:09.403+0000] {processor.py:183} INFO - Processing /home/airflow/.local/lib/python3.8/site-packages/airflow/example_dags/example_nested_branch_dag.py took 0.178 seconds
[2025-11-03T01:26:40.516+0000] {processor.py:161} INFO - Started process (PID=203) to work on /home/airflow/.local/lib/python3.8/site-packages/airflow/example_dags/example_nested_branch_dag.py
[2025-11-03T01:26:40.519+0000] {processor.py:830} INFO - Processing file /home/airflow/.local/lib/python3.8/site-packages/airflow/example_dags/example_nested_branch_dag.py for tasks to queue
[2025-11-03T01:26:40.523+0000] {logging_mixin.py:188} INFO - [2025-11-03T01:26:40.523+0000] {dagbag.py:538} INFO - Filling up the DagBag from /home/airflow/.local/lib/python3.8/site-packages/airflow/example_dags/example_nested_branch_dag.py
[2025-11-03T01:26:40.547+0000] {processor.py:840} INFO - DAG(s) 'example_nested_branch_dag' retrieved from /home/airflow/.local/lib/python3.8/site-packages/airflow/example_dags/example_nested_branch_dag.py
[2025-11-03T01:26:40.603+0000] {logging_mixin.py:188} INFO - [2025-11-03T01:26:40.602+0000] {dag.py:3036} INFO - Sync 1 DAGs
[2025-11-03T01:26:40.661+0000] {logging_mixin.py:188} INFO - [2025-11-03T01:26:40.661+0000] {dag.py:3823} INFO - Setting next_dagrun for example_nested_branch_dag to 2025-11-02 00:00:00+00:00, run_after=2025-11-03 00:00:00+00:00
[2025-11-03T01:26:40.704+0000] {processor.py:183} INFO - Processing /home/airflow/.local/lib/python3.8/site-packages/airflow/example_dags/example_nested_branch_dag.py took 0.198 seconds
[2025-11-03T01:27:12.566+0000] {processor.py:161} INFO - Started process (PID=259) to work on /home/airflow/.local/lib/python3.8/site-packages/airflow/example_dags/example_nested_branch_dag.py
[2025-11-03T01:27:12.571+0000] {processor.py:830} INFO - Processing file /home/airflow/.local/lib/python3.8/site-packages/airflow/example_dags/example_nested_branch_dag.py for tasks to queue
[2025-11-03T01:27:12.577+0000] {logging_mixin.py:188} INFO - [2025-11-03T01:27:12.576+0000] {dagbag.py:538} INFO - Filling up the DagBag from /home/airflow/.local/lib/python3.8/site-packages/airflow/example_dags/example_nested_branch_dag.py
[2025-11-03T01:27:12.611+0000] {processor.py:840} INFO - DAG(s) 'example_nested_branch_dag' retrieved from /home/airflow/.local/lib/python3.8/site-packages/airflow/example_dags/example_nested_branch_dag.py
[2025-11-03T01:27:12.692+0000] {logging_mixin.py:188} INFO - [2025-11-03T01:27:12.691+0000] {dag.py:3036} INFO - Sync 1 DAGs
[2025-11-03T01:27:12.792+0000] {logging_mixin.py:188} INFO - [2025-11-03T01:27:12.791+0000] {dag.py:3823} INFO - Setting next_dagrun for example_nested_branch_dag to 2025-11-02 00:00:00+00:00, run_after=2025-11-03 00:00:00+00:00
[2025-11-03T01:27:12.882+0000] {processor.py:183} INFO - Processing /home/airflow/.local/lib/python3.8/site-packages/airflow/example_dags/example_nested_branch_dag.py took 0.328 seconds
[2025-11-03T01:27:44.768+0000] {processor.py:161} INFO - Started process (PID=313) to work on /home/airflow/.local/lib/python3.8/site-packages/airflow/example_dags/example_nested_branch_dag.py
[2025-11-03T01:27:44.774+0000] {processor.py:830} INFO - Processing file /home/airflow/.local/lib/python3.8/site-packages/airflow/example_dags/example_nested_branch_dag.py for tasks to queue
[2025-11-03T01:27:44.780+0000] {logging_mixin.py:188} INFO - [2025-11-03T01:27:44.779+0000] {dagbag.py:538} INFO - Filling up the DagBag from /home/airflow/.local/lib/python3.8/site-packages/airflow/example_dags/example_nested_branch_dag.py
[2025-11-03T01:27:44.846+0000] {processor.py:840} INFO - DAG(s) 'example_nested_branch_dag' retrieved from /home/airflow/.local/lib/python3.8/site-packages/airflow/example_dags/example_nested_branch_dag.py
[2025-11-03T01:27:44.956+0000] {logging_mixin.py:188} INFO - [2025-11-03T01:27:44.955+0000] {dag.py:3036} INFO - Sync 1 DAGs
[2025-11-03T01:27:45.103+0000] {logging_mixin.py:188} INFO - [2025-11-03T01:27:45.100+0000] {dag.py:3823} INFO - Setting next_dagrun for example_nested_branch_dag to 2025-11-02 00:00:00+00:00, run_after=2025-11-03 00:00:00+00:00
[2025-11-03T01:27:45.243+0000] {processor.py:183} INFO - Processing /home/airflow/.local/lib/python3.8/site-packages/airflow/example_dags/example_nested_branch_dag.py took 0.487 seconds
[2025-11-03T01:28:16.334+0000] {processor.py:161} INFO - Started process (PID=367) to work on /home/airflow/.local/lib/python3.8/site-packages/airflow/example_dags/example_nested_branch_dag.py
[2025-11-03T01:28:16.340+0000] {processor.py:830} INFO - Processing file /home/airflow/.local/lib/python3.8/site-packages/airflow/example_dags/example_nested_branch_dag.py for tasks to queue
[2025-11-03T01:28:16.347+0000] {logging_mixin.py:188} INFO - [2025-11-03T01:28:16.346+0000] {dagbag.py:538} INFO - Filling up the DagBag from /home/airflow/.local/lib/python3.8/site-packages/airflow/example_dags/example_nested_branch_dag.py
[2025-11-03T01:28:16.396+0000] {processor.py:840} INFO - DAG(s) 'example_nested_branch_dag' retrieved from /home/airflow/.local/lib/python3.8/site-packages/airflow/example_dags/example_nested_branch_dag.py
[2025-11-03T01:28:16.475+0000] {logging_mixin.py:188} INFO - [2025-11-03T01:28:16.474+0000] {dag.py:3036} INFO - Sync 1 DAGs
[2025-11-03T01:28:17.035+0000] {logging_mixin.py:188} INFO - [2025-11-03T01:28:17.034+0000] {dag.py:3823} INFO - Setting next_dagrun for example_nested_branch_dag to 2025-11-02 00:00:00+00:00, run_after=2025-11-03 00:00:00+00:00
[2025-11-03T01:28:17.089+0000] {processor.py:183} INFO - Processing /home/airflow/.local/lib/python3.8/site-packages/airflow/example_dags/example_nested_branch_dag.py took 0.771 seconds
[2025-11-03T01:28:47.725+0000] {processor.py:161} INFO - Started process (PID=421) to work on /home/airflow/.local/lib/python3.8/site-packages/airflow/example_dags/example_nested_branch_dag.py
[2025-11-03T01:28:47.729+0000] {processor.py:830} INFO - Processing file /home/airflow/.local/lib/python3.8/site-packages/airflow/example_dags/example_nested_branch_dag.py for tasks to queue
[2025-11-03T01:28:47.735+0000] {logging_mixin.py:188} INFO - [2025-11-03T01:28:47.734+0000] {dagbag.py:538} INFO - Filling up the DagBag from /home/airflow/.local/lib/python3.8/site-packages/airflow/example_dags/example_nested_branch_dag.py
[2025-11-03T01:28:47.763+0000] {processor.py:840} INFO - DAG(s) 'example_nested_branch_dag' retrieved from /home/airflow/.local/lib/python3.8/site-packages/airflow/example_dags/example_nested_branch_dag.py
[2025-11-03T01:28:48.147+0000] {logging_mixin.py:188} INFO - [2025-11-03T01:28:48.146+0000] {dag.py:3036} INFO - Sync 1 DAGs
[2025-11-03T01:28:48.247+0000] {logging_mixin.py:188} INFO - [2025-11-03T01:28:48.246+0000] {dag.py:3823} INFO - Setting next_dagrun for example_nested_branch_dag to 2025-11-02 00:00:00+00:00, run_after=2025-11-03 00:00:00+00:00
[2025-11-03T01:28:48.325+0000] {processor.py:183} INFO - Processing /home/airflow/.local/lib/python3.8/site-packages/airflow/example_dags/example_nested_branch_dag.py took 0.609 seconds
[2025-11-03T01:29:20.145+0000] {processor.py:161} INFO - Started process (PID=474) to work on /home/airflow/.local/lib/python3.8/site-packages/airflow/example_dags/example_nested_branch_dag.py
[2025-11-03T01:29:20.148+0000] {processor.py:830} INFO - Processing file /home/airflow/.local/lib/python3.8/site-packages/airflow/example_dags/example_nested_branch_dag.py for tasks to queue
[2025-11-03T01:29:20.154+0000] {logging_mixin.py:188} INFO - [2025-11-03T01:29:20.153+0000] {dagbag.py:538} INFO - Filling up the DagBag from /home/airflow/.local/lib/python3.8/site-packages/airflow/example_dags/example_nested_branch_dag.py
[2025-11-03T01:29:20.181+0000] {processor.py:840} INFO - DAG(s) 'example_nested_branch_dag' retrieved from /home/airflow/.local/lib/python3.8/site-packages/airflow/example_dags/example_nested_branch_dag.py
[2025-11-03T01:29:20.274+0000] {logging_mixin.py:188} INFO - [2025-11-03T01:29:20.273+0000] {dag.py:3036} INFO - Sync 1 DAGs
[2025-11-03T01:29:20.362+0000] {logging_mixin.py:188} INFO - [2025-11-03T01:29:20.361+0000] {dag.py:3823} INFO - Setting next_dagrun for example_nested_branch_dag to 2025-11-02 00:00:00+00:00, run_after=2025-11-03 00:00:00+00:00
[2025-11-03T01:29:20.416+0000] {processor.py:183} INFO - Processing /home/airflow/.local/lib/python3.8/site-packages/airflow/example_dags/example_nested_branch_dag.py took 0.282 seconds
[2025-11-03T01:30:16.786+0000] {processor.py:161} INFO - Started process (PID=530) to work on /home/airflow/.local/lib/python3.8/site-packages/airflow/example_dags/example_nested_branch_dag.py
[2025-11-03T01:30:16.803+0000] {processor.py:830} INFO - Processing file /home/airflow/.local/lib/python3.8/site-packages/airflow/example_dags/example_nested_branch_dag.py for tasks to queue
[2025-11-03T01:30:16.885+0000] {logging_mixin.py:188} INFO - [2025-11-03T01:30:16.882+0000] {dagbag.py:538} INFO - Filling up the DagBag from /home/airflow/.local/lib/python3.8/site-packages/airflow/example_dags/example_nested_branch_dag.py
[2025-11-03T01:30:17.342+0000] {processor.py:840} INFO - DAG(s) 'example_nested_branch_dag' retrieved from /home/airflow/.local/lib/python3.8/site-packages/airflow/example_dags/example_nested_branch_dag.py
[2025-11-03T01:30:18.018+0000] {logging_mixin.py:188} INFO - [2025-11-03T01:30:18.017+0000] {dag.py:3036} INFO - Sync 1 DAGs
[2025-11-03T01:30:18.812+0000] {logging_mixin.py:188} INFO - [2025-11-03T01:30:18.806+0000] {dag.py:3823} INFO - Setting next_dagrun for example_nested_branch_dag to 2025-11-02 00:00:00+00:00, run_after=2025-11-03 00:00:00+00:00
[2025-11-03T01:30:19.200+0000] {processor.py:183} INFO - Processing /home/airflow/.local/lib/python3.8/site-packages/airflow/example_dags/example_nested_branch_dag.py took 2.489 seconds
[2025-11-03T01:31:14.398+0000] {processor.py:161} INFO - Started process (PID=590) to work on /home/airflow/.local/lib/python3.8/site-packages/airflow/example_dags/example_nested_branch_dag.py
[2025-11-03T01:31:14.418+0000] {processor.py:830} INFO - Processing file /home/airflow/.local/lib/python3.8/site-packages/airflow/example_dags/example_nested_branch_dag.py for tasks to queue
[2025-11-03T01:31:14.434+0000] {logging_mixin.py:188} INFO - [2025-11-03T01:31:14.433+0000] {dagbag.py:538} INFO - Filling up the DagBag from /home/airflow/.local/lib/python3.8/site-packages/airflow/example_dags/example_nested_branch_dag.py
[2025-11-03T01:31:14.537+0000] {processor.py:840} INFO - DAG(s) 'example_nested_branch_dag' retrieved from /home/airflow/.local/lib/python3.8/site-packages/airflow/example_dags/example_nested_branch_dag.py
[2025-11-03T01:31:14.727+0000] {logging_mixin.py:188} INFO - [2025-11-03T01:31:14.722+0000] {dag.py:3036} INFO - Sync 1 DAGs
[2025-11-03T01:31:14.995+0000] {logging_mixin.py:188} INFO - [2025-11-03T01:31:14.983+0000] {dag.py:3823} INFO - Setting next_dagrun for example_nested_branch_dag to 2025-11-02 00:00:00+00:00, run_after=2025-11-03 00:00:00+00:00
[2025-11-03T01:31:15.252+0000] {processor.py:183} INFO - Processing /home/airflow/.local/lib/python3.8/site-packages/airflow/example_dags/example_nested_branch_dag.py took 0.877 seconds
[2025-11-03T01:31:48.000+0000] {processor.py:161} INFO - Started process (PID=644) to work on /home/airflow/.local/lib/python3.8/site-packages/airflow/example_dags/example_nested_branch_dag.py
[2025-11-03T01:31:48.004+0000] {processor.py:830} INFO - Processing file /home/airflow/.local/lib/python3.8/site-packages/airflow/example_dags/example_nested_branch_dag.py for tasks to queue
[2025-11-03T01:31:48.012+0000] {logging_mixin.py:188} INFO - [2025-11-03T01:31:48.011+0000] {dagbag.py:538} INFO - Filling up the DagBag from /home/airflow/.local/lib/python3.8/site-packages/airflow/example_dags/example_nested_branch_dag.py
[2025-11-03T01:31:48.063+0000] {processor.py:840} INFO - DAG(s) 'example_nested_branch_dag' retrieved from /home/airflow/.local/lib/python3.8/site-packages/airflow/example_dags/example_nested_branch_dag.py
[2025-11-03T01:31:48.212+0000] {logging_mixin.py:188} INFO - [2025-11-03T01:31:48.212+0000] {dag.py:3036} INFO - Sync 1 DAGs
[2025-11-03T01:31:48.349+0000] {logging_mixin.py:188} INFO - [2025-11-03T01:31:48.348+0000] {dag.py:3823} INFO - Setting next_dagrun for example_nested_branch_dag to 2025-11-02 00:00:00+00:00, run_after=2025-11-03 00:00:00+00:00
[2025-11-03T01:31:48.472+0000] {processor.py:183} INFO - Processing /home/airflow/.local/lib/python3.8/site-packages/airflow/example_dags/example_nested_branch_dag.py took 0.493 seconds
[2025-11-03T01:32:19.527+0000] {processor.py:161} INFO - Started process (PID=698) to work on /home/airflow/.local/lib/python3.8/site-packages/airflow/example_dags/example_nested_branch_dag.py
[2025-11-03T01:32:19.556+0000] {processor.py:830} INFO - Processing file /home/airflow/.local/lib/python3.8/site-packages/airflow/example_dags/example_nested_branch_dag.py for tasks to queue
[2025-11-03T01:32:19.586+0000] {logging_mixin.py:188} INFO - [2025-11-03T01:32:19.585+0000] {dagbag.py:538} INFO - Filling up the DagBag from /home/airflow/.local/lib/python3.8/site-packages/airflow/example_dags/example_nested_branch_dag.py
[2025-11-03T01:32:19.754+0000] {processor.py:840} INFO - DAG(s) 'example_nested_branch_dag' retrieved from /home/airflow/.local/lib/python3.8/site-packages/airflow/example_dags/example_nested_branch_dag.py
[2025-11-03T01:32:19.873+0000] {logging_mixin.py:188} INFO - [2025-11-03T01:32:19.873+0000] {dag.py:3036} INFO - Sync 1 DAGs
[2025-11-03T01:32:20.031+0000] {logging_mixin.py:188} INFO - [2025-11-03T01:32:20.031+0000] {dag.py:3823} INFO - Setting next_dagrun for example_nested_branch_dag to 2025-11-02 00:00:00+00:00, run_after=2025-11-03 00:00:00+00:00
[2025-11-03T01:32:20.205+0000] {processor.py:183} INFO - Processing /home/airflow/.local/lib/python3.8/site-packages/airflow/example_dags/example_nested_branch_dag.py took 0.712 seconds
[2025-11-03T01:32:54.845+0000] {processor.py:161} INFO - Started process (PID=752) to work on /home/airflow/.local/lib/python3.8/site-packages/airflow/example_dags/example_nested_branch_dag.py
[2025-11-03T01:32:54.861+0000] {processor.py:830} INFO - Processing file /home/airflow/.local/lib/python3.8/site-packages/airflow/example_dags/example_nested_branch_dag.py for tasks to queue
[2025-11-03T01:32:54.912+0000] {logging_mixin.py:188} INFO - [2025-11-03T01:32:54.910+0000] {dagbag.py:538} INFO - Filling up the DagBag from /home/airflow/.local/lib/python3.8/site-packages/airflow/example_dags/example_nested_branch_dag.py
[2025-11-03T01:32:55.174+0000] {processor.py:840} INFO - DAG(s) 'example_nested_branch_dag' retrieved from /home/airflow/.local/lib/python3.8/site-packages/airflow/example_dags/example_nested_branch_dag.py
[2025-11-03T01:32:55.612+0000] {logging_mixin.py:188} INFO - [2025-11-03T01:32:55.611+0000] {dag.py:3036} INFO - Sync 1 DAGs
[2025-11-03T01:32:56.023+0000] {logging_mixin.py:188} INFO - [2025-11-03T01:32:56.023+0000] {dag.py:3823} INFO - Setting next_dagrun for example_nested_branch_dag to 2025-11-02 00:00:00+00:00, run_after=2025-11-03 00:00:00+00:00
[2025-11-03T01:32:56.729+0000] {processor.py:183} INFO - Processing /home/airflow/.local/lib/python3.8/site-packages/airflow/example_dags/example_nested_branch_dag.py took 2.044 seconds
[2025-11-03T01:33:40.358+0000] {processor.py:161} INFO - Started process (PID=808) to work on /home/airflow/.local/lib/python3.8/site-packages/airflow/example_dags/example_nested_branch_dag.py
[2025-11-03T01:33:40.397+0000] {processor.py:830} INFO - Processing file /home/airflow/.local/lib/python3.8/site-packages/airflow/example_dags/example_nested_branch_dag.py for tasks to queue
[2025-11-03T01:33:40.409+0000] {logging_mixin.py:188} INFO - [2025-11-03T01:33:40.407+0000] {dagbag.py:538} INFO - Filling up the DagBag from /home/airflow/.local/lib/python3.8/site-packages/airflow/example_dags/example_nested_branch_dag.py
[2025-11-03T01:33:40.525+0000] {processor.py:840} INFO - DAG(s) 'example_nested_branch_dag' retrieved from /home/airflow/.local/lib/python3.8/site-packages/airflow/example_dags/example_nested_branch_dag.py
[2025-11-03T01:33:40.743+0000] {logging_mixin.py:188} INFO - [2025-11-03T01:33:40.743+0000] {dag.py:3036} INFO - Sync 1 DAGs
[2025-11-03T01:33:41.006+0000] {logging_mixin.py:188} INFO - [2025-11-03T01:33:41.005+0000] {dag.py:3823} INFO - Setting next_dagrun for example_nested_branch_dag to 2025-11-02 00:00:00+00:00, run_after=2025-11-03 00:00:00+00:00
[2025-11-03T01:33:41.196+0000] {processor.py:183} INFO - Processing /home/airflow/.local/lib/python3.8/site-packages/airflow/example_dags/example_nested_branch_dag.py took 0.876 seconds
[2025-11-03T01:34:17.012+0000] {processor.py:161} INFO - Started process (PID=864) to work on /home/airflow/.local/lib/python3.8/site-packages/airflow/example_dags/example_nested_branch_dag.py
[2025-11-03T01:34:17.015+0000] {processor.py:830} INFO - Processing file /home/airflow/.local/lib/python3.8/site-packages/airflow/example_dags/example_nested_branch_dag.py for tasks to queue
[2025-11-03T01:34:17.031+0000] {logging_mixin.py:188} INFO - [2025-11-03T01:34:17.030+0000] {dagbag.py:538} INFO - Filling up the DagBag from /home/airflow/.local/lib/python3.8/site-packages/airflow/example_dags/example_nested_branch_dag.py
[2025-11-03T01:34:17.092+0000] {processor.py:840} INFO - DAG(s) 'example_nested_branch_dag' retrieved from /home/airflow/.local/lib/python3.8/site-packages/airflow/example_dags/example_nested_branch_dag.py
[2025-11-03T01:34:17.206+0000] {logging_mixin.py:188} INFO - [2025-11-03T01:34:17.204+0000] {dag.py:3036} INFO - Sync 1 DAGs
[2025-11-03T01:34:17.351+0000] {logging_mixin.py:188} INFO - [2025-11-03T01:34:17.347+0000] {dag.py:3823} INFO - Setting next_dagrun for example_nested_branch_dag to 2025-11-02 00:00:00+00:00, run_after=2025-11-03 00:00:00+00:00
[2025-11-03T01:34:17.531+0000] {processor.py:183} INFO - Processing /home/airflow/.local/lib/python3.8/site-packages/airflow/example_dags/example_nested_branch_dag.py took 0.532 seconds
[2025-11-03T01:34:48.824+0000] {processor.py:161} INFO - Started process (PID=917) to work on /home/airflow/.local/lib/python3.8/site-packages/airflow/example_dags/example_nested_branch_dag.py
[2025-11-03T01:34:48.834+0000] {processor.py:830} INFO - Processing file /home/airflow/.local/lib/python3.8/site-packages/airflow/example_dags/example_nested_branch_dag.py for tasks to queue
[2025-11-03T01:34:48.860+0000] {logging_mixin.py:188} INFO - [2025-11-03T01:34:48.857+0000] {dagbag.py:538} INFO - Filling up the DagBag from /home/airflow/.local/lib/python3.8/site-packages/airflow/example_dags/example_nested_branch_dag.py
[2025-11-03T01:34:48.940+0000] {processor.py:840} INFO - DAG(s) 'example_nested_branch_dag' retrieved from /home/airflow/.local/lib/python3.8/site-packages/airflow/example_dags/example_nested_branch_dag.py
[2025-11-03T01:34:49.194+0000] {logging_mixin.py:188} INFO - [2025-11-03T01:34:49.194+0000] {dag.py:3036} INFO - Sync 1 DAGs
[2025-11-03T01:34:49.623+0000] {logging_mixin.py:188} INFO - [2025-11-03T01:34:49.622+0000] {dag.py:3823} INFO - Setting next_dagrun for example_nested_branch_dag to 2025-11-02 00:00:00+00:00, run_after=2025-11-03 00:00:00+00:00
[2025-11-03T01:34:49.738+0000] {processor.py:183} INFO - Processing /home/airflow/.local/lib/python3.8/site-packages/airflow/example_dags/example_nested_branch_dag.py took 0.943 seconds
[2025-11-03T01:35:19.983+0000] {processor.py:161} INFO - Started process (PID=971) to work on /home/airflow/.local/lib/python3.8/site-packages/airflow/example_dags/example_nested_branch_dag.py
[2025-11-03T01:35:19.988+0000] {processor.py:830} INFO - Processing file /home/airflow/.local/lib/python3.8/site-packages/airflow/example_dags/example_nested_branch_dag.py for tasks to queue
[2025-11-03T01:35:20.001+0000] {logging_mixin.py:188} INFO - [2025-11-03T01:35:19.999+0000] {dagbag.py:538} INFO - Filling up the DagBag from /home/airflow/.local/lib/python3.8/site-packages/airflow/example_dags/example_nested_branch_dag.py
[2025-11-03T01:35:20.037+0000] {processor.py:840} INFO - DAG(s) 'example_nested_branch_dag' retrieved from /home/airflow/.local/lib/python3.8/site-packages/airflow/example_dags/example_nested_branch_dag.py
[2025-11-03T01:35:20.138+0000] {logging_mixin.py:188} INFO - [2025-11-03T01:35:20.137+0000] {dag.py:3036} INFO - Sync 1 DAGs
[2025-11-03T01:35:20.288+0000] {logging_mixin.py:188} INFO - [2025-11-03T01:35:20.288+0000] {dag.py:3823} INFO - Setting next_dagrun for example_nested_branch_dag to 2025-11-02 00:00:00+00:00, run_after=2025-11-03 00:00:00+00:00
[2025-11-03T01:35:20.362+0000] {processor.py:183} INFO - Processing /home/airflow/.local/lib/python3.8/site-packages/airflow/example_dags/example_nested_branch_dag.py took 0.395 seconds
[2025-11-03T01:35:50.624+0000] {processor.py:161} INFO - Started process (PID=1026) to work on /home/airflow/.local/lib/python3.8/site-packages/airflow/example_dags/example_nested_branch_dag.py
[2025-11-03T01:35:50.632+0000] {processor.py:830} INFO - Processing file /home/airflow/.local/lib/python3.8/site-packages/airflow/example_dags/example_nested_branch_dag.py for tasks to queue
[2025-11-03T01:35:50.640+0000] {logging_mixin.py:188} INFO - [2025-11-03T01:35:50.638+0000] {dagbag.py:538} INFO - Filling up the DagBag from /home/airflow/.local/lib/python3.8/site-packages/airflow/example_dags/example_nested_branch_dag.py
[2025-11-03T01:35:50.728+0000] {processor.py:840} INFO - DAG(s) 'example_nested_branch_dag' retrieved from /home/airflow/.local/lib/python3.8/site-packages/airflow/example_dags/example_nested_branch_dag.py
[2025-11-03T01:35:50.857+0000] {logging_mixin.py:188} INFO - [2025-11-03T01:35:50.854+0000] {dag.py:3036} INFO - Sync 1 DAGs
[2025-11-03T01:35:51.089+0000] {logging_mixin.py:188} INFO - [2025-11-03T01:35:51.088+0000] {dag.py:3823} INFO - Setting next_dagrun for example_nested_branch_dag to 2025-11-02 00:00:00+00:00, run_after=2025-11-03 00:00:00+00:00
[2025-11-03T01:35:51.384+0000] {processor.py:183} INFO - Processing /home/airflow/.local/lib/python3.8/site-packages/airflow/example_dags/example_nested_branch_dag.py took 0.772 seconds
[2025-11-03T01:36:22.265+0000] {processor.py:161} INFO - Started process (PID=1081) to work on /home/airflow/.local/lib/python3.8/site-packages/airflow/example_dags/example_nested_branch_dag.py
[2025-11-03T01:36:22.272+0000] {processor.py:830} INFO - Processing file /home/airflow/.local/lib/python3.8/site-packages/airflow/example_dags/example_nested_branch_dag.py for tasks to queue
[2025-11-03T01:36:22.278+0000] {logging_mixin.py:188} INFO - [2025-11-03T01:36:22.277+0000] {dagbag.py:538} INFO - Filling up the DagBag from /home/airflow/.local/lib/python3.8/site-packages/airflow/example_dags/example_nested_branch_dag.py
[2025-11-03T01:36:22.311+0000] {processor.py:840} INFO - DAG(s) 'example_nested_branch_dag' retrieved from /home/airflow/.local/lib/python3.8/site-packages/airflow/example_dags/example_nested_branch_dag.py
[2025-11-03T01:36:22.411+0000] {logging_mixin.py:188} INFO - [2025-11-03T01:36:22.410+0000] {dag.py:3036} INFO - Sync 1 DAGs
[2025-11-03T01:36:22.506+0000] {logging_mixin.py:188} INFO - [2025-11-03T01:36:22.506+0000] {dag.py:3823} INFO - Setting next_dagrun for example_nested_branch_dag to 2025-11-02 00:00:00+00:00, run_after=2025-11-03 00:00:00+00:00
[2025-11-03T01:36:22.570+0000] {processor.py:183} INFO - Processing /home/airflow/.local/lib/python3.8/site-packages/airflow/example_dags/example_nested_branch_dag.py took 0.319 seconds
[2025-11-03T01:36:53.812+0000] {processor.py:161} INFO - Started process (PID=1137) to work on /home/airflow/.local/lib/python3.8/site-packages/airflow/example_dags/example_nested_branch_dag.py
[2025-11-03T01:36:53.816+0000] {processor.py:830} INFO - Processing file /home/airflow/.local/lib/python3.8/site-packages/airflow/example_dags/example_nested_branch_dag.py for tasks to queue
[2025-11-03T01:36:53.822+0000] {logging_mixin.py:188} INFO - [2025-11-03T01:36:53.821+0000] {dagbag.py:538} INFO - Filling up the DagBag from /home/airflow/.local/lib/python3.8/site-packages/airflow/example_dags/example_nested_branch_dag.py
[2025-11-03T01:36:53.857+0000] {processor.py:840} INFO - DAG(s) 'example_nested_branch_dag' retrieved from /home/airflow/.local/lib/python3.8/site-packages/airflow/example_dags/example_nested_branch_dag.py
[2025-11-03T01:36:53.996+0000] {logging_mixin.py:188} INFO - [2025-11-03T01:36:53.995+0000] {dag.py:3036} INFO - Sync 1 DAGs
[2025-11-03T01:36:54.115+0000] {logging_mixin.py:188} INFO - [2025-11-03T01:36:54.115+0000] {dag.py:3823} INFO - Setting next_dagrun for example_nested_branch_dag to 2025-11-02 00:00:00+00:00, run_after=2025-11-03 00:00:00+00:00
[2025-11-03T01:36:54.232+0000] {processor.py:183} INFO - Processing /home/airflow/.local/lib/python3.8/site-packages/airflow/example_dags/example_nested_branch_dag.py took 0.434 seconds
[2025-11-03T01:37:36.570+0000] {processor.py:161} INFO - Started process (PID=1185) to work on /home/airflow/.local/lib/python3.8/site-packages/airflow/example_dags/example_nested_branch_dag.py
[2025-11-03T01:37:36.645+0000] {processor.py:830} INFO - Processing file /home/airflow/.local/lib/python3.8/site-packages/airflow/example_dags/example_nested_branch_dag.py for tasks to queue
[2025-11-03T01:37:36.680+0000] {logging_mixin.py:188} INFO - [2025-11-03T01:37:36.678+0000] {dagbag.py:538} INFO - Filling up the DagBag from /home/airflow/.local/lib/python3.8/site-packages/airflow/example_dags/example_nested_branch_dag.py
[2025-11-03T01:37:36.840+0000] {processor.py:840} INFO - DAG(s) 'example_nested_branch_dag' retrieved from /home/airflow/.local/lib/python3.8/site-packages/airflow/example_dags/example_nested_branch_dag.py
[2025-11-03T01:37:37.127+0000] {logging_mixin.py:188} INFO - [2025-11-03T01:37:37.126+0000] {dag.py:3036} INFO - Sync 1 DAGs
[2025-11-03T01:37:37.439+0000] {logging_mixin.py:188} INFO - [2025-11-03T01:37:37.425+0000] {dag.py:3823} INFO - Setting next_dagrun for example_nested_branch_dag to 2025-11-02 00:00:00+00:00, run_after=2025-11-03 00:00:00+00:00
[2025-11-03T01:37:37.914+0000] {processor.py:183} INFO - Processing /home/airflow/.local/lib/python3.8/site-packages/airflow/example_dags/example_nested_branch_dag.py took 1.377 seconds
[2025-11-03T01:38:38.310+0000] {processor.py:161} INFO - Started process (PID=1254) to work on /home/airflow/.local/lib/python3.8/site-packages/airflow/example_dags/example_nested_branch_dag.py
[2025-11-03T01:38:38.318+0000] {processor.py:830} INFO - Processing file /home/airflow/.local/lib/python3.8/site-packages/airflow/example_dags/example_nested_branch_dag.py for tasks to queue
[2025-11-03T01:38:38.336+0000] {logging_mixin.py:188} INFO - [2025-11-03T01:38:38.323+0000] {dagbag.py:538} INFO - Filling up the DagBag from /home/airflow/.local/lib/python3.8/site-packages/airflow/example_dags/example_nested_branch_dag.py
[2025-11-03T01:38:38.471+0000] {processor.py:840} INFO - DAG(s) 'example_nested_branch_dag' retrieved from /home/airflow/.local/lib/python3.8/site-packages/airflow/example_dags/example_nested_branch_dag.py
[2025-11-03T01:38:38.652+0000] {logging_mixin.py:188} INFO - [2025-11-03T01:38:38.652+0000] {dag.py:3036} INFO - Sync 1 DAGs
[2025-11-03T01:38:38.890+0000] {logging_mixin.py:188} INFO - [2025-11-03T01:38:38.890+0000] {dag.py:3823} INFO - Setting next_dagrun for example_nested_branch_dag to 2025-11-02 00:00:00+00:00, run_after=2025-11-03 00:00:00+00:00
[2025-11-03T01:38:39.086+0000] {processor.py:183} INFO - Processing /home/airflow/.local/lib/python3.8/site-packages/airflow/example_dags/example_nested_branch_dag.py took 0.803 seconds
[2025-11-03T01:39:25.860+0000] {processor.py:161} INFO - Started process (PID=1319) to work on /home/airflow/.local/lib/python3.8/site-packages/airflow/example_dags/example_nested_branch_dag.py
[2025-11-03T01:39:25.877+0000] {processor.py:830} INFO - Processing file /home/airflow/.local/lib/python3.8/site-packages/airflow/example_dags/example_nested_branch_dag.py for tasks to queue
[2025-11-03T01:39:25.906+0000] {logging_mixin.py:188} INFO - [2025-11-03T01:39:25.904+0000] {dagbag.py:538} INFO - Filling up the DagBag from /home/airflow/.local/lib/python3.8/site-packages/airflow/example_dags/example_nested_branch_dag.py
[2025-11-03T01:39:26.018+0000] {processor.py:840} INFO - DAG(s) 'example_nested_branch_dag' retrieved from /home/airflow/.local/lib/python3.8/site-packages/airflow/example_dags/example_nested_branch_dag.py
[2025-11-03T01:39:26.242+0000] {logging_mixin.py:188} INFO - [2025-11-03T01:39:26.240+0000] {dag.py:3036} INFO - Sync 1 DAGs
[2025-11-03T01:39:26.552+0000] {logging_mixin.py:188} INFO - [2025-11-03T01:39:26.551+0000] {dag.py:3823} INFO - Setting next_dagrun for example_nested_branch_dag to 2025-11-02 00:00:00+00:00, run_after=2025-11-03 00:00:00+00:00
[2025-11-03T01:39:26.928+0000] {processor.py:183} INFO - Processing /home/airflow/.local/lib/python3.8/site-packages/airflow/example_dags/example_nested_branch_dag.py took 1.103 seconds
[2025-11-03T01:39:59.252+0000] {processor.py:161} INFO - Started process (PID=1373) to work on /home/airflow/.local/lib/python3.8/site-packages/airflow/example_dags/example_nested_branch_dag.py
[2025-11-03T01:39:59.256+0000] {processor.py:830} INFO - Processing file /home/airflow/.local/lib/python3.8/site-packages/airflow/example_dags/example_nested_branch_dag.py for tasks to queue
[2025-11-03T01:39:59.331+0000] {logging_mixin.py:188} INFO - [2025-11-03T01:39:59.330+0000] {dagbag.py:538} INFO - Filling up the DagBag from /home/airflow/.local/lib/python3.8/site-packages/airflow/example_dags/example_nested_branch_dag.py
[2025-11-03T01:39:59.451+0000] {processor.py:840} INFO - DAG(s) 'example_nested_branch_dag' retrieved from /home/airflow/.local/lib/python3.8/site-packages/airflow/example_dags/example_nested_branch_dag.py
[2025-11-03T01:39:59.793+0000] {logging_mixin.py:188} INFO - [2025-11-03T01:39:59.792+0000] {dag.py:3036} INFO - Sync 1 DAGs
[2025-11-03T01:40:00.138+0000] {logging_mixin.py:188} INFO - [2025-11-03T01:40:00.138+0000] {dag.py:3823} INFO - Setting next_dagrun for example_nested_branch_dag to 2025-11-02 00:00:00+00:00, run_after=2025-11-03 00:00:00+00:00
[2025-11-03T01:40:00.357+0000] {processor.py:183} INFO - Processing /home/airflow/.local/lib/python3.8/site-packages/airflow/example_dags/example_nested_branch_dag.py took 1.125 seconds
[2025-11-03T01:46:34.126+0000] {processor.py:161} INFO - Started process (PID=1491) to work on /home/airflow/.local/lib/python3.8/site-packages/airflow/example_dags/example_nested_branch_dag.py
[2025-11-03T01:46:34.259+0000] {processor.py:830} INFO - Processing file /home/airflow/.local/lib/python3.8/site-packages/airflow/example_dags/example_nested_branch_dag.py for tasks to queue
[2025-11-03T01:46:34.347+0000] {logging_mixin.py:188} INFO - [2025-11-03T01:46:34.347+0000] {dagbag.py:538} INFO - Filling up the DagBag from /home/airflow/.local/lib/python3.8/site-packages/airflow/example_dags/example_nested_branch_dag.py
[2025-11-03T01:46:36.323+0000] {processor.py:840} INFO - DAG(s) 'example_nested_branch_dag' retrieved from /home/airflow/.local/lib/python3.8/site-packages/airflow/example_dags/example_nested_branch_dag.py
[2025-11-03T01:46:55.221+0000] {logging_mixin.py:188} INFO - [2025-11-03T01:46:55.220+0000] {dag.py:3036} INFO - Sync 1 DAGs
[2025-11-03T01:47:11.301+0000] {logging_mixin.py:188} INFO - [2025-11-03T01:47:11.273+0000] {dag.py:3823} INFO - Setting next_dagrun for example_nested_branch_dag to 2025-11-02 00:00:00+00:00, run_after=2025-11-03 00:00:00+00:00
[2025-11-03T01:47:17.259+0000] {processor.py:183} INFO - Processing /home/airflow/.local/lib/python3.8/site-packages/airflow/example_dags/example_nested_branch_dag.py took 42.103 seconds
[2025-11-03T01:53:44.299+0000] {processor.py:161} INFO - Started process (PID=1600) to work on /home/airflow/.local/lib/python3.8/site-packages/airflow/example_dags/example_nested_branch_dag.py
[2025-11-03T01:53:44.373+0000] {processor.py:830} INFO - Processing file /home/airflow/.local/lib/python3.8/site-packages/airflow/example_dags/example_nested_branch_dag.py for tasks to queue
[2025-11-03T01:53:44.405+0000] {logging_mixin.py:188} INFO - [2025-11-03T01:53:44.404+0000] {dagbag.py:538} INFO - Filling up the DagBag from /home/airflow/.local/lib/python3.8/site-packages/airflow/example_dags/example_nested_branch_dag.py
[2025-11-03T01:53:44.855+0000] {processor.py:840} INFO - DAG(s) 'example_nested_branch_dag' retrieved from /home/airflow/.local/lib/python3.8/site-packages/airflow/example_dags/example_nested_branch_dag.py
[2025-11-03T01:53:51.366+0000] {logging_mixin.py:188} INFO - [2025-11-03T01:53:51.365+0000] {dag.py:3036} INFO - Sync 1 DAGs
[2025-11-03T01:53:52.270+0000] {logging_mixin.py:188} INFO - [2025-11-03T01:53:52.239+0000] {dag.py:3823} INFO - Setting next_dagrun for example_nested_branch_dag to 2025-11-02 00:00:00+00:00, run_after=2025-11-03 00:00:00+00:00
[2025-11-03T01:53:53.105+0000] {processor.py:183} INFO - Processing /home/airflow/.local/lib/python3.8/site-packages/airflow/example_dags/example_nested_branch_dag.py took 8.947 seconds
