[2025-11-03T01:13:25.434+0000] {processor.py:161} INFO - Started process (PID=97) to work on /home/airflow/.local/lib/python3.8/site-packages/airflow/example_dags/example_local_kubernetes_executor.py
[2025-11-03T01:13:25.438+0000] {processor.py:830} INFO - Processing file /home/airflow/.local/lib/python3.8/site-packages/airflow/example_dags/example_local_kubernetes_executor.py for tasks to queue
[2025-11-03T01:13:25.446+0000] {logging_mixin.py:188} INFO - [2025-11-03T01:13:25.445+0000] {dagbag.py:538} INFO - Filling up the DagBag from /home/airflow/.local/lib/python3.8/site-packages/airflow/example_dags/example_local_kubernetes_executor.py
[2025-11-03T01:13:25.498+0000] {processor.py:840} INFO - DAG(s) 'example_local_kubernetes_executor' retrieved from /home/airflow/.local/lib/python3.8/site-packages/airflow/example_dags/example_local_kubernetes_executor.py
[2025-11-03T01:13:25.765+0000] {logging_mixin.py:188} INFO - [2025-11-03T01:13:25.764+0000] {dag.py:3036} INFO - Sync 1 DAGs
[2025-11-03T01:13:25.883+0000] {logging_mixin.py:188} INFO - [2025-11-03T01:13:25.882+0000] {dag.py:3823} INFO - Setting next_dagrun for example_local_kubernetes_executor to None, run_after=None
[2025-11-03T01:13:25.989+0000] {processor.py:183} INFO - Processing /home/airflow/.local/lib/python3.8/site-packages/airflow/example_dags/example_local_kubernetes_executor.py took 0.584 seconds
[2025-11-03T01:14:04.075+0000] {processor.py:161} INFO - Started process (PID=152) to work on /home/airflow/.local/lib/python3.8/site-packages/airflow/example_dags/example_local_kubernetes_executor.py
[2025-11-03T01:14:04.083+0000] {processor.py:830} INFO - Processing file /home/airflow/.local/lib/python3.8/site-packages/airflow/example_dags/example_local_kubernetes_executor.py for tasks to queue
[2025-11-03T01:14:04.100+0000] {logging_mixin.py:188} INFO - [2025-11-03T01:14:04.099+0000] {dagbag.py:538} INFO - Filling up the DagBag from /home/airflow/.local/lib/python3.8/site-packages/airflow/example_dags/example_local_kubernetes_executor.py
[2025-11-03T01:14:04.177+0000] {processor.py:840} INFO - DAG(s) 'example_local_kubernetes_executor' retrieved from /home/airflow/.local/lib/python3.8/site-packages/airflow/example_dags/example_local_kubernetes_executor.py
[2025-11-03T01:14:04.437+0000] {logging_mixin.py:188} INFO - [2025-11-03T01:14:04.437+0000] {dag.py:3036} INFO - Sync 1 DAGs
[2025-11-03T01:14:04.563+0000] {logging_mixin.py:188} INFO - [2025-11-03T01:14:04.562+0000] {dag.py:3823} INFO - Setting next_dagrun for example_local_kubernetes_executor to None, run_after=None
[2025-11-03T01:14:04.890+0000] {processor.py:183} INFO - Processing /home/airflow/.local/lib/python3.8/site-packages/airflow/example_dags/example_local_kubernetes_executor.py took 0.850 seconds
[2025-11-03T01:14:44.420+0000] {processor.py:161} INFO - Started process (PID=206) to work on /home/airflow/.local/lib/python3.8/site-packages/airflow/example_dags/example_local_kubernetes_executor.py
[2025-11-03T01:14:44.431+0000] {processor.py:830} INFO - Processing file /home/airflow/.local/lib/python3.8/site-packages/airflow/example_dags/example_local_kubernetes_executor.py for tasks to queue
[2025-11-03T01:14:44.446+0000] {logging_mixin.py:188} INFO - [2025-11-03T01:14:44.441+0000] {dagbag.py:538} INFO - Filling up the DagBag from /home/airflow/.local/lib/python3.8/site-packages/airflow/example_dags/example_local_kubernetes_executor.py
[2025-11-03T01:14:44.503+0000] {processor.py:840} INFO - DAG(s) 'example_local_kubernetes_executor' retrieved from /home/airflow/.local/lib/python3.8/site-packages/airflow/example_dags/example_local_kubernetes_executor.py
[2025-11-03T01:14:44.881+0000] {logging_mixin.py:188} INFO - [2025-11-03T01:14:44.880+0000] {dag.py:3036} INFO - Sync 1 DAGs
[2025-11-03T01:14:44.982+0000] {logging_mixin.py:188} INFO - [2025-11-03T01:14:44.981+0000] {dag.py:3823} INFO - Setting next_dagrun for example_local_kubernetes_executor to None, run_after=None
[2025-11-03T01:14:45.129+0000] {processor.py:183} INFO - Processing /home/airflow/.local/lib/python3.8/site-packages/airflow/example_dags/example_local_kubernetes_executor.py took 0.734 seconds
[2025-11-03T01:15:30.629+0000] {processor.py:161} INFO - Started process (PID=258) to work on /home/airflow/.local/lib/python3.8/site-packages/airflow/example_dags/example_local_kubernetes_executor.py
[2025-11-03T01:15:30.645+0000] {processor.py:830} INFO - Processing file /home/airflow/.local/lib/python3.8/site-packages/airflow/example_dags/example_local_kubernetes_executor.py for tasks to queue
[2025-11-03T01:15:30.682+0000] {logging_mixin.py:188} INFO - [2025-11-03T01:15:30.680+0000] {dagbag.py:538} INFO - Filling up the DagBag from /home/airflow/.local/lib/python3.8/site-packages/airflow/example_dags/example_local_kubernetes_executor.py
[2025-11-03T01:15:30.790+0000] {processor.py:840} INFO - DAG(s) 'example_local_kubernetes_executor' retrieved from /home/airflow/.local/lib/python3.8/site-packages/airflow/example_dags/example_local_kubernetes_executor.py
[2025-11-03T01:15:30.974+0000] {logging_mixin.py:188} INFO - [2025-11-03T01:15:30.973+0000] {dag.py:3036} INFO - Sync 1 DAGs
[2025-11-03T01:15:31.167+0000] {logging_mixin.py:188} INFO - [2025-11-03T01:15:31.166+0000] {dag.py:3823} INFO - Setting next_dagrun for example_local_kubernetes_executor to None, run_after=None
[2025-11-03T01:15:31.471+0000] {processor.py:183} INFO - Processing /home/airflow/.local/lib/python3.8/site-packages/airflow/example_dags/example_local_kubernetes_executor.py took 0.916 seconds
[2025-11-03T01:16:16.732+0000] {processor.py:161} INFO - Started process (PID=313) to work on /home/airflow/.local/lib/python3.8/site-packages/airflow/example_dags/example_local_kubernetes_executor.py
[2025-11-03T01:16:16.741+0000] {processor.py:830} INFO - Processing file /home/airflow/.local/lib/python3.8/site-packages/airflow/example_dags/example_local_kubernetes_executor.py for tasks to queue
[2025-11-03T01:16:16.758+0000] {logging_mixin.py:188} INFO - [2025-11-03T01:16:16.757+0000] {dagbag.py:538} INFO - Filling up the DagBag from /home/airflow/.local/lib/python3.8/site-packages/airflow/example_dags/example_local_kubernetes_executor.py
[2025-11-03T01:16:16.820+0000] {processor.py:840} INFO - DAG(s) 'example_local_kubernetes_executor' retrieved from /home/airflow/.local/lib/python3.8/site-packages/airflow/example_dags/example_local_kubernetes_executor.py
[2025-11-03T01:16:17.457+0000] {logging_mixin.py:188} INFO - [2025-11-03T01:16:17.457+0000] {dag.py:3036} INFO - Sync 1 DAGs
[2025-11-03T01:16:17.684+0000] {logging_mixin.py:188} INFO - [2025-11-03T01:16:17.680+0000] {dag.py:3823} INFO - Setting next_dagrun for example_local_kubernetes_executor to None, run_after=None
[2025-11-03T01:16:17.977+0000] {processor.py:183} INFO - Processing /home/airflow/.local/lib/python3.8/site-packages/airflow/example_dags/example_local_kubernetes_executor.py took 1.287 seconds
[2025-11-03T01:16:48.780+0000] {processor.py:161} INFO - Started process (PID=368) to work on /home/airflow/.local/lib/python3.8/site-packages/airflow/example_dags/example_local_kubernetes_executor.py
[2025-11-03T01:16:48.785+0000] {processor.py:830} INFO - Processing file /home/airflow/.local/lib/python3.8/site-packages/airflow/example_dags/example_local_kubernetes_executor.py for tasks to queue
[2025-11-03T01:16:48.795+0000] {logging_mixin.py:188} INFO - [2025-11-03T01:16:48.794+0000] {dagbag.py:538} INFO - Filling up the DagBag from /home/airflow/.local/lib/python3.8/site-packages/airflow/example_dags/example_local_kubernetes_executor.py
[2025-11-03T01:16:48.843+0000] {processor.py:840} INFO - DAG(s) 'example_local_kubernetes_executor' retrieved from /home/airflow/.local/lib/python3.8/site-packages/airflow/example_dags/example_local_kubernetes_executor.py
[2025-11-03T01:16:49.067+0000] {logging_mixin.py:188} INFO - [2025-11-03T01:16:49.066+0000] {dag.py:3036} INFO - Sync 1 DAGs
[2025-11-03T01:16:49.140+0000] {logging_mixin.py:188} INFO - [2025-11-03T01:16:49.139+0000] {dag.py:3823} INFO - Setting next_dagrun for example_local_kubernetes_executor to None, run_after=None
[2025-11-03T01:16:49.278+0000] {processor.py:183} INFO - Processing /home/airflow/.local/lib/python3.8/site-packages/airflow/example_dags/example_local_kubernetes_executor.py took 0.521 seconds
[2025-11-03T01:17:20.011+0000] {processor.py:161} INFO - Started process (PID=423) to work on /home/airflow/.local/lib/python3.8/site-packages/airflow/example_dags/example_local_kubernetes_executor.py
[2025-11-03T01:17:20.017+0000] {processor.py:830} INFO - Processing file /home/airflow/.local/lib/python3.8/site-packages/airflow/example_dags/example_local_kubernetes_executor.py for tasks to queue
[2025-11-03T01:17:20.028+0000] {logging_mixin.py:188} INFO - [2025-11-03T01:17:20.026+0000] {dagbag.py:538} INFO - Filling up the DagBag from /home/airflow/.local/lib/python3.8/site-packages/airflow/example_dags/example_local_kubernetes_executor.py
[2025-11-03T01:17:20.199+0000] {processor.py:840} INFO - DAG(s) 'example_local_kubernetes_executor' retrieved from /home/airflow/.local/lib/python3.8/site-packages/airflow/example_dags/example_local_kubernetes_executor.py
[2025-11-03T01:17:20.855+0000] {logging_mixin.py:188} INFO - [2025-11-03T01:17:20.855+0000] {dag.py:3036} INFO - Sync 1 DAGs
[2025-11-03T01:17:21.307+0000] {logging_mixin.py:188} INFO - [2025-11-03T01:17:21.307+0000] {dag.py:3823} INFO - Setting next_dagrun for example_local_kubernetes_executor to None, run_after=None
[2025-11-03T01:17:21.999+0000] {processor.py:183} INFO - Processing /home/airflow/.local/lib/python3.8/site-packages/airflow/example_dags/example_local_kubernetes_executor.py took 2.019 seconds
[2025-11-03T01:17:52.530+0000] {processor.py:161} INFO - Started process (PID=479) to work on /home/airflow/.local/lib/python3.8/site-packages/airflow/example_dags/example_local_kubernetes_executor.py
[2025-11-03T01:17:52.580+0000] {processor.py:830} INFO - Processing file /home/airflow/.local/lib/python3.8/site-packages/airflow/example_dags/example_local_kubernetes_executor.py for tasks to queue
[2025-11-03T01:17:52.621+0000] {logging_mixin.py:188} INFO - [2025-11-03T01:17:52.620+0000] {dagbag.py:538} INFO - Filling up the DagBag from /home/airflow/.local/lib/python3.8/site-packages/airflow/example_dags/example_local_kubernetes_executor.py
[2025-11-03T01:17:52.720+0000] {processor.py:840} INFO - DAG(s) 'example_local_kubernetes_executor' retrieved from /home/airflow/.local/lib/python3.8/site-packages/airflow/example_dags/example_local_kubernetes_executor.py
[2025-11-03T01:17:52.962+0000] {logging_mixin.py:188} INFO - [2025-11-03T01:17:52.961+0000] {dag.py:3036} INFO - Sync 1 DAGs
[2025-11-03T01:17:53.048+0000] {logging_mixin.py:188} INFO - [2025-11-03T01:17:53.047+0000] {dag.py:3823} INFO - Setting next_dagrun for example_local_kubernetes_executor to None, run_after=None
[2025-11-03T01:17:53.161+0000] {processor.py:183} INFO - Processing /home/airflow/.local/lib/python3.8/site-packages/airflow/example_dags/example_local_kubernetes_executor.py took 0.663 seconds
[2025-11-03T01:18:23.969+0000] {processor.py:161} INFO - Started process (PID=534) to work on /home/airflow/.local/lib/python3.8/site-packages/airflow/example_dags/example_local_kubernetes_executor.py
[2025-11-03T01:18:23.979+0000] {processor.py:830} INFO - Processing file /home/airflow/.local/lib/python3.8/site-packages/airflow/example_dags/example_local_kubernetes_executor.py for tasks to queue
[2025-11-03T01:18:23.987+0000] {logging_mixin.py:188} INFO - [2025-11-03T01:18:23.986+0000] {dagbag.py:538} INFO - Filling up the DagBag from /home/airflow/.local/lib/python3.8/site-packages/airflow/example_dags/example_local_kubernetes_executor.py
[2025-11-03T01:18:24.078+0000] {processor.py:840} INFO - DAG(s) 'example_local_kubernetes_executor' retrieved from /home/airflow/.local/lib/python3.8/site-packages/airflow/example_dags/example_local_kubernetes_executor.py
[2025-11-03T01:18:24.457+0000] {logging_mixin.py:188} INFO - [2025-11-03T01:18:24.456+0000] {dag.py:3036} INFO - Sync 1 DAGs
[2025-11-03T01:18:24.524+0000] {logging_mixin.py:188} INFO - [2025-11-03T01:18:24.524+0000] {dag.py:3823} INFO - Setting next_dagrun for example_local_kubernetes_executor to None, run_after=None
[2025-11-03T01:18:24.663+0000] {processor.py:183} INFO - Processing /home/airflow/.local/lib/python3.8/site-packages/airflow/example_dags/example_local_kubernetes_executor.py took 0.715 seconds
[2025-11-03T01:18:54.914+0000] {processor.py:161} INFO - Started process (PID=589) to work on /home/airflow/.local/lib/python3.8/site-packages/airflow/example_dags/example_local_kubernetes_executor.py
[2025-11-03T01:18:54.929+0000] {processor.py:830} INFO - Processing file /home/airflow/.local/lib/python3.8/site-packages/airflow/example_dags/example_local_kubernetes_executor.py for tasks to queue
[2025-11-03T01:18:54.946+0000] {logging_mixin.py:188} INFO - [2025-11-03T01:18:54.945+0000] {dagbag.py:538} INFO - Filling up the DagBag from /home/airflow/.local/lib/python3.8/site-packages/airflow/example_dags/example_local_kubernetes_executor.py
[2025-11-03T01:18:54.994+0000] {processor.py:840} INFO - DAG(s) 'example_local_kubernetes_executor' retrieved from /home/airflow/.local/lib/python3.8/site-packages/airflow/example_dags/example_local_kubernetes_executor.py
[2025-11-03T01:18:55.277+0000] {logging_mixin.py:188} INFO - [2025-11-03T01:18:55.276+0000] {dag.py:3036} INFO - Sync 1 DAGs
[2025-11-03T01:18:55.403+0000] {logging_mixin.py:188} INFO - [2025-11-03T01:18:55.402+0000] {dag.py:3823} INFO - Setting next_dagrun for example_local_kubernetes_executor to None, run_after=None
[2025-11-03T01:18:55.524+0000] {processor.py:183} INFO - Processing /home/airflow/.local/lib/python3.8/site-packages/airflow/example_dags/example_local_kubernetes_executor.py took 0.645 seconds
[2025-11-03T01:19:27.872+0000] {processor.py:161} INFO - Started process (PID=644) to work on /home/airflow/.local/lib/python3.8/site-packages/airflow/example_dags/example_local_kubernetes_executor.py
[2025-11-03T01:19:27.884+0000] {processor.py:830} INFO - Processing file /home/airflow/.local/lib/python3.8/site-packages/airflow/example_dags/example_local_kubernetes_executor.py for tasks to queue
[2025-11-03T01:19:27.910+0000] {logging_mixin.py:188} INFO - [2025-11-03T01:19:27.908+0000] {dagbag.py:538} INFO - Filling up the DagBag from /home/airflow/.local/lib/python3.8/site-packages/airflow/example_dags/example_local_kubernetes_executor.py
[2025-11-03T01:19:27.978+0000] {processor.py:840} INFO - DAG(s) 'example_local_kubernetes_executor' retrieved from /home/airflow/.local/lib/python3.8/site-packages/airflow/example_dags/example_local_kubernetes_executor.py
[2025-11-03T01:19:28.265+0000] {logging_mixin.py:188} INFO - [2025-11-03T01:19:28.264+0000] {dag.py:3036} INFO - Sync 1 DAGs
[2025-11-03T01:19:28.437+0000] {logging_mixin.py:188} INFO - [2025-11-03T01:19:28.436+0000] {dag.py:3823} INFO - Setting next_dagrun for example_local_kubernetes_executor to None, run_after=None
[2025-11-03T01:19:28.593+0000] {processor.py:183} INFO - Processing /home/airflow/.local/lib/python3.8/site-packages/airflow/example_dags/example_local_kubernetes_executor.py took 0.769 seconds
[2025-11-03T01:19:59.627+0000] {processor.py:161} INFO - Started process (PID=699) to work on /home/airflow/.local/lib/python3.8/site-packages/airflow/example_dags/example_local_kubernetes_executor.py
[2025-11-03T01:19:59.630+0000] {processor.py:830} INFO - Processing file /home/airflow/.local/lib/python3.8/site-packages/airflow/example_dags/example_local_kubernetes_executor.py for tasks to queue
[2025-11-03T01:19:59.648+0000] {logging_mixin.py:188} INFO - [2025-11-03T01:19:59.647+0000] {dagbag.py:538} INFO - Filling up the DagBag from /home/airflow/.local/lib/python3.8/site-packages/airflow/example_dags/example_local_kubernetes_executor.py
[2025-11-03T01:19:59.682+0000] {processor.py:840} INFO - DAG(s) 'example_local_kubernetes_executor' retrieved from /home/airflow/.local/lib/python3.8/site-packages/airflow/example_dags/example_local_kubernetes_executor.py
[2025-11-03T01:19:59.875+0000] {logging_mixin.py:188} INFO - [2025-11-03T01:19:59.874+0000] {dag.py:3036} INFO - Sync 1 DAGs
[2025-11-03T01:19:59.917+0000] {logging_mixin.py:188} INFO - [2025-11-03T01:19:59.917+0000] {dag.py:3823} INFO - Setting next_dagrun for example_local_kubernetes_executor to None, run_after=None
[2025-11-03T01:20:00.049+0000] {processor.py:183} INFO - Processing /home/airflow/.local/lib/python3.8/site-packages/airflow/example_dags/example_local_kubernetes_executor.py took 0.434 seconds
[2025-11-03T01:20:30.410+0000] {processor.py:161} INFO - Started process (PID=751) to work on /home/airflow/.local/lib/python3.8/site-packages/airflow/example_dags/example_local_kubernetes_executor.py
[2025-11-03T01:20:30.414+0000] {processor.py:830} INFO - Processing file /home/airflow/.local/lib/python3.8/site-packages/airflow/example_dags/example_local_kubernetes_executor.py for tasks to queue
[2025-11-03T01:20:30.430+0000] {logging_mixin.py:188} INFO - [2025-11-03T01:20:30.429+0000] {dagbag.py:538} INFO - Filling up the DagBag from /home/airflow/.local/lib/python3.8/site-packages/airflow/example_dags/example_local_kubernetes_executor.py
[2025-11-03T01:20:30.478+0000] {processor.py:840} INFO - DAG(s) 'example_local_kubernetes_executor' retrieved from /home/airflow/.local/lib/python3.8/site-packages/airflow/example_dags/example_local_kubernetes_executor.py
[2025-11-03T01:20:30.724+0000] {logging_mixin.py:188} INFO - [2025-11-03T01:20:30.723+0000] {dag.py:3036} INFO - Sync 1 DAGs
[2025-11-03T01:20:30.843+0000] {logging_mixin.py:188} INFO - [2025-11-03T01:20:30.843+0000] {dag.py:3823} INFO - Setting next_dagrun for example_local_kubernetes_executor to None, run_after=None
[2025-11-03T01:20:31.002+0000] {processor.py:183} INFO - Processing /home/airflow/.local/lib/python3.8/site-packages/airflow/example_dags/example_local_kubernetes_executor.py took 0.606 seconds
[2025-11-03T01:21:09.652+0000] {processor.py:161} INFO - Started process (PID=808) to work on /home/airflow/.local/lib/python3.8/site-packages/airflow/example_dags/example_local_kubernetes_executor.py
[2025-11-03T01:21:09.674+0000] {processor.py:830} INFO - Processing file /home/airflow/.local/lib/python3.8/site-packages/airflow/example_dags/example_local_kubernetes_executor.py for tasks to queue
[2025-11-03T01:21:09.765+0000] {logging_mixin.py:188} INFO - [2025-11-03T01:21:09.764+0000] {dagbag.py:538} INFO - Filling up the DagBag from /home/airflow/.local/lib/python3.8/site-packages/airflow/example_dags/example_local_kubernetes_executor.py
[2025-11-03T01:21:09.922+0000] {processor.py:840} INFO - DAG(s) 'example_local_kubernetes_executor' retrieved from /home/airflow/.local/lib/python3.8/site-packages/airflow/example_dags/example_local_kubernetes_executor.py
[2025-11-03T01:21:10.227+0000] {logging_mixin.py:188} INFO - [2025-11-03T01:21:10.226+0000] {dag.py:3036} INFO - Sync 1 DAGs
[2025-11-03T01:21:10.328+0000] {logging_mixin.py:188} INFO - [2025-11-03T01:21:10.327+0000] {dag.py:3823} INFO - Setting next_dagrun for example_local_kubernetes_executor to None, run_after=None
[2025-11-03T01:21:10.455+0000] {processor.py:183} INFO - Processing /home/airflow/.local/lib/python3.8/site-packages/airflow/example_dags/example_local_kubernetes_executor.py took 0.844 seconds
[2025-11-03T01:25:33.574+0000] {processor.py:161} INFO - Started process (PID=77) to work on /home/airflow/.local/lib/python3.8/site-packages/airflow/example_dags/example_local_kubernetes_executor.py
[2025-11-03T01:25:33.578+0000] {processor.py:830} INFO - Processing file /home/airflow/.local/lib/python3.8/site-packages/airflow/example_dags/example_local_kubernetes_executor.py for tasks to queue
[2025-11-03T01:25:33.586+0000] {logging_mixin.py:188} INFO - [2025-11-03T01:25:33.585+0000] {dagbag.py:538} INFO - Filling up the DagBag from /home/airflow/.local/lib/python3.8/site-packages/airflow/example_dags/example_local_kubernetes_executor.py
[2025-11-03T01:25:33.621+0000] {processor.py:840} INFO - DAG(s) 'example_local_kubernetes_executor' retrieved from /home/airflow/.local/lib/python3.8/site-packages/airflow/example_dags/example_local_kubernetes_executor.py
[2025-11-03T01:25:33.825+0000] {logging_mixin.py:188} INFO - [2025-11-03T01:25:33.824+0000] {dag.py:3036} INFO - Sync 1 DAGs
[2025-11-03T01:25:33.872+0000] {logging_mixin.py:188} INFO - [2025-11-03T01:25:33.871+0000] {dag.py:3823} INFO - Setting next_dagrun for example_local_kubernetes_executor to None, run_after=None
[2025-11-03T01:25:33.932+0000] {processor.py:183} INFO - Processing /home/airflow/.local/lib/python3.8/site-packages/airflow/example_dags/example_local_kubernetes_executor.py took 0.375 seconds
[2025-11-03T01:26:04.827+0000] {processor.py:161} INFO - Started process (PID=132) to work on /home/airflow/.local/lib/python3.8/site-packages/airflow/example_dags/example_local_kubernetes_executor.py
[2025-11-03T01:26:04.831+0000] {processor.py:830} INFO - Processing file /home/airflow/.local/lib/python3.8/site-packages/airflow/example_dags/example_local_kubernetes_executor.py for tasks to queue
[2025-11-03T01:26:04.837+0000] {logging_mixin.py:188} INFO - [2025-11-03T01:26:04.836+0000] {dagbag.py:538} INFO - Filling up the DagBag from /home/airflow/.local/lib/python3.8/site-packages/airflow/example_dags/example_local_kubernetes_executor.py
[2025-11-03T01:26:04.884+0000] {processor.py:840} INFO - DAG(s) 'example_local_kubernetes_executor' retrieved from /home/airflow/.local/lib/python3.8/site-packages/airflow/example_dags/example_local_kubernetes_executor.py
[2025-11-03T01:26:05.064+0000] {logging_mixin.py:188} INFO - [2025-11-03T01:26:05.064+0000] {dag.py:3036} INFO - Sync 1 DAGs
[2025-11-03T01:26:05.126+0000] {logging_mixin.py:188} INFO - [2025-11-03T01:26:05.125+0000] {dag.py:3823} INFO - Setting next_dagrun for example_local_kubernetes_executor to None, run_after=None
[2025-11-03T01:26:05.228+0000] {processor.py:183} INFO - Processing /home/airflow/.local/lib/python3.8/site-packages/airflow/example_dags/example_local_kubernetes_executor.py took 0.411 seconds
[2025-11-03T01:26:35.782+0000] {processor.py:161} INFO - Started process (PID=189) to work on /home/airflow/.local/lib/python3.8/site-packages/airflow/example_dags/example_local_kubernetes_executor.py
[2025-11-03T01:26:35.787+0000] {processor.py:830} INFO - Processing file /home/airflow/.local/lib/python3.8/site-packages/airflow/example_dags/example_local_kubernetes_executor.py for tasks to queue
[2025-11-03T01:26:35.792+0000] {logging_mixin.py:188} INFO - [2025-11-03T01:26:35.791+0000] {dagbag.py:538} INFO - Filling up the DagBag from /home/airflow/.local/lib/python3.8/site-packages/airflow/example_dags/example_local_kubernetes_executor.py
[2025-11-03T01:26:35.812+0000] {processor.py:840} INFO - DAG(s) 'example_local_kubernetes_executor' retrieved from /home/airflow/.local/lib/python3.8/site-packages/airflow/example_dags/example_local_kubernetes_executor.py
[2025-11-03T01:26:35.923+0000] {logging_mixin.py:188} INFO - [2025-11-03T01:26:35.922+0000] {dag.py:3036} INFO - Sync 1 DAGs
[2025-11-03T01:26:35.960+0000] {logging_mixin.py:188} INFO - [2025-11-03T01:26:35.960+0000] {dag.py:3823} INFO - Setting next_dagrun for example_local_kubernetes_executor to None, run_after=None
[2025-11-03T01:26:36.024+0000] {processor.py:183} INFO - Processing /home/airflow/.local/lib/python3.8/site-packages/airflow/example_dags/example_local_kubernetes_executor.py took 0.251 seconds
[2025-11-03T01:27:07.965+0000] {processor.py:161} INFO - Started process (PID=244) to work on /home/airflow/.local/lib/python3.8/site-packages/airflow/example_dags/example_local_kubernetes_executor.py
[2025-11-03T01:27:07.968+0000] {processor.py:830} INFO - Processing file /home/airflow/.local/lib/python3.8/site-packages/airflow/example_dags/example_local_kubernetes_executor.py for tasks to queue
[2025-11-03T01:27:07.975+0000] {logging_mixin.py:188} INFO - [2025-11-03T01:27:07.974+0000] {dagbag.py:538} INFO - Filling up the DagBag from /home/airflow/.local/lib/python3.8/site-packages/airflow/example_dags/example_local_kubernetes_executor.py
[2025-11-03T01:27:08.012+0000] {processor.py:840} INFO - DAG(s) 'example_local_kubernetes_executor' retrieved from /home/airflow/.local/lib/python3.8/site-packages/airflow/example_dags/example_local_kubernetes_executor.py
[2025-11-03T01:27:08.216+0000] {logging_mixin.py:188} INFO - [2025-11-03T01:27:08.216+0000] {dag.py:3036} INFO - Sync 1 DAGs
[2025-11-03T01:27:08.278+0000] {logging_mixin.py:188} INFO - [2025-11-03T01:27:08.277+0000] {dag.py:3823} INFO - Setting next_dagrun for example_local_kubernetes_executor to None, run_after=None
[2025-11-03T01:27:08.386+0000] {processor.py:183} INFO - Processing /home/airflow/.local/lib/python3.8/site-packages/airflow/example_dags/example_local_kubernetes_executor.py took 0.439 seconds
[2025-11-03T01:27:39.697+0000] {processor.py:161} INFO - Started process (PID=303) to work on /home/airflow/.local/lib/python3.8/site-packages/airflow/example_dags/example_local_kubernetes_executor.py
[2025-11-03T01:27:39.712+0000] {processor.py:830} INFO - Processing file /home/airflow/.local/lib/python3.8/site-packages/airflow/example_dags/example_local_kubernetes_executor.py for tasks to queue
[2025-11-03T01:27:39.719+0000] {logging_mixin.py:188} INFO - [2025-11-03T01:27:39.718+0000] {dagbag.py:538} INFO - Filling up the DagBag from /home/airflow/.local/lib/python3.8/site-packages/airflow/example_dags/example_local_kubernetes_executor.py
[2025-11-03T01:27:39.825+0000] {processor.py:840} INFO - DAG(s) 'example_local_kubernetes_executor' retrieved from /home/airflow/.local/lib/python3.8/site-packages/airflow/example_dags/example_local_kubernetes_executor.py
[2025-11-03T01:27:41.279+0000] {logging_mixin.py:188} INFO - [2025-11-03T01:27:41.279+0000] {dag.py:3036} INFO - Sync 1 DAGs
[2025-11-03T01:27:41.496+0000] {logging_mixin.py:188} INFO - [2025-11-03T01:27:41.496+0000] {dag.py:3823} INFO - Setting next_dagrun for example_local_kubernetes_executor to None, run_after=None
[2025-11-03T01:27:41.832+0000] {processor.py:183} INFO - Processing /home/airflow/.local/lib/python3.8/site-packages/airflow/example_dags/example_local_kubernetes_executor.py took 1.458 seconds
[2025-11-03T01:28:12.051+0000] {processor.py:161} INFO - Started process (PID=356) to work on /home/airflow/.local/lib/python3.8/site-packages/airflow/example_dags/example_local_kubernetes_executor.py
[2025-11-03T01:28:12.055+0000] {processor.py:830} INFO - Processing file /home/airflow/.local/lib/python3.8/site-packages/airflow/example_dags/example_local_kubernetes_executor.py for tasks to queue
[2025-11-03T01:28:12.062+0000] {logging_mixin.py:188} INFO - [2025-11-03T01:28:12.061+0000] {dagbag.py:538} INFO - Filling up the DagBag from /home/airflow/.local/lib/python3.8/site-packages/airflow/example_dags/example_local_kubernetes_executor.py
[2025-11-03T01:28:12.091+0000] {processor.py:840} INFO - DAG(s) 'example_local_kubernetes_executor' retrieved from /home/airflow/.local/lib/python3.8/site-packages/airflow/example_dags/example_local_kubernetes_executor.py
[2025-11-03T01:28:12.267+0000] {logging_mixin.py:188} INFO - [2025-11-03T01:28:12.266+0000] {dag.py:3036} INFO - Sync 1 DAGs
[2025-11-03T01:28:12.323+0000] {logging_mixin.py:188} INFO - [2025-11-03T01:28:12.322+0000] {dag.py:3823} INFO - Setting next_dagrun for example_local_kubernetes_executor to None, run_after=None
[2025-11-03T01:28:12.400+0000] {processor.py:183} INFO - Processing /home/airflow/.local/lib/python3.8/site-packages/airflow/example_dags/example_local_kubernetes_executor.py took 0.363 seconds
[2025-11-03T01:28:42.775+0000] {processor.py:161} INFO - Started process (PID=410) to work on /home/airflow/.local/lib/python3.8/site-packages/airflow/example_dags/example_local_kubernetes_executor.py
[2025-11-03T01:28:42.778+0000] {processor.py:830} INFO - Processing file /home/airflow/.local/lib/python3.8/site-packages/airflow/example_dags/example_local_kubernetes_executor.py for tasks to queue
[2025-11-03T01:28:42.785+0000] {logging_mixin.py:188} INFO - [2025-11-03T01:28:42.784+0000] {dagbag.py:538} INFO - Filling up the DagBag from /home/airflow/.local/lib/python3.8/site-packages/airflow/example_dags/example_local_kubernetes_executor.py
[2025-11-03T01:28:42.809+0000] {processor.py:840} INFO - DAG(s) 'example_local_kubernetes_executor' retrieved from /home/airflow/.local/lib/python3.8/site-packages/airflow/example_dags/example_local_kubernetes_executor.py
[2025-11-03T01:28:42.847+0000] {logging_mixin.py:188} INFO - [2025-11-03T01:28:42.846+0000] {dag.py:3036} INFO - Sync 1 DAGs
[2025-11-03T01:28:42.894+0000] {logging_mixin.py:188} INFO - [2025-11-03T01:28:42.893+0000] {dag.py:3823} INFO - Setting next_dagrun for example_local_kubernetes_executor to None, run_after=None
[2025-11-03T01:28:42.950+0000] {processor.py:183} INFO - Processing /home/airflow/.local/lib/python3.8/site-packages/airflow/example_dags/example_local_kubernetes_executor.py took 0.191 seconds
[2025-11-03T01:29:17.232+0000] {processor.py:161} INFO - Started process (PID=465) to work on /home/airflow/.local/lib/python3.8/site-packages/airflow/example_dags/example_local_kubernetes_executor.py
[2025-11-03T01:29:17.250+0000] {processor.py:830} INFO - Processing file /home/airflow/.local/lib/python3.8/site-packages/airflow/example_dags/example_local_kubernetes_executor.py for tasks to queue
[2025-11-03T01:29:17.280+0000] {logging_mixin.py:188} INFO - [2025-11-03T01:29:17.275+0000] {dagbag.py:538} INFO - Filling up the DagBag from /home/airflow/.local/lib/python3.8/site-packages/airflow/example_dags/example_local_kubernetes_executor.py
[2025-11-03T01:29:17.340+0000] {processor.py:840} INFO - DAG(s) 'example_local_kubernetes_executor' retrieved from /home/airflow/.local/lib/python3.8/site-packages/airflow/example_dags/example_local_kubernetes_executor.py
[2025-11-03T01:29:17.951+0000] {logging_mixin.py:188} INFO - [2025-11-03T01:29:17.950+0000] {dag.py:3036} INFO - Sync 1 DAGs
[2025-11-03T01:29:18.001+0000] {logging_mixin.py:188} INFO - [2025-11-03T01:29:18.001+0000] {dag.py:3823} INFO - Setting next_dagrun for example_local_kubernetes_executor to None, run_after=None
[2025-11-03T01:29:18.092+0000] {processor.py:183} INFO - Processing /home/airflow/.local/lib/python3.8/site-packages/airflow/example_dags/example_local_kubernetes_executor.py took 0.942 seconds
[2025-11-03T01:30:01.588+0000] {processor.py:161} INFO - Started process (PID=521) to work on /home/airflow/.local/lib/python3.8/site-packages/airflow/example_dags/example_local_kubernetes_executor.py
[2025-11-03T01:30:01.648+0000] {processor.py:830} INFO - Processing file /home/airflow/.local/lib/python3.8/site-packages/airflow/example_dags/example_local_kubernetes_executor.py for tasks to queue
[2025-11-03T01:30:01.667+0000] {logging_mixin.py:188} INFO - [2025-11-03T01:30:01.666+0000] {dagbag.py:538} INFO - Filling up the DagBag from /home/airflow/.local/lib/python3.8/site-packages/airflow/example_dags/example_local_kubernetes_executor.py
[2025-11-03T01:30:02.258+0000] {processor.py:840} INFO - DAG(s) 'example_local_kubernetes_executor' retrieved from /home/airflow/.local/lib/python3.8/site-packages/airflow/example_dags/example_local_kubernetes_executor.py
[2025-11-03T01:30:03.064+0000] {logging_mixin.py:188} INFO - [2025-11-03T01:30:03.063+0000] {dag.py:3036} INFO - Sync 1 DAGs
[2025-11-03T01:30:03.302+0000] {logging_mixin.py:188} INFO - [2025-11-03T01:30:03.289+0000] {dag.py:3823} INFO - Setting next_dagrun for example_local_kubernetes_executor to None, run_after=None
[2025-11-03T01:30:03.530+0000] {processor.py:183} INFO - Processing /home/airflow/.local/lib/python3.8/site-packages/airflow/example_dags/example_local_kubernetes_executor.py took 2.022 seconds
[2025-11-03T01:30:56.152+0000] {processor.py:161} INFO - Started process (PID=570) to work on /home/airflow/.local/lib/python3.8/site-packages/airflow/example_dags/example_local_kubernetes_executor.py
[2025-11-03T01:30:56.158+0000] {processor.py:830} INFO - Processing file /home/airflow/.local/lib/python3.8/site-packages/airflow/example_dags/example_local_kubernetes_executor.py for tasks to queue
[2025-11-03T01:30:56.182+0000] {logging_mixin.py:188} INFO - [2025-11-03T01:30:56.175+0000] {dagbag.py:538} INFO - Filling up the DagBag from /home/airflow/.local/lib/python3.8/site-packages/airflow/example_dags/example_local_kubernetes_executor.py
[2025-11-03T01:30:56.265+0000] {processor.py:840} INFO - DAG(s) 'example_local_kubernetes_executor' retrieved from /home/airflow/.local/lib/python3.8/site-packages/airflow/example_dags/example_local_kubernetes_executor.py
[2025-11-03T01:30:56.791+0000] {logging_mixin.py:188} INFO - [2025-11-03T01:30:56.790+0000] {dag.py:3036} INFO - Sync 1 DAGs
[2025-11-03T01:30:56.970+0000] {logging_mixin.py:188} INFO - [2025-11-03T01:30:56.970+0000] {dag.py:3823} INFO - Setting next_dagrun for example_local_kubernetes_executor to None, run_after=None
[2025-11-03T01:30:57.171+0000] {processor.py:183} INFO - Processing /home/airflow/.local/lib/python3.8/site-packages/airflow/example_dags/example_local_kubernetes_executor.py took 1.054 seconds
[2025-11-03T01:31:33.179+0000] {processor.py:161} INFO - Started process (PID=624) to work on /home/airflow/.local/lib/python3.8/site-packages/airflow/example_dags/example_local_kubernetes_executor.py
[2025-11-03T01:31:33.209+0000] {processor.py:830} INFO - Processing file /home/airflow/.local/lib/python3.8/site-packages/airflow/example_dags/example_local_kubernetes_executor.py for tasks to queue
[2025-11-03T01:31:33.242+0000] {logging_mixin.py:188} INFO - [2025-11-03T01:31:33.240+0000] {dagbag.py:538} INFO - Filling up the DagBag from /home/airflow/.local/lib/python3.8/site-packages/airflow/example_dags/example_local_kubernetes_executor.py
[2025-11-03T01:31:33.397+0000] {processor.py:840} INFO - DAG(s) 'example_local_kubernetes_executor' retrieved from /home/airflow/.local/lib/python3.8/site-packages/airflow/example_dags/example_local_kubernetes_executor.py
[2025-11-03T01:31:34.298+0000] {logging_mixin.py:188} INFO - [2025-11-03T01:31:34.297+0000] {dag.py:3036} INFO - Sync 1 DAGs
[2025-11-03T01:31:34.601+0000] {logging_mixin.py:188} INFO - [2025-11-03T01:31:34.582+0000] {dag.py:3823} INFO - Setting next_dagrun for example_local_kubernetes_executor to None, run_after=None
[2025-11-03T01:31:34.959+0000] {processor.py:183} INFO - Processing /home/airflow/.local/lib/python3.8/site-packages/airflow/example_dags/example_local_kubernetes_executor.py took 1.828 seconds
[2025-11-03T01:32:06.039+0000] {processor.py:161} INFO - Started process (PID=678) to work on /home/airflow/.local/lib/python3.8/site-packages/airflow/example_dags/example_local_kubernetes_executor.py
[2025-11-03T01:32:06.068+0000] {processor.py:830} INFO - Processing file /home/airflow/.local/lib/python3.8/site-packages/airflow/example_dags/example_local_kubernetes_executor.py for tasks to queue
[2025-11-03T01:32:06.142+0000] {logging_mixin.py:188} INFO - [2025-11-03T01:32:06.132+0000] {dagbag.py:538} INFO - Filling up the DagBag from /home/airflow/.local/lib/python3.8/site-packages/airflow/example_dags/example_local_kubernetes_executor.py
[2025-11-03T01:32:06.295+0000] {processor.py:840} INFO - DAG(s) 'example_local_kubernetes_executor' retrieved from /home/airflow/.local/lib/python3.8/site-packages/airflow/example_dags/example_local_kubernetes_executor.py
[2025-11-03T01:32:06.753+0000] {logging_mixin.py:188} INFO - [2025-11-03T01:32:06.736+0000] {dag.py:3036} INFO - Sync 1 DAGs
[2025-11-03T01:32:06.861+0000] {logging_mixin.py:188} INFO - [2025-11-03T01:32:06.860+0000] {dag.py:3823} INFO - Setting next_dagrun for example_local_kubernetes_executor to None, run_after=None
[2025-11-03T01:32:06.952+0000] {processor.py:183} INFO - Processing /home/airflow/.local/lib/python3.8/site-packages/airflow/example_dags/example_local_kubernetes_executor.py took 0.992 seconds
[2025-11-03T01:32:37.307+0000] {processor.py:161} INFO - Started process (PID=732) to work on /home/airflow/.local/lib/python3.8/site-packages/airflow/example_dags/example_local_kubernetes_executor.py
[2025-11-03T01:32:37.320+0000] {processor.py:830} INFO - Processing file /home/airflow/.local/lib/python3.8/site-packages/airflow/example_dags/example_local_kubernetes_executor.py for tasks to queue
[2025-11-03T01:32:37.336+0000] {logging_mixin.py:188} INFO - [2025-11-03T01:32:37.331+0000] {dagbag.py:538} INFO - Filling up the DagBag from /home/airflow/.local/lib/python3.8/site-packages/airflow/example_dags/example_local_kubernetes_executor.py
[2025-11-03T01:32:37.386+0000] {processor.py:840} INFO - DAG(s) 'example_local_kubernetes_executor' retrieved from /home/airflow/.local/lib/python3.8/site-packages/airflow/example_dags/example_local_kubernetes_executor.py
[2025-11-03T01:32:37.612+0000] {logging_mixin.py:188} INFO - [2025-11-03T01:32:37.611+0000] {dag.py:3036} INFO - Sync 1 DAGs
[2025-11-03T01:32:37.656+0000] {logging_mixin.py:188} INFO - [2025-11-03T01:32:37.655+0000] {dag.py:3823} INFO - Setting next_dagrun for example_local_kubernetes_executor to None, run_after=None
[2025-11-03T01:32:37.716+0000] {processor.py:183} INFO - Processing /home/airflow/.local/lib/python3.8/site-packages/airflow/example_dags/example_local_kubernetes_executor.py took 0.431 seconds
[2025-11-03T01:33:24.665+0000] {processor.py:161} INFO - Started process (PID=785) to work on /home/airflow/.local/lib/python3.8/site-packages/airflow/example_dags/example_local_kubernetes_executor.py
[2025-11-03T01:33:24.711+0000] {processor.py:830} INFO - Processing file /home/airflow/.local/lib/python3.8/site-packages/airflow/example_dags/example_local_kubernetes_executor.py for tasks to queue
[2025-11-03T01:33:24.764+0000] {logging_mixin.py:188} INFO - [2025-11-03T01:33:24.762+0000] {dagbag.py:538} INFO - Filling up the DagBag from /home/airflow/.local/lib/python3.8/site-packages/airflow/example_dags/example_local_kubernetes_executor.py
[2025-11-03T01:33:25.031+0000] {processor.py:840} INFO - DAG(s) 'example_local_kubernetes_executor' retrieved from /home/airflow/.local/lib/python3.8/site-packages/airflow/example_dags/example_local_kubernetes_executor.py
[2025-11-03T01:33:25.610+0000] {logging_mixin.py:188} INFO - [2025-11-03T01:33:25.609+0000] {dag.py:3036} INFO - Sync 1 DAGs
[2025-11-03T01:33:25.932+0000] {logging_mixin.py:188} INFO - [2025-11-03T01:33:25.929+0000] {dag.py:3823} INFO - Setting next_dagrun for example_local_kubernetes_executor to None, run_after=None
[2025-11-03T01:33:26.179+0000] {processor.py:183} INFO - Processing /home/airflow/.local/lib/python3.8/site-packages/airflow/example_dags/example_local_kubernetes_executor.py took 1.582 seconds
[2025-11-03T01:33:56.747+0000] {processor.py:161} INFO - Started process (PID=840) to work on /home/airflow/.local/lib/python3.8/site-packages/airflow/example_dags/example_local_kubernetes_executor.py
[2025-11-03T01:33:56.751+0000] {processor.py:830} INFO - Processing file /home/airflow/.local/lib/python3.8/site-packages/airflow/example_dags/example_local_kubernetes_executor.py for tasks to queue
[2025-11-03T01:33:56.758+0000] {logging_mixin.py:188} INFO - [2025-11-03T01:33:56.757+0000] {dagbag.py:538} INFO - Filling up the DagBag from /home/airflow/.local/lib/python3.8/site-packages/airflow/example_dags/example_local_kubernetes_executor.py
[2025-11-03T01:33:56.784+0000] {processor.py:840} INFO - DAG(s) 'example_local_kubernetes_executor' retrieved from /home/airflow/.local/lib/python3.8/site-packages/airflow/example_dags/example_local_kubernetes_executor.py
[2025-11-03T01:33:56.885+0000] {logging_mixin.py:188} INFO - [2025-11-03T01:33:56.885+0000] {dag.py:3036} INFO - Sync 1 DAGs
[2025-11-03T01:33:56.951+0000] {logging_mixin.py:188} INFO - [2025-11-03T01:33:56.951+0000] {dag.py:3823} INFO - Setting next_dagrun for example_local_kubernetes_executor to None, run_after=None
[2025-11-03T01:33:57.042+0000] {processor.py:183} INFO - Processing /home/airflow/.local/lib/python3.8/site-packages/airflow/example_dags/example_local_kubernetes_executor.py took 0.308 seconds
[2025-11-03T01:34:36.150+0000] {processor.py:161} INFO - Started process (PID=893) to work on /home/airflow/.local/lib/python3.8/site-packages/airflow/example_dags/example_local_kubernetes_executor.py
[2025-11-03T01:34:36.159+0000] {processor.py:830} INFO - Processing file /home/airflow/.local/lib/python3.8/site-packages/airflow/example_dags/example_local_kubernetes_executor.py for tasks to queue
[2025-11-03T01:34:36.172+0000] {logging_mixin.py:188} INFO - [2025-11-03T01:34:36.171+0000] {dagbag.py:538} INFO - Filling up the DagBag from /home/airflow/.local/lib/python3.8/site-packages/airflow/example_dags/example_local_kubernetes_executor.py
[2025-11-03T01:34:36.219+0000] {processor.py:840} INFO - DAG(s) 'example_local_kubernetes_executor' retrieved from /home/airflow/.local/lib/python3.8/site-packages/airflow/example_dags/example_local_kubernetes_executor.py
[2025-11-03T01:34:36.564+0000] {logging_mixin.py:188} INFO - [2025-11-03T01:34:36.563+0000] {dag.py:3036} INFO - Sync 1 DAGs
[2025-11-03T01:34:36.693+0000] {logging_mixin.py:188} INFO - [2025-11-03T01:34:36.692+0000] {dag.py:3823} INFO - Setting next_dagrun for example_local_kubernetes_executor to None, run_after=None
[2025-11-03T01:34:36.925+0000] {processor.py:183} INFO - Processing /home/airflow/.local/lib/python3.8/site-packages/airflow/example_dags/example_local_kubernetes_executor.py took 0.830 seconds
[2025-11-03T01:35:07.310+0000] {processor.py:161} INFO - Started process (PID=947) to work on /home/airflow/.local/lib/python3.8/site-packages/airflow/example_dags/example_local_kubernetes_executor.py
[2025-11-03T01:35:07.316+0000] {processor.py:830} INFO - Processing file /home/airflow/.local/lib/python3.8/site-packages/airflow/example_dags/example_local_kubernetes_executor.py for tasks to queue
[2025-11-03T01:35:07.340+0000] {logging_mixin.py:188} INFO - [2025-11-03T01:35:07.330+0000] {dagbag.py:538} INFO - Filling up the DagBag from /home/airflow/.local/lib/python3.8/site-packages/airflow/example_dags/example_local_kubernetes_executor.py
[2025-11-03T01:35:07.449+0000] {processor.py:840} INFO - DAG(s) 'example_local_kubernetes_executor' retrieved from /home/airflow/.local/lib/python3.8/site-packages/airflow/example_dags/example_local_kubernetes_executor.py
[2025-11-03T01:35:07.814+0000] {logging_mixin.py:188} INFO - [2025-11-03T01:35:07.813+0000] {dag.py:3036} INFO - Sync 1 DAGs
[2025-11-03T01:35:07.915+0000] {logging_mixin.py:188} INFO - [2025-11-03T01:35:07.913+0000] {dag.py:3823} INFO - Setting next_dagrun for example_local_kubernetes_executor to None, run_after=None
[2025-11-03T01:35:08.031+0000] {processor.py:183} INFO - Processing /home/airflow/.local/lib/python3.8/site-packages/airflow/example_dags/example_local_kubernetes_executor.py took 0.759 seconds
[2025-11-03T01:35:39.681+0000] {processor.py:161} INFO - Started process (PID=1002) to work on /home/airflow/.local/lib/python3.8/site-packages/airflow/example_dags/example_local_kubernetes_executor.py
[2025-11-03T01:35:39.686+0000] {processor.py:830} INFO - Processing file /home/airflow/.local/lib/python3.8/site-packages/airflow/example_dags/example_local_kubernetes_executor.py for tasks to queue
[2025-11-03T01:35:39.693+0000] {logging_mixin.py:188} INFO - [2025-11-03T01:35:39.692+0000] {dagbag.py:538} INFO - Filling up the DagBag from /home/airflow/.local/lib/python3.8/site-packages/airflow/example_dags/example_local_kubernetes_executor.py
[2025-11-03T01:35:39.738+0000] {processor.py:840} INFO - DAG(s) 'example_local_kubernetes_executor' retrieved from /home/airflow/.local/lib/python3.8/site-packages/airflow/example_dags/example_local_kubernetes_executor.py
[2025-11-03T01:35:39.897+0000] {logging_mixin.py:188} INFO - [2025-11-03T01:35:39.894+0000] {dag.py:3036} INFO - Sync 1 DAGs
[2025-11-03T01:35:39.961+0000] {logging_mixin.py:188} INFO - [2025-11-03T01:35:39.960+0000] {dag.py:3823} INFO - Setting next_dagrun for example_local_kubernetes_executor to None, run_after=None
[2025-11-03T01:35:40.062+0000] {processor.py:183} INFO - Processing /home/airflow/.local/lib/python3.8/site-packages/airflow/example_dags/example_local_kubernetes_executor.py took 0.397 seconds
[2025-11-03T01:36:10.950+0000] {processor.py:161} INFO - Started process (PID=1057) to work on /home/airflow/.local/lib/python3.8/site-packages/airflow/example_dags/example_local_kubernetes_executor.py
[2025-11-03T01:36:10.954+0000] {processor.py:830} INFO - Processing file /home/airflow/.local/lib/python3.8/site-packages/airflow/example_dags/example_local_kubernetes_executor.py for tasks to queue
[2025-11-03T01:36:10.961+0000] {logging_mixin.py:188} INFO - [2025-11-03T01:36:10.960+0000] {dagbag.py:538} INFO - Filling up the DagBag from /home/airflow/.local/lib/python3.8/site-packages/airflow/example_dags/example_local_kubernetes_executor.py
[2025-11-03T01:36:10.994+0000] {processor.py:840} INFO - DAG(s) 'example_local_kubernetes_executor' retrieved from /home/airflow/.local/lib/python3.8/site-packages/airflow/example_dags/example_local_kubernetes_executor.py
[2025-11-03T01:36:11.208+0000] {logging_mixin.py:188} INFO - [2025-11-03T01:36:11.208+0000] {dag.py:3036} INFO - Sync 1 DAGs
[2025-11-03T01:36:11.356+0000] {logging_mixin.py:188} INFO - [2025-11-03T01:36:11.356+0000] {dag.py:3823} INFO - Setting next_dagrun for example_local_kubernetes_executor to None, run_after=None
[2025-11-03T01:36:11.767+0000] {processor.py:183} INFO - Processing /home/airflow/.local/lib/python3.8/site-packages/airflow/example_dags/example_local_kubernetes_executor.py took 0.831 seconds
[2025-11-03T01:36:43.362+0000] {processor.py:161} INFO - Started process (PID=1113) to work on /home/airflow/.local/lib/python3.8/site-packages/airflow/example_dags/example_local_kubernetes_executor.py
[2025-11-03T01:36:43.369+0000] {processor.py:830} INFO - Processing file /home/airflow/.local/lib/python3.8/site-packages/airflow/example_dags/example_local_kubernetes_executor.py for tasks to queue
[2025-11-03T01:36:43.385+0000] {logging_mixin.py:188} INFO - [2025-11-03T01:36:43.383+0000] {dagbag.py:538} INFO - Filling up the DagBag from /home/airflow/.local/lib/python3.8/site-packages/airflow/example_dags/example_local_kubernetes_executor.py
[2025-11-03T01:36:43.482+0000] {processor.py:840} INFO - DAG(s) 'example_local_kubernetes_executor' retrieved from /home/airflow/.local/lib/python3.8/site-packages/airflow/example_dags/example_local_kubernetes_executor.py
[2025-11-03T01:36:43.903+0000] {logging_mixin.py:188} INFO - [2025-11-03T01:36:43.900+0000] {dag.py:3036} INFO - Sync 1 DAGs
[2025-11-03T01:36:44.002+0000] {logging_mixin.py:188} INFO - [2025-11-03T01:36:44.001+0000] {dag.py:3823} INFO - Setting next_dagrun for example_local_kubernetes_executor to None, run_after=None
[2025-11-03T01:36:44.123+0000] {processor.py:183} INFO - Processing /home/airflow/.local/lib/python3.8/site-packages/airflow/example_dags/example_local_kubernetes_executor.py took 0.802 seconds
[2025-11-03T01:37:19.110+0000] {processor.py:161} INFO - Started process (PID=1167) to work on /home/airflow/.local/lib/python3.8/site-packages/airflow/example_dags/example_local_kubernetes_executor.py
[2025-11-03T01:37:19.123+0000] {processor.py:830} INFO - Processing file /home/airflow/.local/lib/python3.8/site-packages/airflow/example_dags/example_local_kubernetes_executor.py for tasks to queue
[2025-11-03T01:37:19.140+0000] {logging_mixin.py:188} INFO - [2025-11-03T01:37:19.139+0000] {dagbag.py:538} INFO - Filling up the DagBag from /home/airflow/.local/lib/python3.8/site-packages/airflow/example_dags/example_local_kubernetes_executor.py
[2025-11-03T01:37:19.218+0000] {processor.py:840} INFO - DAG(s) 'example_local_kubernetes_executor' retrieved from /home/airflow/.local/lib/python3.8/site-packages/airflow/example_dags/example_local_kubernetes_executor.py
[2025-11-03T01:37:19.541+0000] {logging_mixin.py:188} INFO - [2025-11-03T01:37:19.540+0000] {dag.py:3036} INFO - Sync 1 DAGs
[2025-11-03T01:37:19.669+0000] {logging_mixin.py:188} INFO - [2025-11-03T01:37:19.667+0000] {dag.py:3823} INFO - Setting next_dagrun for example_local_kubernetes_executor to None, run_after=None
[2025-11-03T01:37:19.854+0000] {processor.py:183} INFO - Processing /home/airflow/.local/lib/python3.8/site-packages/airflow/example_dags/example_local_kubernetes_executor.py took 0.777 seconds
[2025-11-03T01:38:12.988+0000] {processor.py:161} INFO - Started process (PID=1223) to work on /home/airflow/.local/lib/python3.8/site-packages/airflow/example_dags/example_local_kubernetes_executor.py
[2025-11-03T01:38:13.002+0000] {processor.py:830} INFO - Processing file /home/airflow/.local/lib/python3.8/site-packages/airflow/example_dags/example_local_kubernetes_executor.py for tasks to queue
[2025-11-03T01:38:13.019+0000] {logging_mixin.py:188} INFO - [2025-11-03T01:38:13.018+0000] {dagbag.py:538} INFO - Filling up the DagBag from /home/airflow/.local/lib/python3.8/site-packages/airflow/example_dags/example_local_kubernetes_executor.py
[2025-11-03T01:38:13.101+0000] {processor.py:840} INFO - DAG(s) 'example_local_kubernetes_executor' retrieved from /home/airflow/.local/lib/python3.8/site-packages/airflow/example_dags/example_local_kubernetes_executor.py
[2025-11-03T01:38:13.534+0000] {logging_mixin.py:188} INFO - [2025-11-03T01:38:13.533+0000] {dag.py:3036} INFO - Sync 1 DAGs
[2025-11-03T01:38:13.725+0000] {logging_mixin.py:188} INFO - [2025-11-03T01:38:13.724+0000] {dag.py:3823} INFO - Setting next_dagrun for example_local_kubernetes_executor to None, run_after=None
[2025-11-03T01:38:14.122+0000] {processor.py:183} INFO - Processing /home/airflow/.local/lib/python3.8/site-packages/airflow/example_dags/example_local_kubernetes_executor.py took 1.185 seconds
[2025-11-03T01:38:54.269+0000] {processor.py:161} INFO - Started process (PID=1279) to work on /home/airflow/.local/lib/python3.8/site-packages/airflow/example_dags/example_local_kubernetes_executor.py
[2025-11-03T01:38:54.286+0000] {processor.py:830} INFO - Processing file /home/airflow/.local/lib/python3.8/site-packages/airflow/example_dags/example_local_kubernetes_executor.py for tasks to queue
[2025-11-03T01:38:54.303+0000] {logging_mixin.py:188} INFO - [2025-11-03T01:38:54.301+0000] {dagbag.py:538} INFO - Filling up the DagBag from /home/airflow/.local/lib/python3.8/site-packages/airflow/example_dags/example_local_kubernetes_executor.py
[2025-11-03T01:38:54.375+0000] {processor.py:840} INFO - DAG(s) 'example_local_kubernetes_executor' retrieved from /home/airflow/.local/lib/python3.8/site-packages/airflow/example_dags/example_local_kubernetes_executor.py
[2025-11-03T01:38:54.741+0000] {logging_mixin.py:188} INFO - [2025-11-03T01:38:54.740+0000] {dag.py:3036} INFO - Sync 1 DAGs
[2025-11-03T01:38:54.906+0000] {logging_mixin.py:188} INFO - [2025-11-03T01:38:54.895+0000] {dag.py:3823} INFO - Setting next_dagrun for example_local_kubernetes_executor to None, run_after=None
[2025-11-03T01:38:55.282+0000] {processor.py:183} INFO - Processing /home/airflow/.local/lib/python3.8/site-packages/airflow/example_dags/example_local_kubernetes_executor.py took 1.043 seconds
[2025-11-03T01:39:30.906+0000] {processor.py:161} INFO - Started process (PID=1334) to work on /home/airflow/.local/lib/python3.8/site-packages/airflow/example_dags/example_local_kubernetes_executor.py
[2025-11-03T01:39:30.910+0000] {processor.py:830} INFO - Processing file /home/airflow/.local/lib/python3.8/site-packages/airflow/example_dags/example_local_kubernetes_executor.py for tasks to queue
[2025-11-03T01:39:30.915+0000] {logging_mixin.py:188} INFO - [2025-11-03T01:39:30.914+0000] {dagbag.py:538} INFO - Filling up the DagBag from /home/airflow/.local/lib/python3.8/site-packages/airflow/example_dags/example_local_kubernetes_executor.py
[2025-11-03T01:39:30.941+0000] {processor.py:840} INFO - DAG(s) 'example_local_kubernetes_executor' retrieved from /home/airflow/.local/lib/python3.8/site-packages/airflow/example_dags/example_local_kubernetes_executor.py
[2025-11-03T01:39:32.180+0000] {logging_mixin.py:188} INFO - [2025-11-03T01:39:32.179+0000] {dag.py:3036} INFO - Sync 1 DAGs
[2025-11-03T01:39:32.347+0000] {logging_mixin.py:188} INFO - [2025-11-03T01:39:32.347+0000] {dag.py:3823} INFO - Setting next_dagrun for example_local_kubernetes_executor to None, run_after=None
[2025-11-03T01:39:32.430+0000] {processor.py:183} INFO - Processing /home/airflow/.local/lib/python3.8/site-packages/airflow/example_dags/example_local_kubernetes_executor.py took 0.548 seconds
[2025-11-03T01:40:09.483+0000] {processor.py:161} INFO - Started process (PID=1387) to work on /home/airflow/.local/lib/python3.8/site-packages/airflow/example_dags/example_local_kubernetes_executor.py
[2025-11-03T01:40:09.512+0000] {processor.py:830} INFO - Processing file /home/airflow/.local/lib/python3.8/site-packages/airflow/example_dags/example_local_kubernetes_executor.py for tasks to queue
[2025-11-03T01:40:09.531+0000] {logging_mixin.py:188} INFO - [2025-11-03T01:40:09.530+0000] {dagbag.py:538} INFO - Filling up the DagBag from /home/airflow/.local/lib/python3.8/site-packages/airflow/example_dags/example_local_kubernetes_executor.py
[2025-11-03T01:40:09.573+0000] {processor.py:840} INFO - DAG(s) 'example_local_kubernetes_executor' retrieved from /home/airflow/.local/lib/python3.8/site-packages/airflow/example_dags/example_local_kubernetes_executor.py
[2025-11-03T01:40:09.839+0000] {logging_mixin.py:188} INFO - [2025-11-03T01:40:09.838+0000] {dag.py:3036} INFO - Sync 1 DAGs
[2025-11-03T01:40:09.913+0000] {logging_mixin.py:188} INFO - [2025-11-03T01:40:09.912+0000] {dag.py:3823} INFO - Setting next_dagrun for example_local_kubernetes_executor to None, run_after=None
[2025-11-03T01:40:10.115+0000] {processor.py:183} INFO - Processing /home/airflow/.local/lib/python3.8/site-packages/airflow/example_dags/example_local_kubernetes_executor.py took 0.672 seconds
[2025-11-03T01:45:10.601+0000] {processor.py:161} INFO - Started process (PID=1470) to work on /home/airflow/.local/lib/python3.8/site-packages/airflow/example_dags/example_local_kubernetes_executor.py
[2025-11-03T01:45:11.085+0000] {processor.py:830} INFO - Processing file /home/airflow/.local/lib/python3.8/site-packages/airflow/example_dags/example_local_kubernetes_executor.py for tasks to queue
[2025-11-03T01:45:13.113+0000] {logging_mixin.py:188} INFO - [2025-11-03T01:45:13.106+0000] {dagbag.py:538} INFO - Filling up the DagBag from /home/airflow/.local/lib/python3.8/site-packages/airflow/example_dags/example_local_kubernetes_executor.py
[2025-11-03T01:45:15.118+0000] {processor.py:840} INFO - DAG(s) 'example_local_kubernetes_executor' retrieved from /home/airflow/.local/lib/python3.8/site-packages/airflow/example_dags/example_local_kubernetes_executor.py
[2025-11-03T01:45:17.241+0000] {logging_mixin.py:188} INFO - [2025-11-03T01:45:17.135+0000] {dag.py:3036} INFO - Sync 1 DAGs
[2025-11-03T01:45:18.008+0000] {logging_mixin.py:188} INFO - [2025-11-03T01:45:18.007+0000] {dag.py:3823} INFO - Setting next_dagrun for example_local_kubernetes_executor to None, run_after=None
[2025-11-03T01:45:19.713+0000] {processor.py:183} INFO - Processing /home/airflow/.local/lib/python3.8/site-packages/airflow/example_dags/example_local_kubernetes_executor.py took 10.003 seconds
[2025-11-03T01:51:25.849+0000] {processor.py:161} INFO - Started process (PID=1565) to work on /home/airflow/.local/lib/python3.8/site-packages/airflow/example_dags/example_local_kubernetes_executor.py
[2025-11-03T01:51:25.937+0000] {processor.py:830} INFO - Processing file /home/airflow/.local/lib/python3.8/site-packages/airflow/example_dags/example_local_kubernetes_executor.py for tasks to queue
[2025-11-03T01:51:26.492+0000] {logging_mixin.py:188} INFO - [2025-11-03T01:51:26.491+0000] {dagbag.py:538} INFO - Filling up the DagBag from /home/airflow/.local/lib/python3.8/site-packages/airflow/example_dags/example_local_kubernetes_executor.py
[2025-11-03T01:51:34.414+0000] {processor.py:840} INFO - DAG(s) 'example_local_kubernetes_executor' retrieved from /home/airflow/.local/lib/python3.8/site-packages/airflow/example_dags/example_local_kubernetes_executor.py
[2025-11-03T01:52:04.211+0000] {logging_mixin.py:188} INFO - [2025-11-03T01:52:04.105+0000] {dag.py:3036} INFO - Sync 1 DAGs
[2025-11-03T01:52:08.380+0000] {logging_mixin.py:188} INFO - [2025-11-03T01:52:08.379+0000] {dag.py:3823} INFO - Setting next_dagrun for example_local_kubernetes_executor to None, run_after=None
[2025-11-03T01:52:12.994+0000] {processor.py:183} INFO - Processing /home/airflow/.local/lib/python3.8/site-packages/airflow/example_dags/example_local_kubernetes_executor.py took 45.262 seconds
