[2025-11-03T01:13:38.869+0000] {processor.py:161} INFO - Started process (PID=120) to work on /home/airflow/.local/lib/python3.8/site-packages/airflow/example_dags/example_time_delta_sensor_async.py
[2025-11-03T01:13:38.877+0000] {processor.py:830} INFO - Processing file /home/airflow/.local/lib/python3.8/site-packages/airflow/example_dags/example_time_delta_sensor_async.py for tasks to queue
[2025-11-03T01:13:38.886+0000] {logging_mixin.py:188} INFO - [2025-11-03T01:13:38.885+0000] {dagbag.py:538} INFO - Filling up the DagBag from /home/airflow/.local/lib/python3.8/site-packages/airflow/example_dags/example_time_delta_sensor_async.py
[2025-11-03T01:13:38.950+0000] {processor.py:840} INFO - DAG(s) 'example_time_delta_sensor_async' retrieved from /home/airflow/.local/lib/python3.8/site-packages/airflow/example_dags/example_time_delta_sensor_async.py
[2025-11-03T01:13:39.101+0000] {logging_mixin.py:188} INFO - [2025-11-03T01:13:39.100+0000] {dag.py:3036} INFO - Sync 1 DAGs
[2025-11-03T01:13:39.238+0000] {logging_mixin.py:188} INFO - [2025-11-03T01:13:39.237+0000] {dag.py:3823} INFO - Setting next_dagrun for example_time_delta_sensor_async to None, run_after=None
[2025-11-03T01:13:39.322+0000] {processor.py:183} INFO - Processing /home/airflow/.local/lib/python3.8/site-packages/airflow/example_dags/example_time_delta_sensor_async.py took 0.483 seconds
[2025-11-03T01:14:22.009+0000] {processor.py:161} INFO - Started process (PID=175) to work on /home/airflow/.local/lib/python3.8/site-packages/airflow/example_dags/example_time_delta_sensor_async.py
[2025-11-03T01:14:22.024+0000] {processor.py:830} INFO - Processing file /home/airflow/.local/lib/python3.8/site-packages/airflow/example_dags/example_time_delta_sensor_async.py for tasks to queue
[2025-11-03T01:14:22.034+0000] {logging_mixin.py:188} INFO - [2025-11-03T01:14:22.033+0000] {dagbag.py:538} INFO - Filling up the DagBag from /home/airflow/.local/lib/python3.8/site-packages/airflow/example_dags/example_time_delta_sensor_async.py
[2025-11-03T01:14:22.095+0000] {processor.py:840} INFO - DAG(s) 'example_time_delta_sensor_async' retrieved from /home/airflow/.local/lib/python3.8/site-packages/airflow/example_dags/example_time_delta_sensor_async.py
[2025-11-03T01:14:22.409+0000] {logging_mixin.py:188} INFO - [2025-11-03T01:14:22.407+0000] {dag.py:3036} INFO - Sync 1 DAGs
[2025-11-03T01:14:22.584+0000] {logging_mixin.py:188} INFO - [2025-11-03T01:14:22.583+0000] {dag.py:3823} INFO - Setting next_dagrun for example_time_delta_sensor_async to None, run_after=None
[2025-11-03T01:14:22.810+0000] {processor.py:183} INFO - Processing /home/airflow/.local/lib/python3.8/site-packages/airflow/example_dags/example_time_delta_sensor_async.py took 0.823 seconds
[2025-11-03T01:15:16.155+0000] {processor.py:161} INFO - Started process (PID=236) to work on /home/airflow/.local/lib/python3.8/site-packages/airflow/example_dags/example_time_delta_sensor_async.py
[2025-11-03T01:15:16.159+0000] {processor.py:830} INFO - Processing file /home/airflow/.local/lib/python3.8/site-packages/airflow/example_dags/example_time_delta_sensor_async.py for tasks to queue
[2025-11-03T01:15:16.167+0000] {logging_mixin.py:188} INFO - [2025-11-03T01:15:16.166+0000] {dagbag.py:538} INFO - Filling up the DagBag from /home/airflow/.local/lib/python3.8/site-packages/airflow/example_dags/example_time_delta_sensor_async.py
[2025-11-03T01:15:16.187+0000] {processor.py:840} INFO - DAG(s) 'example_time_delta_sensor_async' retrieved from /home/airflow/.local/lib/python3.8/site-packages/airflow/example_dags/example_time_delta_sensor_async.py
[2025-11-03T01:15:16.355+0000] {logging_mixin.py:188} INFO - [2025-11-03T01:15:16.353+0000] {dag.py:3036} INFO - Sync 1 DAGs
[2025-11-03T01:15:16.515+0000] {logging_mixin.py:188} INFO - [2025-11-03T01:15:16.514+0000] {dag.py:3823} INFO - Setting next_dagrun for example_time_delta_sensor_async to None, run_after=None
[2025-11-03T01:15:16.649+0000] {processor.py:183} INFO - Processing /home/airflow/.local/lib/python3.8/site-packages/airflow/example_dags/example_time_delta_sensor_async.py took 0.512 seconds
[2025-11-03T01:15:55.112+0000] {processor.py:161} INFO - Started process (PID=289) to work on /home/airflow/.local/lib/python3.8/site-packages/airflow/example_dags/example_time_delta_sensor_async.py
[2025-11-03T01:15:55.146+0000] {processor.py:830} INFO - Processing file /home/airflow/.local/lib/python3.8/site-packages/airflow/example_dags/example_time_delta_sensor_async.py for tasks to queue
[2025-11-03T01:15:55.181+0000] {logging_mixin.py:188} INFO - [2025-11-03T01:15:55.180+0000] {dagbag.py:538} INFO - Filling up the DagBag from /home/airflow/.local/lib/python3.8/site-packages/airflow/example_dags/example_time_delta_sensor_async.py
[2025-11-03T01:15:55.267+0000] {processor.py:840} INFO - DAG(s) 'example_time_delta_sensor_async' retrieved from /home/airflow/.local/lib/python3.8/site-packages/airflow/example_dags/example_time_delta_sensor_async.py
[2025-11-03T01:15:55.435+0000] {logging_mixin.py:188} INFO - [2025-11-03T01:15:55.434+0000] {dag.py:3036} INFO - Sync 1 DAGs
[2025-11-03T01:15:55.708+0000] {logging_mixin.py:188} INFO - [2025-11-03T01:15:55.708+0000] {dag.py:3823} INFO - Setting next_dagrun for example_time_delta_sensor_async to None, run_after=None
[2025-11-03T01:15:56.858+0000] {processor.py:183} INFO - Processing /home/airflow/.local/lib/python3.8/site-packages/airflow/example_dags/example_time_delta_sensor_async.py took 1.805 seconds
[2025-11-03T01:16:36.659+0000] {processor.py:161} INFO - Started process (PID=351) to work on /home/airflow/.local/lib/python3.8/site-packages/airflow/example_dags/example_time_delta_sensor_async.py
[2025-11-03T01:16:36.663+0000] {processor.py:830} INFO - Processing file /home/airflow/.local/lib/python3.8/site-packages/airflow/example_dags/example_time_delta_sensor_async.py for tasks to queue
[2025-11-03T01:16:36.670+0000] {logging_mixin.py:188} INFO - [2025-11-03T01:16:36.669+0000] {dagbag.py:538} INFO - Filling up the DagBag from /home/airflow/.local/lib/python3.8/site-packages/airflow/example_dags/example_time_delta_sensor_async.py
[2025-11-03T01:16:36.697+0000] {processor.py:840} INFO - DAG(s) 'example_time_delta_sensor_async' retrieved from /home/airflow/.local/lib/python3.8/site-packages/airflow/example_dags/example_time_delta_sensor_async.py
[2025-11-03T01:16:37.148+0000] {logging_mixin.py:188} INFO - [2025-11-03T01:16:37.147+0000] {dag.py:3036} INFO - Sync 1 DAGs
[2025-11-03T01:16:37.199+0000] {logging_mixin.py:188} INFO - [2025-11-03T01:16:37.198+0000] {dag.py:3823} INFO - Setting next_dagrun for example_time_delta_sensor_async to None, run_after=None
[2025-11-03T01:16:37.313+0000] {processor.py:183} INFO - Processing /home/airflow/.local/lib/python3.8/site-packages/airflow/example_dags/example_time_delta_sensor_async.py took 0.668 seconds
[2025-11-03T01:17:09.611+0000] {processor.py:161} INFO - Started process (PID=409) to work on /home/airflow/.local/lib/python3.8/site-packages/airflow/example_dags/example_time_delta_sensor_async.py
[2025-11-03T01:17:09.615+0000] {processor.py:830} INFO - Processing file /home/airflow/.local/lib/python3.8/site-packages/airflow/example_dags/example_time_delta_sensor_async.py for tasks to queue
[2025-11-03T01:17:09.624+0000] {logging_mixin.py:188} INFO - [2025-11-03T01:17:09.623+0000] {dagbag.py:538} INFO - Filling up the DagBag from /home/airflow/.local/lib/python3.8/site-packages/airflow/example_dags/example_time_delta_sensor_async.py
[2025-11-03T01:17:09.648+0000] {processor.py:840} INFO - DAG(s) 'example_time_delta_sensor_async' retrieved from /home/airflow/.local/lib/python3.8/site-packages/airflow/example_dags/example_time_delta_sensor_async.py
[2025-11-03T01:17:09.776+0000] {logging_mixin.py:188} INFO - [2025-11-03T01:17:09.775+0000] {dag.py:3036} INFO - Sync 1 DAGs
[2025-11-03T01:17:09.853+0000] {logging_mixin.py:188} INFO - [2025-11-03T01:17:09.848+0000] {dag.py:3823} INFO - Setting next_dagrun for example_time_delta_sensor_async to None, run_after=None
[2025-11-03T01:17:09.969+0000] {processor.py:183} INFO - Processing /home/airflow/.local/lib/python3.8/site-packages/airflow/example_dags/example_time_delta_sensor_async.py took 0.384 seconds
[2025-11-03T01:17:44.673+0000] {processor.py:161} INFO - Started process (PID=467) to work on /home/airflow/.local/lib/python3.8/site-packages/airflow/example_dags/example_time_delta_sensor_async.py
[2025-11-03T01:17:44.679+0000] {processor.py:830} INFO - Processing file /home/airflow/.local/lib/python3.8/site-packages/airflow/example_dags/example_time_delta_sensor_async.py for tasks to queue
[2025-11-03T01:17:44.685+0000] {logging_mixin.py:188} INFO - [2025-11-03T01:17:44.684+0000] {dagbag.py:538} INFO - Filling up the DagBag from /home/airflow/.local/lib/python3.8/site-packages/airflow/example_dags/example_time_delta_sensor_async.py
[2025-11-03T01:17:44.705+0000] {processor.py:840} INFO - DAG(s) 'example_time_delta_sensor_async' retrieved from /home/airflow/.local/lib/python3.8/site-packages/airflow/example_dags/example_time_delta_sensor_async.py
[2025-11-03T01:17:44.796+0000] {logging_mixin.py:188} INFO - [2025-11-03T01:17:44.795+0000] {dag.py:3036} INFO - Sync 1 DAGs
[2025-11-03T01:17:44.866+0000] {logging_mixin.py:188} INFO - [2025-11-03T01:17:44.865+0000] {dag.py:3823} INFO - Setting next_dagrun for example_time_delta_sensor_async to None, run_after=None
[2025-11-03T01:17:44.945+0000] {processor.py:183} INFO - Processing /home/airflow/.local/lib/python3.8/site-packages/airflow/example_dags/example_time_delta_sensor_async.py took 0.284 seconds
[2025-11-03T01:18:15.617+0000] {processor.py:161} INFO - Started process (PID=522) to work on /home/airflow/.local/lib/python3.8/site-packages/airflow/example_dags/example_time_delta_sensor_async.py
[2025-11-03T01:18:15.630+0000] {processor.py:830} INFO - Processing file /home/airflow/.local/lib/python3.8/site-packages/airflow/example_dags/example_time_delta_sensor_async.py for tasks to queue
[2025-11-03T01:18:15.637+0000] {logging_mixin.py:188} INFO - [2025-11-03T01:18:15.636+0000] {dagbag.py:538} INFO - Filling up the DagBag from /home/airflow/.local/lib/python3.8/site-packages/airflow/example_dags/example_time_delta_sensor_async.py
[2025-11-03T01:18:15.650+0000] {processor.py:840} INFO - DAG(s) 'example_time_delta_sensor_async' retrieved from /home/airflow/.local/lib/python3.8/site-packages/airflow/example_dags/example_time_delta_sensor_async.py
[2025-11-03T01:18:15.695+0000] {logging_mixin.py:188} INFO - [2025-11-03T01:18:15.695+0000] {dag.py:3036} INFO - Sync 1 DAGs
[2025-11-03T01:18:15.740+0000] {logging_mixin.py:188} INFO - [2025-11-03T01:18:15.739+0000] {dag.py:3823} INFO - Setting next_dagrun for example_time_delta_sensor_async to None, run_after=None
[2025-11-03T01:18:15.819+0000] {processor.py:183} INFO - Processing /home/airflow/.local/lib/python3.8/site-packages/airflow/example_dags/example_time_delta_sensor_async.py took 0.214 seconds
[2025-11-03T01:18:47.360+0000] {processor.py:161} INFO - Started process (PID=577) to work on /home/airflow/.local/lib/python3.8/site-packages/airflow/example_dags/example_time_delta_sensor_async.py
[2025-11-03T01:18:47.364+0000] {processor.py:830} INFO - Processing file /home/airflow/.local/lib/python3.8/site-packages/airflow/example_dags/example_time_delta_sensor_async.py for tasks to queue
[2025-11-03T01:18:47.370+0000] {logging_mixin.py:188} INFO - [2025-11-03T01:18:47.369+0000] {dagbag.py:538} INFO - Filling up the DagBag from /home/airflow/.local/lib/python3.8/site-packages/airflow/example_dags/example_time_delta_sensor_async.py
[2025-11-03T01:18:47.392+0000] {processor.py:840} INFO - DAG(s) 'example_time_delta_sensor_async' retrieved from /home/airflow/.local/lib/python3.8/site-packages/airflow/example_dags/example_time_delta_sensor_async.py
[2025-11-03T01:18:47.570+0000] {logging_mixin.py:188} INFO - [2025-11-03T01:18:47.568+0000] {dag.py:3036} INFO - Sync 1 DAGs
[2025-11-03T01:18:47.696+0000] {logging_mixin.py:188} INFO - [2025-11-03T01:18:47.695+0000] {dag.py:3823} INFO - Setting next_dagrun for example_time_delta_sensor_async to None, run_after=None
[2025-11-03T01:18:47.824+0000] {processor.py:183} INFO - Processing /home/airflow/.local/lib/python3.8/site-packages/airflow/example_dags/example_time_delta_sensor_async.py took 0.476 seconds
[2025-11-03T01:19:19.589+0000] {processor.py:161} INFO - Started process (PID=632) to work on /home/airflow/.local/lib/python3.8/site-packages/airflow/example_dags/example_time_delta_sensor_async.py
[2025-11-03T01:19:19.593+0000] {processor.py:830} INFO - Processing file /home/airflow/.local/lib/python3.8/site-packages/airflow/example_dags/example_time_delta_sensor_async.py for tasks to queue
[2025-11-03T01:19:19.599+0000] {logging_mixin.py:188} INFO - [2025-11-03T01:19:19.599+0000] {dagbag.py:538} INFO - Filling up the DagBag from /home/airflow/.local/lib/python3.8/site-packages/airflow/example_dags/example_time_delta_sensor_async.py
[2025-11-03T01:19:19.625+0000] {processor.py:840} INFO - DAG(s) 'example_time_delta_sensor_async' retrieved from /home/airflow/.local/lib/python3.8/site-packages/airflow/example_dags/example_time_delta_sensor_async.py
[2025-11-03T01:19:19.689+0000] {logging_mixin.py:188} INFO - [2025-11-03T01:19:19.688+0000] {dag.py:3036} INFO - Sync 1 DAGs
[2025-11-03T01:19:19.730+0000] {logging_mixin.py:188} INFO - [2025-11-03T01:19:19.730+0000] {dag.py:3823} INFO - Setting next_dagrun for example_time_delta_sensor_async to None, run_after=None
[2025-11-03T01:19:19.828+0000] {processor.py:183} INFO - Processing /home/airflow/.local/lib/python3.8/site-packages/airflow/example_dags/example_time_delta_sensor_async.py took 0.252 seconds
[2025-11-03T01:19:51.801+0000] {processor.py:161} INFO - Started process (PID=687) to work on /home/airflow/.local/lib/python3.8/site-packages/airflow/example_dags/example_time_delta_sensor_async.py
[2025-11-03T01:19:51.810+0000] {processor.py:830} INFO - Processing file /home/airflow/.local/lib/python3.8/site-packages/airflow/example_dags/example_time_delta_sensor_async.py for tasks to queue
[2025-11-03T01:19:51.817+0000] {logging_mixin.py:188} INFO - [2025-11-03T01:19:51.816+0000] {dagbag.py:538} INFO - Filling up the DagBag from /home/airflow/.local/lib/python3.8/site-packages/airflow/example_dags/example_time_delta_sensor_async.py
[2025-11-03T01:19:51.836+0000] {processor.py:840} INFO - DAG(s) 'example_time_delta_sensor_async' retrieved from /home/airflow/.local/lib/python3.8/site-packages/airflow/example_dags/example_time_delta_sensor_async.py
[2025-11-03T01:19:51.958+0000] {logging_mixin.py:188} INFO - [2025-11-03T01:19:51.958+0000] {dag.py:3036} INFO - Sync 1 DAGs
[2025-11-03T01:19:52.040+0000] {logging_mixin.py:188} INFO - [2025-11-03T01:19:52.039+0000] {dag.py:3823} INFO - Setting next_dagrun for example_time_delta_sensor_async to None, run_after=None
[2025-11-03T01:19:52.127+0000] {processor.py:183} INFO - Processing /home/airflow/.local/lib/python3.8/site-packages/airflow/example_dags/example_time_delta_sensor_async.py took 0.344 seconds
[2025-11-03T01:20:24.418+0000] {processor.py:161} INFO - Started process (PID=741) to work on /home/airflow/.local/lib/python3.8/site-packages/airflow/example_dags/example_time_delta_sensor_async.py
[2025-11-03T01:20:24.421+0000] {processor.py:830} INFO - Processing file /home/airflow/.local/lib/python3.8/site-packages/airflow/example_dags/example_time_delta_sensor_async.py for tasks to queue
[2025-11-03T01:20:24.427+0000] {logging_mixin.py:188} INFO - [2025-11-03T01:20:24.426+0000] {dagbag.py:538} INFO - Filling up the DagBag from /home/airflow/.local/lib/python3.8/site-packages/airflow/example_dags/example_time_delta_sensor_async.py
[2025-11-03T01:20:24.445+0000] {processor.py:840} INFO - DAG(s) 'example_time_delta_sensor_async' retrieved from /home/airflow/.local/lib/python3.8/site-packages/airflow/example_dags/example_time_delta_sensor_async.py
[2025-11-03T01:20:24.523+0000] {logging_mixin.py:188} INFO - [2025-11-03T01:20:24.522+0000] {dag.py:3036} INFO - Sync 1 DAGs
[2025-11-03T01:20:24.570+0000] {logging_mixin.py:188} INFO - [2025-11-03T01:20:24.569+0000] {dag.py:3823} INFO - Setting next_dagrun for example_time_delta_sensor_async to None, run_after=None
[2025-11-03T01:20:24.637+0000] {processor.py:183} INFO - Processing /home/airflow/.local/lib/python3.8/site-packages/airflow/example_dags/example_time_delta_sensor_async.py took 0.230 seconds
[2025-11-03T01:21:03.328+0000] {processor.py:161} INFO - Started process (PID=793) to work on /home/airflow/.local/lib/python3.8/site-packages/airflow/example_dags/example_time_delta_sensor_async.py
[2025-11-03T01:21:03.343+0000] {processor.py:830} INFO - Processing file /home/airflow/.local/lib/python3.8/site-packages/airflow/example_dags/example_time_delta_sensor_async.py for tasks to queue
[2025-11-03T01:21:03.388+0000] {logging_mixin.py:188} INFO - [2025-11-03T01:21:03.387+0000] {dagbag.py:538} INFO - Filling up the DagBag from /home/airflow/.local/lib/python3.8/site-packages/airflow/example_dags/example_time_delta_sensor_async.py
[2025-11-03T01:21:03.604+0000] {processor.py:840} INFO - DAG(s) 'example_time_delta_sensor_async' retrieved from /home/airflow/.local/lib/python3.8/site-packages/airflow/example_dags/example_time_delta_sensor_async.py
[2025-11-03T01:21:04.015+0000] {logging_mixin.py:188} INFO - [2025-11-03T01:21:04.014+0000] {dag.py:3036} INFO - Sync 1 DAGs
[2025-11-03T01:21:04.095+0000] {logging_mixin.py:188} INFO - [2025-11-03T01:21:04.095+0000] {dag.py:3823} INFO - Setting next_dagrun for example_time_delta_sensor_async to None, run_after=None
[2025-11-03T01:21:04.381+0000] {processor.py:183} INFO - Processing /home/airflow/.local/lib/python3.8/site-packages/airflow/example_dags/example_time_delta_sensor_async.py took 1.092 seconds
[2025-11-03T01:25:47.867+0000] {processor.py:161} INFO - Started process (PID=106) to work on /home/airflow/.local/lib/python3.8/site-packages/airflow/example_dags/example_time_delta_sensor_async.py
[2025-11-03T01:25:47.884+0000] {processor.py:830} INFO - Processing file /home/airflow/.local/lib/python3.8/site-packages/airflow/example_dags/example_time_delta_sensor_async.py for tasks to queue
[2025-11-03T01:25:47.939+0000] {logging_mixin.py:188} INFO - [2025-11-03T01:25:47.928+0000] {dagbag.py:538} INFO - Filling up the DagBag from /home/airflow/.local/lib/python3.8/site-packages/airflow/example_dags/example_time_delta_sensor_async.py
[2025-11-03T01:25:48.009+0000] {processor.py:840} INFO - DAG(s) 'example_time_delta_sensor_async' retrieved from /home/airflow/.local/lib/python3.8/site-packages/airflow/example_dags/example_time_delta_sensor_async.py
[2025-11-03T01:25:48.207+0000] {logging_mixin.py:188} INFO - [2025-11-03T01:25:48.203+0000] {dag.py:3036} INFO - Sync 1 DAGs
[2025-11-03T01:25:48.294+0000] {logging_mixin.py:188} INFO - [2025-11-03T01:25:48.294+0000] {dag.py:3823} INFO - Setting next_dagrun for example_time_delta_sensor_async to None, run_after=None
[2025-11-03T01:25:48.523+0000] {processor.py:183} INFO - Processing /home/airflow/.local/lib/python3.8/site-packages/airflow/example_dags/example_time_delta_sensor_async.py took 0.727 seconds
[2025-11-03T01:26:19.341+0000] {processor.py:161} INFO - Started process (PID=163) to work on /home/airflow/.local/lib/python3.8/site-packages/airflow/example_dags/example_time_delta_sensor_async.py
[2025-11-03T01:26:19.345+0000] {processor.py:830} INFO - Processing file /home/airflow/.local/lib/python3.8/site-packages/airflow/example_dags/example_time_delta_sensor_async.py for tasks to queue
[2025-11-03T01:26:19.350+0000] {logging_mixin.py:188} INFO - [2025-11-03T01:26:19.349+0000] {dagbag.py:538} INFO - Filling up the DagBag from /home/airflow/.local/lib/python3.8/site-packages/airflow/example_dags/example_time_delta_sensor_async.py
[2025-11-03T01:26:19.361+0000] {processor.py:840} INFO - DAG(s) 'example_time_delta_sensor_async' retrieved from /home/airflow/.local/lib/python3.8/site-packages/airflow/example_dags/example_time_delta_sensor_async.py
[2025-11-03T01:26:19.423+0000] {logging_mixin.py:188} INFO - [2025-11-03T01:26:19.423+0000] {dag.py:3036} INFO - Sync 1 DAGs
[2025-11-03T01:26:19.457+0000] {logging_mixin.py:188} INFO - [2025-11-03T01:26:19.456+0000] {dag.py:3823} INFO - Setting next_dagrun for example_time_delta_sensor_async to None, run_after=None
[2025-11-03T01:26:19.520+0000] {processor.py:183} INFO - Processing /home/airflow/.local/lib/python3.8/site-packages/airflow/example_dags/example_time_delta_sensor_async.py took 0.187 seconds
[2025-11-03T01:26:49.896+0000] {processor.py:161} INFO - Started process (PID=218) to work on /home/airflow/.local/lib/python3.8/site-packages/airflow/example_dags/example_time_delta_sensor_async.py
[2025-11-03T01:26:49.901+0000] {processor.py:830} INFO - Processing file /home/airflow/.local/lib/python3.8/site-packages/airflow/example_dags/example_time_delta_sensor_async.py for tasks to queue
[2025-11-03T01:26:49.911+0000] {logging_mixin.py:188} INFO - [2025-11-03T01:26:49.909+0000] {dagbag.py:538} INFO - Filling up the DagBag from /home/airflow/.local/lib/python3.8/site-packages/airflow/example_dags/example_time_delta_sensor_async.py
[2025-11-03T01:26:49.934+0000] {processor.py:840} INFO - DAG(s) 'example_time_delta_sensor_async' retrieved from /home/airflow/.local/lib/python3.8/site-packages/airflow/example_dags/example_time_delta_sensor_async.py
[2025-11-03T01:26:50.003+0000] {logging_mixin.py:188} INFO - [2025-11-03T01:26:50.003+0000] {dag.py:3036} INFO - Sync 1 DAGs
[2025-11-03T01:26:50.049+0000] {logging_mixin.py:188} INFO - [2025-11-03T01:26:50.049+0000] {dag.py:3823} INFO - Setting next_dagrun for example_time_delta_sensor_async to None, run_after=None
[2025-11-03T01:26:50.112+0000] {processor.py:183} INFO - Processing /home/airflow/.local/lib/python3.8/site-packages/airflow/example_dags/example_time_delta_sensor_async.py took 0.242 seconds
[2025-11-03T01:27:20.883+0000] {processor.py:161} INFO - Started process (PID=273) to work on /home/airflow/.local/lib/python3.8/site-packages/airflow/example_dags/example_time_delta_sensor_async.py
[2025-11-03T01:27:20.888+0000] {processor.py:830} INFO - Processing file /home/airflow/.local/lib/python3.8/site-packages/airflow/example_dags/example_time_delta_sensor_async.py for tasks to queue
[2025-11-03T01:27:20.899+0000] {logging_mixin.py:188} INFO - [2025-11-03T01:27:20.898+0000] {dagbag.py:538} INFO - Filling up the DagBag from /home/airflow/.local/lib/python3.8/site-packages/airflow/example_dags/example_time_delta_sensor_async.py
[2025-11-03T01:27:20.920+0000] {processor.py:840} INFO - DAG(s) 'example_time_delta_sensor_async' retrieved from /home/airflow/.local/lib/python3.8/site-packages/airflow/example_dags/example_time_delta_sensor_async.py
[2025-11-03T01:27:21.026+0000] {logging_mixin.py:188} INFO - [2025-11-03T01:27:21.024+0000] {dag.py:3036} INFO - Sync 1 DAGs
[2025-11-03T01:27:21.097+0000] {logging_mixin.py:188} INFO - [2025-11-03T01:27:21.096+0000] {dag.py:3823} INFO - Setting next_dagrun for example_time_delta_sensor_async to None, run_after=None
[2025-11-03T01:27:21.189+0000] {processor.py:183} INFO - Processing /home/airflow/.local/lib/python3.8/site-packages/airflow/example_dags/example_time_delta_sensor_async.py took 0.327 seconds
[2025-11-03T01:27:51.496+0000] {processor.py:161} INFO - Started process (PID=327) to work on /home/airflow/.local/lib/python3.8/site-packages/airflow/example_dags/example_time_delta_sensor_async.py
[2025-11-03T01:27:51.499+0000] {processor.py:830} INFO - Processing file /home/airflow/.local/lib/python3.8/site-packages/airflow/example_dags/example_time_delta_sensor_async.py for tasks to queue
[2025-11-03T01:27:51.509+0000] {logging_mixin.py:188} INFO - [2025-11-03T01:27:51.508+0000] {dagbag.py:538} INFO - Filling up the DagBag from /home/airflow/.local/lib/python3.8/site-packages/airflow/example_dags/example_time_delta_sensor_async.py
[2025-11-03T01:27:51.540+0000] {processor.py:840} INFO - DAG(s) 'example_time_delta_sensor_async' retrieved from /home/airflow/.local/lib/python3.8/site-packages/airflow/example_dags/example_time_delta_sensor_async.py
[2025-11-03T01:27:51.719+0000] {logging_mixin.py:188} INFO - [2025-11-03T01:27:51.719+0000] {dag.py:3036} INFO - Sync 1 DAGs
[2025-11-03T01:27:51.764+0000] {logging_mixin.py:188} INFO - [2025-11-03T01:27:51.763+0000] {dag.py:3823} INFO - Setting next_dagrun for example_time_delta_sensor_async to None, run_after=None
[2025-11-03T01:27:51.818+0000] {processor.py:183} INFO - Processing /home/airflow/.local/lib/python3.8/site-packages/airflow/example_dags/example_time_delta_sensor_async.py took 0.338 seconds
[2025-11-03T01:28:22.794+0000] {processor.py:161} INFO - Started process (PID=381) to work on /home/airflow/.local/lib/python3.8/site-packages/airflow/example_dags/example_time_delta_sensor_async.py
[2025-11-03T01:28:22.797+0000] {processor.py:830} INFO - Processing file /home/airflow/.local/lib/python3.8/site-packages/airflow/example_dags/example_time_delta_sensor_async.py for tasks to queue
[2025-11-03T01:28:22.803+0000] {logging_mixin.py:188} INFO - [2025-11-03T01:28:22.802+0000] {dagbag.py:538} INFO - Filling up the DagBag from /home/airflow/.local/lib/python3.8/site-packages/airflow/example_dags/example_time_delta_sensor_async.py
[2025-11-03T01:28:22.820+0000] {processor.py:840} INFO - DAG(s) 'example_time_delta_sensor_async' retrieved from /home/airflow/.local/lib/python3.8/site-packages/airflow/example_dags/example_time_delta_sensor_async.py
[2025-11-03T01:28:22.877+0000] {logging_mixin.py:188} INFO - [2025-11-03T01:28:22.877+0000] {dag.py:3036} INFO - Sync 1 DAGs
[2025-11-03T01:28:22.933+0000] {logging_mixin.py:188} INFO - [2025-11-03T01:28:22.932+0000] {dag.py:3823} INFO - Setting next_dagrun for example_time_delta_sensor_async to None, run_after=None
[2025-11-03T01:28:22.987+0000] {processor.py:183} INFO - Processing /home/airflow/.local/lib/python3.8/site-packages/airflow/example_dags/example_time_delta_sensor_async.py took 0.204 seconds
[2025-11-03T01:28:53.549+0000] {processor.py:161} INFO - Started process (PID=435) to work on /home/airflow/.local/lib/python3.8/site-packages/airflow/example_dags/example_time_delta_sensor_async.py
[2025-11-03T01:28:53.553+0000] {processor.py:830} INFO - Processing file /home/airflow/.local/lib/python3.8/site-packages/airflow/example_dags/example_time_delta_sensor_async.py for tasks to queue
[2025-11-03T01:28:53.559+0000] {logging_mixin.py:188} INFO - [2025-11-03T01:28:53.559+0000] {dagbag.py:538} INFO - Filling up the DagBag from /home/airflow/.local/lib/python3.8/site-packages/airflow/example_dags/example_time_delta_sensor_async.py
[2025-11-03T01:28:53.576+0000] {processor.py:840} INFO - DAG(s) 'example_time_delta_sensor_async' retrieved from /home/airflow/.local/lib/python3.8/site-packages/airflow/example_dags/example_time_delta_sensor_async.py
[2025-11-03T01:28:53.852+0000] {logging_mixin.py:188} INFO - [2025-11-03T01:28:53.851+0000] {dag.py:3036} INFO - Sync 1 DAGs
[2025-11-03T01:28:53.873+0000] {logging_mixin.py:188} INFO - [2025-11-03T01:28:53.872+0000] {dag.py:3823} INFO - Setting next_dagrun for example_time_delta_sensor_async to None, run_after=None
[2025-11-03T01:28:53.914+0000] {processor.py:183} INFO - Processing /home/airflow/.local/lib/python3.8/site-packages/airflow/example_dags/example_time_delta_sensor_async.py took 0.375 seconds
[2025-11-03T01:29:31.589+0000] {processor.py:161} INFO - Started process (PID=490) to work on /home/airflow/.local/lib/python3.8/site-packages/airflow/example_dags/example_time_delta_sensor_async.py
[2025-11-03T01:29:31.605+0000] {processor.py:830} INFO - Processing file /home/airflow/.local/lib/python3.8/site-packages/airflow/example_dags/example_time_delta_sensor_async.py for tasks to queue
[2025-11-03T01:29:31.636+0000] {logging_mixin.py:188} INFO - [2025-11-03T01:29:31.635+0000] {dagbag.py:538} INFO - Filling up the DagBag from /home/airflow/.local/lib/python3.8/site-packages/airflow/example_dags/example_time_delta_sensor_async.py
[2025-11-03T01:29:31.710+0000] {processor.py:840} INFO - DAG(s) 'example_time_delta_sensor_async' retrieved from /home/airflow/.local/lib/python3.8/site-packages/airflow/example_dags/example_time_delta_sensor_async.py
[2025-11-03T01:29:32.024+0000] {logging_mixin.py:188} INFO - [2025-11-03T01:29:32.024+0000] {dag.py:3036} INFO - Sync 1 DAGs
[2025-11-03T01:29:32.251+0000] {logging_mixin.py:188} INFO - [2025-11-03T01:29:32.251+0000] {dag.py:3823} INFO - Setting next_dagrun for example_time_delta_sensor_async to None, run_after=None
[2025-11-03T01:29:32.480+0000] {processor.py:183} INFO - Processing /home/airflow/.local/lib/python3.8/site-packages/airflow/example_dags/example_time_delta_sensor_async.py took 0.945 seconds
[2025-11-03T01:30:36.228+0000] {processor.py:161} INFO - Started process (PID=550) to work on /home/airflow/.local/lib/python3.8/site-packages/airflow/example_dags/example_time_delta_sensor_async.py
[2025-11-03T01:30:36.270+0000] {processor.py:830} INFO - Processing file /home/airflow/.local/lib/python3.8/site-packages/airflow/example_dags/example_time_delta_sensor_async.py for tasks to queue
[2025-11-03T01:30:36.294+0000] {logging_mixin.py:188} INFO - [2025-11-03T01:30:36.293+0000] {dagbag.py:538} INFO - Filling up the DagBag from /home/airflow/.local/lib/python3.8/site-packages/airflow/example_dags/example_time_delta_sensor_async.py
[2025-11-03T01:30:36.495+0000] {processor.py:840} INFO - DAG(s) 'example_time_delta_sensor_async' retrieved from /home/airflow/.local/lib/python3.8/site-packages/airflow/example_dags/example_time_delta_sensor_async.py
[2025-11-03T01:30:36.927+0000] {logging_mixin.py:188} INFO - [2025-11-03T01:30:36.911+0000] {dag.py:3036} INFO - Sync 1 DAGs
[2025-11-03T01:30:37.155+0000] {logging_mixin.py:188} INFO - [2025-11-03T01:30:37.154+0000] {dag.py:3823} INFO - Setting next_dagrun for example_time_delta_sensor_async to None, run_after=None
[2025-11-03T01:30:37.528+0000] {processor.py:183} INFO - Processing /home/airflow/.local/lib/python3.8/site-packages/airflow/example_dags/example_time_delta_sensor_async.py took 1.381 seconds
[2025-11-03T01:31:20.157+0000] {processor.py:161} INFO - Started process (PID=604) to work on /home/airflow/.local/lib/python3.8/site-packages/airflow/example_dags/example_time_delta_sensor_async.py
[2025-11-03T01:31:20.161+0000] {processor.py:830} INFO - Processing file /home/airflow/.local/lib/python3.8/site-packages/airflow/example_dags/example_time_delta_sensor_async.py for tasks to queue
[2025-11-03T01:31:20.171+0000] {logging_mixin.py:188} INFO - [2025-11-03T01:31:20.170+0000] {dagbag.py:538} INFO - Filling up the DagBag from /home/airflow/.local/lib/python3.8/site-packages/airflow/example_dags/example_time_delta_sensor_async.py
[2025-11-03T01:31:20.191+0000] {processor.py:840} INFO - DAG(s) 'example_time_delta_sensor_async' retrieved from /home/airflow/.local/lib/python3.8/site-packages/airflow/example_dags/example_time_delta_sensor_async.py
[2025-11-03T01:31:20.312+0000] {logging_mixin.py:188} INFO - [2025-11-03T01:31:20.308+0000] {dag.py:3036} INFO - Sync 1 DAGs
[2025-11-03T01:31:20.390+0000] {logging_mixin.py:188} INFO - [2025-11-03T01:31:20.389+0000] {dag.py:3823} INFO - Setting next_dagrun for example_time_delta_sensor_async to None, run_after=None
[2025-11-03T01:31:20.525+0000] {processor.py:183} INFO - Processing /home/airflow/.local/lib/python3.8/site-packages/airflow/example_dags/example_time_delta_sensor_async.py took 0.383 seconds
[2025-11-03T01:31:53.284+0000] {processor.py:161} INFO - Started process (PID=663) to work on /home/airflow/.local/lib/python3.8/site-packages/airflow/example_dags/example_time_delta_sensor_async.py
[2025-11-03T01:31:53.293+0000] {processor.py:830} INFO - Processing file /home/airflow/.local/lib/python3.8/site-packages/airflow/example_dags/example_time_delta_sensor_async.py for tasks to queue
[2025-11-03T01:31:53.310+0000] {logging_mixin.py:188} INFO - [2025-11-03T01:31:53.309+0000] {dagbag.py:538} INFO - Filling up the DagBag from /home/airflow/.local/lib/python3.8/site-packages/airflow/example_dags/example_time_delta_sensor_async.py
[2025-11-03T01:31:53.351+0000] {processor.py:840} INFO - DAG(s) 'example_time_delta_sensor_async' retrieved from /home/airflow/.local/lib/python3.8/site-packages/airflow/example_dags/example_time_delta_sensor_async.py
[2025-11-03T01:31:53.473+0000] {logging_mixin.py:188} INFO - [2025-11-03T01:31:53.473+0000] {dag.py:3036} INFO - Sync 1 DAGs
[2025-11-03T01:31:53.556+0000] {logging_mixin.py:188} INFO - [2025-11-03T01:31:53.555+0000] {dag.py:3823} INFO - Setting next_dagrun for example_time_delta_sensor_async to None, run_after=None
[2025-11-03T01:31:53.680+0000] {processor.py:183} INFO - Processing /home/airflow/.local/lib/python3.8/site-packages/airflow/example_dags/example_time_delta_sensor_async.py took 0.433 seconds
[2025-11-03T01:32:27.179+0000] {processor.py:161} INFO - Started process (PID=718) to work on /home/airflow/.local/lib/python3.8/site-packages/airflow/example_dags/example_time_delta_sensor_async.py
[2025-11-03T01:32:27.193+0000] {processor.py:830} INFO - Processing file /home/airflow/.local/lib/python3.8/site-packages/airflow/example_dags/example_time_delta_sensor_async.py for tasks to queue
[2025-11-03T01:32:27.225+0000] {logging_mixin.py:188} INFO - [2025-11-03T01:32:27.224+0000] {dagbag.py:538} INFO - Filling up the DagBag from /home/airflow/.local/lib/python3.8/site-packages/airflow/example_dags/example_time_delta_sensor_async.py
[2025-11-03T01:32:27.273+0000] {processor.py:840} INFO - DAG(s) 'example_time_delta_sensor_async' retrieved from /home/airflow/.local/lib/python3.8/site-packages/airflow/example_dags/example_time_delta_sensor_async.py
[2025-11-03T01:32:27.436+0000] {logging_mixin.py:188} INFO - [2025-11-03T01:32:27.435+0000] {dag.py:3036} INFO - Sync 1 DAGs
[2025-11-03T01:32:27.504+0000] {logging_mixin.py:188} INFO - [2025-11-03T01:32:27.503+0000] {dag.py:3823} INFO - Setting next_dagrun for example_time_delta_sensor_async to None, run_after=None
[2025-11-03T01:32:27.598+0000] {processor.py:183} INFO - Processing /home/airflow/.local/lib/python3.8/site-packages/airflow/example_dags/example_time_delta_sensor_async.py took 0.468 seconds
[2025-11-03T01:33:13.379+0000] {processor.py:161} INFO - Started process (PID=774) to work on /home/airflow/.local/lib/python3.8/site-packages/airflow/example_dags/example_time_delta_sensor_async.py
[2025-11-03T01:33:13.410+0000] {processor.py:830} INFO - Processing file /home/airflow/.local/lib/python3.8/site-packages/airflow/example_dags/example_time_delta_sensor_async.py for tasks to queue
[2025-11-03T01:33:13.460+0000] {logging_mixin.py:188} INFO - [2025-11-03T01:33:13.459+0000] {dagbag.py:538} INFO - Filling up the DagBag from /home/airflow/.local/lib/python3.8/site-packages/airflow/example_dags/example_time_delta_sensor_async.py
[2025-11-03T01:33:13.569+0000] {processor.py:840} INFO - DAG(s) 'example_time_delta_sensor_async' retrieved from /home/airflow/.local/lib/python3.8/site-packages/airflow/example_dags/example_time_delta_sensor_async.py
[2025-11-03T01:33:13.840+0000] {logging_mixin.py:188} INFO - [2025-11-03T01:33:13.840+0000] {dag.py:3036} INFO - Sync 1 DAGs
[2025-11-03T01:33:14.003+0000] {logging_mixin.py:188} INFO - [2025-11-03T01:33:14.003+0000] {dag.py:3823} INFO - Setting next_dagrun for example_time_delta_sensor_async to None, run_after=None
[2025-11-03T01:33:14.267+0000] {processor.py:183} INFO - Processing /home/airflow/.local/lib/python3.8/site-packages/airflow/example_dags/example_time_delta_sensor_async.py took 0.919 seconds
[2025-11-03T01:33:52.803+0000] {processor.py:161} INFO - Started process (PID=831) to work on /home/airflow/.local/lib/python3.8/site-packages/airflow/example_dags/example_time_delta_sensor_async.py
[2025-11-03T01:33:52.810+0000] {processor.py:830} INFO - Processing file /home/airflow/.local/lib/python3.8/site-packages/airflow/example_dags/example_time_delta_sensor_async.py for tasks to queue
[2025-11-03T01:33:52.828+0000] {logging_mixin.py:188} INFO - [2025-11-03T01:33:52.827+0000] {dagbag.py:538} INFO - Filling up the DagBag from /home/airflow/.local/lib/python3.8/site-packages/airflow/example_dags/example_time_delta_sensor_async.py
[2025-11-03T01:33:52.852+0000] {processor.py:840} INFO - DAG(s) 'example_time_delta_sensor_async' retrieved from /home/airflow/.local/lib/python3.8/site-packages/airflow/example_dags/example_time_delta_sensor_async.py
[2025-11-03T01:33:52.969+0000] {logging_mixin.py:188} INFO - [2025-11-03T01:33:52.968+0000] {dag.py:3036} INFO - Sync 1 DAGs
[2025-11-03T01:33:53.044+0000] {logging_mixin.py:188} INFO - [2025-11-03T01:33:53.043+0000] {dag.py:3823} INFO - Setting next_dagrun for example_time_delta_sensor_async to None, run_after=None
[2025-11-03T01:33:53.268+0000] {processor.py:183} INFO - Processing /home/airflow/.local/lib/python3.8/site-packages/airflow/example_dags/example_time_delta_sensor_async.py took 0.481 seconds
[2025-11-03T01:34:38.974+0000] {processor.py:161} INFO - Started process (PID=901) to work on /home/airflow/.local/lib/python3.8/site-packages/airflow/example_dags/example_time_delta_sensor_async.py
[2025-11-03T01:34:38.978+0000] {processor.py:830} INFO - Processing file /home/airflow/.local/lib/python3.8/site-packages/airflow/example_dags/example_time_delta_sensor_async.py for tasks to queue
[2025-11-03T01:34:38.988+0000] {logging_mixin.py:188} INFO - [2025-11-03T01:34:38.986+0000] {dagbag.py:538} INFO - Filling up the DagBag from /home/airflow/.local/lib/python3.8/site-packages/airflow/example_dags/example_time_delta_sensor_async.py
[2025-11-03T01:34:39.006+0000] {processor.py:840} INFO - DAG(s) 'example_time_delta_sensor_async' retrieved from /home/airflow/.local/lib/python3.8/site-packages/airflow/example_dags/example_time_delta_sensor_async.py
[2025-11-03T01:34:39.102+0000] {logging_mixin.py:188} INFO - [2025-11-03T01:34:39.101+0000] {dag.py:3036} INFO - Sync 1 DAGs
[2025-11-03T01:34:39.182+0000] {logging_mixin.py:188} INFO - [2025-11-03T01:34:39.182+0000] {dag.py:3823} INFO - Setting next_dagrun for example_time_delta_sensor_async to None, run_after=None
[2025-11-03T01:34:39.343+0000] {processor.py:183} INFO - Processing /home/airflow/.local/lib/python3.8/site-packages/airflow/example_dags/example_time_delta_sensor_async.py took 0.383 seconds
[2025-11-03T01:35:11.578+0000] {processor.py:161} INFO - Started process (PID=955) to work on /home/airflow/.local/lib/python3.8/site-packages/airflow/example_dags/example_time_delta_sensor_async.py
[2025-11-03T01:35:11.665+0000] {processor.py:830} INFO - Processing file /home/airflow/.local/lib/python3.8/site-packages/airflow/example_dags/example_time_delta_sensor_async.py for tasks to queue
[2025-11-03T01:35:11.726+0000] {logging_mixin.py:188} INFO - [2025-11-03T01:35:11.725+0000] {dagbag.py:538} INFO - Filling up the DagBag from /home/airflow/.local/lib/python3.8/site-packages/airflow/example_dags/example_time_delta_sensor_async.py
[2025-11-03T01:35:11.883+0000] {processor.py:840} INFO - DAG(s) 'example_time_delta_sensor_async' retrieved from /home/airflow/.local/lib/python3.8/site-packages/airflow/example_dags/example_time_delta_sensor_async.py
[2025-11-03T01:35:12.137+0000] {logging_mixin.py:188} INFO - [2025-11-03T01:35:12.128+0000] {dag.py:3036} INFO - Sync 1 DAGs
[2025-11-03T01:35:12.359+0000] {logging_mixin.py:188} INFO - [2025-11-03T01:35:12.358+0000] {dag.py:3823} INFO - Setting next_dagrun for example_time_delta_sensor_async to None, run_after=None
[2025-11-03T01:35:12.822+0000] {processor.py:183} INFO - Processing /home/airflow/.local/lib/python3.8/site-packages/airflow/example_dags/example_time_delta_sensor_async.py took 1.267 seconds
[2025-11-03T01:35:43.554+0000] {processor.py:161} INFO - Started process (PID=1010) to work on /home/airflow/.local/lib/python3.8/site-packages/airflow/example_dags/example_time_delta_sensor_async.py
[2025-11-03T01:35:43.564+0000] {processor.py:830} INFO - Processing file /home/airflow/.local/lib/python3.8/site-packages/airflow/example_dags/example_time_delta_sensor_async.py for tasks to queue
[2025-11-03T01:35:43.575+0000] {logging_mixin.py:188} INFO - [2025-11-03T01:35:43.574+0000] {dagbag.py:538} INFO - Filling up the DagBag from /home/airflow/.local/lib/python3.8/site-packages/airflow/example_dags/example_time_delta_sensor_async.py
[2025-11-03T01:35:43.611+0000] {processor.py:840} INFO - DAG(s) 'example_time_delta_sensor_async' retrieved from /home/airflow/.local/lib/python3.8/site-packages/airflow/example_dags/example_time_delta_sensor_async.py
[2025-11-03T01:35:43.694+0000] {logging_mixin.py:188} INFO - [2025-11-03T01:35:43.693+0000] {dag.py:3036} INFO - Sync 1 DAGs
[2025-11-03T01:35:43.730+0000] {logging_mixin.py:188} INFO - [2025-11-03T01:35:43.730+0000] {dag.py:3823} INFO - Setting next_dagrun for example_time_delta_sensor_async to None, run_after=None
[2025-11-03T01:35:43.819+0000] {processor.py:183} INFO - Processing /home/airflow/.local/lib/python3.8/site-packages/airflow/example_dags/example_time_delta_sensor_async.py took 0.282 seconds
[2025-11-03T01:36:14.766+0000] {processor.py:161} INFO - Started process (PID=1065) to work on /home/airflow/.local/lib/python3.8/site-packages/airflow/example_dags/example_time_delta_sensor_async.py
[2025-11-03T01:36:14.777+0000] {processor.py:830} INFO - Processing file /home/airflow/.local/lib/python3.8/site-packages/airflow/example_dags/example_time_delta_sensor_async.py for tasks to queue
[2025-11-03T01:36:14.792+0000] {logging_mixin.py:188} INFO - [2025-11-03T01:36:14.791+0000] {dagbag.py:538} INFO - Filling up the DagBag from /home/airflow/.local/lib/python3.8/site-packages/airflow/example_dags/example_time_delta_sensor_async.py
[2025-11-03T01:36:14.817+0000] {processor.py:840} INFO - DAG(s) 'example_time_delta_sensor_async' retrieved from /home/airflow/.local/lib/python3.8/site-packages/airflow/example_dags/example_time_delta_sensor_async.py
[2025-11-03T01:36:14.961+0000] {logging_mixin.py:188} INFO - [2025-11-03T01:36:14.960+0000] {dag.py:3036} INFO - Sync 1 DAGs
[2025-11-03T01:36:15.051+0000] {logging_mixin.py:188} INFO - [2025-11-03T01:36:15.049+0000] {dag.py:3823} INFO - Setting next_dagrun for example_time_delta_sensor_async to None, run_after=None
[2025-11-03T01:36:15.152+0000] {processor.py:183} INFO - Processing /home/airflow/.local/lib/python3.8/site-packages/airflow/example_dags/example_time_delta_sensor_async.py took 0.430 seconds
[2025-11-03T01:36:46.565+0000] {processor.py:161} INFO - Started process (PID=1121) to work on /home/airflow/.local/lib/python3.8/site-packages/airflow/example_dags/example_time_delta_sensor_async.py
[2025-11-03T01:36:46.607+0000] {processor.py:830} INFO - Processing file /home/airflow/.local/lib/python3.8/site-packages/airflow/example_dags/example_time_delta_sensor_async.py for tasks to queue
[2025-11-03T01:36:46.626+0000] {logging_mixin.py:188} INFO - [2025-11-03T01:36:46.624+0000] {dagbag.py:538} INFO - Filling up the DagBag from /home/airflow/.local/lib/python3.8/site-packages/airflow/example_dags/example_time_delta_sensor_async.py
[2025-11-03T01:36:46.690+0000] {processor.py:840} INFO - DAG(s) 'example_time_delta_sensor_async' retrieved from /home/airflow/.local/lib/python3.8/site-packages/airflow/example_dags/example_time_delta_sensor_async.py
[2025-11-03T01:36:46.927+0000] {logging_mixin.py:188} INFO - [2025-11-03T01:36:46.926+0000] {dag.py:3036} INFO - Sync 1 DAGs
[2025-11-03T01:36:47.101+0000] {logging_mixin.py:188} INFO - [2025-11-03T01:36:47.101+0000] {dag.py:3823} INFO - Setting next_dagrun for example_time_delta_sensor_async to None, run_after=None
[2025-11-03T01:36:47.373+0000] {processor.py:183} INFO - Processing /home/airflow/.local/lib/python3.8/site-packages/airflow/example_dags/example_time_delta_sensor_async.py took 0.842 seconds
[2025-11-03T01:37:38.040+0000] {processor.py:161} INFO - Started process (PID=1186) to work on /home/airflow/.local/lib/python3.8/site-packages/airflow/example_dags/example_time_delta_sensor_async.py
[2025-11-03T01:37:38.068+0000] {processor.py:830} INFO - Processing file /home/airflow/.local/lib/python3.8/site-packages/airflow/example_dags/example_time_delta_sensor_async.py for tasks to queue
[2025-11-03T01:37:38.088+0000] {logging_mixin.py:188} INFO - [2025-11-03T01:37:38.087+0000] {dagbag.py:538} INFO - Filling up the DagBag from /home/airflow/.local/lib/python3.8/site-packages/airflow/example_dags/example_time_delta_sensor_async.py
[2025-11-03T01:37:38.162+0000] {processor.py:840} INFO - DAG(s) 'example_time_delta_sensor_async' retrieved from /home/airflow/.local/lib/python3.8/site-packages/airflow/example_dags/example_time_delta_sensor_async.py
[2025-11-03T01:37:38.425+0000] {logging_mixin.py:188} INFO - [2025-11-03T01:37:38.414+0000] {dag.py:3036} INFO - Sync 1 DAGs
[2025-11-03T01:37:38.552+0000] {logging_mixin.py:188} INFO - [2025-11-03T01:37:38.551+0000] {dag.py:3823} INFO - Setting next_dagrun for example_time_delta_sensor_async to None, run_after=None
[2025-11-03T01:37:38.779+0000] {processor.py:183} INFO - Processing /home/airflow/.local/lib/python3.8/site-packages/airflow/example_dags/example_time_delta_sensor_async.py took 0.803 seconds
[2025-11-03T01:38:42.210+0000] {processor.py:161} INFO - Started process (PID=1260) to work on /home/airflow/.local/lib/python3.8/site-packages/airflow/example_dags/example_time_delta_sensor_async.py
[2025-11-03T01:38:42.322+0000] {processor.py:830} INFO - Processing file /home/airflow/.local/lib/python3.8/site-packages/airflow/example_dags/example_time_delta_sensor_async.py for tasks to queue
[2025-11-03T01:38:42.397+0000] {logging_mixin.py:188} INFO - [2025-11-03T01:38:42.396+0000] {dagbag.py:538} INFO - Filling up the DagBag from /home/airflow/.local/lib/python3.8/site-packages/airflow/example_dags/example_time_delta_sensor_async.py
[2025-11-03T01:38:42.511+0000] {processor.py:840} INFO - DAG(s) 'example_time_delta_sensor_async' retrieved from /home/airflow/.local/lib/python3.8/site-packages/airflow/example_dags/example_time_delta_sensor_async.py
[2025-11-03T01:38:42.787+0000] {logging_mixin.py:188} INFO - [2025-11-03T01:38:42.778+0000] {dag.py:3036} INFO - Sync 1 DAGs
[2025-11-03T01:38:43.134+0000] {logging_mixin.py:188} INFO - [2025-11-03T01:38:43.124+0000] {dag.py:3823} INFO - Setting next_dagrun for example_time_delta_sensor_async to None, run_after=None
[2025-11-03T01:38:43.798+0000] {processor.py:183} INFO - Processing /home/airflow/.local/lib/python3.8/site-packages/airflow/example_dags/example_time_delta_sensor_async.py took 1.606 seconds
[2025-11-03T01:39:28.292+0000] {processor.py:161} INFO - Started process (PID=1325) to work on /home/airflow/.local/lib/python3.8/site-packages/airflow/example_dags/example_time_delta_sensor_async.py
[2025-11-03T01:39:28.309+0000] {processor.py:830} INFO - Processing file /home/airflow/.local/lib/python3.8/site-packages/airflow/example_dags/example_time_delta_sensor_async.py for tasks to queue
[2025-11-03T01:39:28.341+0000] {logging_mixin.py:188} INFO - [2025-11-03T01:39:28.340+0000] {dagbag.py:538} INFO - Filling up the DagBag from /home/airflow/.local/lib/python3.8/site-packages/airflow/example_dags/example_time_delta_sensor_async.py
[2025-11-03T01:39:28.375+0000] {processor.py:840} INFO - DAG(s) 'example_time_delta_sensor_async' retrieved from /home/airflow/.local/lib/python3.8/site-packages/airflow/example_dags/example_time_delta_sensor_async.py
[2025-11-03T01:39:28.476+0000] {logging_mixin.py:188} INFO - [2025-11-03T01:39:28.475+0000] {dag.py:3036} INFO - Sync 1 DAGs
[2025-11-03T01:39:28.559+0000] {logging_mixin.py:188} INFO - [2025-11-03T01:39:28.551+0000] {dag.py:3823} INFO - Setting next_dagrun for example_time_delta_sensor_async to None, run_after=None
[2025-11-03T01:39:28.647+0000] {processor.py:183} INFO - Processing /home/airflow/.local/lib/python3.8/site-packages/airflow/example_dags/example_time_delta_sensor_async.py took 0.374 seconds
[2025-11-03T01:40:03.546+0000] {processor.py:161} INFO - Started process (PID=1379) to work on /home/airflow/.local/lib/python3.8/site-packages/airflow/example_dags/example_time_delta_sensor_async.py
[2025-11-03T01:40:03.549+0000] {processor.py:830} INFO - Processing file /home/airflow/.local/lib/python3.8/site-packages/airflow/example_dags/example_time_delta_sensor_async.py for tasks to queue
[2025-11-03T01:40:03.562+0000] {logging_mixin.py:188} INFO - [2025-11-03T01:40:03.560+0000] {dagbag.py:538} INFO - Filling up the DagBag from /home/airflow/.local/lib/python3.8/site-packages/airflow/example_dags/example_time_delta_sensor_async.py
[2025-11-03T01:40:03.586+0000] {processor.py:840} INFO - DAG(s) 'example_time_delta_sensor_async' retrieved from /home/airflow/.local/lib/python3.8/site-packages/airflow/example_dags/example_time_delta_sensor_async.py
[2025-11-03T01:40:03.667+0000] {logging_mixin.py:188} INFO - [2025-11-03T01:40:03.666+0000] {dag.py:3036} INFO - Sync 1 DAGs
[2025-11-03T01:40:03.722+0000] {logging_mixin.py:188} INFO - [2025-11-03T01:40:03.721+0000] {dag.py:3823} INFO - Setting next_dagrun for example_time_delta_sensor_async to None, run_after=None
[2025-11-03T01:40:03.848+0000] {processor.py:183} INFO - Processing /home/airflow/.local/lib/python3.8/site-packages/airflow/example_dags/example_time_delta_sensor_async.py took 0.321 seconds
[2025-11-03T01:48:42.318+0000] {processor.py:161} INFO - Started process (PID=1517) to work on /home/airflow/.local/lib/python3.8/site-packages/airflow/example_dags/example_time_delta_sensor_async.py
[2025-11-03T01:48:42.690+0000] {processor.py:830} INFO - Processing file /home/airflow/.local/lib/python3.8/site-packages/airflow/example_dags/example_time_delta_sensor_async.py for tasks to queue
[2025-11-03T01:48:42.787+0000] {logging_mixin.py:188} INFO - [2025-11-03T01:48:42.785+0000] {dagbag.py:538} INFO - Filling up the DagBag from /home/airflow/.local/lib/python3.8/site-packages/airflow/example_dags/example_time_delta_sensor_async.py
[2025-11-03T01:48:45.858+0000] {processor.py:840} INFO - DAG(s) 'example_time_delta_sensor_async' retrieved from /home/airflow/.local/lib/python3.8/site-packages/airflow/example_dags/example_time_delta_sensor_async.py
[2025-11-03T01:48:49.869+0000] {logging_mixin.py:188} INFO - [2025-11-03T01:48:49.868+0000] {dag.py:3036} INFO - Sync 1 DAGs
[2025-11-03T01:48:50.259+0000] {logging_mixin.py:188} INFO - [2025-11-03T01:48:50.259+0000] {dag.py:3823} INFO - Setting next_dagrun for example_time_delta_sensor_async to None, run_after=None
[2025-11-03T01:48:50.773+0000] {processor.py:183} INFO - Processing /home/airflow/.local/lib/python3.8/site-packages/airflow/example_dags/example_time_delta_sensor_async.py took 9.938 seconds
[2025-11-03T01:57:39.409+0000] {processor.py:161} INFO - Started process (PID=1642) to work on /home/airflow/.local/lib/python3.8/site-packages/airflow/example_dags/example_time_delta_sensor_async.py
[2025-11-03T01:57:39.762+0000] {processor.py:830} INFO - Processing file /home/airflow/.local/lib/python3.8/site-packages/airflow/example_dags/example_time_delta_sensor_async.py for tasks to queue
[2025-11-03T01:57:40.038+0000] {logging_mixin.py:188} INFO - [2025-11-03T01:57:39.890+0000] {dagbag.py:538} INFO - Filling up the DagBag from /home/airflow/.local/lib/python3.8/site-packages/airflow/example_dags/example_time_delta_sensor_async.py
[2025-11-03T01:57:40.868+0000] {processor.py:840} INFO - DAG(s) 'example_time_delta_sensor_async' retrieved from /home/airflow/.local/lib/python3.8/site-packages/airflow/example_dags/example_time_delta_sensor_async.py
[2025-11-03T01:58:09.443+0000] {logging_mixin.py:188} INFO - [2025-11-03T01:58:09.441+0000] {dag.py:3036} INFO - Sync 1 DAGs
[2025-11-03T01:58:10.337+0000] {logging_mixin.py:188} INFO - [2025-11-03T01:58:10.336+0000] {dag.py:3823} INFO - Setting next_dagrun for example_time_delta_sensor_async to None, run_after=None
[2025-11-03T01:58:11.791+0000] {processor.py:183} INFO - Processing /home/airflow/.local/lib/python3.8/site-packages/airflow/example_dags/example_time_delta_sensor_async.py took 31.609 seconds
