[2025-11-03T01:13:43.159+0000] {processor.py:161} INFO - Started process (PID=126) to work on /home/airflow/.local/lib/python3.8/site-packages/airflow/example_dags/example_trigger_target_dag.py
[2025-11-03T01:13:43.167+0000] {processor.py:830} INFO - Processing file /home/airflow/.local/lib/python3.8/site-packages/airflow/example_dags/example_trigger_target_dag.py for tasks to queue
[2025-11-03T01:13:43.180+0000] {logging_mixin.py:188} INFO - [2025-11-03T01:13:43.179+0000] {dagbag.py:538} INFO - Filling up the DagBag from /home/airflow/.local/lib/python3.8/site-packages/airflow/example_dags/example_trigger_target_dag.py
[2025-11-03T01:13:43.262+0000] {processor.py:840} INFO - DAG(s) 'example_trigger_target_dag' retrieved from /home/airflow/.local/lib/python3.8/site-packages/airflow/example_dags/example_trigger_target_dag.py
[2025-11-03T01:13:43.415+0000] {logging_mixin.py:188} INFO - [2025-11-03T01:13:43.415+0000] {dag.py:3036} INFO - Sync 1 DAGs
[2025-11-03T01:13:43.571+0000] {logging_mixin.py:188} INFO - [2025-11-03T01:13:43.570+0000] {dag.py:3823} INFO - Setting next_dagrun for example_trigger_target_dag to None, run_after=None
[2025-11-03T01:13:43.694+0000] {processor.py:183} INFO - Processing /home/airflow/.local/lib/python3.8/site-packages/airflow/example_dags/example_trigger_target_dag.py took 0.573 seconds
[2025-11-03T01:14:27.852+0000] {processor.py:161} INFO - Started process (PID=187) to work on /home/airflow/.local/lib/python3.8/site-packages/airflow/example_dags/example_trigger_target_dag.py
[2025-11-03T01:14:27.962+0000] {processor.py:830} INFO - Processing file /home/airflow/.local/lib/python3.8/site-packages/airflow/example_dags/example_trigger_target_dag.py for tasks to queue
[2025-11-03T01:14:27.990+0000] {logging_mixin.py:188} INFO - [2025-11-03T01:14:27.989+0000] {dagbag.py:538} INFO - Filling up the DagBag from /home/airflow/.local/lib/python3.8/site-packages/airflow/example_dags/example_trigger_target_dag.py
[2025-11-03T01:14:28.055+0000] {processor.py:840} INFO - DAG(s) 'example_trigger_target_dag' retrieved from /home/airflow/.local/lib/python3.8/site-packages/airflow/example_dags/example_trigger_target_dag.py
[2025-11-03T01:14:28.450+0000] {logging_mixin.py:188} INFO - [2025-11-03T01:14:28.449+0000] {dag.py:3036} INFO - Sync 1 DAGs
[2025-11-03T01:14:28.793+0000] {logging_mixin.py:188} INFO - [2025-11-03T01:14:28.793+0000] {dag.py:3823} INFO - Setting next_dagrun for example_trigger_target_dag to None, run_after=None
[2025-11-03T01:14:29.579+0000] {processor.py:183} INFO - Processing /home/airflow/.local/lib/python3.8/site-packages/airflow/example_dags/example_trigger_target_dag.py took 1.868 seconds
[2025-11-03T01:15:21.621+0000] {processor.py:161} INFO - Started process (PID=242) to work on /home/airflow/.local/lib/python3.8/site-packages/airflow/example_dags/example_trigger_target_dag.py
[2025-11-03T01:15:21.641+0000] {processor.py:830} INFO - Processing file /home/airflow/.local/lib/python3.8/site-packages/airflow/example_dags/example_trigger_target_dag.py for tasks to queue
[2025-11-03T01:15:21.665+0000] {logging_mixin.py:188} INFO - [2025-11-03T01:15:21.657+0000] {dagbag.py:538} INFO - Filling up the DagBag from /home/airflow/.local/lib/python3.8/site-packages/airflow/example_dags/example_trigger_target_dag.py
[2025-11-03T01:15:21.718+0000] {processor.py:840} INFO - DAG(s) 'example_trigger_target_dag' retrieved from /home/airflow/.local/lib/python3.8/site-packages/airflow/example_dags/example_trigger_target_dag.py
[2025-11-03T01:15:21.923+0000] {logging_mixin.py:188} INFO - [2025-11-03T01:15:21.922+0000] {dag.py:3036} INFO - Sync 1 DAGs
[2025-11-03T01:15:22.692+0000] {logging_mixin.py:188} INFO - [2025-11-03T01:15:22.691+0000] {dag.py:3823} INFO - Setting next_dagrun for example_trigger_target_dag to None, run_after=None
[2025-11-03T01:15:22.885+0000] {processor.py:183} INFO - Processing /home/airflow/.local/lib/python3.8/site-packages/airflow/example_dags/example_trigger_target_dag.py took 1.293 seconds
[2025-11-03T01:16:12.985+0000] {processor.py:161} INFO - Started process (PID=308) to work on /home/airflow/.local/lib/python3.8/site-packages/airflow/example_dags/example_trigger_target_dag.py
[2025-11-03T01:16:12.989+0000] {processor.py:830} INFO - Processing file /home/airflow/.local/lib/python3.8/site-packages/airflow/example_dags/example_trigger_target_dag.py for tasks to queue
[2025-11-03T01:16:13.012+0000] {logging_mixin.py:188} INFO - [2025-11-03T01:16:13.011+0000] {dagbag.py:538} INFO - Filling up the DagBag from /home/airflow/.local/lib/python3.8/site-packages/airflow/example_dags/example_trigger_target_dag.py
[2025-11-03T01:16:13.100+0000] {processor.py:840} INFO - DAG(s) 'example_trigger_target_dag' retrieved from /home/airflow/.local/lib/python3.8/site-packages/airflow/example_dags/example_trigger_target_dag.py
[2025-11-03T01:16:13.966+0000] {logging_mixin.py:188} INFO - [2025-11-03T01:16:13.965+0000] {dag.py:3036} INFO - Sync 1 DAGs
[2025-11-03T01:16:14.038+0000] {logging_mixin.py:188} INFO - [2025-11-03T01:16:14.037+0000] {dag.py:3823} INFO - Setting next_dagrun for example_trigger_target_dag to None, run_after=None
[2025-11-03T01:16:14.146+0000] {processor.py:183} INFO - Processing /home/airflow/.local/lib/python3.8/site-packages/airflow/example_dags/example_trigger_target_dag.py took 1.194 seconds
[2025-11-03T01:16:45.037+0000] {processor.py:161} INFO - Started process (PID=364) to work on /home/airflow/.local/lib/python3.8/site-packages/airflow/example_dags/example_trigger_target_dag.py
[2025-11-03T01:16:45.041+0000] {processor.py:830} INFO - Processing file /home/airflow/.local/lib/python3.8/site-packages/airflow/example_dags/example_trigger_target_dag.py for tasks to queue
[2025-11-03T01:16:45.054+0000] {logging_mixin.py:188} INFO - [2025-11-03T01:16:45.052+0000] {dagbag.py:538} INFO - Filling up the DagBag from /home/airflow/.local/lib/python3.8/site-packages/airflow/example_dags/example_trigger_target_dag.py
[2025-11-03T01:16:45.113+0000] {processor.py:840} INFO - DAG(s) 'example_trigger_target_dag' retrieved from /home/airflow/.local/lib/python3.8/site-packages/airflow/example_dags/example_trigger_target_dag.py
[2025-11-03T01:16:45.333+0000] {logging_mixin.py:188} INFO - [2025-11-03T01:16:45.332+0000] {dag.py:3036} INFO - Sync 1 DAGs
[2025-11-03T01:16:45.453+0000] {logging_mixin.py:188} INFO - [2025-11-03T01:16:45.452+0000] {dag.py:3823} INFO - Setting next_dagrun for example_trigger_target_dag to None, run_after=None
[2025-11-03T01:16:45.653+0000] {processor.py:183} INFO - Processing /home/airflow/.local/lib/python3.8/site-packages/airflow/example_dags/example_trigger_target_dag.py took 0.650 seconds
[2025-11-03T01:17:17.987+0000] {processor.py:161} INFO - Started process (PID=420) to work on /home/airflow/.local/lib/python3.8/site-packages/airflow/example_dags/example_trigger_target_dag.py
[2025-11-03T01:17:17.992+0000] {processor.py:830} INFO - Processing file /home/airflow/.local/lib/python3.8/site-packages/airflow/example_dags/example_trigger_target_dag.py for tasks to queue
[2025-11-03T01:17:18.004+0000] {logging_mixin.py:188} INFO - [2025-11-03T01:17:18.002+0000] {dagbag.py:538} INFO - Filling up the DagBag from /home/airflow/.local/lib/python3.8/site-packages/airflow/example_dags/example_trigger_target_dag.py
[2025-11-03T01:17:18.078+0000] {processor.py:840} INFO - DAG(s) 'example_trigger_target_dag' retrieved from /home/airflow/.local/lib/python3.8/site-packages/airflow/example_dags/example_trigger_target_dag.py
[2025-11-03T01:17:18.258+0000] {logging_mixin.py:188} INFO - [2025-11-03T01:17:18.257+0000] {dag.py:3036} INFO - Sync 1 DAGs
[2025-11-03T01:17:18.334+0000] {logging_mixin.py:188} INFO - [2025-11-03T01:17:18.333+0000] {dag.py:3823} INFO - Setting next_dagrun for example_trigger_target_dag to None, run_after=None
[2025-11-03T01:17:18.440+0000] {processor.py:183} INFO - Processing /home/airflow/.local/lib/python3.8/site-packages/airflow/example_dags/example_trigger_target_dag.py took 0.488 seconds
[2025-11-03T01:17:49.042+0000] {processor.py:161} INFO - Started process (PID=476) to work on /home/airflow/.local/lib/python3.8/site-packages/airflow/example_dags/example_trigger_target_dag.py
[2025-11-03T01:17:49.046+0000] {processor.py:830} INFO - Processing file /home/airflow/.local/lib/python3.8/site-packages/airflow/example_dags/example_trigger_target_dag.py for tasks to queue
[2025-11-03T01:17:49.053+0000] {logging_mixin.py:188} INFO - [2025-11-03T01:17:49.052+0000] {dagbag.py:538} INFO - Filling up the DagBag from /home/airflow/.local/lib/python3.8/site-packages/airflow/example_dags/example_trigger_target_dag.py
[2025-11-03T01:17:49.082+0000] {processor.py:840} INFO - DAG(s) 'example_trigger_target_dag' retrieved from /home/airflow/.local/lib/python3.8/site-packages/airflow/example_dags/example_trigger_target_dag.py
[2025-11-03T01:17:49.149+0000] {logging_mixin.py:188} INFO - [2025-11-03T01:17:49.149+0000] {dag.py:3036} INFO - Sync 1 DAGs
[2025-11-03T01:17:49.205+0000] {logging_mixin.py:188} INFO - [2025-11-03T01:17:49.205+0000] {dag.py:3823} INFO - Setting next_dagrun for example_trigger_target_dag to None, run_after=None
[2025-11-03T01:17:49.251+0000] {processor.py:183} INFO - Processing /home/airflow/.local/lib/python3.8/site-packages/airflow/example_dags/example_trigger_target_dag.py took 0.222 seconds
[2025-11-03T01:18:20.215+0000] {processor.py:161} INFO - Started process (PID=530) to work on /home/airflow/.local/lib/python3.8/site-packages/airflow/example_dags/example_trigger_target_dag.py
[2025-11-03T01:18:20.220+0000] {processor.py:830} INFO - Processing file /home/airflow/.local/lib/python3.8/site-packages/airflow/example_dags/example_trigger_target_dag.py for tasks to queue
[2025-11-03T01:18:20.232+0000] {logging_mixin.py:188} INFO - [2025-11-03T01:18:20.231+0000] {dagbag.py:538} INFO - Filling up the DagBag from /home/airflow/.local/lib/python3.8/site-packages/airflow/example_dags/example_trigger_target_dag.py
[2025-11-03T01:18:20.260+0000] {processor.py:840} INFO - DAG(s) 'example_trigger_target_dag' retrieved from /home/airflow/.local/lib/python3.8/site-packages/airflow/example_dags/example_trigger_target_dag.py
[2025-11-03T01:18:20.417+0000] {logging_mixin.py:188} INFO - [2025-11-03T01:18:20.416+0000] {dag.py:3036} INFO - Sync 1 DAGs
[2025-11-03T01:18:20.509+0000] {logging_mixin.py:188} INFO - [2025-11-03T01:18:20.508+0000] {dag.py:3823} INFO - Setting next_dagrun for example_trigger_target_dag to None, run_after=None
[2025-11-03T01:18:20.628+0000] {processor.py:183} INFO - Processing /home/airflow/.local/lib/python3.8/site-packages/airflow/example_dags/example_trigger_target_dag.py took 0.431 seconds
[2025-11-03T01:18:51.163+0000] {processor.py:161} INFO - Started process (PID=585) to work on /home/airflow/.local/lib/python3.8/site-packages/airflow/example_dags/example_trigger_target_dag.py
[2025-11-03T01:18:51.174+0000] {processor.py:830} INFO - Processing file /home/airflow/.local/lib/python3.8/site-packages/airflow/example_dags/example_trigger_target_dag.py for tasks to queue
[2025-11-03T01:18:51.181+0000] {logging_mixin.py:188} INFO - [2025-11-03T01:18:51.180+0000] {dagbag.py:538} INFO - Filling up the DagBag from /home/airflow/.local/lib/python3.8/site-packages/airflow/example_dags/example_trigger_target_dag.py
[2025-11-03T01:18:51.216+0000] {processor.py:840} INFO - DAG(s) 'example_trigger_target_dag' retrieved from /home/airflow/.local/lib/python3.8/site-packages/airflow/example_dags/example_trigger_target_dag.py
[2025-11-03T01:18:51.310+0000] {logging_mixin.py:188} INFO - [2025-11-03T01:18:51.310+0000] {dag.py:3036} INFO - Sync 1 DAGs
[2025-11-03T01:18:51.428+0000] {logging_mixin.py:188} INFO - [2025-11-03T01:18:51.416+0000] {dag.py:3823} INFO - Setting next_dagrun for example_trigger_target_dag to None, run_after=None
[2025-11-03T01:18:51.568+0000] {processor.py:183} INFO - Processing /home/airflow/.local/lib/python3.8/site-packages/airflow/example_dags/example_trigger_target_dag.py took 0.425 seconds
[2025-11-03T01:19:26.404+0000] {processor.py:161} INFO - Started process (PID=642) to work on /home/airflow/.local/lib/python3.8/site-packages/airflow/example_dags/example_trigger_target_dag.py
[2025-11-03T01:19:26.407+0000] {processor.py:830} INFO - Processing file /home/airflow/.local/lib/python3.8/site-packages/airflow/example_dags/example_trigger_target_dag.py for tasks to queue
[2025-11-03T01:19:26.415+0000] {logging_mixin.py:188} INFO - [2025-11-03T01:19:26.414+0000] {dagbag.py:538} INFO - Filling up the DagBag from /home/airflow/.local/lib/python3.8/site-packages/airflow/example_dags/example_trigger_target_dag.py
[2025-11-03T01:19:26.438+0000] {processor.py:840} INFO - DAG(s) 'example_trigger_target_dag' retrieved from /home/airflow/.local/lib/python3.8/site-packages/airflow/example_dags/example_trigger_target_dag.py
[2025-11-03T01:19:26.510+0000] {logging_mixin.py:188} INFO - [2025-11-03T01:19:26.509+0000] {dag.py:3036} INFO - Sync 1 DAGs
[2025-11-03T01:19:26.591+0000] {logging_mixin.py:188} INFO - [2025-11-03T01:19:26.590+0000] {dag.py:3823} INFO - Setting next_dagrun for example_trigger_target_dag to None, run_after=None
[2025-11-03T01:19:26.669+0000] {processor.py:183} INFO - Processing /home/airflow/.local/lib/python3.8/site-packages/airflow/example_dags/example_trigger_target_dag.py took 0.284 seconds
[2025-11-03T01:19:58.856+0000] {processor.py:161} INFO - Started process (PID=697) to work on /home/airflow/.local/lib/python3.8/site-packages/airflow/example_dags/example_trigger_target_dag.py
[2025-11-03T01:19:58.860+0000] {processor.py:830} INFO - Processing file /home/airflow/.local/lib/python3.8/site-packages/airflow/example_dags/example_trigger_target_dag.py for tasks to queue
[2025-11-03T01:19:58.870+0000] {logging_mixin.py:188} INFO - [2025-11-03T01:19:58.869+0000] {dagbag.py:538} INFO - Filling up the DagBag from /home/airflow/.local/lib/python3.8/site-packages/airflow/example_dags/example_trigger_target_dag.py
[2025-11-03T01:19:58.893+0000] {processor.py:840} INFO - DAG(s) 'example_trigger_target_dag' retrieved from /home/airflow/.local/lib/python3.8/site-packages/airflow/example_dags/example_trigger_target_dag.py
[2025-11-03T01:19:58.996+0000] {logging_mixin.py:188} INFO - [2025-11-03T01:19:58.995+0000] {dag.py:3036} INFO - Sync 1 DAGs
[2025-11-03T01:19:59.047+0000] {logging_mixin.py:188} INFO - [2025-11-03T01:19:59.047+0000] {dag.py:3823} INFO - Setting next_dagrun for example_trigger_target_dag to None, run_after=None
[2025-11-03T01:19:59.123+0000] {processor.py:183} INFO - Processing /home/airflow/.local/lib/python3.8/site-packages/airflow/example_dags/example_trigger_target_dag.py took 0.280 seconds
[2025-11-03T01:20:29.610+0000] {processor.py:161} INFO - Started process (PID=750) to work on /home/airflow/.local/lib/python3.8/site-packages/airflow/example_dags/example_trigger_target_dag.py
[2025-11-03T01:20:29.613+0000] {processor.py:830} INFO - Processing file /home/airflow/.local/lib/python3.8/site-packages/airflow/example_dags/example_trigger_target_dag.py for tasks to queue
[2025-11-03T01:20:29.625+0000] {logging_mixin.py:188} INFO - [2025-11-03T01:20:29.624+0000] {dagbag.py:538} INFO - Filling up the DagBag from /home/airflow/.local/lib/python3.8/site-packages/airflow/example_dags/example_trigger_target_dag.py
[2025-11-03T01:20:29.658+0000] {processor.py:840} INFO - DAG(s) 'example_trigger_target_dag' retrieved from /home/airflow/.local/lib/python3.8/site-packages/airflow/example_dags/example_trigger_target_dag.py
[2025-11-03T01:20:29.756+0000] {logging_mixin.py:188} INFO - [2025-11-03T01:20:29.755+0000] {dag.py:3036} INFO - Sync 1 DAGs
[2025-11-03T01:20:29.916+0000] {logging_mixin.py:188} INFO - [2025-11-03T01:20:29.915+0000] {dag.py:3823} INFO - Setting next_dagrun for example_trigger_target_dag to None, run_after=None
[2025-11-03T01:20:30.128+0000] {processor.py:183} INFO - Processing /home/airflow/.local/lib/python3.8/site-packages/airflow/example_dags/example_trigger_target_dag.py took 0.541 seconds
[2025-11-03T01:21:14.132+0000] {processor.py:161} INFO - Started process (PID=818) to work on /home/airflow/.local/lib/python3.8/site-packages/airflow/example_dags/example_trigger_target_dag.py
[2025-11-03T01:21:14.135+0000] {processor.py:830} INFO - Processing file /home/airflow/.local/lib/python3.8/site-packages/airflow/example_dags/example_trigger_target_dag.py for tasks to queue
[2025-11-03T01:21:14.143+0000] {logging_mixin.py:188} INFO - [2025-11-03T01:21:14.142+0000] {dagbag.py:538} INFO - Filling up the DagBag from /home/airflow/.local/lib/python3.8/site-packages/airflow/example_dags/example_trigger_target_dag.py
[2025-11-03T01:21:14.165+0000] {processor.py:840} INFO - DAG(s) 'example_trigger_target_dag' retrieved from /home/airflow/.local/lib/python3.8/site-packages/airflow/example_dags/example_trigger_target_dag.py
[2025-11-03T01:21:14.339+0000] {logging_mixin.py:188} INFO - [2025-11-03T01:21:14.339+0000] {dag.py:3036} INFO - Sync 1 DAGs
[2025-11-03T01:21:14.398+0000] {logging_mixin.py:188} INFO - [2025-11-03T01:21:14.398+0000] {dag.py:3823} INFO - Setting next_dagrun for example_trigger_target_dag to None, run_after=None
[2025-11-03T01:21:14.469+0000] {processor.py:183} INFO - Processing /home/airflow/.local/lib/python3.8/site-packages/airflow/example_dags/example_trigger_target_dag.py took 0.350 seconds
[2025-11-03T01:25:54.075+0000] {processor.py:161} INFO - Started process (PID=112) to work on /home/airflow/.local/lib/python3.8/site-packages/airflow/example_dags/example_trigger_target_dag.py
[2025-11-03T01:25:54.078+0000] {processor.py:830} INFO - Processing file /home/airflow/.local/lib/python3.8/site-packages/airflow/example_dags/example_trigger_target_dag.py for tasks to queue
[2025-11-03T01:25:54.084+0000] {logging_mixin.py:188} INFO - [2025-11-03T01:25:54.083+0000] {dagbag.py:538} INFO - Filling up the DagBag from /home/airflow/.local/lib/python3.8/site-packages/airflow/example_dags/example_trigger_target_dag.py
[2025-11-03T01:25:54.106+0000] {processor.py:840} INFO - DAG(s) 'example_trigger_target_dag' retrieved from /home/airflow/.local/lib/python3.8/site-packages/airflow/example_dags/example_trigger_target_dag.py
[2025-11-03T01:25:54.174+0000] {logging_mixin.py:188} INFO - [2025-11-03T01:25:54.174+0000] {dag.py:3036} INFO - Sync 1 DAGs
[2025-11-03T01:25:54.206+0000] {logging_mixin.py:188} INFO - [2025-11-03T01:25:54.206+0000] {dag.py:3823} INFO - Setting next_dagrun for example_trigger_target_dag to None, run_after=None
[2025-11-03T01:25:54.761+0000] {processor.py:183} INFO - Processing /home/airflow/.local/lib/python3.8/site-packages/airflow/example_dags/example_trigger_target_dag.py took 0.707 seconds
[2025-11-03T01:26:25.226+0000] {processor.py:161} INFO - Started process (PID=169) to work on /home/airflow/.local/lib/python3.8/site-packages/airflow/example_dags/example_trigger_target_dag.py
[2025-11-03T01:26:25.228+0000] {processor.py:830} INFO - Processing file /home/airflow/.local/lib/python3.8/site-packages/airflow/example_dags/example_trigger_target_dag.py for tasks to queue
[2025-11-03T01:26:25.235+0000] {logging_mixin.py:188} INFO - [2025-11-03T01:26:25.234+0000] {dagbag.py:538} INFO - Filling up the DagBag from /home/airflow/.local/lib/python3.8/site-packages/airflow/example_dags/example_trigger_target_dag.py
[2025-11-03T01:26:25.256+0000] {processor.py:840} INFO - DAG(s) 'example_trigger_target_dag' retrieved from /home/airflow/.local/lib/python3.8/site-packages/airflow/example_dags/example_trigger_target_dag.py
[2025-11-03T01:26:25.312+0000] {logging_mixin.py:188} INFO - [2025-11-03T01:26:25.311+0000] {dag.py:3036} INFO - Sync 1 DAGs
[2025-11-03T01:26:25.339+0000] {logging_mixin.py:188} INFO - [2025-11-03T01:26:25.338+0000] {dag.py:3823} INFO - Setting next_dagrun for example_trigger_target_dag to None, run_after=None
[2025-11-03T01:26:25.385+0000] {processor.py:183} INFO - Processing /home/airflow/.local/lib/python3.8/site-packages/airflow/example_dags/example_trigger_target_dag.py took 0.167 seconds
[2025-11-03T01:26:55.594+0000] {processor.py:161} INFO - Started process (PID=224) to work on /home/airflow/.local/lib/python3.8/site-packages/airflow/example_dags/example_trigger_target_dag.py
[2025-11-03T01:26:55.596+0000] {processor.py:830} INFO - Processing file /home/airflow/.local/lib/python3.8/site-packages/airflow/example_dags/example_trigger_target_dag.py for tasks to queue
[2025-11-03T01:26:55.603+0000] {logging_mixin.py:188} INFO - [2025-11-03T01:26:55.602+0000] {dagbag.py:538} INFO - Filling up the DagBag from /home/airflow/.local/lib/python3.8/site-packages/airflow/example_dags/example_trigger_target_dag.py
[2025-11-03T01:26:55.621+0000] {processor.py:840} INFO - DAG(s) 'example_trigger_target_dag' retrieved from /home/airflow/.local/lib/python3.8/site-packages/airflow/example_dags/example_trigger_target_dag.py
[2025-11-03T01:26:55.674+0000] {logging_mixin.py:188} INFO - [2025-11-03T01:26:55.674+0000] {dag.py:3036} INFO - Sync 1 DAGs
[2025-11-03T01:26:55.704+0000] {logging_mixin.py:188} INFO - [2025-11-03T01:26:55.704+0000] {dag.py:3823} INFO - Setting next_dagrun for example_trigger_target_dag to None, run_after=None
[2025-11-03T01:26:55.750+0000] {processor.py:183} INFO - Processing /home/airflow/.local/lib/python3.8/site-packages/airflow/example_dags/example_trigger_target_dag.py took 0.166 seconds
[2025-11-03T01:27:25.936+0000] {processor.py:161} INFO - Started process (PID=279) to work on /home/airflow/.local/lib/python3.8/site-packages/airflow/example_dags/example_trigger_target_dag.py
[2025-11-03T01:27:25.939+0000] {processor.py:830} INFO - Processing file /home/airflow/.local/lib/python3.8/site-packages/airflow/example_dags/example_trigger_target_dag.py for tasks to queue
[2025-11-03T01:27:25.947+0000] {logging_mixin.py:188} INFO - [2025-11-03T01:27:25.946+0000] {dagbag.py:538} INFO - Filling up the DagBag from /home/airflow/.local/lib/python3.8/site-packages/airflow/example_dags/example_trigger_target_dag.py
[2025-11-03T01:27:25.970+0000] {processor.py:840} INFO - DAG(s) 'example_trigger_target_dag' retrieved from /home/airflow/.local/lib/python3.8/site-packages/airflow/example_dags/example_trigger_target_dag.py
[2025-11-03T01:27:26.050+0000] {logging_mixin.py:188} INFO - [2025-11-03T01:27:26.050+0000] {dag.py:3036} INFO - Sync 1 DAGs
[2025-11-03T01:27:26.099+0000] {logging_mixin.py:188} INFO - [2025-11-03T01:27:26.098+0000] {dag.py:3823} INFO - Setting next_dagrun for example_trigger_target_dag to None, run_after=None
[2025-11-03T01:27:26.174+0000] {processor.py:183} INFO - Processing /home/airflow/.local/lib/python3.8/site-packages/airflow/example_dags/example_trigger_target_dag.py took 0.260 seconds
[2025-11-03T01:27:58.006+0000] {processor.py:161} INFO - Started process (PID=333) to work on /home/airflow/.local/lib/python3.8/site-packages/airflow/example_dags/example_trigger_target_dag.py
[2025-11-03T01:27:58.033+0000] {processor.py:830} INFO - Processing file /home/airflow/.local/lib/python3.8/site-packages/airflow/example_dags/example_trigger_target_dag.py for tasks to queue
[2025-11-03T01:27:58.051+0000] {logging_mixin.py:188} INFO - [2025-11-03T01:27:58.050+0000] {dagbag.py:538} INFO - Filling up the DagBag from /home/airflow/.local/lib/python3.8/site-packages/airflow/example_dags/example_trigger_target_dag.py
[2025-11-03T01:27:58.116+0000] {processor.py:840} INFO - DAG(s) 'example_trigger_target_dag' retrieved from /home/airflow/.local/lib/python3.8/site-packages/airflow/example_dags/example_trigger_target_dag.py
[2025-11-03T01:27:58.397+0000] {logging_mixin.py:188} INFO - [2025-11-03T01:27:58.386+0000] {dag.py:3036} INFO - Sync 1 DAGs
[2025-11-03T01:27:58.606+0000] {logging_mixin.py:188} INFO - [2025-11-03T01:27:58.605+0000] {dag.py:3823} INFO - Setting next_dagrun for example_trigger_target_dag to None, run_after=None
[2025-11-03T01:27:58.864+0000] {processor.py:183} INFO - Processing /home/airflow/.local/lib/python3.8/site-packages/airflow/example_dags/example_trigger_target_dag.py took 0.887 seconds
[2025-11-03T01:28:29.436+0000] {processor.py:161} INFO - Started process (PID=387) to work on /home/airflow/.local/lib/python3.8/site-packages/airflow/example_dags/example_trigger_target_dag.py
[2025-11-03T01:28:29.439+0000] {processor.py:830} INFO - Processing file /home/airflow/.local/lib/python3.8/site-packages/airflow/example_dags/example_trigger_target_dag.py for tasks to queue
[2025-11-03T01:28:29.450+0000] {logging_mixin.py:188} INFO - [2025-11-03T01:28:29.449+0000] {dagbag.py:538} INFO - Filling up the DagBag from /home/airflow/.local/lib/python3.8/site-packages/airflow/example_dags/example_trigger_target_dag.py
[2025-11-03T01:28:29.474+0000] {processor.py:840} INFO - DAG(s) 'example_trigger_target_dag' retrieved from /home/airflow/.local/lib/python3.8/site-packages/airflow/example_dags/example_trigger_target_dag.py
[2025-11-03T01:28:29.531+0000] {logging_mixin.py:188} INFO - [2025-11-03T01:28:29.530+0000] {dag.py:3036} INFO - Sync 1 DAGs
[2025-11-03T01:28:29.581+0000] {logging_mixin.py:188} INFO - [2025-11-03T01:28:29.581+0000] {dag.py:3823} INFO - Setting next_dagrun for example_trigger_target_dag to None, run_after=None
[2025-11-03T01:28:29.643+0000] {processor.py:183} INFO - Processing /home/airflow/.local/lib/python3.8/site-packages/airflow/example_dags/example_trigger_target_dag.py took 0.231 seconds
[2025-11-03T01:28:59.862+0000] {processor.py:161} INFO - Started process (PID=441) to work on /home/airflow/.local/lib/python3.8/site-packages/airflow/example_dags/example_trigger_target_dag.py
[2025-11-03T01:28:59.866+0000] {processor.py:830} INFO - Processing file /home/airflow/.local/lib/python3.8/site-packages/airflow/example_dags/example_trigger_target_dag.py for tasks to queue
[2025-11-03T01:28:59.873+0000] {logging_mixin.py:188} INFO - [2025-11-03T01:28:59.872+0000] {dagbag.py:538} INFO - Filling up the DagBag from /home/airflow/.local/lib/python3.8/site-packages/airflow/example_dags/example_trigger_target_dag.py
[2025-11-03T01:28:59.889+0000] {processor.py:840} INFO - DAG(s) 'example_trigger_target_dag' retrieved from /home/airflow/.local/lib/python3.8/site-packages/airflow/example_dags/example_trigger_target_dag.py
[2025-11-03T01:29:00.146+0000] {logging_mixin.py:188} INFO - [2025-11-03T01:29:00.145+0000] {dag.py:3036} INFO - Sync 1 DAGs
[2025-11-03T01:29:00.173+0000] {logging_mixin.py:188} INFO - [2025-11-03T01:29:00.173+0000] {dag.py:3823} INFO - Setting next_dagrun for example_trigger_target_dag to None, run_after=None
[2025-11-03T01:29:00.225+0000] {processor.py:183} INFO - Processing /home/airflow/.local/lib/python3.8/site-packages/airflow/example_dags/example_trigger_target_dag.py took 0.373 seconds
[2025-11-03T01:29:36.159+0000] {processor.py:161} INFO - Started process (PID=496) to work on /home/airflow/.local/lib/python3.8/site-packages/airflow/example_dags/example_trigger_target_dag.py
[2025-11-03T01:29:36.163+0000] {processor.py:830} INFO - Processing file /home/airflow/.local/lib/python3.8/site-packages/airflow/example_dags/example_trigger_target_dag.py for tasks to queue
[2025-11-03T01:29:36.180+0000] {logging_mixin.py:188} INFO - [2025-11-03T01:29:36.179+0000] {dagbag.py:538} INFO - Filling up the DagBag from /home/airflow/.local/lib/python3.8/site-packages/airflow/example_dags/example_trigger_target_dag.py
[2025-11-03T01:29:36.257+0000] {processor.py:840} INFO - DAG(s) 'example_trigger_target_dag' retrieved from /home/airflow/.local/lib/python3.8/site-packages/airflow/example_dags/example_trigger_target_dag.py
[2025-11-03T01:29:36.480+0000] {logging_mixin.py:188} INFO - [2025-11-03T01:29:36.468+0000] {dag.py:3036} INFO - Sync 1 DAGs
[2025-11-03T01:29:36.752+0000] {logging_mixin.py:188} INFO - [2025-11-03T01:29:36.739+0000] {dag.py:3823} INFO - Setting next_dagrun for example_trigger_target_dag to None, run_after=None
[2025-11-03T01:29:37.299+0000] {processor.py:183} INFO - Processing /home/airflow/.local/lib/python3.8/site-packages/airflow/example_dags/example_trigger_target_dag.py took 1.196 seconds
[2025-11-03T01:31:07.033+0000] {processor.py:161} INFO - Started process (PID=578) to work on /home/airflow/.local/lib/python3.8/site-packages/airflow/example_dags/example_trigger_target_dag.py
[2025-11-03T01:31:07.215+0000] {processor.py:830} INFO - Processing file /home/airflow/.local/lib/python3.8/site-packages/airflow/example_dags/example_trigger_target_dag.py for tasks to queue
[2025-11-03T01:31:07.304+0000] {logging_mixin.py:188} INFO - [2025-11-03T01:31:07.303+0000] {dagbag.py:538} INFO - Filling up the DagBag from /home/airflow/.local/lib/python3.8/site-packages/airflow/example_dags/example_trigger_target_dag.py
[2025-11-03T01:31:07.459+0000] {processor.py:840} INFO - DAG(s) 'example_trigger_target_dag' retrieved from /home/airflow/.local/lib/python3.8/site-packages/airflow/example_dags/example_trigger_target_dag.py
[2025-11-03T01:31:07.829+0000] {logging_mixin.py:188} INFO - [2025-11-03T01:31:07.829+0000] {dag.py:3036} INFO - Sync 1 DAGs
[2025-11-03T01:31:08.046+0000] {logging_mixin.py:188} INFO - [2025-11-03T01:31:08.046+0000] {dag.py:3823} INFO - Setting next_dagrun for example_trigger_target_dag to None, run_after=None
[2025-11-03T01:31:08.387+0000] {processor.py:183} INFO - Processing /home/airflow/.local/lib/python3.8/site-packages/airflow/example_dags/example_trigger_target_dag.py took 1.412 seconds
[2025-11-03T01:31:40.102+0000] {processor.py:161} INFO - Started process (PID=632) to work on /home/airflow/.local/lib/python3.8/site-packages/airflow/example_dags/example_trigger_target_dag.py
[2025-11-03T01:31:40.116+0000] {processor.py:830} INFO - Processing file /home/airflow/.local/lib/python3.8/site-packages/airflow/example_dags/example_trigger_target_dag.py for tasks to queue
[2025-11-03T01:31:40.133+0000] {logging_mixin.py:188} INFO - [2025-11-03T01:31:40.132+0000] {dagbag.py:538} INFO - Filling up the DagBag from /home/airflow/.local/lib/python3.8/site-packages/airflow/example_dags/example_trigger_target_dag.py
[2025-11-03T01:31:40.235+0000] {processor.py:840} INFO - DAG(s) 'example_trigger_target_dag' retrieved from /home/airflow/.local/lib/python3.8/site-packages/airflow/example_dags/example_trigger_target_dag.py
[2025-11-03T01:31:40.555+0000] {logging_mixin.py:188} INFO - [2025-11-03T01:31:40.540+0000] {dag.py:3036} INFO - Sync 1 DAGs
[2025-11-03T01:31:40.826+0000] {logging_mixin.py:188} INFO - [2025-11-03T01:31:40.825+0000] {dag.py:3823} INFO - Setting next_dagrun for example_trigger_target_dag to None, run_after=None
[2025-11-03T01:31:41.247+0000] {processor.py:183} INFO - Processing /home/airflow/.local/lib/python3.8/site-packages/airflow/example_dags/example_trigger_target_dag.py took 1.194 seconds
[2025-11-03T01:32:11.659+0000] {processor.py:161} INFO - Started process (PID=686) to work on /home/airflow/.local/lib/python3.8/site-packages/airflow/example_dags/example_trigger_target_dag.py
[2025-11-03T01:32:11.674+0000] {processor.py:830} INFO - Processing file /home/airflow/.local/lib/python3.8/site-packages/airflow/example_dags/example_trigger_target_dag.py for tasks to queue
[2025-11-03T01:32:11.831+0000] {logging_mixin.py:188} INFO - [2025-11-03T01:32:11.830+0000] {dagbag.py:538} INFO - Filling up the DagBag from /home/airflow/.local/lib/python3.8/site-packages/airflow/example_dags/example_trigger_target_dag.py
[2025-11-03T01:32:11.996+0000] {processor.py:840} INFO - DAG(s) 'example_trigger_target_dag' retrieved from /home/airflow/.local/lib/python3.8/site-packages/airflow/example_dags/example_trigger_target_dag.py
[2025-11-03T01:32:12.208+0000] {logging_mixin.py:188} INFO - [2025-11-03T01:32:12.208+0000] {dag.py:3036} INFO - Sync 1 DAGs
[2025-11-03T01:32:12.350+0000] {logging_mixin.py:188} INFO - [2025-11-03T01:32:12.349+0000] {dag.py:3823} INFO - Setting next_dagrun for example_trigger_target_dag to None, run_after=None
[2025-11-03T01:32:12.658+0000] {processor.py:183} INFO - Processing /home/airflow/.local/lib/python3.8/site-packages/airflow/example_dags/example_trigger_target_dag.py took 1.040 seconds
[2025-11-03T01:32:43.268+0000] {processor.py:161} INFO - Started process (PID=740) to work on /home/airflow/.local/lib/python3.8/site-packages/airflow/example_dags/example_trigger_target_dag.py
[2025-11-03T01:32:43.299+0000] {processor.py:830} INFO - Processing file /home/airflow/.local/lib/python3.8/site-packages/airflow/example_dags/example_trigger_target_dag.py for tasks to queue
[2025-11-03T01:32:43.354+0000] {logging_mixin.py:188} INFO - [2025-11-03T01:32:43.352+0000] {dagbag.py:538} INFO - Filling up the DagBag from /home/airflow/.local/lib/python3.8/site-packages/airflow/example_dags/example_trigger_target_dag.py
[2025-11-03T01:32:43.442+0000] {processor.py:840} INFO - DAG(s) 'example_trigger_target_dag' retrieved from /home/airflow/.local/lib/python3.8/site-packages/airflow/example_dags/example_trigger_target_dag.py
[2025-11-03T01:32:43.751+0000] {logging_mixin.py:188} INFO - [2025-11-03T01:32:43.750+0000] {dag.py:3036} INFO - Sync 1 DAGs
[2025-11-03T01:32:43.887+0000] {logging_mixin.py:188} INFO - [2025-11-03T01:32:43.887+0000] {dag.py:3823} INFO - Setting next_dagrun for example_trigger_target_dag to None, run_after=None
[2025-11-03T01:32:44.223+0000] {processor.py:183} INFO - Processing /home/airflow/.local/lib/python3.8/site-packages/airflow/example_dags/example_trigger_target_dag.py took 1.064 seconds
[2025-11-03T01:33:34.813+0000] {processor.py:161} INFO - Started process (PID=799) to work on /home/airflow/.local/lib/python3.8/site-packages/airflow/example_dags/example_trigger_target_dag.py
[2025-11-03T01:33:34.835+0000] {processor.py:830} INFO - Processing file /home/airflow/.local/lib/python3.8/site-packages/airflow/example_dags/example_trigger_target_dag.py for tasks to queue
[2025-11-03T01:33:34.871+0000] {logging_mixin.py:188} INFO - [2025-11-03T01:33:34.870+0000] {dagbag.py:538} INFO - Filling up the DagBag from /home/airflow/.local/lib/python3.8/site-packages/airflow/example_dags/example_trigger_target_dag.py
[2025-11-03T01:33:34.953+0000] {processor.py:840} INFO - DAG(s) 'example_trigger_target_dag' retrieved from /home/airflow/.local/lib/python3.8/site-packages/airflow/example_dags/example_trigger_target_dag.py
[2025-11-03T01:33:35.172+0000] {logging_mixin.py:188} INFO - [2025-11-03T01:33:35.172+0000] {dag.py:3036} INFO - Sync 1 DAGs
[2025-11-03T01:33:35.390+0000] {logging_mixin.py:188} INFO - [2025-11-03T01:33:35.386+0000] {dag.py:3823} INFO - Setting next_dagrun for example_trigger_target_dag to None, run_after=None
[2025-11-03T01:33:35.972+0000] {processor.py:183} INFO - Processing /home/airflow/.local/lib/python3.8/site-packages/airflow/example_dags/example_trigger_target_dag.py took 1.277 seconds
[2025-11-03T01:34:08.587+0000] {processor.py:161} INFO - Started process (PID=855) to work on /home/airflow/.local/lib/python3.8/site-packages/airflow/example_dags/example_trigger_target_dag.py
[2025-11-03T01:34:08.590+0000] {processor.py:830} INFO - Processing file /home/airflow/.local/lib/python3.8/site-packages/airflow/example_dags/example_trigger_target_dag.py for tasks to queue
[2025-11-03T01:34:08.619+0000] {logging_mixin.py:188} INFO - [2025-11-03T01:34:08.618+0000] {dagbag.py:538} INFO - Filling up the DagBag from /home/airflow/.local/lib/python3.8/site-packages/airflow/example_dags/example_trigger_target_dag.py
[2025-11-03T01:34:08.756+0000] {processor.py:840} INFO - DAG(s) 'example_trigger_target_dag' retrieved from /home/airflow/.local/lib/python3.8/site-packages/airflow/example_dags/example_trigger_target_dag.py
[2025-11-03T01:34:08.947+0000] {logging_mixin.py:188} INFO - [2025-11-03T01:34:08.946+0000] {dag.py:3036} INFO - Sync 1 DAGs
[2025-11-03T01:34:09.087+0000] {logging_mixin.py:188} INFO - [2025-11-03T01:34:09.086+0000] {dag.py:3823} INFO - Setting next_dagrun for example_trigger_target_dag to None, run_after=None
[2025-11-03T01:34:09.394+0000] {processor.py:183} INFO - Processing /home/airflow/.local/lib/python3.8/site-packages/airflow/example_dags/example_trigger_target_dag.py took 0.831 seconds
[2025-11-03T01:34:44.382+0000] {processor.py:161} INFO - Started process (PID=911) to work on /home/airflow/.local/lib/python3.8/site-packages/airflow/example_dags/example_trigger_target_dag.py
[2025-11-03T01:34:44.388+0000] {processor.py:830} INFO - Processing file /home/airflow/.local/lib/python3.8/site-packages/airflow/example_dags/example_trigger_target_dag.py for tasks to queue
[2025-11-03T01:34:44.394+0000] {logging_mixin.py:188} INFO - [2025-11-03T01:34:44.393+0000] {dagbag.py:538} INFO - Filling up the DagBag from /home/airflow/.local/lib/python3.8/site-packages/airflow/example_dags/example_trigger_target_dag.py
[2025-11-03T01:34:44.420+0000] {processor.py:840} INFO - DAG(s) 'example_trigger_target_dag' retrieved from /home/airflow/.local/lib/python3.8/site-packages/airflow/example_dags/example_trigger_target_dag.py
[2025-11-03T01:34:44.547+0000] {logging_mixin.py:188} INFO - [2025-11-03T01:34:44.546+0000] {dag.py:3036} INFO - Sync 1 DAGs
[2025-11-03T01:34:44.631+0000] {logging_mixin.py:188} INFO - [2025-11-03T01:34:44.630+0000] {dag.py:3823} INFO - Setting next_dagrun for example_trigger_target_dag to None, run_after=None
[2025-11-03T01:34:44.742+0000] {processor.py:183} INFO - Processing /home/airflow/.local/lib/python3.8/site-packages/airflow/example_dags/example_trigger_target_dag.py took 0.383 seconds
[2025-11-03T01:35:18.594+0000] {processor.py:161} INFO - Started process (PID=966) to work on /home/airflow/.local/lib/python3.8/site-packages/airflow/example_dags/example_trigger_target_dag.py
[2025-11-03T01:35:18.599+0000] {processor.py:830} INFO - Processing file /home/airflow/.local/lib/python3.8/site-packages/airflow/example_dags/example_trigger_target_dag.py for tasks to queue
[2025-11-03T01:35:18.608+0000] {logging_mixin.py:188} INFO - [2025-11-03T01:35:18.606+0000] {dagbag.py:538} INFO - Filling up the DagBag from /home/airflow/.local/lib/python3.8/site-packages/airflow/example_dags/example_trigger_target_dag.py
[2025-11-03T01:35:18.647+0000] {processor.py:840} INFO - DAG(s) 'example_trigger_target_dag' retrieved from /home/airflow/.local/lib/python3.8/site-packages/airflow/example_dags/example_trigger_target_dag.py
[2025-11-03T01:35:18.763+0000] {logging_mixin.py:188} INFO - [2025-11-03T01:35:18.760+0000] {dag.py:3036} INFO - Sync 1 DAGs
[2025-11-03T01:35:18.842+0000] {logging_mixin.py:188} INFO - [2025-11-03T01:35:18.841+0000] {dag.py:3823} INFO - Setting next_dagrun for example_trigger_target_dag to None, run_after=None
[2025-11-03T01:35:18.998+0000] {processor.py:183} INFO - Processing /home/airflow/.local/lib/python3.8/site-packages/airflow/example_dags/example_trigger_target_dag.py took 0.420 seconds
[2025-11-03T01:35:49.586+0000] {processor.py:161} INFO - Started process (PID=1021) to work on /home/airflow/.local/lib/python3.8/site-packages/airflow/example_dags/example_trigger_target_dag.py
[2025-11-03T01:35:49.589+0000] {processor.py:830} INFO - Processing file /home/airflow/.local/lib/python3.8/site-packages/airflow/example_dags/example_trigger_target_dag.py for tasks to queue
[2025-11-03T01:35:49.596+0000] {logging_mixin.py:188} INFO - [2025-11-03T01:35:49.595+0000] {dagbag.py:538} INFO - Filling up the DagBag from /home/airflow/.local/lib/python3.8/site-packages/airflow/example_dags/example_trigger_target_dag.py
[2025-11-03T01:35:49.615+0000] {processor.py:840} INFO - DAG(s) 'example_trigger_target_dag' retrieved from /home/airflow/.local/lib/python3.8/site-packages/airflow/example_dags/example_trigger_target_dag.py
[2025-11-03T01:35:49.679+0000] {logging_mixin.py:188} INFO - [2025-11-03T01:35:49.679+0000] {dag.py:3036} INFO - Sync 1 DAGs
[2025-11-03T01:35:49.716+0000] {logging_mixin.py:188} INFO - [2025-11-03T01:35:49.715+0000] {dag.py:3823} INFO - Setting next_dagrun for example_trigger_target_dag to None, run_after=None
[2025-11-03T01:35:49.789+0000] {processor.py:183} INFO - Processing /home/airflow/.local/lib/python3.8/site-packages/airflow/example_dags/example_trigger_target_dag.py took 0.215 seconds
[2025-11-03T01:36:20.883+0000] {processor.py:161} INFO - Started process (PID=1076) to work on /home/airflow/.local/lib/python3.8/site-packages/airflow/example_dags/example_trigger_target_dag.py
[2025-11-03T01:36:20.890+0000] {processor.py:830} INFO - Processing file /home/airflow/.local/lib/python3.8/site-packages/airflow/example_dags/example_trigger_target_dag.py for tasks to queue
[2025-11-03T01:36:20.908+0000] {logging_mixin.py:188} INFO - [2025-11-03T01:36:20.898+0000] {dagbag.py:538} INFO - Filling up the DagBag from /home/airflow/.local/lib/python3.8/site-packages/airflow/example_dags/example_trigger_target_dag.py
[2025-11-03T01:36:20.962+0000] {processor.py:840} INFO - DAG(s) 'example_trigger_target_dag' retrieved from /home/airflow/.local/lib/python3.8/site-packages/airflow/example_dags/example_trigger_target_dag.py
[2025-11-03T01:36:21.144+0000] {logging_mixin.py:188} INFO - [2025-11-03T01:36:21.143+0000] {dag.py:3036} INFO - Sync 1 DAGs
[2025-11-03T01:36:21.244+0000] {logging_mixin.py:188} INFO - [2025-11-03T01:36:21.243+0000] {dag.py:3823} INFO - Setting next_dagrun for example_trigger_target_dag to None, run_after=None
[2025-11-03T01:36:21.367+0000] {processor.py:183} INFO - Processing /home/airflow/.local/lib/python3.8/site-packages/airflow/example_dags/example_trigger_target_dag.py took 0.501 seconds
[2025-11-03T01:36:53.276+0000] {processor.py:161} INFO - Started process (PID=1134) to work on /home/airflow/.local/lib/python3.8/site-packages/airflow/example_dags/example_trigger_target_dag.py
[2025-11-03T01:36:53.279+0000] {processor.py:830} INFO - Processing file /home/airflow/.local/lib/python3.8/site-packages/airflow/example_dags/example_trigger_target_dag.py for tasks to queue
[2025-11-03T01:36:53.286+0000] {logging_mixin.py:188} INFO - [2025-11-03T01:36:53.285+0000] {dagbag.py:538} INFO - Filling up the DagBag from /home/airflow/.local/lib/python3.8/site-packages/airflow/example_dags/example_trigger_target_dag.py
[2025-11-03T01:36:53.311+0000] {processor.py:840} INFO - DAG(s) 'example_trigger_target_dag' retrieved from /home/airflow/.local/lib/python3.8/site-packages/airflow/example_dags/example_trigger_target_dag.py
[2025-11-03T01:36:53.436+0000] {logging_mixin.py:188} INFO - [2025-11-03T01:36:53.436+0000] {dag.py:3036} INFO - Sync 1 DAGs
[2025-11-03T01:36:53.503+0000] {logging_mixin.py:188} INFO - [2025-11-03T01:36:53.503+0000] {dag.py:3823} INFO - Setting next_dagrun for example_trigger_target_dag to None, run_after=None
[2025-11-03T01:36:53.563+0000] {processor.py:183} INFO - Processing /home/airflow/.local/lib/python3.8/site-packages/airflow/example_dags/example_trigger_target_dag.py took 0.299 seconds
[2025-11-03T01:37:46.563+0000] {processor.py:161} INFO - Started process (PID=1200) to work on /home/airflow/.local/lib/python3.8/site-packages/airflow/example_dags/example_trigger_target_dag.py
[2025-11-03T01:37:46.582+0000] {processor.py:830} INFO - Processing file /home/airflow/.local/lib/python3.8/site-packages/airflow/example_dags/example_trigger_target_dag.py for tasks to queue
[2025-11-03T01:37:46.599+0000] {logging_mixin.py:188} INFO - [2025-11-03T01:37:46.598+0000] {dagbag.py:538} INFO - Filling up the DagBag from /home/airflow/.local/lib/python3.8/site-packages/airflow/example_dags/example_trigger_target_dag.py
[2025-11-03T01:37:46.671+0000] {processor.py:840} INFO - DAG(s) 'example_trigger_target_dag' retrieved from /home/airflow/.local/lib/python3.8/site-packages/airflow/example_dags/example_trigger_target_dag.py
[2025-11-03T01:37:46.925+0000] {logging_mixin.py:188} INFO - [2025-11-03T01:37:46.924+0000] {dag.py:3036} INFO - Sync 1 DAGs
[2025-11-03T01:37:47.230+0000] {logging_mixin.py:188} INFO - [2025-11-03T01:37:47.229+0000] {dag.py:3823} INFO - Setting next_dagrun for example_trigger_target_dag to None, run_after=None
[2025-11-03T01:37:47.630+0000] {processor.py:183} INFO - Processing /home/airflow/.local/lib/python3.8/site-packages/airflow/example_dags/example_trigger_target_dag.py took 1.096 seconds
[2025-11-03T01:38:49.805+0000] {processor.py:161} INFO - Started process (PID=1273) to work on /home/airflow/.local/lib/python3.8/site-packages/airflow/example_dags/example_trigger_target_dag.py
[2025-11-03T01:38:49.867+0000] {processor.py:830} INFO - Processing file /home/airflow/.local/lib/python3.8/site-packages/airflow/example_dags/example_trigger_target_dag.py for tasks to queue
[2025-11-03T01:38:49.891+0000] {logging_mixin.py:188} INFO - [2025-11-03T01:38:49.890+0000] {dagbag.py:538} INFO - Filling up the DagBag from /home/airflow/.local/lib/python3.8/site-packages/airflow/example_dags/example_trigger_target_dag.py
[2025-11-03T01:38:49.971+0000] {processor.py:840} INFO - DAG(s) 'example_trigger_target_dag' retrieved from /home/airflow/.local/lib/python3.8/site-packages/airflow/example_dags/example_trigger_target_dag.py
[2025-11-03T01:38:50.373+0000] {logging_mixin.py:188} INFO - [2025-11-03T01:38:50.372+0000] {dag.py:3036} INFO - Sync 1 DAGs
[2025-11-03T01:38:50.488+0000] {logging_mixin.py:188} INFO - [2025-11-03T01:38:50.487+0000] {dag.py:3823} INFO - Setting next_dagrun for example_trigger_target_dag to None, run_after=None
[2025-11-03T01:38:50.643+0000] {processor.py:183} INFO - Processing /home/airflow/.local/lib/python3.8/site-packages/airflow/example_dags/example_trigger_target_dag.py took 0.861 seconds
[2025-11-03T01:39:30.250+0000] {processor.py:161} INFO - Started process (PID=1331) to work on /home/airflow/.local/lib/python3.8/site-packages/airflow/example_dags/example_trigger_target_dag.py
[2025-11-03T01:39:30.254+0000] {processor.py:830} INFO - Processing file /home/airflow/.local/lib/python3.8/site-packages/airflow/example_dags/example_trigger_target_dag.py for tasks to queue
[2025-11-03T01:39:30.267+0000] {logging_mixin.py:188} INFO - [2025-11-03T01:39:30.266+0000] {dagbag.py:538} INFO - Filling up the DagBag from /home/airflow/.local/lib/python3.8/site-packages/airflow/example_dags/example_trigger_target_dag.py
[2025-11-03T01:39:30.295+0000] {processor.py:840} INFO - DAG(s) 'example_trigger_target_dag' retrieved from /home/airflow/.local/lib/python3.8/site-packages/airflow/example_dags/example_trigger_target_dag.py
[2025-11-03T01:39:30.407+0000] {logging_mixin.py:188} INFO - [2025-11-03T01:39:30.406+0000] {dag.py:3036} INFO - Sync 1 DAGs
[2025-11-03T01:39:30.455+0000] {logging_mixin.py:188} INFO - [2025-11-03T01:39:30.454+0000] {dag.py:3823} INFO - Setting next_dagrun for example_trigger_target_dag to None, run_after=None
[2025-11-03T01:39:30.538+0000] {processor.py:183} INFO - Processing /home/airflow/.local/lib/python3.8/site-packages/airflow/example_dags/example_trigger_target_dag.py took 0.302 seconds
[2025-11-03T01:40:12.239+0000] {processor.py:161} INFO - Started process (PID=1392) to work on /home/airflow/.local/lib/python3.8/site-packages/airflow/example_dags/example_trigger_target_dag.py
[2025-11-03T01:40:12.243+0000] {processor.py:830} INFO - Processing file /home/airflow/.local/lib/python3.8/site-packages/airflow/example_dags/example_trigger_target_dag.py for tasks to queue
[2025-11-03T01:40:12.253+0000] {logging_mixin.py:188} INFO - [2025-11-03T01:40:12.251+0000] {dagbag.py:538} INFO - Filling up the DagBag from /home/airflow/.local/lib/python3.8/site-packages/airflow/example_dags/example_trigger_target_dag.py
[2025-11-03T01:40:12.279+0000] {processor.py:840} INFO - DAG(s) 'example_trigger_target_dag' retrieved from /home/airflow/.local/lib/python3.8/site-packages/airflow/example_dags/example_trigger_target_dag.py
[2025-11-03T01:40:12.389+0000] {logging_mixin.py:188} INFO - [2025-11-03T01:40:12.389+0000] {dag.py:3036} INFO - Sync 1 DAGs
[2025-11-03T01:40:12.464+0000] {logging_mixin.py:188} INFO - [2025-11-03T01:40:12.463+0000] {dag.py:3823} INFO - Setting next_dagrun for example_trigger_target_dag to None, run_after=None
[2025-11-03T01:40:12.593+0000] {processor.py:183} INFO - Processing /home/airflow/.local/lib/python3.8/site-packages/airflow/example_dags/example_trigger_target_dag.py took 0.371 seconds
[2025-11-03T01:49:37.375+0000] {processor.py:161} INFO - Started process (PID=1529) to work on /home/airflow/.local/lib/python3.8/site-packages/airflow/example_dags/example_trigger_target_dag.py
[2025-11-03T01:49:37.451+0000] {processor.py:830} INFO - Processing file /home/airflow/.local/lib/python3.8/site-packages/airflow/example_dags/example_trigger_target_dag.py for tasks to queue
[2025-11-03T01:49:37.698+0000] {logging_mixin.py:188} INFO - [2025-11-03T01:49:37.696+0000] {dagbag.py:538} INFO - Filling up the DagBag from /home/airflow/.local/lib/python3.8/site-packages/airflow/example_dags/example_trigger_target_dag.py
[2025-11-03T01:49:38.146+0000] {processor.py:840} INFO - DAG(s) 'example_trigger_target_dag' retrieved from /home/airflow/.local/lib/python3.8/site-packages/airflow/example_dags/example_trigger_target_dag.py
[2025-11-03T01:49:39.478+0000] {logging_mixin.py:188} INFO - [2025-11-03T01:49:39.477+0000] {dag.py:3036} INFO - Sync 1 DAGs
[2025-11-03T01:49:40.144+0000] {logging_mixin.py:188} INFO - [2025-11-03T01:49:40.143+0000] {dag.py:3823} INFO - Setting next_dagrun for example_trigger_target_dag to None, run_after=None
[2025-11-03T01:49:41.585+0000] {processor.py:183} INFO - Processing /home/airflow/.local/lib/python3.8/site-packages/airflow/example_dags/example_trigger_target_dag.py took 4.367 seconds
