[2025-11-03T01:13:26.378+0000] {processor.py:161} INFO - Started process (PID=99) to work on /home/airflow/.local/lib/python3.8/site-packages/airflow/example_dags/example_sla_dag.py
[2025-11-03T01:13:26.386+0000] {processor.py:830} INFO - Processing file /home/airflow/.local/lib/python3.8/site-packages/airflow/example_dags/example_sla_dag.py for tasks to queue
[2025-11-03T01:13:26.411+0000] {logging_mixin.py:188} INFO - [2025-11-03T01:13:26.399+0000] {dagbag.py:538} INFO - Filling up the DagBag from /home/airflow/.local/lib/python3.8/site-packages/airflow/example_dags/example_sla_dag.py
[2025-11-03T01:13:26.631+0000] {processor.py:840} INFO - DAG(s) 'example_sla_dag' retrieved from /home/airflow/.local/lib/python3.8/site-packages/airflow/example_dags/example_sla_dag.py
[2025-11-03T01:13:26.821+0000] {logging_mixin.py:188} INFO - [2025-11-03T01:13:26.820+0000] {dag.py:3036} INFO - Sync 1 DAGs
[2025-11-03T01:13:27.000+0000] {logging_mixin.py:188} INFO - [2025-11-03T01:13:26.999+0000] {dag.py:3823} INFO - Setting next_dagrun for example_sla_dag to 2025-11-03 01:10:00+00:00, run_after=2025-11-03 01:12:00+00:00
[2025-11-03T01:13:27.110+0000] {processor.py:183} INFO - Processing /home/airflow/.local/lib/python3.8/site-packages/airflow/example_dags/example_sla_dag.py took 0.764 seconds
[2025-11-03T01:14:05.173+0000] {processor.py:161} INFO - Started process (PID=154) to work on /home/airflow/.local/lib/python3.8/site-packages/airflow/example_dags/example_sla_dag.py
[2025-11-03T01:14:05.181+0000] {processor.py:830} INFO - Processing file /home/airflow/.local/lib/python3.8/site-packages/airflow/example_dags/example_sla_dag.py for tasks to queue
[2025-11-03T01:14:05.211+0000] {logging_mixin.py:188} INFO - [2025-11-03T01:14:05.208+0000] {dagbag.py:538} INFO - Filling up the DagBag from /home/airflow/.local/lib/python3.8/site-packages/airflow/example_dags/example_sla_dag.py
[2025-11-03T01:14:05.298+0000] {processor.py:840} INFO - DAG(s) 'example_sla_dag' retrieved from /home/airflow/.local/lib/python3.8/site-packages/airflow/example_dags/example_sla_dag.py
[2025-11-03T01:14:05.520+0000] {logging_mixin.py:188} INFO - [2025-11-03T01:14:05.520+0000] {dag.py:3036} INFO - Sync 1 DAGs
[2025-11-03T01:14:05.737+0000] {logging_mixin.py:188} INFO - [2025-11-03T01:14:05.736+0000] {dag.py:3823} INFO - Setting next_dagrun for example_sla_dag to 2025-11-03 01:12:00+00:00, run_after=2025-11-03 01:14:00+00:00
[2025-11-03T01:14:05.892+0000] {processor.py:183} INFO - Processing /home/airflow/.local/lib/python3.8/site-packages/airflow/example_dags/example_sla_dag.py took 0.768 seconds
[2025-11-03T01:14:47.169+0000] {processor.py:161} INFO - Started process (PID=208) to work on /home/airflow/.local/lib/python3.8/site-packages/airflow/example_dags/example_sla_dag.py
[2025-11-03T01:14:47.189+0000] {processor.py:830} INFO - Processing file /home/airflow/.local/lib/python3.8/site-packages/airflow/example_dags/example_sla_dag.py for tasks to queue
[2025-11-03T01:14:47.233+0000] {logging_mixin.py:188} INFO - [2025-11-03T01:14:47.232+0000] {dagbag.py:538} INFO - Filling up the DagBag from /home/airflow/.local/lib/python3.8/site-packages/airflow/example_dags/example_sla_dag.py
[2025-11-03T01:14:47.326+0000] {processor.py:840} INFO - DAG(s) 'example_sla_dag' retrieved from /home/airflow/.local/lib/python3.8/site-packages/airflow/example_dags/example_sla_dag.py
[2025-11-03T01:14:47.814+0000] {logging_mixin.py:188} INFO - [2025-11-03T01:14:47.810+0000] {dag.py:3036} INFO - Sync 1 DAGs
[2025-11-03T01:14:48.261+0000] {logging_mixin.py:188} INFO - [2025-11-03T01:14:48.260+0000] {dag.py:3823} INFO - Setting next_dagrun for example_sla_dag to 2025-11-03 01:12:00+00:00, run_after=2025-11-03 01:14:00+00:00
[2025-11-03T01:14:48.558+0000] {processor.py:183} INFO - Processing /home/airflow/.local/lib/python3.8/site-packages/airflow/example_dags/example_sla_dag.py took 1.585 seconds
[2025-11-03T01:15:32.007+0000] {processor.py:161} INFO - Started process (PID=260) to work on /home/airflow/.local/lib/python3.8/site-packages/airflow/example_dags/example_sla_dag.py
[2025-11-03T01:15:32.017+0000] {processor.py:830} INFO - Processing file /home/airflow/.local/lib/python3.8/site-packages/airflow/example_dags/example_sla_dag.py for tasks to queue
[2025-11-03T01:15:32.031+0000] {logging_mixin.py:188} INFO - [2025-11-03T01:15:32.030+0000] {dagbag.py:538} INFO - Filling up the DagBag from /home/airflow/.local/lib/python3.8/site-packages/airflow/example_dags/example_sla_dag.py
[2025-11-03T01:15:32.102+0000] {processor.py:840} INFO - DAG(s) 'example_sla_dag' retrieved from /home/airflow/.local/lib/python3.8/site-packages/airflow/example_dags/example_sla_dag.py
[2025-11-03T01:15:32.418+0000] {logging_mixin.py:188} INFO - [2025-11-03T01:15:32.416+0000] {dag.py:3036} INFO - Sync 1 DAGs
[2025-11-03T01:15:32.696+0000] {logging_mixin.py:188} INFO - [2025-11-03T01:15:32.691+0000] {dag.py:3823} INFO - Setting next_dagrun for example_sla_dag to 2025-11-03 01:12:00+00:00, run_after=2025-11-03 01:14:00+00:00
[2025-11-03T01:15:32.869+0000] {processor.py:183} INFO - Processing /home/airflow/.local/lib/python3.8/site-packages/airflow/example_dags/example_sla_dag.py took 0.895 seconds
[2025-11-03T01:16:18.157+0000] {processor.py:161} INFO - Started process (PID=315) to work on /home/airflow/.local/lib/python3.8/site-packages/airflow/example_dags/example_sla_dag.py
[2025-11-03T01:16:18.161+0000] {processor.py:830} INFO - Processing file /home/airflow/.local/lib/python3.8/site-packages/airflow/example_dags/example_sla_dag.py for tasks to queue
[2025-11-03T01:16:18.170+0000] {logging_mixin.py:188} INFO - [2025-11-03T01:16:18.169+0000] {dagbag.py:538} INFO - Filling up the DagBag from /home/airflow/.local/lib/python3.8/site-packages/airflow/example_dags/example_sla_dag.py
[2025-11-03T01:16:18.201+0000] {processor.py:840} INFO - DAG(s) 'example_sla_dag' retrieved from /home/airflow/.local/lib/python3.8/site-packages/airflow/example_dags/example_sla_dag.py
[2025-11-03T01:16:18.786+0000] {logging_mixin.py:188} INFO - [2025-11-03T01:16:18.785+0000] {dag.py:3036} INFO - Sync 1 DAGs
[2025-11-03T01:16:18.889+0000] {logging_mixin.py:188} INFO - [2025-11-03T01:16:18.889+0000] {dag.py:3823} INFO - Setting next_dagrun for example_sla_dag to 2025-11-03 01:14:00+00:00, run_after=2025-11-03 01:16:00+00:00
[2025-11-03T01:16:19.002+0000] {processor.py:183} INFO - Processing /home/airflow/.local/lib/python3.8/site-packages/airflow/example_dags/example_sla_dag.py took 0.859 seconds
[2025-11-03T01:16:49.430+0000] {processor.py:161} INFO - Started process (PID=370) to work on /home/airflow/.local/lib/python3.8/site-packages/airflow/example_dags/example_sla_dag.py
[2025-11-03T01:16:49.434+0000] {processor.py:830} INFO - Processing file /home/airflow/.local/lib/python3.8/site-packages/airflow/example_dags/example_sla_dag.py for tasks to queue
[2025-11-03T01:16:49.443+0000] {logging_mixin.py:188} INFO - [2025-11-03T01:16:49.441+0000] {dagbag.py:538} INFO - Filling up the DagBag from /home/airflow/.local/lib/python3.8/site-packages/airflow/example_dags/example_sla_dag.py
[2025-11-03T01:16:49.473+0000] {processor.py:840} INFO - DAG(s) 'example_sla_dag' retrieved from /home/airflow/.local/lib/python3.8/site-packages/airflow/example_dags/example_sla_dag.py
[2025-11-03T01:16:49.574+0000] {logging_mixin.py:188} INFO - [2025-11-03T01:16:49.573+0000] {dag.py:3036} INFO - Sync 1 DAGs
[2025-11-03T01:16:49.694+0000] {logging_mixin.py:188} INFO - [2025-11-03T01:16:49.693+0000] {dag.py:3823} INFO - Setting next_dagrun for example_sla_dag to 2025-11-03 01:14:00+00:00, run_after=2025-11-03 01:16:00+00:00
[2025-11-03T01:16:49.773+0000] {processor.py:183} INFO - Processing /home/airflow/.local/lib/python3.8/site-packages/airflow/example_dags/example_sla_dag.py took 0.356 seconds
[2025-11-03T01:17:22.281+0000] {processor.py:161} INFO - Started process (PID=425) to work on /home/airflow/.local/lib/python3.8/site-packages/airflow/example_dags/example_sla_dag.py
[2025-11-03T01:17:22.284+0000] {processor.py:830} INFO - Processing file /home/airflow/.local/lib/python3.8/site-packages/airflow/example_dags/example_sla_dag.py for tasks to queue
[2025-11-03T01:17:22.313+0000] {logging_mixin.py:188} INFO - [2025-11-03T01:17:22.302+0000] {dagbag.py:538} INFO - Filling up the DagBag from /home/airflow/.local/lib/python3.8/site-packages/airflow/example_dags/example_sla_dag.py
[2025-11-03T01:17:22.402+0000] {processor.py:840} INFO - DAG(s) 'example_sla_dag' retrieved from /home/airflow/.local/lib/python3.8/site-packages/airflow/example_dags/example_sla_dag.py
[2025-11-03T01:17:22.673+0000] {logging_mixin.py:188} INFO - [2025-11-03T01:17:22.671+0000] {dag.py:3036} INFO - Sync 1 DAGs
[2025-11-03T01:17:23.069+0000] {logging_mixin.py:188} INFO - [2025-11-03T01:17:23.060+0000] {dag.py:3823} INFO - Setting next_dagrun for example_sla_dag to 2025-11-03 01:14:00+00:00, run_after=2025-11-03 01:16:00+00:00
[2025-11-03T01:17:23.273+0000] {processor.py:183} INFO - Processing /home/airflow/.local/lib/python3.8/site-packages/airflow/example_dags/example_sla_dag.py took 1.025 seconds
[2025-11-03T01:17:54.274+0000] {processor.py:161} INFO - Started process (PID=481) to work on /home/airflow/.local/lib/python3.8/site-packages/airflow/example_dags/example_sla_dag.py
[2025-11-03T01:17:54.277+0000] {processor.py:830} INFO - Processing file /home/airflow/.local/lib/python3.8/site-packages/airflow/example_dags/example_sla_dag.py for tasks to queue
[2025-11-03T01:17:54.284+0000] {logging_mixin.py:188} INFO - [2025-11-03T01:17:54.283+0000] {dagbag.py:538} INFO - Filling up the DagBag from /home/airflow/.local/lib/python3.8/site-packages/airflow/example_dags/example_sla_dag.py
[2025-11-03T01:17:54.306+0000] {processor.py:840} INFO - DAG(s) 'example_sla_dag' retrieved from /home/airflow/.local/lib/python3.8/site-packages/airflow/example_dags/example_sla_dag.py
[2025-11-03T01:17:54.385+0000] {logging_mixin.py:188} INFO - [2025-11-03T01:17:54.385+0000] {dag.py:3036} INFO - Sync 1 DAGs
[2025-11-03T01:17:54.632+0000] {logging_mixin.py:188} INFO - [2025-11-03T01:17:54.631+0000] {dag.py:3823} INFO - Setting next_dagrun for example_sla_dag to 2025-11-03 01:14:00+00:00, run_after=2025-11-03 01:16:00+00:00
[2025-11-03T01:17:54.770+0000] {processor.py:183} INFO - Processing /home/airflow/.local/lib/python3.8/site-packages/airflow/example_dags/example_sla_dag.py took 0.509 seconds
[2025-11-03T01:18:25.960+0000] {processor.py:161} INFO - Started process (PID=536) to work on /home/airflow/.local/lib/python3.8/site-packages/airflow/example_dags/example_sla_dag.py
[2025-11-03T01:18:25.975+0000] {processor.py:830} INFO - Processing file /home/airflow/.local/lib/python3.8/site-packages/airflow/example_dags/example_sla_dag.py for tasks to queue
[2025-11-03T01:18:25.995+0000] {logging_mixin.py:188} INFO - [2025-11-03T01:18:25.994+0000] {dagbag.py:538} INFO - Filling up the DagBag from /home/airflow/.local/lib/python3.8/site-packages/airflow/example_dags/example_sla_dag.py
[2025-11-03T01:18:26.061+0000] {processor.py:840} INFO - DAG(s) 'example_sla_dag' retrieved from /home/airflow/.local/lib/python3.8/site-packages/airflow/example_dags/example_sla_dag.py
[2025-11-03T01:18:26.223+0000] {logging_mixin.py:188} INFO - [2025-11-03T01:18:26.222+0000] {dag.py:3036} INFO - Sync 1 DAGs
[2025-11-03T01:18:26.462+0000] {logging_mixin.py:188} INFO - [2025-11-03T01:18:26.461+0000] {dag.py:3823} INFO - Setting next_dagrun for example_sla_dag to 2025-11-03 01:16:00+00:00, run_after=2025-11-03 01:18:00+00:00
[2025-11-03T01:18:26.641+0000] {processor.py:183} INFO - Processing /home/airflow/.local/lib/python3.8/site-packages/airflow/example_dags/example_sla_dag.py took 0.703 seconds
[2025-11-03T01:18:56.951+0000] {processor.py:161} INFO - Started process (PID=591) to work on /home/airflow/.local/lib/python3.8/site-packages/airflow/example_dags/example_sla_dag.py
[2025-11-03T01:18:56.956+0000] {processor.py:830} INFO - Processing file /home/airflow/.local/lib/python3.8/site-packages/airflow/example_dags/example_sla_dag.py for tasks to queue
[2025-11-03T01:18:56.961+0000] {logging_mixin.py:188} INFO - [2025-11-03T01:18:56.960+0000] {dagbag.py:538} INFO - Filling up the DagBag from /home/airflow/.local/lib/python3.8/site-packages/airflow/example_dags/example_sla_dag.py
[2025-11-03T01:18:56.992+0000] {processor.py:840} INFO - DAG(s) 'example_sla_dag' retrieved from /home/airflow/.local/lib/python3.8/site-packages/airflow/example_dags/example_sla_dag.py
[2025-11-03T01:18:57.076+0000] {logging_mixin.py:188} INFO - [2025-11-03T01:18:57.075+0000] {dag.py:3036} INFO - Sync 1 DAGs
[2025-11-03T01:18:57.246+0000] {logging_mixin.py:188} INFO - [2025-11-03T01:18:57.245+0000] {dag.py:3823} INFO - Setting next_dagrun for example_sla_dag to 2025-11-03 01:16:00+00:00, run_after=2025-11-03 01:18:00+00:00
[2025-11-03T01:18:57.420+0000] {processor.py:183} INFO - Processing /home/airflow/.local/lib/python3.8/site-packages/airflow/example_dags/example_sla_dag.py took 0.484 seconds
[2025-11-03T01:19:28.746+0000] {processor.py:161} INFO - Started process (PID=646) to work on /home/airflow/.local/lib/python3.8/site-packages/airflow/example_dags/example_sla_dag.py
[2025-11-03T01:19:28.751+0000] {processor.py:830} INFO - Processing file /home/airflow/.local/lib/python3.8/site-packages/airflow/example_dags/example_sla_dag.py for tasks to queue
[2025-11-03T01:19:28.757+0000] {logging_mixin.py:188} INFO - [2025-11-03T01:19:28.756+0000] {dagbag.py:538} INFO - Filling up the DagBag from /home/airflow/.local/lib/python3.8/site-packages/airflow/example_dags/example_sla_dag.py
[2025-11-03T01:19:28.789+0000] {processor.py:840} INFO - DAG(s) 'example_sla_dag' retrieved from /home/airflow/.local/lib/python3.8/site-packages/airflow/example_dags/example_sla_dag.py
[2025-11-03T01:19:28.857+0000] {logging_mixin.py:188} INFO - [2025-11-03T01:19:28.856+0000] {dag.py:3036} INFO - Sync 1 DAGs
[2025-11-03T01:19:28.983+0000] {logging_mixin.py:188} INFO - [2025-11-03T01:19:28.982+0000] {dag.py:3823} INFO - Setting next_dagrun for example_sla_dag to 2025-11-03 01:16:00+00:00, run_after=2025-11-03 01:18:00+00:00
[2025-11-03T01:19:29.058+0000] {processor.py:183} INFO - Processing /home/airflow/.local/lib/python3.8/site-packages/airflow/example_dags/example_sla_dag.py took 0.324 seconds
[2025-11-03T01:20:00.207+0000] {processor.py:161} INFO - Started process (PID=701) to work on /home/airflow/.local/lib/python3.8/site-packages/airflow/example_dags/example_sla_dag.py
[2025-11-03T01:20:00.215+0000] {processor.py:830} INFO - Processing file /home/airflow/.local/lib/python3.8/site-packages/airflow/example_dags/example_sla_dag.py for tasks to queue
[2025-11-03T01:20:00.242+0000] {logging_mixin.py:188} INFO - [2025-11-03T01:20:00.240+0000] {dagbag.py:538} INFO - Filling up the DagBag from /home/airflow/.local/lib/python3.8/site-packages/airflow/example_dags/example_sla_dag.py
[2025-11-03T01:20:00.307+0000] {processor.py:840} INFO - DAG(s) 'example_sla_dag' retrieved from /home/airflow/.local/lib/python3.8/site-packages/airflow/example_dags/example_sla_dag.py
[2025-11-03T01:20:00.431+0000] {logging_mixin.py:188} INFO - [2025-11-03T01:20:00.419+0000] {dag.py:3036} INFO - Sync 1 DAGs
[2025-11-03T01:20:00.632+0000] {logging_mixin.py:188} INFO - [2025-11-03T01:20:00.632+0000] {dag.py:3823} INFO - Setting next_dagrun for example_sla_dag to 2025-11-03 01:18:00+00:00, run_after=2025-11-03 01:20:00+00:00
[2025-11-03T01:20:00.797+0000] {processor.py:183} INFO - Processing /home/airflow/.local/lib/python3.8/site-packages/airflow/example_dags/example_sla_dag.py took 0.609 seconds
[2025-11-03T01:20:32.370+0000] {processor.py:161} INFO - Started process (PID=755) to work on /home/airflow/.local/lib/python3.8/site-packages/airflow/example_dags/example_sla_dag.py
[2025-11-03T01:20:32.374+0000] {processor.py:830} INFO - Processing file /home/airflow/.local/lib/python3.8/site-packages/airflow/example_dags/example_sla_dag.py for tasks to queue
[2025-11-03T01:20:32.383+0000] {logging_mixin.py:188} INFO - [2025-11-03T01:20:32.382+0000] {dagbag.py:538} INFO - Filling up the DagBag from /home/airflow/.local/lib/python3.8/site-packages/airflow/example_dags/example_sla_dag.py
[2025-11-03T01:20:32.444+0000] {processor.py:840} INFO - DAG(s) 'example_sla_dag' retrieved from /home/airflow/.local/lib/python3.8/site-packages/airflow/example_dags/example_sla_dag.py
[2025-11-03T01:20:32.581+0000] {logging_mixin.py:188} INFO - [2025-11-03T01:20:32.581+0000] {dag.py:3036} INFO - Sync 1 DAGs
[2025-11-03T01:20:32.714+0000] {logging_mixin.py:188} INFO - [2025-11-03T01:20:32.714+0000] {dag.py:3823} INFO - Setting next_dagrun for example_sla_dag to 2025-11-03 01:18:00+00:00, run_after=2025-11-03 01:20:00+00:00
[2025-11-03T01:20:32.804+0000] {processor.py:183} INFO - Processing /home/airflow/.local/lib/python3.8/site-packages/airflow/example_dags/example_sla_dag.py took 0.458 seconds
[2025-11-03T01:21:10.616+0000] {processor.py:161} INFO - Started process (PID=810) to work on /home/airflow/.local/lib/python3.8/site-packages/airflow/example_dags/example_sla_dag.py
[2025-11-03T01:21:10.624+0000] {processor.py:830} INFO - Processing file /home/airflow/.local/lib/python3.8/site-packages/airflow/example_dags/example_sla_dag.py for tasks to queue
[2025-11-03T01:21:10.633+0000] {logging_mixin.py:188} INFO - [2025-11-03T01:21:10.632+0000] {dagbag.py:538} INFO - Filling up the DagBag from /home/airflow/.local/lib/python3.8/site-packages/airflow/example_dags/example_sla_dag.py
[2025-11-03T01:21:10.677+0000] {processor.py:840} INFO - DAG(s) 'example_sla_dag' retrieved from /home/airflow/.local/lib/python3.8/site-packages/airflow/example_dags/example_sla_dag.py
[2025-11-03T01:21:10.815+0000] {logging_mixin.py:188} INFO - [2025-11-03T01:21:10.814+0000] {dag.py:3036} INFO - Sync 1 DAGs
[2025-11-03T01:21:10.999+0000] {logging_mixin.py:188} INFO - [2025-11-03T01:21:10.999+0000] {dag.py:3823} INFO - Setting next_dagrun for example_sla_dag to 2025-11-03 01:18:00+00:00, run_after=2025-11-03 01:20:00+00:00
[2025-11-03T01:21:11.137+0000] {processor.py:183} INFO - Processing /home/airflow/.local/lib/python3.8/site-packages/airflow/example_dags/example_sla_dag.py took 0.536 seconds
[2025-11-03T01:25:34.064+0000] {processor.py:161} INFO - Started process (PID=79) to work on /home/airflow/.local/lib/python3.8/site-packages/airflow/example_dags/example_sla_dag.py
[2025-11-03T01:25:34.067+0000] {processor.py:830} INFO - Processing file /home/airflow/.local/lib/python3.8/site-packages/airflow/example_dags/example_sla_dag.py for tasks to queue
[2025-11-03T01:25:34.074+0000] {logging_mixin.py:188} INFO - [2025-11-03T01:25:34.073+0000] {dagbag.py:538} INFO - Filling up the DagBag from /home/airflow/.local/lib/python3.8/site-packages/airflow/example_dags/example_sla_dag.py
[2025-11-03T01:25:34.114+0000] {processor.py:840} INFO - DAG(s) 'example_sla_dag' retrieved from /home/airflow/.local/lib/python3.8/site-packages/airflow/example_dags/example_sla_dag.py
[2025-11-03T01:25:34.259+0000] {logging_mixin.py:188} INFO - [2025-11-03T01:25:34.259+0000] {dag.py:3036} INFO - Sync 1 DAGs
[2025-11-03T01:25:34.359+0000] {logging_mixin.py:188} INFO - [2025-11-03T01:25:34.359+0000] {dag.py:3823} INFO - Setting next_dagrun for example_sla_dag to 2025-11-03 01:22:00+00:00, run_after=2025-11-03 01:24:00+00:00
[2025-11-03T01:25:34.426+0000] {processor.py:183} INFO - Processing /home/airflow/.local/lib/python3.8/site-packages/airflow/example_dags/example_sla_dag.py took 0.377 seconds
[2025-11-03T01:26:05.661+0000] {processor.py:161} INFO - Started process (PID=134) to work on /home/airflow/.local/lib/python3.8/site-packages/airflow/example_dags/example_sla_dag.py
[2025-11-03T01:26:05.664+0000] {processor.py:830} INFO - Processing file /home/airflow/.local/lib/python3.8/site-packages/airflow/example_dags/example_sla_dag.py for tasks to queue
[2025-11-03T01:26:05.671+0000] {logging_mixin.py:188} INFO - [2025-11-03T01:26:05.670+0000] {dagbag.py:538} INFO - Filling up the DagBag from /home/airflow/.local/lib/python3.8/site-packages/airflow/example_dags/example_sla_dag.py
[2025-11-03T01:26:05.710+0000] {processor.py:840} INFO - DAG(s) 'example_sla_dag' retrieved from /home/airflow/.local/lib/python3.8/site-packages/airflow/example_dags/example_sla_dag.py
[2025-11-03T01:26:05.806+0000] {logging_mixin.py:188} INFO - [2025-11-03T01:26:05.805+0000] {dag.py:3036} INFO - Sync 1 DAGs
[2025-11-03T01:26:05.939+0000] {logging_mixin.py:188} INFO - [2025-11-03T01:26:05.938+0000] {dag.py:3823} INFO - Setting next_dagrun for example_sla_dag to 2025-11-03 01:24:00+00:00, run_after=2025-11-03 01:26:00+00:00
[2025-11-03T01:26:06.017+0000] {processor.py:183} INFO - Processing /home/airflow/.local/lib/python3.8/site-packages/airflow/example_dags/example_sla_dag.py took 0.369 seconds
[2025-11-03T01:26:36.101+0000] {processor.py:161} INFO - Started process (PID=191) to work on /home/airflow/.local/lib/python3.8/site-packages/airflow/example_dags/example_sla_dag.py
[2025-11-03T01:26:36.103+0000] {processor.py:830} INFO - Processing file /home/airflow/.local/lib/python3.8/site-packages/airflow/example_dags/example_sla_dag.py for tasks to queue
[2025-11-03T01:26:36.108+0000] {logging_mixin.py:188} INFO - [2025-11-03T01:26:36.107+0000] {dagbag.py:538} INFO - Filling up the DagBag from /home/airflow/.local/lib/python3.8/site-packages/airflow/example_dags/example_sla_dag.py
[2025-11-03T01:26:36.133+0000] {processor.py:840} INFO - DAG(s) 'example_sla_dag' retrieved from /home/airflow/.local/lib/python3.8/site-packages/airflow/example_dags/example_sla_dag.py
[2025-11-03T01:26:36.187+0000] {logging_mixin.py:188} INFO - [2025-11-03T01:26:36.186+0000] {dag.py:3036} INFO - Sync 1 DAGs
[2025-11-03T01:26:36.275+0000] {logging_mixin.py:188} INFO - [2025-11-03T01:26:36.274+0000] {dag.py:3823} INFO - Setting next_dagrun for example_sla_dag to 2025-11-03 01:24:00+00:00, run_after=2025-11-03 01:26:00+00:00
[2025-11-03T01:26:36.315+0000] {processor.py:183} INFO - Processing /home/airflow/.local/lib/python3.8/site-packages/airflow/example_dags/example_sla_dag.py took 0.223 seconds
[2025-11-03T01:27:08.639+0000] {processor.py:161} INFO - Started process (PID=252) to work on /home/airflow/.local/lib/python3.8/site-packages/airflow/example_dags/example_sla_dag.py
[2025-11-03T01:27:08.663+0000] {processor.py:830} INFO - Processing file /home/airflow/.local/lib/python3.8/site-packages/airflow/example_dags/example_sla_dag.py for tasks to queue
[2025-11-03T01:27:08.691+0000] {logging_mixin.py:188} INFO - [2025-11-03T01:27:08.679+0000] {dagbag.py:538} INFO - Filling up the DagBag from /home/airflow/.local/lib/python3.8/site-packages/airflow/example_dags/example_sla_dag.py
[2025-11-03T01:27:08.788+0000] {processor.py:840} INFO - DAG(s) 'example_sla_dag' retrieved from /home/airflow/.local/lib/python3.8/site-packages/airflow/example_dags/example_sla_dag.py
[2025-11-03T01:27:08.946+0000] {logging_mixin.py:188} INFO - [2025-11-03T01:27:08.935+0000] {dag.py:3036} INFO - Sync 1 DAGs
[2025-11-03T01:27:09.230+0000] {logging_mixin.py:188} INFO - [2025-11-03T01:27:09.229+0000] {dag.py:3823} INFO - Setting next_dagrun for example_sla_dag to 2025-11-03 01:24:00+00:00, run_after=2025-11-03 01:26:00+00:00
[2025-11-03T01:27:09.585+0000] {processor.py:183} INFO - Processing /home/airflow/.local/lib/python3.8/site-packages/airflow/example_dags/example_sla_dag.py took 1.033 seconds
[2025-11-03T01:27:42.634+0000] {processor.py:161} INFO - Started process (PID=306) to work on /home/airflow/.local/lib/python3.8/site-packages/airflow/example_dags/example_sla_dag.py
[2025-11-03T01:27:42.637+0000] {processor.py:830} INFO - Processing file /home/airflow/.local/lib/python3.8/site-packages/airflow/example_dags/example_sla_dag.py for tasks to queue
[2025-11-03T01:27:42.651+0000] {logging_mixin.py:188} INFO - [2025-11-03T01:27:42.650+0000] {dagbag.py:538} INFO - Filling up the DagBag from /home/airflow/.local/lib/python3.8/site-packages/airflow/example_dags/example_sla_dag.py
[2025-11-03T01:27:42.689+0000] {processor.py:840} INFO - DAG(s) 'example_sla_dag' retrieved from /home/airflow/.local/lib/python3.8/site-packages/airflow/example_dags/example_sla_dag.py
[2025-11-03T01:27:42.767+0000] {logging_mixin.py:188} INFO - [2025-11-03T01:27:42.766+0000] {dag.py:3036} INFO - Sync 1 DAGs
[2025-11-03T01:27:42.872+0000] {logging_mixin.py:188} INFO - [2025-11-03T01:27:42.871+0000] {dag.py:3823} INFO - Setting next_dagrun for example_sla_dag to 2025-11-03 01:24:00+00:00, run_after=2025-11-03 01:26:00+00:00
[2025-11-03T01:27:42.952+0000] {processor.py:183} INFO - Processing /home/airflow/.local/lib/python3.8/site-packages/airflow/example_dags/example_sla_dag.py took 0.348 seconds
[2025-11-03T01:28:13.440+0000] {processor.py:161} INFO - Started process (PID=358) to work on /home/airflow/.local/lib/python3.8/site-packages/airflow/example_dags/example_sla_dag.py
[2025-11-03T01:28:13.443+0000] {processor.py:830} INFO - Processing file /home/airflow/.local/lib/python3.8/site-packages/airflow/example_dags/example_sla_dag.py for tasks to queue
[2025-11-03T01:28:13.454+0000] {logging_mixin.py:188} INFO - [2025-11-03T01:28:13.454+0000] {dagbag.py:538} INFO - Filling up the DagBag from /home/airflow/.local/lib/python3.8/site-packages/airflow/example_dags/example_sla_dag.py
[2025-11-03T01:28:13.485+0000] {processor.py:840} INFO - DAG(s) 'example_sla_dag' retrieved from /home/airflow/.local/lib/python3.8/site-packages/airflow/example_dags/example_sla_dag.py
[2025-11-03T01:28:13.545+0000] {logging_mixin.py:188} INFO - [2025-11-03T01:28:13.544+0000] {dag.py:3036} INFO - Sync 1 DAGs
[2025-11-03T01:28:13.687+0000] {logging_mixin.py:188} INFO - [2025-11-03T01:28:13.686+0000] {dag.py:3823} INFO - Setting next_dagrun for example_sla_dag to 2025-11-03 01:26:00+00:00, run_after=2025-11-03 01:28:00+00:00
[2025-11-03T01:28:13.750+0000] {processor.py:183} INFO - Processing /home/airflow/.local/lib/python3.8/site-packages/airflow/example_dags/example_sla_dag.py took 0.322 seconds
[2025-11-03T01:28:44.071+0000] {processor.py:161} INFO - Started process (PID=412) to work on /home/airflow/.local/lib/python3.8/site-packages/airflow/example_dags/example_sla_dag.py
[2025-11-03T01:28:44.074+0000] {processor.py:830} INFO - Processing file /home/airflow/.local/lib/python3.8/site-packages/airflow/example_dags/example_sla_dag.py for tasks to queue
[2025-11-03T01:28:44.080+0000] {logging_mixin.py:188} INFO - [2025-11-03T01:28:44.079+0000] {dagbag.py:538} INFO - Filling up the DagBag from /home/airflow/.local/lib/python3.8/site-packages/airflow/example_dags/example_sla_dag.py
[2025-11-03T01:28:44.112+0000] {processor.py:840} INFO - DAG(s) 'example_sla_dag' retrieved from /home/airflow/.local/lib/python3.8/site-packages/airflow/example_dags/example_sla_dag.py
[2025-11-03T01:28:44.418+0000] {logging_mixin.py:188} INFO - [2025-11-03T01:28:44.418+0000] {dag.py:3036} INFO - Sync 1 DAGs
[2025-11-03T01:28:44.498+0000] {logging_mixin.py:188} INFO - [2025-11-03T01:28:44.497+0000] {dag.py:3823} INFO - Setting next_dagrun for example_sla_dag to 2025-11-03 01:26:00+00:00, run_after=2025-11-03 01:28:00+00:00
[2025-11-03T01:28:44.559+0000] {processor.py:183} INFO - Processing /home/airflow/.local/lib/python3.8/site-packages/airflow/example_dags/example_sla_dag.py took 0.503 seconds
[2025-11-03T01:29:18.222+0000] {processor.py:161} INFO - Started process (PID=467) to work on /home/airflow/.local/lib/python3.8/site-packages/airflow/example_dags/example_sla_dag.py
[2025-11-03T01:29:18.226+0000] {processor.py:830} INFO - Processing file /home/airflow/.local/lib/python3.8/site-packages/airflow/example_dags/example_sla_dag.py for tasks to queue
[2025-11-03T01:29:18.234+0000] {logging_mixin.py:188} INFO - [2025-11-03T01:29:18.232+0000] {dagbag.py:538} INFO - Filling up the DagBag from /home/airflow/.local/lib/python3.8/site-packages/airflow/example_dags/example_sla_dag.py
[2025-11-03T01:29:18.277+0000] {processor.py:840} INFO - DAG(s) 'example_sla_dag' retrieved from /home/airflow/.local/lib/python3.8/site-packages/airflow/example_dags/example_sla_dag.py
[2025-11-03T01:29:18.450+0000] {logging_mixin.py:188} INFO - [2025-11-03T01:29:18.449+0000] {dag.py:3036} INFO - Sync 1 DAGs
[2025-11-03T01:29:18.655+0000] {logging_mixin.py:188} INFO - [2025-11-03T01:29:18.655+0000] {dag.py:3823} INFO - Setting next_dagrun for example_sla_dag to 2025-11-03 01:26:00+00:00, run_after=2025-11-03 01:28:00+00:00
[2025-11-03T01:29:18.739+0000] {processor.py:183} INFO - Processing /home/airflow/.local/lib/python3.8/site-packages/airflow/example_dags/example_sla_dag.py took 0.531 seconds
[2025-11-03T01:30:04.452+0000] {processor.py:161} INFO - Started process (PID=523) to work on /home/airflow/.local/lib/python3.8/site-packages/airflow/example_dags/example_sla_dag.py
[2025-11-03T01:30:04.468+0000] {processor.py:830} INFO - Processing file /home/airflow/.local/lib/python3.8/site-packages/airflow/example_dags/example_sla_dag.py for tasks to queue
[2025-11-03T01:30:04.518+0000] {logging_mixin.py:188} INFO - [2025-11-03T01:30:04.517+0000] {dagbag.py:538} INFO - Filling up the DagBag from /home/airflow/.local/lib/python3.8/site-packages/airflow/example_dags/example_sla_dag.py
[2025-11-03T01:30:04.721+0000] {processor.py:840} INFO - DAG(s) 'example_sla_dag' retrieved from /home/airflow/.local/lib/python3.8/site-packages/airflow/example_dags/example_sla_dag.py
[2025-11-03T01:30:05.006+0000] {logging_mixin.py:188} INFO - [2025-11-03T01:30:05.006+0000] {dag.py:3036} INFO - Sync 1 DAGs
[2025-11-03T01:30:05.445+0000] {logging_mixin.py:188} INFO - [2025-11-03T01:30:05.445+0000] {dag.py:3823} INFO - Setting next_dagrun for example_sla_dag to 2025-11-03 01:28:00+00:00, run_after=2025-11-03 01:30:00+00:00
[2025-11-03T01:30:05.961+0000] {processor.py:183} INFO - Processing /home/airflow/.local/lib/python3.8/site-packages/airflow/example_dags/example_sla_dag.py took 1.615 seconds
[2025-11-03T01:30:59.096+0000] {processor.py:161} INFO - Started process (PID=572) to work on /home/airflow/.local/lib/python3.8/site-packages/airflow/example_dags/example_sla_dag.py
[2025-11-03T01:30:59.120+0000] {processor.py:830} INFO - Processing file /home/airflow/.local/lib/python3.8/site-packages/airflow/example_dags/example_sla_dag.py for tasks to queue
[2025-11-03T01:30:59.138+0000] {logging_mixin.py:188} INFO - [2025-11-03T01:30:59.136+0000] {dagbag.py:538} INFO - Filling up the DagBag from /home/airflow/.local/lib/python3.8/site-packages/airflow/example_dags/example_sla_dag.py
[2025-11-03T01:30:59.236+0000] {processor.py:840} INFO - DAG(s) 'example_sla_dag' retrieved from /home/airflow/.local/lib/python3.8/site-packages/airflow/example_dags/example_sla_dag.py
[2025-11-03T01:30:59.398+0000] {logging_mixin.py:188} INFO - [2025-11-03T01:30:59.397+0000] {dag.py:3036} INFO - Sync 1 DAGs
[2025-11-03T01:30:59.808+0000] {logging_mixin.py:188} INFO - [2025-11-03T01:30:59.807+0000] {dag.py:3823} INFO - Setting next_dagrun for example_sla_dag to 2025-11-03 01:28:00+00:00, run_after=2025-11-03 01:30:00+00:00
[2025-11-03T01:31:00.328+0000] {processor.py:183} INFO - Processing /home/airflow/.local/lib/python3.8/site-packages/airflow/example_dags/example_sla_dag.py took 1.252 seconds
[2025-11-03T01:31:35.115+0000] {processor.py:161} INFO - Started process (PID=626) to work on /home/airflow/.local/lib/python3.8/site-packages/airflow/example_dags/example_sla_dag.py
[2025-11-03T01:31:35.118+0000] {processor.py:830} INFO - Processing file /home/airflow/.local/lib/python3.8/site-packages/airflow/example_dags/example_sla_dag.py for tasks to queue
[2025-11-03T01:31:35.135+0000] {logging_mixin.py:188} INFO - [2025-11-03T01:31:35.126+0000] {dagbag.py:538} INFO - Filling up the DagBag from /home/airflow/.local/lib/python3.8/site-packages/airflow/example_dags/example_sla_dag.py
[2025-11-03T01:31:35.193+0000] {processor.py:840} INFO - DAG(s) 'example_sla_dag' retrieved from /home/airflow/.local/lib/python3.8/site-packages/airflow/example_dags/example_sla_dag.py
[2025-11-03T01:31:35.330+0000] {logging_mixin.py:188} INFO - [2025-11-03T01:31:35.329+0000] {dag.py:3036} INFO - Sync 1 DAGs
[2025-11-03T01:31:35.560+0000] {logging_mixin.py:188} INFO - [2025-11-03T01:31:35.559+0000] {dag.py:3823} INFO - Setting next_dagrun for example_sla_dag to 2025-11-03 01:28:00+00:00, run_after=2025-11-03 01:30:00+00:00
[2025-11-03T01:31:35.777+0000] {processor.py:183} INFO - Processing /home/airflow/.local/lib/python3.8/site-packages/airflow/example_dags/example_sla_dag.py took 0.677 seconds
[2025-11-03T01:32:07.134+0000] {processor.py:161} INFO - Started process (PID=680) to work on /home/airflow/.local/lib/python3.8/site-packages/airflow/example_dags/example_sla_dag.py
[2025-11-03T01:32:07.140+0000] {processor.py:830} INFO - Processing file /home/airflow/.local/lib/python3.8/site-packages/airflow/example_dags/example_sla_dag.py for tasks to queue
[2025-11-03T01:32:07.147+0000] {logging_mixin.py:188} INFO - [2025-11-03T01:32:07.146+0000] {dagbag.py:538} INFO - Filling up the DagBag from /home/airflow/.local/lib/python3.8/site-packages/airflow/example_dags/example_sla_dag.py
[2025-11-03T01:32:07.192+0000] {processor.py:840} INFO - DAG(s) 'example_sla_dag' retrieved from /home/airflow/.local/lib/python3.8/site-packages/airflow/example_dags/example_sla_dag.py
[2025-11-03T01:32:07.316+0000] {logging_mixin.py:188} INFO - [2025-11-03T01:32:07.315+0000] {dag.py:3036} INFO - Sync 1 DAGs
[2025-11-03T01:32:07.520+0000] {logging_mixin.py:188} INFO - [2025-11-03T01:32:07.520+0000] {dag.py:3823} INFO - Setting next_dagrun for example_sla_dag to 2025-11-03 01:30:00+00:00, run_after=2025-11-03 01:32:00+00:00
[2025-11-03T01:32:07.611+0000] {processor.py:183} INFO - Processing /home/airflow/.local/lib/python3.8/site-packages/airflow/example_dags/example_sla_dag.py took 0.489 seconds
[2025-11-03T01:32:38.316+0000] {processor.py:161} INFO - Started process (PID=734) to work on /home/airflow/.local/lib/python3.8/site-packages/airflow/example_dags/example_sla_dag.py
[2025-11-03T01:32:38.320+0000] {processor.py:830} INFO - Processing file /home/airflow/.local/lib/python3.8/site-packages/airflow/example_dags/example_sla_dag.py for tasks to queue
[2025-11-03T01:32:38.326+0000] {logging_mixin.py:188} INFO - [2025-11-03T01:32:38.325+0000] {dagbag.py:538} INFO - Filling up the DagBag from /home/airflow/.local/lib/python3.8/site-packages/airflow/example_dags/example_sla_dag.py
[2025-11-03T01:32:38.358+0000] {processor.py:840} INFO - DAG(s) 'example_sla_dag' retrieved from /home/airflow/.local/lib/python3.8/site-packages/airflow/example_dags/example_sla_dag.py
[2025-11-03T01:32:38.445+0000] {logging_mixin.py:188} INFO - [2025-11-03T01:32:38.444+0000] {dag.py:3036} INFO - Sync 1 DAGs
[2025-11-03T01:32:38.538+0000] {logging_mixin.py:188} INFO - [2025-11-03T01:32:38.537+0000] {dag.py:3823} INFO - Setting next_dagrun for example_sla_dag to 2025-11-03 01:30:00+00:00, run_after=2025-11-03 01:32:00+00:00
[2025-11-03T01:32:38.672+0000] {processor.py:183} INFO - Processing /home/airflow/.local/lib/python3.8/site-packages/airflow/example_dags/example_sla_dag.py took 0.369 seconds
[2025-11-03T01:33:26.880+0000] {processor.py:161} INFO - Started process (PID=787) to work on /home/airflow/.local/lib/python3.8/site-packages/airflow/example_dags/example_sla_dag.py
[2025-11-03T01:33:26.884+0000] {processor.py:830} INFO - Processing file /home/airflow/.local/lib/python3.8/site-packages/airflow/example_dags/example_sla_dag.py for tasks to queue
[2025-11-03T01:33:26.954+0000] {logging_mixin.py:188} INFO - [2025-11-03T01:33:26.953+0000] {dagbag.py:538} INFO - Filling up the DagBag from /home/airflow/.local/lib/python3.8/site-packages/airflow/example_dags/example_sla_dag.py
[2025-11-03T01:33:27.196+0000] {processor.py:840} INFO - DAG(s) 'example_sla_dag' retrieved from /home/airflow/.local/lib/python3.8/site-packages/airflow/example_dags/example_sla_dag.py
[2025-11-03T01:33:27.628+0000] {logging_mixin.py:188} INFO - [2025-11-03T01:33:27.627+0000] {dag.py:3036} INFO - Sync 1 DAGs
[2025-11-03T01:33:28.618+0000] {logging_mixin.py:188} INFO - [2025-11-03T01:33:28.617+0000] {dag.py:3823} INFO - Setting next_dagrun for example_sla_dag to 2025-11-03 01:30:00+00:00, run_after=2025-11-03 01:32:00+00:00
[2025-11-03T01:33:28.933+0000] {processor.py:183} INFO - Processing /home/airflow/.local/lib/python3.8/site-packages/airflow/example_dags/example_sla_dag.py took 2.307 seconds
[2025-11-03T01:33:59.227+0000] {processor.py:161} INFO - Started process (PID=842) to work on /home/airflow/.local/lib/python3.8/site-packages/airflow/example_dags/example_sla_dag.py
[2025-11-03T01:33:59.246+0000] {processor.py:830} INFO - Processing file /home/airflow/.local/lib/python3.8/site-packages/airflow/example_dags/example_sla_dag.py for tasks to queue
[2025-11-03T01:33:59.259+0000] {logging_mixin.py:188} INFO - [2025-11-03T01:33:59.258+0000] {dagbag.py:538} INFO - Filling up the DagBag from /home/airflow/.local/lib/python3.8/site-packages/airflow/example_dags/example_sla_dag.py
[2025-11-03T01:33:59.318+0000] {processor.py:840} INFO - DAG(s) 'example_sla_dag' retrieved from /home/airflow/.local/lib/python3.8/site-packages/airflow/example_dags/example_sla_dag.py
[2025-11-03T01:33:59.462+0000] {logging_mixin.py:188} INFO - [2025-11-03T01:33:59.461+0000] {dag.py:3036} INFO - Sync 1 DAGs
[2025-11-03T01:33:59.754+0000] {logging_mixin.py:188} INFO - [2025-11-03T01:33:59.742+0000] {dag.py:3823} INFO - Setting next_dagrun for example_sla_dag to 2025-11-03 01:30:00+00:00, run_after=2025-11-03 01:32:00+00:00
[2025-11-03T01:33:59.990+0000] {processor.py:183} INFO - Processing /home/airflow/.local/lib/python3.8/site-packages/airflow/example_dags/example_sla_dag.py took 0.809 seconds
[2025-11-03T01:34:40.431+0000] {processor.py:161} INFO - Started process (PID=905) to work on /home/airflow/.local/lib/python3.8/site-packages/airflow/example_dags/example_sla_dag.py
[2025-11-03T01:34:40.444+0000] {processor.py:830} INFO - Processing file /home/airflow/.local/lib/python3.8/site-packages/airflow/example_dags/example_sla_dag.py for tasks to queue
[2025-11-03T01:34:40.451+0000] {logging_mixin.py:188} INFO - [2025-11-03T01:34:40.450+0000] {dagbag.py:538} INFO - Filling up the DagBag from /home/airflow/.local/lib/python3.8/site-packages/airflow/example_dags/example_sla_dag.py
[2025-11-03T01:34:40.520+0000] {processor.py:840} INFO - DAG(s) 'example_sla_dag' retrieved from /home/airflow/.local/lib/python3.8/site-packages/airflow/example_dags/example_sla_dag.py
[2025-11-03T01:34:40.750+0000] {logging_mixin.py:188} INFO - [2025-11-03T01:34:40.749+0000] {dag.py:3036} INFO - Sync 1 DAGs
[2025-11-03T01:34:41.052+0000] {logging_mixin.py:188} INFO - [2025-11-03T01:34:41.040+0000] {dag.py:3823} INFO - Setting next_dagrun for example_sla_dag to 2025-11-03 01:32:00+00:00, run_after=2025-11-03 01:34:00+00:00
[2025-11-03T01:34:41.346+0000] {processor.py:183} INFO - Processing /home/airflow/.local/lib/python3.8/site-packages/airflow/example_dags/example_sla_dag.py took 0.933 seconds
[2025-11-03T01:35:15.298+0000] {processor.py:161} INFO - Started process (PID=959) to work on /home/airflow/.local/lib/python3.8/site-packages/airflow/example_dags/example_sla_dag.py
[2025-11-03T01:35:15.304+0000] {processor.py:830} INFO - Processing file /home/airflow/.local/lib/python3.8/site-packages/airflow/example_dags/example_sla_dag.py for tasks to queue
[2025-11-03T01:35:15.310+0000] {logging_mixin.py:188} INFO - [2025-11-03T01:35:15.309+0000] {dagbag.py:538} INFO - Filling up the DagBag from /home/airflow/.local/lib/python3.8/site-packages/airflow/example_dags/example_sla_dag.py
[2025-11-03T01:35:15.365+0000] {processor.py:840} INFO - DAG(s) 'example_sla_dag' retrieved from /home/airflow/.local/lib/python3.8/site-packages/airflow/example_dags/example_sla_dag.py
[2025-11-03T01:35:15.441+0000] {logging_mixin.py:188} INFO - [2025-11-03T01:35:15.440+0000] {dag.py:3036} INFO - Sync 1 DAGs
[2025-11-03T01:35:15.534+0000] {logging_mixin.py:188} INFO - [2025-11-03T01:35:15.533+0000] {dag.py:3823} INFO - Setting next_dagrun for example_sla_dag to 2025-11-03 01:32:00+00:00, run_after=2025-11-03 01:34:00+00:00
[2025-11-03T01:35:15.606+0000] {processor.py:183} INFO - Processing /home/airflow/.local/lib/python3.8/site-packages/airflow/example_dags/example_sla_dag.py took 0.321 seconds
[2025-11-03T01:35:45.779+0000] {processor.py:161} INFO - Started process (PID=1012) to work on /home/airflow/.local/lib/python3.8/site-packages/airflow/example_dags/example_sla_dag.py
[2025-11-03T01:35:45.782+0000] {processor.py:830} INFO - Processing file /home/airflow/.local/lib/python3.8/site-packages/airflow/example_dags/example_sla_dag.py for tasks to queue
[2025-11-03T01:35:45.787+0000] {logging_mixin.py:188} INFO - [2025-11-03T01:35:45.786+0000] {dagbag.py:538} INFO - Filling up the DagBag from /home/airflow/.local/lib/python3.8/site-packages/airflow/example_dags/example_sla_dag.py
[2025-11-03T01:35:45.811+0000] {processor.py:840} INFO - DAG(s) 'example_sla_dag' retrieved from /home/airflow/.local/lib/python3.8/site-packages/airflow/example_dags/example_sla_dag.py
[2025-11-03T01:35:45.884+0000] {logging_mixin.py:188} INFO - [2025-11-03T01:35:45.884+0000] {dag.py:3036} INFO - Sync 1 DAGs
[2025-11-03T01:35:45.953+0000] {logging_mixin.py:188} INFO - [2025-11-03T01:35:45.953+0000] {dag.py:3823} INFO - Setting next_dagrun for example_sla_dag to 2025-11-03 01:32:00+00:00, run_after=2025-11-03 01:34:00+00:00
[2025-11-03T01:35:46.006+0000] {processor.py:183} INFO - Processing /home/airflow/.local/lib/python3.8/site-packages/airflow/example_dags/example_sla_dag.py took 0.237 seconds
[2025-11-03T01:36:16.316+0000] {processor.py:161} INFO - Started process (PID=1067) to work on /home/airflow/.local/lib/python3.8/site-packages/airflow/example_dags/example_sla_dag.py
[2025-11-03T01:36:16.325+0000] {processor.py:830} INFO - Processing file /home/airflow/.local/lib/python3.8/site-packages/airflow/example_dags/example_sla_dag.py for tasks to queue
[2025-11-03T01:36:16.355+0000] {logging_mixin.py:188} INFO - [2025-11-03T01:36:16.354+0000] {dagbag.py:538} INFO - Filling up the DagBag from /home/airflow/.local/lib/python3.8/site-packages/airflow/example_dags/example_sla_dag.py
[2025-11-03T01:36:16.427+0000] {processor.py:840} INFO - DAG(s) 'example_sla_dag' retrieved from /home/airflow/.local/lib/python3.8/site-packages/airflow/example_dags/example_sla_dag.py
[2025-11-03T01:36:16.627+0000] {logging_mixin.py:188} INFO - [2025-11-03T01:36:16.626+0000] {dag.py:3036} INFO - Sync 1 DAGs
[2025-11-03T01:36:16.832+0000] {logging_mixin.py:188} INFO - [2025-11-03T01:36:16.832+0000] {dag.py:3823} INFO - Setting next_dagrun for example_sla_dag to 2025-11-03 01:34:00+00:00, run_after=2025-11-03 01:36:00+00:00
[2025-11-03T01:36:17.152+0000] {processor.py:183} INFO - Processing /home/airflow/.local/lib/python3.8/site-packages/airflow/example_dags/example_sla_dag.py took 0.889 seconds
[2025-11-03T01:36:47.684+0000] {processor.py:161} INFO - Started process (PID=1123) to work on /home/airflow/.local/lib/python3.8/site-packages/airflow/example_dags/example_sla_dag.py
[2025-11-03T01:36:47.688+0000] {processor.py:830} INFO - Processing file /home/airflow/.local/lib/python3.8/site-packages/airflow/example_dags/example_sla_dag.py for tasks to queue
[2025-11-03T01:36:47.729+0000] {logging_mixin.py:188} INFO - [2025-11-03T01:36:47.718+0000] {dagbag.py:538} INFO - Filling up the DagBag from /home/airflow/.local/lib/python3.8/site-packages/airflow/example_dags/example_sla_dag.py
[2025-11-03T01:36:47.799+0000] {processor.py:840} INFO - DAG(s) 'example_sla_dag' retrieved from /home/airflow/.local/lib/python3.8/site-packages/airflow/example_dags/example_sla_dag.py
[2025-11-03T01:36:47.946+0000] {logging_mixin.py:188} INFO - [2025-11-03T01:36:47.946+0000] {dag.py:3036} INFO - Sync 1 DAGs
[2025-11-03T01:36:48.151+0000] {logging_mixin.py:188} INFO - [2025-11-03T01:36:48.149+0000] {dag.py:3823} INFO - Setting next_dagrun for example_sla_dag to 2025-11-03 01:34:00+00:00, run_after=2025-11-03 01:36:00+00:00
[2025-11-03T01:36:48.232+0000] {processor.py:183} INFO - Processing /home/airflow/.local/lib/python3.8/site-packages/airflow/example_dags/example_sla_dag.py took 0.582 seconds
[2025-11-03T01:37:30.410+0000] {processor.py:161} INFO - Started process (PID=1178) to work on /home/airflow/.local/lib/python3.8/site-packages/airflow/example_dags/example_sla_dag.py
[2025-11-03T01:37:30.499+0000] {processor.py:830} INFO - Processing file /home/airflow/.local/lib/python3.8/site-packages/airflow/example_dags/example_sla_dag.py for tasks to queue
[2025-11-03T01:37:30.558+0000] {logging_mixin.py:188} INFO - [2025-11-03T01:37:30.557+0000] {dagbag.py:538} INFO - Filling up the DagBag from /home/airflow/.local/lib/python3.8/site-packages/airflow/example_dags/example_sla_dag.py
[2025-11-03T01:37:30.664+0000] {processor.py:840} INFO - DAG(s) 'example_sla_dag' retrieved from /home/airflow/.local/lib/python3.8/site-packages/airflow/example_dags/example_sla_dag.py
[2025-11-03T01:37:30.859+0000] {logging_mixin.py:188} INFO - [2025-11-03T01:37:30.859+0000] {dag.py:3036} INFO - Sync 1 DAGs
[2025-11-03T01:37:31.169+0000] {logging_mixin.py:188} INFO - [2025-11-03T01:37:31.168+0000] {dag.py:3823} INFO - Setting next_dagrun for example_sla_dag to 2025-11-03 01:34:00+00:00, run_after=2025-11-03 01:36:00+00:00
[2025-11-03T01:37:31.459+0000] {processor.py:183} INFO - Processing /home/airflow/.local/lib/python3.8/site-packages/airflow/example_dags/example_sla_dag.py took 1.072 seconds
[2025-11-03T01:38:14.637+0000] {processor.py:161} INFO - Started process (PID=1232) to work on /home/airflow/.local/lib/python3.8/site-packages/airflow/example_dags/example_sla_dag.py
[2025-11-03T01:38:14.643+0000] {processor.py:830} INFO - Processing file /home/airflow/.local/lib/python3.8/site-packages/airflow/example_dags/example_sla_dag.py for tasks to queue
[2025-11-03T01:38:14.671+0000] {logging_mixin.py:188} INFO - [2025-11-03T01:38:14.660+0000] {dagbag.py:538} INFO - Filling up the DagBag from /home/airflow/.local/lib/python3.8/site-packages/airflow/example_dags/example_sla_dag.py
[2025-11-03T01:38:14.767+0000] {processor.py:840} INFO - DAG(s) 'example_sla_dag' retrieved from /home/airflow/.local/lib/python3.8/site-packages/airflow/example_dags/example_sla_dag.py
[2025-11-03T01:38:14.945+0000] {logging_mixin.py:188} INFO - [2025-11-03T01:38:14.944+0000] {dag.py:3036} INFO - Sync 1 DAGs
[2025-11-03T01:38:15.252+0000] {logging_mixin.py:188} INFO - [2025-11-03T01:38:15.251+0000] {dag.py:3823} INFO - Setting next_dagrun for example_sla_dag to 2025-11-03 01:36:00+00:00, run_after=2025-11-03 01:38:00+00:00
[2025-11-03T01:38:16.095+0000] {processor.py:183} INFO - Processing /home/airflow/.local/lib/python3.8/site-packages/airflow/example_dags/example_sla_dag.py took 1.517 seconds
[2025-11-03T01:38:55.543+0000] {processor.py:161} INFO - Started process (PID=1281) to work on /home/airflow/.local/lib/python3.8/site-packages/airflow/example_dags/example_sla_dag.py
[2025-11-03T01:38:55.546+0000] {processor.py:830} INFO - Processing file /home/airflow/.local/lib/python3.8/site-packages/airflow/example_dags/example_sla_dag.py for tasks to queue
[2025-11-03T01:38:55.573+0000] {logging_mixin.py:188} INFO - [2025-11-03T01:38:55.561+0000] {dagbag.py:538} INFO - Filling up the DagBag from /home/airflow/.local/lib/python3.8/site-packages/airflow/example_dags/example_sla_dag.py
[2025-11-03T01:38:55.675+0000] {processor.py:840} INFO - DAG(s) 'example_sla_dag' retrieved from /home/airflow/.local/lib/python3.8/site-packages/airflow/example_dags/example_sla_dag.py
[2025-11-03T01:38:55.877+0000] {logging_mixin.py:188} INFO - [2025-11-03T01:38:55.877+0000] {dag.py:3036} INFO - Sync 1 DAGs
[2025-11-03T01:38:56.174+0000] {logging_mixin.py:188} INFO - [2025-11-03T01:38:56.173+0000] {dag.py:3823} INFO - Setting next_dagrun for example_sla_dag to 2025-11-03 01:36:00+00:00, run_after=2025-11-03 01:38:00+00:00
[2025-11-03T01:38:56.338+0000] {processor.py:183} INFO - Processing /home/airflow/.local/lib/python3.8/site-packages/airflow/example_dags/example_sla_dag.py took 0.821 seconds
[2025-11-03T01:39:32.955+0000] {processor.py:161} INFO - Started process (PID=1336) to work on /home/airflow/.local/lib/python3.8/site-packages/airflow/example_dags/example_sla_dag.py
[2025-11-03T01:39:32.989+0000] {processor.py:830} INFO - Processing file /home/airflow/.local/lib/python3.8/site-packages/airflow/example_dags/example_sla_dag.py for tasks to queue
[2025-11-03T01:39:33.066+0000] {logging_mixin.py:188} INFO - [2025-11-03T01:39:33.050+0000] {dagbag.py:538} INFO - Filling up the DagBag from /home/airflow/.local/lib/python3.8/site-packages/airflow/example_dags/example_sla_dag.py
[2025-11-03T01:39:33.268+0000] {processor.py:840} INFO - DAG(s) 'example_sla_dag' retrieved from /home/airflow/.local/lib/python3.8/site-packages/airflow/example_dags/example_sla_dag.py
[2025-11-03T01:39:34.162+0000] {logging_mixin.py:188} INFO - [2025-11-03T01:39:34.116+0000] {dag.py:3036} INFO - Sync 1 DAGs
[2025-11-03T01:39:34.668+0000] {logging_mixin.py:188} INFO - [2025-11-03T01:39:34.639+0000] {dag.py:3823} INFO - Setting next_dagrun for example_sla_dag to 2025-11-03 01:36:00+00:00, run_after=2025-11-03 01:38:00+00:00
[2025-11-03T01:39:35.112+0000] {processor.py:183} INFO - Processing /home/airflow/.local/lib/python3.8/site-packages/airflow/example_dags/example_sla_dag.py took 2.220 seconds
[2025-11-03T01:40:10.636+0000] {processor.py:161} INFO - Started process (PID=1389) to work on /home/airflow/.local/lib/python3.8/site-packages/airflow/example_dags/example_sla_dag.py
[2025-11-03T01:40:10.651+0000] {processor.py:830} INFO - Processing file /home/airflow/.local/lib/python3.8/site-packages/airflow/example_dags/example_sla_dag.py for tasks to queue
[2025-11-03T01:40:10.671+0000] {logging_mixin.py:188} INFO - [2025-11-03T01:40:10.670+0000] {dagbag.py:538} INFO - Filling up the DagBag from /home/airflow/.local/lib/python3.8/site-packages/airflow/example_dags/example_sla_dag.py
[2025-11-03T01:40:10.788+0000] {processor.py:840} INFO - DAG(s) 'example_sla_dag' retrieved from /home/airflow/.local/lib/python3.8/site-packages/airflow/example_dags/example_sla_dag.py
[2025-11-03T01:40:10.932+0000] {logging_mixin.py:188} INFO - [2025-11-03T01:40:10.929+0000] {dag.py:3036} INFO - Sync 1 DAGs
[2025-11-03T01:40:11.343+0000] {logging_mixin.py:188} INFO - [2025-11-03T01:40:11.342+0000] {dag.py:3823} INFO - Setting next_dagrun for example_sla_dag to 2025-11-03 01:38:00+00:00, run_after=2025-11-03 01:40:00+00:00
[2025-11-03T01:40:11.429+0000] {processor.py:183} INFO - Processing /home/airflow/.local/lib/python3.8/site-packages/airflow/example_dags/example_sla_dag.py took 0.927 seconds
[2025-11-03T01:45:26.828+0000] {processor.py:161} INFO - Started process (PID=1472) to work on /home/airflow/.local/lib/python3.8/site-packages/airflow/example_dags/example_sla_dag.py
[2025-11-03T01:45:27.071+0000] {processor.py:830} INFO - Processing file /home/airflow/.local/lib/python3.8/site-packages/airflow/example_dags/example_sla_dag.py for tasks to queue
[2025-11-03T01:45:28.715+0000] {logging_mixin.py:188} INFO - [2025-11-03T01:45:28.562+0000] {dagbag.py:538} INFO - Filling up the DagBag from /home/airflow/.local/lib/python3.8/site-packages/airflow/example_dags/example_sla_dag.py
[2025-11-03T01:45:32.148+0000] {processor.py:840} INFO - DAG(s) 'example_sla_dag' retrieved from /home/airflow/.local/lib/python3.8/site-packages/airflow/example_dags/example_sla_dag.py
[2025-11-03T01:45:35.598+0000] {logging_mixin.py:188} INFO - [2025-11-03T01:45:35.598+0000] {dag.py:3036} INFO - Sync 1 DAGs
[2025-11-03T01:45:40.202+0000] {logging_mixin.py:188} INFO - [2025-11-03T01:45:40.202+0000] {dag.py:3823} INFO - Setting next_dagrun for example_sla_dag to 2025-11-03 01:42:00+00:00, run_after=2025-11-03 01:44:00+00:00
[2025-11-03T01:45:46.474+0000] {processor.py:183} INFO - Processing /home/airflow/.local/lib/python3.8/site-packages/airflow/example_dags/example_sla_dag.py took 19.435 seconds
[2025-11-03T01:52:16.630+0000] {processor.py:161} INFO - Started process (PID=1574) to work on /home/airflow/.local/lib/python3.8/site-packages/airflow/example_dags/example_sla_dag.py
[2025-11-03T01:52:16.887+0000] {processor.py:830} INFO - Processing file /home/airflow/.local/lib/python3.8/site-packages/airflow/example_dags/example_sla_dag.py for tasks to queue
[2025-11-03T01:52:16.995+0000] {logging_mixin.py:188} INFO - [2025-11-03T01:52:16.993+0000] {dagbag.py:538} INFO - Filling up the DagBag from /home/airflow/.local/lib/python3.8/site-packages/airflow/example_dags/example_sla_dag.py
[2025-11-03T01:52:20.364+0000] {processor.py:840} INFO - DAG(s) 'example_sla_dag' retrieved from /home/airflow/.local/lib/python3.8/site-packages/airflow/example_dags/example_sla_dag.py
[2025-11-03T01:52:33.900+0000] {logging_mixin.py:188} INFO - [2025-11-03T01:52:33.899+0000] {dag.py:3036} INFO - Sync 1 DAGs
[2025-11-03T01:52:37.606+0000] {logging_mixin.py:188} INFO - [2025-11-03T01:52:37.605+0000] {dag.py:3823} INFO - Setting next_dagrun for example_sla_dag to 2025-11-03 01:50:00+00:00, run_after=2025-11-03 01:52:00+00:00
[2025-11-03T01:52:40.452+0000] {processor.py:183} INFO - Processing /home/airflow/.local/lib/python3.8/site-packages/airflow/example_dags/example_sla_dag.py took 23.717 seconds
