[2025-11-03T01:13:38.631+0000] {processor.py:161} INFO - Started process (PID=119) to work on /home/airflow/.local/lib/python3.8/site-packages/airflow/example_dags/example_branch_day_of_week_operator.py
[2025-11-03T01:13:38.634+0000] {processor.py:830} INFO - Processing file /home/airflow/.local/lib/python3.8/site-packages/airflow/example_dags/example_branch_day_of_week_operator.py for tasks to queue
[2025-11-03T01:13:38.651+0000] {logging_mixin.py:188} INFO - [2025-11-03T01:13:38.650+0000] {dagbag.py:538} INFO - Filling up the DagBag from /home/airflow/.local/lib/python3.8/site-packages/airflow/example_dags/example_branch_day_of_week_operator.py
[2025-11-03T01:13:38.727+0000] {processor.py:840} INFO - DAG(s) 'example_weekday_branch_operator' retrieved from /home/airflow/.local/lib/python3.8/site-packages/airflow/example_dags/example_branch_day_of_week_operator.py
[2025-11-03T01:13:38.849+0000] {logging_mixin.py:188} INFO - [2025-11-03T01:13:38.849+0000] {dag.py:3036} INFO - Sync 1 DAGs
[2025-11-03T01:13:38.988+0000] {logging_mixin.py:188} INFO - [2025-11-03T01:13:38.987+0000] {dag.py:3823} INFO - Setting next_dagrun for example_weekday_branch_operator to 2025-11-02 00:00:00+00:00, run_after=2025-11-03 00:00:00+00:00
[2025-11-03T01:13:39.058+0000] {processor.py:183} INFO - Processing /home/airflow/.local/lib/python3.8/site-packages/airflow/example_dags/example_branch_day_of_week_operator.py took 0.447 seconds
[2025-11-03T01:14:21.692+0000] {processor.py:161} INFO - Started process (PID=174) to work on /home/airflow/.local/lib/python3.8/site-packages/airflow/example_dags/example_branch_day_of_week_operator.py
[2025-11-03T01:14:21.701+0000] {processor.py:830} INFO - Processing file /home/airflow/.local/lib/python3.8/site-packages/airflow/example_dags/example_branch_day_of_week_operator.py for tasks to queue
[2025-11-03T01:14:21.714+0000] {logging_mixin.py:188} INFO - [2025-11-03T01:14:21.713+0000] {dagbag.py:538} INFO - Filling up the DagBag from /home/airflow/.local/lib/python3.8/site-packages/airflow/example_dags/example_branch_day_of_week_operator.py
[2025-11-03T01:14:21.787+0000] {processor.py:840} INFO - DAG(s) 'example_weekday_branch_operator' retrieved from /home/airflow/.local/lib/python3.8/site-packages/airflow/example_dags/example_branch_day_of_week_operator.py
[2025-11-03T01:14:22.010+0000] {logging_mixin.py:188} INFO - [2025-11-03T01:14:22.009+0000] {dag.py:3036} INFO - Sync 1 DAGs
[2025-11-03T01:14:22.250+0000] {logging_mixin.py:188} INFO - [2025-11-03T01:14:22.244+0000] {dag.py:3823} INFO - Setting next_dagrun for example_weekday_branch_operator to 2025-11-02 00:00:00+00:00, run_after=2025-11-03 00:00:00+00:00
[2025-11-03T01:14:22.484+0000] {processor.py:183} INFO - Processing /home/airflow/.local/lib/python3.8/site-packages/airflow/example_dags/example_branch_day_of_week_operator.py took 0.808 seconds
[2025-11-03T01:15:14.797+0000] {processor.py:161} INFO - Started process (PID=235) to work on /home/airflow/.local/lib/python3.8/site-packages/airflow/example_dags/example_branch_day_of_week_operator.py
[2025-11-03T01:15:14.801+0000] {processor.py:830} INFO - Processing file /home/airflow/.local/lib/python3.8/site-packages/airflow/example_dags/example_branch_day_of_week_operator.py for tasks to queue
[2025-11-03T01:15:14.808+0000] {logging_mixin.py:188} INFO - [2025-11-03T01:15:14.807+0000] {dagbag.py:538} INFO - Filling up the DagBag from /home/airflow/.local/lib/python3.8/site-packages/airflow/example_dags/example_branch_day_of_week_operator.py
[2025-11-03T01:15:15.027+0000] {processor.py:840} INFO - DAG(s) 'example_weekday_branch_operator' retrieved from /home/airflow/.local/lib/python3.8/site-packages/airflow/example_dags/example_branch_day_of_week_operator.py
[2025-11-03T01:15:15.451+0000] {logging_mixin.py:188} INFO - [2025-11-03T01:15:15.449+0000] {dag.py:3036} INFO - Sync 1 DAGs
[2025-11-03T01:15:15.669+0000] {logging_mixin.py:188} INFO - [2025-11-03T01:15:15.665+0000] {dag.py:3823} INFO - Setting next_dagrun for example_weekday_branch_operator to 2025-11-02 00:00:00+00:00, run_after=2025-11-03 00:00:00+00:00
[2025-11-03T01:15:15.930+0000] {processor.py:183} INFO - Processing /home/airflow/.local/lib/python3.8/site-packages/airflow/example_dags/example_branch_day_of_week_operator.py took 1.148 seconds
[2025-11-03T01:15:53.813+0000] {processor.py:161} INFO - Started process (PID=288) to work on /home/airflow/.local/lib/python3.8/site-packages/airflow/example_dags/example_branch_day_of_week_operator.py
[2025-11-03T01:15:53.818+0000] {processor.py:830} INFO - Processing file /home/airflow/.local/lib/python3.8/site-packages/airflow/example_dags/example_branch_day_of_week_operator.py for tasks to queue
[2025-11-03T01:15:53.830+0000] {logging_mixin.py:188} INFO - [2025-11-03T01:15:53.829+0000] {dagbag.py:538} INFO - Filling up the DagBag from /home/airflow/.local/lib/python3.8/site-packages/airflow/example_dags/example_branch_day_of_week_operator.py
[2025-11-03T01:15:53.982+0000] {processor.py:840} INFO - DAG(s) 'example_weekday_branch_operator' retrieved from /home/airflow/.local/lib/python3.8/site-packages/airflow/example_dags/example_branch_day_of_week_operator.py
[2025-11-03T01:15:54.209+0000] {logging_mixin.py:188} INFO - [2025-11-03T01:15:54.208+0000] {dag.py:3036} INFO - Sync 1 DAGs
[2025-11-03T01:15:54.717+0000] {logging_mixin.py:188} INFO - [2025-11-03T01:15:54.714+0000] {dag.py:3823} INFO - Setting next_dagrun for example_weekday_branch_operator to 2025-11-02 00:00:00+00:00, run_after=2025-11-03 00:00:00+00:00
[2025-11-03T01:15:55.265+0000] {processor.py:183} INFO - Processing /home/airflow/.local/lib/python3.8/site-packages/airflow/example_dags/example_branch_day_of_week_operator.py took 1.498 seconds
[2025-11-03T01:16:35.849+0000] {processor.py:161} INFO - Started process (PID=350) to work on /home/airflow/.local/lib/python3.8/site-packages/airflow/example_dags/example_branch_day_of_week_operator.py
[2025-11-03T01:16:35.865+0000] {processor.py:830} INFO - Processing file /home/airflow/.local/lib/python3.8/site-packages/airflow/example_dags/example_branch_day_of_week_operator.py for tasks to queue
[2025-11-03T01:16:35.877+0000] {logging_mixin.py:188} INFO - [2025-11-03T01:16:35.876+0000] {dagbag.py:538} INFO - Filling up the DagBag from /home/airflow/.local/lib/python3.8/site-packages/airflow/example_dags/example_branch_day_of_week_operator.py
[2025-11-03T01:16:35.930+0000] {processor.py:840} INFO - DAG(s) 'example_weekday_branch_operator' retrieved from /home/airflow/.local/lib/python3.8/site-packages/airflow/example_dags/example_branch_day_of_week_operator.py
[2025-11-03T01:16:36.486+0000] {logging_mixin.py:188} INFO - [2025-11-03T01:16:36.485+0000] {dag.py:3036} INFO - Sync 1 DAGs
[2025-11-03T01:16:36.570+0000] {logging_mixin.py:188} INFO - [2025-11-03T01:16:36.570+0000] {dag.py:3823} INFO - Setting next_dagrun for example_weekday_branch_operator to 2025-11-02 00:00:00+00:00, run_after=2025-11-03 00:00:00+00:00
[2025-11-03T01:16:36.661+0000] {processor.py:183} INFO - Processing /home/airflow/.local/lib/python3.8/site-packages/airflow/example_dags/example_branch_day_of_week_operator.py took 0.844 seconds
[2025-11-03T01:17:08.538+0000] {processor.py:161} INFO - Started process (PID=405) to work on /home/airflow/.local/lib/python3.8/site-packages/airflow/example_dags/example_branch_day_of_week_operator.py
[2025-11-03T01:17:08.557+0000] {processor.py:830} INFO - Processing file /home/airflow/.local/lib/python3.8/site-packages/airflow/example_dags/example_branch_day_of_week_operator.py for tasks to queue
[2025-11-03T01:17:08.566+0000] {logging_mixin.py:188} INFO - [2025-11-03T01:17:08.565+0000] {dagbag.py:538} INFO - Filling up the DagBag from /home/airflow/.local/lib/python3.8/site-packages/airflow/example_dags/example_branch_day_of_week_operator.py
[2025-11-03T01:17:08.628+0000] {processor.py:840} INFO - DAG(s) 'example_weekday_branch_operator' retrieved from /home/airflow/.local/lib/python3.8/site-packages/airflow/example_dags/example_branch_day_of_week_operator.py
[2025-11-03T01:17:08.720+0000] {logging_mixin.py:188} INFO - [2025-11-03T01:17:08.719+0000] {dag.py:3036} INFO - Sync 1 DAGs
[2025-11-03T01:17:08.810+0000] {logging_mixin.py:188} INFO - [2025-11-03T01:17:08.809+0000] {dag.py:3823} INFO - Setting next_dagrun for example_weekday_branch_operator to 2025-11-02 00:00:00+00:00, run_after=2025-11-03 00:00:00+00:00
[2025-11-03T01:17:08.878+0000] {processor.py:183} INFO - Processing /home/airflow/.local/lib/python3.8/site-packages/airflow/example_dags/example_branch_day_of_week_operator.py took 0.387 seconds
[2025-11-03T01:17:43.556+0000] {processor.py:161} INFO - Started process (PID=463) to work on /home/airflow/.local/lib/python3.8/site-packages/airflow/example_dags/example_branch_day_of_week_operator.py
[2025-11-03T01:17:43.561+0000] {processor.py:830} INFO - Processing file /home/airflow/.local/lib/python3.8/site-packages/airflow/example_dags/example_branch_day_of_week_operator.py for tasks to queue
[2025-11-03T01:17:43.572+0000] {logging_mixin.py:188} INFO - [2025-11-03T01:17:43.571+0000] {dagbag.py:538} INFO - Filling up the DagBag from /home/airflow/.local/lib/python3.8/site-packages/airflow/example_dags/example_branch_day_of_week_operator.py
[2025-11-03T01:17:43.610+0000] {processor.py:840} INFO - DAG(s) 'example_weekday_branch_operator' retrieved from /home/airflow/.local/lib/python3.8/site-packages/airflow/example_dags/example_branch_day_of_week_operator.py
[2025-11-03T01:17:43.733+0000] {logging_mixin.py:188} INFO - [2025-11-03T01:17:43.732+0000] {dag.py:3036} INFO - Sync 1 DAGs
[2025-11-03T01:17:43.842+0000] {logging_mixin.py:188} INFO - [2025-11-03T01:17:43.841+0000] {dag.py:3823} INFO - Setting next_dagrun for example_weekday_branch_operator to 2025-11-02 00:00:00+00:00, run_after=2025-11-03 00:00:00+00:00
[2025-11-03T01:17:43.925+0000] {processor.py:183} INFO - Processing /home/airflow/.local/lib/python3.8/site-packages/airflow/example_dags/example_branch_day_of_week_operator.py took 0.387 seconds
[2025-11-03T01:18:14.526+0000] {processor.py:161} INFO - Started process (PID=518) to work on /home/airflow/.local/lib/python3.8/site-packages/airflow/example_dags/example_branch_day_of_week_operator.py
[2025-11-03T01:18:14.543+0000] {processor.py:830} INFO - Processing file /home/airflow/.local/lib/python3.8/site-packages/airflow/example_dags/example_branch_day_of_week_operator.py for tasks to queue
[2025-11-03T01:18:14.562+0000] {logging_mixin.py:188} INFO - [2025-11-03T01:18:14.561+0000] {dagbag.py:538} INFO - Filling up the DagBag from /home/airflow/.local/lib/python3.8/site-packages/airflow/example_dags/example_branch_day_of_week_operator.py
[2025-11-03T01:18:14.623+0000] {processor.py:840} INFO - DAG(s) 'example_weekday_branch_operator' retrieved from /home/airflow/.local/lib/python3.8/site-packages/airflow/example_dags/example_branch_day_of_week_operator.py
[2025-11-03T01:18:14.740+0000] {logging_mixin.py:188} INFO - [2025-11-03T01:18:14.738+0000] {dag.py:3036} INFO - Sync 1 DAGs
[2025-11-03T01:18:14.859+0000] {logging_mixin.py:188} INFO - [2025-11-03T01:18:14.858+0000] {dag.py:3823} INFO - Setting next_dagrun for example_weekday_branch_operator to 2025-11-02 00:00:00+00:00, run_after=2025-11-03 00:00:00+00:00
[2025-11-03T01:18:14.941+0000] {processor.py:183} INFO - Processing /home/airflow/.local/lib/python3.8/site-packages/airflow/example_dags/example_branch_day_of_week_operator.py took 0.426 seconds
[2025-11-03T01:18:46.920+0000] {processor.py:161} INFO - Started process (PID=575) to work on /home/airflow/.local/lib/python3.8/site-packages/airflow/example_dags/example_branch_day_of_week_operator.py
[2025-11-03T01:18:46.941+0000] {processor.py:830} INFO - Processing file /home/airflow/.local/lib/python3.8/site-packages/airflow/example_dags/example_branch_day_of_week_operator.py for tasks to queue
[2025-11-03T01:18:46.951+0000] {logging_mixin.py:188} INFO - [2025-11-03T01:18:46.950+0000] {dagbag.py:538} INFO - Filling up the DagBag from /home/airflow/.local/lib/python3.8/site-packages/airflow/example_dags/example_branch_day_of_week_operator.py
[2025-11-03T01:18:46.989+0000] {processor.py:840} INFO - DAG(s) 'example_weekday_branch_operator' retrieved from /home/airflow/.local/lib/python3.8/site-packages/airflow/example_dags/example_branch_day_of_week_operator.py
[2025-11-03T01:18:47.076+0000] {logging_mixin.py:188} INFO - [2025-11-03T01:18:47.075+0000] {dag.py:3036} INFO - Sync 1 DAGs
[2025-11-03T01:18:47.180+0000] {logging_mixin.py:188} INFO - [2025-11-03T01:18:47.179+0000] {dag.py:3823} INFO - Setting next_dagrun for example_weekday_branch_operator to 2025-11-02 00:00:00+00:00, run_after=2025-11-03 00:00:00+00:00
[2025-11-03T01:18:47.249+0000] {processor.py:183} INFO - Processing /home/airflow/.local/lib/python3.8/site-packages/airflow/example_dags/example_branch_day_of_week_operator.py took 0.409 seconds
[2025-11-03T01:19:19.319+0000] {processor.py:161} INFO - Started process (PID=631) to work on /home/airflow/.local/lib/python3.8/site-packages/airflow/example_dags/example_branch_day_of_week_operator.py
[2025-11-03T01:19:19.327+0000] {processor.py:830} INFO - Processing file /home/airflow/.local/lib/python3.8/site-packages/airflow/example_dags/example_branch_day_of_week_operator.py for tasks to queue
[2025-11-03T01:19:19.334+0000] {logging_mixin.py:188} INFO - [2025-11-03T01:19:19.333+0000] {dagbag.py:538} INFO - Filling up the DagBag from /home/airflow/.local/lib/python3.8/site-packages/airflow/example_dags/example_branch_day_of_week_operator.py
[2025-11-03T01:19:19.362+0000] {processor.py:840} INFO - DAG(s) 'example_weekday_branch_operator' retrieved from /home/airflow/.local/lib/python3.8/site-packages/airflow/example_dags/example_branch_day_of_week_operator.py
[2025-11-03T01:19:19.427+0000] {logging_mixin.py:188} INFO - [2025-11-03T01:19:19.426+0000] {dag.py:3036} INFO - Sync 1 DAGs
[2025-11-03T01:19:19.487+0000] {logging_mixin.py:188} INFO - [2025-11-03T01:19:19.486+0000] {dag.py:3823} INFO - Setting next_dagrun for example_weekday_branch_operator to 2025-11-02 00:00:00+00:00, run_after=2025-11-03 00:00:00+00:00
[2025-11-03T01:19:19.559+0000] {processor.py:183} INFO - Processing /home/airflow/.local/lib/python3.8/site-packages/airflow/example_dags/example_branch_day_of_week_operator.py took 0.253 seconds
[2025-11-03T01:19:51.448+0000] {processor.py:161} INFO - Started process (PID=686) to work on /home/airflow/.local/lib/python3.8/site-packages/airflow/example_dags/example_branch_day_of_week_operator.py
[2025-11-03T01:19:51.454+0000] {processor.py:830} INFO - Processing file /home/airflow/.local/lib/python3.8/site-packages/airflow/example_dags/example_branch_day_of_week_operator.py for tasks to queue
[2025-11-03T01:19:51.461+0000] {logging_mixin.py:188} INFO - [2025-11-03T01:19:51.459+0000] {dagbag.py:538} INFO - Filling up the DagBag from /home/airflow/.local/lib/python3.8/site-packages/airflow/example_dags/example_branch_day_of_week_operator.py
[2025-11-03T01:19:51.495+0000] {processor.py:840} INFO - DAG(s) 'example_weekday_branch_operator' retrieved from /home/airflow/.local/lib/python3.8/site-packages/airflow/example_dags/example_branch_day_of_week_operator.py
[2025-11-03T01:19:51.625+0000] {logging_mixin.py:188} INFO - [2025-11-03T01:19:51.624+0000] {dag.py:3036} INFO - Sync 1 DAGs
[2025-11-03T01:19:51.773+0000] {logging_mixin.py:188} INFO - [2025-11-03T01:19:51.771+0000] {dag.py:3823} INFO - Setting next_dagrun for example_weekday_branch_operator to 2025-11-02 00:00:00+00:00, run_after=2025-11-03 00:00:00+00:00
[2025-11-03T01:19:51.888+0000] {processor.py:183} INFO - Processing /home/airflow/.local/lib/python3.8/site-packages/airflow/example_dags/example_branch_day_of_week_operator.py took 0.467 seconds
[2025-11-03T01:20:23.918+0000] {processor.py:161} INFO - Started process (PID=740) to work on /home/airflow/.local/lib/python3.8/site-packages/airflow/example_dags/example_branch_day_of_week_operator.py
[2025-11-03T01:20:23.921+0000] {processor.py:830} INFO - Processing file /home/airflow/.local/lib/python3.8/site-packages/airflow/example_dags/example_branch_day_of_week_operator.py for tasks to queue
[2025-11-03T01:20:23.927+0000] {logging_mixin.py:188} INFO - [2025-11-03T01:20:23.926+0000] {dagbag.py:538} INFO - Filling up the DagBag from /home/airflow/.local/lib/python3.8/site-packages/airflow/example_dags/example_branch_day_of_week_operator.py
[2025-11-03T01:20:23.974+0000] {processor.py:840} INFO - DAG(s) 'example_weekday_branch_operator' retrieved from /home/airflow/.local/lib/python3.8/site-packages/airflow/example_dags/example_branch_day_of_week_operator.py
[2025-11-03T01:20:24.127+0000] {logging_mixin.py:188} INFO - [2025-11-03T01:20:24.126+0000] {dag.py:3036} INFO - Sync 1 DAGs
[2025-11-03T01:20:24.246+0000] {logging_mixin.py:188} INFO - [2025-11-03T01:20:24.245+0000] {dag.py:3823} INFO - Setting next_dagrun for example_weekday_branch_operator to 2025-11-02 00:00:00+00:00, run_after=2025-11-03 00:00:00+00:00
[2025-11-03T01:20:24.323+0000] {processor.py:183} INFO - Processing /home/airflow/.local/lib/python3.8/site-packages/airflow/example_dags/example_branch_day_of_week_operator.py took 0.430 seconds
[2025-11-03T01:21:01.833+0000] {processor.py:161} INFO - Started process (PID=792) to work on /home/airflow/.local/lib/python3.8/site-packages/airflow/example_dags/example_branch_day_of_week_operator.py
[2025-11-03T01:21:01.871+0000] {processor.py:830} INFO - Processing file /home/airflow/.local/lib/python3.8/site-packages/airflow/example_dags/example_branch_day_of_week_operator.py for tasks to queue
[2025-11-03T01:21:01.943+0000] {logging_mixin.py:188} INFO - [2025-11-03T01:21:01.913+0000] {dagbag.py:538} INFO - Filling up the DagBag from /home/airflow/.local/lib/python3.8/site-packages/airflow/example_dags/example_branch_day_of_week_operator.py
[2025-11-03T01:21:02.175+0000] {processor.py:840} INFO - DAG(s) 'example_weekday_branch_operator' retrieved from /home/airflow/.local/lib/python3.8/site-packages/airflow/example_dags/example_branch_day_of_week_operator.py
[2025-11-03T01:21:02.861+0000] {logging_mixin.py:188} INFO - [2025-11-03T01:21:02.860+0000] {dag.py:3036} INFO - Sync 1 DAGs
[2025-11-03T01:21:03.581+0000] {logging_mixin.py:188} INFO - [2025-11-03T01:21:03.569+0000] {dag.py:3823} INFO - Setting next_dagrun for example_weekday_branch_operator to 2025-11-02 00:00:00+00:00, run_after=2025-11-03 00:00:00+00:00
[2025-11-03T01:21:04.111+0000] {processor.py:183} INFO - Processing /home/airflow/.local/lib/python3.8/site-packages/airflow/example_dags/example_branch_day_of_week_operator.py took 2.326 seconds
[2025-11-03T01:25:46.929+0000] {processor.py:161} INFO - Started process (PID=105) to work on /home/airflow/.local/lib/python3.8/site-packages/airflow/example_dags/example_branch_day_of_week_operator.py
[2025-11-03T01:25:46.934+0000] {processor.py:830} INFO - Processing file /home/airflow/.local/lib/python3.8/site-packages/airflow/example_dags/example_branch_day_of_week_operator.py for tasks to queue
[2025-11-03T01:25:46.947+0000] {logging_mixin.py:188} INFO - [2025-11-03T01:25:46.946+0000] {dagbag.py:538} INFO - Filling up the DagBag from /home/airflow/.local/lib/python3.8/site-packages/airflow/example_dags/example_branch_day_of_week_operator.py
[2025-11-03T01:25:47.072+0000] {processor.py:840} INFO - DAG(s) 'example_weekday_branch_operator' retrieved from /home/airflow/.local/lib/python3.8/site-packages/airflow/example_dags/example_branch_day_of_week_operator.py
[2025-11-03T01:25:47.682+0000] {logging_mixin.py:188} INFO - [2025-11-03T01:25:47.680+0000] {dag.py:3036} INFO - Sync 1 DAGs
[2025-11-03T01:25:47.916+0000] {logging_mixin.py:188} INFO - [2025-11-03T01:25:47.915+0000] {dag.py:3823} INFO - Setting next_dagrun for example_weekday_branch_operator to 2025-11-02 00:00:00+00:00, run_after=2025-11-03 00:00:00+00:00
[2025-11-03T01:25:48.126+0000] {processor.py:183} INFO - Processing /home/airflow/.local/lib/python3.8/site-packages/airflow/example_dags/example_branch_day_of_week_operator.py took 1.219 seconds
[2025-11-03T01:26:18.315+0000] {processor.py:161} INFO - Started process (PID=162) to work on /home/airflow/.local/lib/python3.8/site-packages/airflow/example_dags/example_branch_day_of_week_operator.py
[2025-11-03T01:26:18.318+0000] {processor.py:830} INFO - Processing file /home/airflow/.local/lib/python3.8/site-packages/airflow/example_dags/example_branch_day_of_week_operator.py for tasks to queue
[2025-11-03T01:26:18.323+0000] {logging_mixin.py:188} INFO - [2025-11-03T01:26:18.322+0000] {dagbag.py:538} INFO - Filling up the DagBag from /home/airflow/.local/lib/python3.8/site-packages/airflow/example_dags/example_branch_day_of_week_operator.py
[2025-11-03T01:26:18.340+0000] {processor.py:840} INFO - DAG(s) 'example_weekday_branch_operator' retrieved from /home/airflow/.local/lib/python3.8/site-packages/airflow/example_dags/example_branch_day_of_week_operator.py
[2025-11-03T01:26:18.397+0000] {logging_mixin.py:188} INFO - [2025-11-03T01:26:18.396+0000] {dag.py:3036} INFO - Sync 1 DAGs
[2025-11-03T01:26:18.445+0000] {logging_mixin.py:188} INFO - [2025-11-03T01:26:18.445+0000] {dag.py:3823} INFO - Setting next_dagrun for example_weekday_branch_operator to 2025-11-02 00:00:00+00:00, run_after=2025-11-03 00:00:00+00:00
[2025-11-03T01:26:18.482+0000] {processor.py:183} INFO - Processing /home/airflow/.local/lib/python3.8/site-packages/airflow/example_dags/example_branch_day_of_week_operator.py took 0.175 seconds
[2025-11-03T01:26:48.707+0000] {processor.py:161} INFO - Started process (PID=217) to work on /home/airflow/.local/lib/python3.8/site-packages/airflow/example_dags/example_branch_day_of_week_operator.py
[2025-11-03T01:26:48.710+0000] {processor.py:830} INFO - Processing file /home/airflow/.local/lib/python3.8/site-packages/airflow/example_dags/example_branch_day_of_week_operator.py for tasks to queue
[2025-11-03T01:26:48.716+0000] {logging_mixin.py:188} INFO - [2025-11-03T01:26:48.715+0000] {dagbag.py:538} INFO - Filling up the DagBag from /home/airflow/.local/lib/python3.8/site-packages/airflow/example_dags/example_branch_day_of_week_operator.py
[2025-11-03T01:26:48.736+0000] {processor.py:840} INFO - DAG(s) 'example_weekday_branch_operator' retrieved from /home/airflow/.local/lib/python3.8/site-packages/airflow/example_dags/example_branch_day_of_week_operator.py
[2025-11-03T01:26:48.782+0000] {logging_mixin.py:188} INFO - [2025-11-03T01:26:48.781+0000] {dag.py:3036} INFO - Sync 1 DAGs
[2025-11-03T01:26:48.826+0000] {logging_mixin.py:188} INFO - [2025-11-03T01:26:48.825+0000] {dag.py:3823} INFO - Setting next_dagrun for example_weekday_branch_operator to 2025-11-02 00:00:00+00:00, run_after=2025-11-03 00:00:00+00:00
[2025-11-03T01:26:48.865+0000] {processor.py:183} INFO - Processing /home/airflow/.local/lib/python3.8/site-packages/airflow/example_dags/example_branch_day_of_week_operator.py took 0.169 seconds
[2025-11-03T01:27:19.296+0000] {processor.py:161} INFO - Started process (PID=272) to work on /home/airflow/.local/lib/python3.8/site-packages/airflow/example_dags/example_branch_day_of_week_operator.py
[2025-11-03T01:27:19.300+0000] {processor.py:830} INFO - Processing file /home/airflow/.local/lib/python3.8/site-packages/airflow/example_dags/example_branch_day_of_week_operator.py for tasks to queue
[2025-11-03T01:27:19.315+0000] {logging_mixin.py:188} INFO - [2025-11-03T01:27:19.314+0000] {dagbag.py:538} INFO - Filling up the DagBag from /home/airflow/.local/lib/python3.8/site-packages/airflow/example_dags/example_branch_day_of_week_operator.py
[2025-11-03T01:27:19.362+0000] {processor.py:840} INFO - DAG(s) 'example_weekday_branch_operator' retrieved from /home/airflow/.local/lib/python3.8/site-packages/airflow/example_dags/example_branch_day_of_week_operator.py
[2025-11-03T01:27:19.550+0000] {logging_mixin.py:188} INFO - [2025-11-03T01:27:19.549+0000] {dag.py:3036} INFO - Sync 1 DAGs
[2025-11-03T01:27:19.733+0000] {logging_mixin.py:188} INFO - [2025-11-03T01:27:19.733+0000] {dag.py:3823} INFO - Setting next_dagrun for example_weekday_branch_operator to 2025-11-02 00:00:00+00:00, run_after=2025-11-03 00:00:00+00:00
[2025-11-03T01:27:19.977+0000] {processor.py:183} INFO - Processing /home/airflow/.local/lib/python3.8/site-packages/airflow/example_dags/example_branch_day_of_week_operator.py took 0.697 seconds
[2025-11-03T01:27:51.039+0000] {processor.py:161} INFO - Started process (PID=326) to work on /home/airflow/.local/lib/python3.8/site-packages/airflow/example_dags/example_branch_day_of_week_operator.py
[2025-11-03T01:27:51.043+0000] {processor.py:830} INFO - Processing file /home/airflow/.local/lib/python3.8/site-packages/airflow/example_dags/example_branch_day_of_week_operator.py for tasks to queue
[2025-11-03T01:27:51.056+0000] {logging_mixin.py:188} INFO - [2025-11-03T01:27:51.055+0000] {dagbag.py:538} INFO - Filling up the DagBag from /home/airflow/.local/lib/python3.8/site-packages/airflow/example_dags/example_branch_day_of_week_operator.py
[2025-11-03T01:27:51.152+0000] {processor.py:840} INFO - DAG(s) 'example_weekday_branch_operator' retrieved from /home/airflow/.local/lib/python3.8/site-packages/airflow/example_dags/example_branch_day_of_week_operator.py
[2025-11-03T01:27:51.309+0000] {logging_mixin.py:188} INFO - [2025-11-03T01:27:51.298+0000] {dag.py:3036} INFO - Sync 1 DAGs
[2025-11-03T01:27:51.434+0000] {logging_mixin.py:188} INFO - [2025-11-03T01:27:51.433+0000] {dag.py:3823} INFO - Setting next_dagrun for example_weekday_branch_operator to 2025-11-02 00:00:00+00:00, run_after=2025-11-03 00:00:00+00:00
[2025-11-03T01:27:51.611+0000] {processor.py:183} INFO - Processing /home/airflow/.local/lib/python3.8/site-packages/airflow/example_dags/example_branch_day_of_week_operator.py took 0.587 seconds
[2025-11-03T01:28:22.194+0000] {processor.py:161} INFO - Started process (PID=380) to work on /home/airflow/.local/lib/python3.8/site-packages/airflow/example_dags/example_branch_day_of_week_operator.py
[2025-11-03T01:28:22.202+0000] {processor.py:830} INFO - Processing file /home/airflow/.local/lib/python3.8/site-packages/airflow/example_dags/example_branch_day_of_week_operator.py for tasks to queue
[2025-11-03T01:28:22.210+0000] {logging_mixin.py:188} INFO - [2025-11-03T01:28:22.209+0000] {dagbag.py:538} INFO - Filling up the DagBag from /home/airflow/.local/lib/python3.8/site-packages/airflow/example_dags/example_branch_day_of_week_operator.py
[2025-11-03T01:28:22.292+0000] {processor.py:840} INFO - DAG(s) 'example_weekday_branch_operator' retrieved from /home/airflow/.local/lib/python3.8/site-packages/airflow/example_dags/example_branch_day_of_week_operator.py
[2025-11-03T01:28:22.376+0000] {logging_mixin.py:188} INFO - [2025-11-03T01:28:22.375+0000] {dag.py:3036} INFO - Sync 1 DAGs
[2025-11-03T01:28:22.606+0000] {logging_mixin.py:188} INFO - [2025-11-03T01:28:22.602+0000] {dag.py:3823} INFO - Setting next_dagrun for example_weekday_branch_operator to 2025-11-02 00:00:00+00:00, run_after=2025-11-03 00:00:00+00:00
[2025-11-03T01:28:22.688+0000] {processor.py:183} INFO - Processing /home/airflow/.local/lib/python3.8/site-packages/airflow/example_dags/example_branch_day_of_week_operator.py took 0.512 seconds
[2025-11-03T01:28:52.925+0000] {processor.py:161} INFO - Started process (PID=434) to work on /home/airflow/.local/lib/python3.8/site-packages/airflow/example_dags/example_branch_day_of_week_operator.py
[2025-11-03T01:28:52.931+0000] {processor.py:830} INFO - Processing file /home/airflow/.local/lib/python3.8/site-packages/airflow/example_dags/example_branch_day_of_week_operator.py for tasks to queue
[2025-11-03T01:28:52.941+0000] {logging_mixin.py:188} INFO - [2025-11-03T01:28:52.940+0000] {dagbag.py:538} INFO - Filling up the DagBag from /home/airflow/.local/lib/python3.8/site-packages/airflow/example_dags/example_branch_day_of_week_operator.py
[2025-11-03T01:28:52.978+0000] {processor.py:840} INFO - DAG(s) 'example_weekday_branch_operator' retrieved from /home/airflow/.local/lib/python3.8/site-packages/airflow/example_dags/example_branch_day_of_week_operator.py
[2025-11-03T01:28:53.337+0000] {logging_mixin.py:188} INFO - [2025-11-03T01:28:53.337+0000] {dag.py:3036} INFO - Sync 1 DAGs
[2025-11-03T01:28:53.392+0000] {logging_mixin.py:188} INFO - [2025-11-03T01:28:53.391+0000] {dag.py:3823} INFO - Setting next_dagrun for example_weekday_branch_operator to 2025-11-02 00:00:00+00:00, run_after=2025-11-03 00:00:00+00:00
[2025-11-03T01:28:53.447+0000] {processor.py:183} INFO - Processing /home/airflow/.local/lib/python3.8/site-packages/airflow/example_dags/example_branch_day_of_week_operator.py took 0.539 seconds
[2025-11-03T01:29:31.043+0000] {processor.py:161} INFO - Started process (PID=489) to work on /home/airflow/.local/lib/python3.8/site-packages/airflow/example_dags/example_branch_day_of_week_operator.py
[2025-11-03T01:29:31.056+0000] {processor.py:830} INFO - Processing file /home/airflow/.local/lib/python3.8/site-packages/airflow/example_dags/example_branch_day_of_week_operator.py for tasks to queue
[2025-11-03T01:29:31.074+0000] {logging_mixin.py:188} INFO - [2025-11-03T01:29:31.072+0000] {dagbag.py:538} INFO - Filling up the DagBag from /home/airflow/.local/lib/python3.8/site-packages/airflow/example_dags/example_branch_day_of_week_operator.py
[2025-11-03T01:29:31.203+0000] {processor.py:840} INFO - DAG(s) 'example_weekday_branch_operator' retrieved from /home/airflow/.local/lib/python3.8/site-packages/airflow/example_dags/example_branch_day_of_week_operator.py
[2025-11-03T01:29:31.439+0000] {logging_mixin.py:188} INFO - [2025-11-03T01:29:31.439+0000] {dag.py:3036} INFO - Sync 1 DAGs
[2025-11-03T01:29:31.794+0000] {logging_mixin.py:188} INFO - [2025-11-03T01:29:31.794+0000] {dag.py:3823} INFO - Setting next_dagrun for example_weekday_branch_operator to 2025-11-02 00:00:00+00:00, run_after=2025-11-03 00:00:00+00:00
[2025-11-03T01:29:32.045+0000] {processor.py:183} INFO - Processing /home/airflow/.local/lib/python3.8/site-packages/airflow/example_dags/example_branch_day_of_week_operator.py took 1.038 seconds
[2025-11-03T01:30:33.793+0000] {processor.py:161} INFO - Started process (PID=549) to work on /home/airflow/.local/lib/python3.8/site-packages/airflow/example_dags/example_branch_day_of_week_operator.py
[2025-11-03T01:30:33.797+0000] {processor.py:830} INFO - Processing file /home/airflow/.local/lib/python3.8/site-packages/airflow/example_dags/example_branch_day_of_week_operator.py for tasks to queue
[2025-11-03T01:30:33.857+0000] {logging_mixin.py:188} INFO - [2025-11-03T01:30:33.844+0000] {dagbag.py:538} INFO - Filling up the DagBag from /home/airflow/.local/lib/python3.8/site-packages/airflow/example_dags/example_branch_day_of_week_operator.py
[2025-11-03T01:30:34.134+0000] {processor.py:840} INFO - DAG(s) 'example_weekday_branch_operator' retrieved from /home/airflow/.local/lib/python3.8/site-packages/airflow/example_dags/example_branch_day_of_week_operator.py
[2025-11-03T01:30:35.493+0000] {logging_mixin.py:188} INFO - [2025-11-03T01:30:35.475+0000] {dag.py:3036} INFO - Sync 1 DAGs
[2025-11-03T01:30:36.191+0000] {logging_mixin.py:188} INFO - [2025-11-03T01:30:36.190+0000] {dag.py:3823} INFO - Setting next_dagrun for example_weekday_branch_operator to 2025-11-02 00:00:00+00:00, run_after=2025-11-03 00:00:00+00:00
[2025-11-03T01:30:36.642+0000] {processor.py:183} INFO - Processing /home/airflow/.local/lib/python3.8/site-packages/airflow/example_dags/example_branch_day_of_week_operator.py took 2.927 seconds
[2025-11-03T01:31:19.800+0000] {processor.py:161} INFO - Started process (PID=603) to work on /home/airflow/.local/lib/python3.8/site-packages/airflow/example_dags/example_branch_day_of_week_operator.py
[2025-11-03T01:31:19.811+0000] {processor.py:830} INFO - Processing file /home/airflow/.local/lib/python3.8/site-packages/airflow/example_dags/example_branch_day_of_week_operator.py for tasks to queue
[2025-11-03T01:31:19.823+0000] {logging_mixin.py:188} INFO - [2025-11-03T01:31:19.822+0000] {dagbag.py:538} INFO - Filling up the DagBag from /home/airflow/.local/lib/python3.8/site-packages/airflow/example_dags/example_branch_day_of_week_operator.py
[2025-11-03T01:31:19.870+0000] {processor.py:840} INFO - DAG(s) 'example_weekday_branch_operator' retrieved from /home/airflow/.local/lib/python3.8/site-packages/airflow/example_dags/example_branch_day_of_week_operator.py
[2025-11-03T01:31:19.942+0000] {logging_mixin.py:188} INFO - [2025-11-03T01:31:19.941+0000] {dag.py:3036} INFO - Sync 1 DAGs
[2025-11-03T01:31:20.113+0000] {logging_mixin.py:188} INFO - [2025-11-03T01:31:20.113+0000] {dag.py:3823} INFO - Setting next_dagrun for example_weekday_branch_operator to 2025-11-02 00:00:00+00:00, run_after=2025-11-03 00:00:00+00:00
[2025-11-03T01:31:20.201+0000] {processor.py:183} INFO - Processing /home/airflow/.local/lib/python3.8/site-packages/airflow/example_dags/example_branch_day_of_week_operator.py took 0.422 seconds
[2025-11-03T01:31:52.347+0000] {processor.py:161} INFO - Started process (PID=657) to work on /home/airflow/.local/lib/python3.8/site-packages/airflow/example_dags/example_branch_day_of_week_operator.py
[2025-11-03T01:31:52.393+0000] {processor.py:830} INFO - Processing file /home/airflow/.local/lib/python3.8/site-packages/airflow/example_dags/example_branch_day_of_week_operator.py for tasks to queue
[2025-11-03T01:31:52.440+0000] {logging_mixin.py:188} INFO - [2025-11-03T01:31:52.424+0000] {dagbag.py:538} INFO - Filling up the DagBag from /home/airflow/.local/lib/python3.8/site-packages/airflow/example_dags/example_branch_day_of_week_operator.py
[2025-11-03T01:31:52.516+0000] {processor.py:840} INFO - DAG(s) 'example_weekday_branch_operator' retrieved from /home/airflow/.local/lib/python3.8/site-packages/airflow/example_dags/example_branch_day_of_week_operator.py
[2025-11-03T01:31:52.738+0000] {logging_mixin.py:188} INFO - [2025-11-03T01:31:52.738+0000] {dag.py:3036} INFO - Sync 1 DAGs
[2025-11-03T01:31:53.073+0000] {logging_mixin.py:188} INFO - [2025-11-03T01:31:53.072+0000] {dag.py:3823} INFO - Setting next_dagrun for example_weekday_branch_operator to 2025-11-02 00:00:00+00:00, run_after=2025-11-03 00:00:00+00:00
[2025-11-03T01:31:53.218+0000] {processor.py:183} INFO - Processing /home/airflow/.local/lib/python3.8/site-packages/airflow/example_dags/example_branch_day_of_week_operator.py took 0.898 seconds
[2025-11-03T01:32:26.567+0000] {processor.py:161} INFO - Started process (PID=717) to work on /home/airflow/.local/lib/python3.8/site-packages/airflow/example_dags/example_branch_day_of_week_operator.py
[2025-11-03T01:32:26.582+0000] {processor.py:830} INFO - Processing file /home/airflow/.local/lib/python3.8/site-packages/airflow/example_dags/example_branch_day_of_week_operator.py for tasks to queue
[2025-11-03T01:32:26.601+0000] {logging_mixin.py:188} INFO - [2025-11-03T01:32:26.600+0000] {dagbag.py:538} INFO - Filling up the DagBag from /home/airflow/.local/lib/python3.8/site-packages/airflow/example_dags/example_branch_day_of_week_operator.py
[2025-11-03T01:32:26.712+0000] {processor.py:840} INFO - DAG(s) 'example_weekday_branch_operator' retrieved from /home/airflow/.local/lib/python3.8/site-packages/airflow/example_dags/example_branch_day_of_week_operator.py
[2025-11-03T01:32:27.093+0000] {logging_mixin.py:188} INFO - [2025-11-03T01:32:27.092+0000] {dag.py:3036} INFO - Sync 1 DAGs
[2025-11-03T01:32:27.335+0000] {logging_mixin.py:188} INFO - [2025-11-03T01:32:27.334+0000] {dag.py:3823} INFO - Setting next_dagrun for example_weekday_branch_operator to 2025-11-02 00:00:00+00:00, run_after=2025-11-03 00:00:00+00:00
[2025-11-03T01:32:27.483+0000] {processor.py:183} INFO - Processing /home/airflow/.local/lib/python3.8/site-packages/airflow/example_dags/example_branch_day_of_week_operator.py took 1.027 seconds
[2025-11-03T01:33:12.304+0000] {processor.py:161} INFO - Started process (PID=773) to work on /home/airflow/.local/lib/python3.8/site-packages/airflow/example_dags/example_branch_day_of_week_operator.py
[2025-11-03T01:33:12.351+0000] {processor.py:830} INFO - Processing file /home/airflow/.local/lib/python3.8/site-packages/airflow/example_dags/example_branch_day_of_week_operator.py for tasks to queue
[2025-11-03T01:33:12.446+0000] {logging_mixin.py:188} INFO - [2025-11-03T01:33:12.444+0000] {dagbag.py:538} INFO - Filling up the DagBag from /home/airflow/.local/lib/python3.8/site-packages/airflow/example_dags/example_branch_day_of_week_operator.py
[2025-11-03T01:33:12.665+0000] {processor.py:840} INFO - DAG(s) 'example_weekday_branch_operator' retrieved from /home/airflow/.local/lib/python3.8/site-packages/airflow/example_dags/example_branch_day_of_week_operator.py
[2025-11-03T01:33:13.111+0000] {logging_mixin.py:188} INFO - [2025-11-03T01:33:13.110+0000] {dag.py:3036} INFO - Sync 1 DAGs
[2025-11-03T01:33:13.432+0000] {logging_mixin.py:188} INFO - [2025-11-03T01:33:13.431+0000] {dag.py:3823} INFO - Setting next_dagrun for example_weekday_branch_operator to 2025-11-02 00:00:00+00:00, run_after=2025-11-03 00:00:00+00:00
[2025-11-03T01:33:13.627+0000] {processor.py:183} INFO - Processing /home/airflow/.local/lib/python3.8/site-packages/airflow/example_dags/example_branch_day_of_week_operator.py took 1.428 seconds
[2025-11-03T01:33:52.386+0000] {processor.py:161} INFO - Started process (PID=830) to work on /home/airflow/.local/lib/python3.8/site-packages/airflow/example_dags/example_branch_day_of_week_operator.py
[2025-11-03T01:33:52.389+0000] {processor.py:830} INFO - Processing file /home/airflow/.local/lib/python3.8/site-packages/airflow/example_dags/example_branch_day_of_week_operator.py for tasks to queue
[2025-11-03T01:33:52.396+0000] {logging_mixin.py:188} INFO - [2025-11-03T01:33:52.394+0000] {dagbag.py:538} INFO - Filling up the DagBag from /home/airflow/.local/lib/python3.8/site-packages/airflow/example_dags/example_branch_day_of_week_operator.py
[2025-11-03T01:33:52.429+0000] {processor.py:840} INFO - DAG(s) 'example_weekday_branch_operator' retrieved from /home/airflow/.local/lib/python3.8/site-packages/airflow/example_dags/example_branch_day_of_week_operator.py
[2025-11-03T01:33:52.517+0000] {logging_mixin.py:188} INFO - [2025-11-03T01:33:52.517+0000] {dag.py:3036} INFO - Sync 1 DAGs
[2025-11-03T01:33:52.637+0000] {logging_mixin.py:188} INFO - [2025-11-03T01:33:52.637+0000] {dag.py:3823} INFO - Setting next_dagrun for example_weekday_branch_operator to 2025-11-02 00:00:00+00:00, run_after=2025-11-03 00:00:00+00:00
[2025-11-03T01:33:52.753+0000] {processor.py:183} INFO - Processing /home/airflow/.local/lib/python3.8/site-packages/airflow/example_dags/example_branch_day_of_week_operator.py took 0.381 seconds
[2025-11-03T01:34:38.696+0000] {processor.py:161} INFO - Started process (PID=900) to work on /home/airflow/.local/lib/python3.8/site-packages/airflow/example_dags/example_branch_day_of_week_operator.py
[2025-11-03T01:34:38.703+0000] {processor.py:830} INFO - Processing file /home/airflow/.local/lib/python3.8/site-packages/airflow/example_dags/example_branch_day_of_week_operator.py for tasks to queue
[2025-11-03T01:34:38.714+0000] {logging_mixin.py:188} INFO - [2025-11-03T01:34:38.712+0000] {dagbag.py:538} INFO - Filling up the DagBag from /home/airflow/.local/lib/python3.8/site-packages/airflow/example_dags/example_branch_day_of_week_operator.py
[2025-11-03T01:34:38.771+0000] {processor.py:840} INFO - DAG(s) 'example_weekday_branch_operator' retrieved from /home/airflow/.local/lib/python3.8/site-packages/airflow/example_dags/example_branch_day_of_week_operator.py
[2025-11-03T01:34:38.907+0000] {logging_mixin.py:188} INFO - [2025-11-03T01:34:38.906+0000] {dag.py:3036} INFO - Sync 1 DAGs
[2025-11-03T01:34:39.041+0000] {logging_mixin.py:188} INFO - [2025-11-03T01:34:39.040+0000] {dag.py:3823} INFO - Setting next_dagrun for example_weekday_branch_operator to 2025-11-02 00:00:00+00:00, run_after=2025-11-03 00:00:00+00:00
[2025-11-03T01:34:39.133+0000] {processor.py:183} INFO - Processing /home/airflow/.local/lib/python3.8/site-packages/airflow/example_dags/example_branch_day_of_week_operator.py took 0.455 seconds
[2025-11-03T01:35:11.486+0000] {processor.py:161} INFO - Started process (PID=954) to work on /home/airflow/.local/lib/python3.8/site-packages/airflow/example_dags/example_branch_day_of_week_operator.py
[2025-11-03T01:35:11.508+0000] {processor.py:830} INFO - Processing file /home/airflow/.local/lib/python3.8/site-packages/airflow/example_dags/example_branch_day_of_week_operator.py for tasks to queue
[2025-11-03T01:35:11.528+0000] {logging_mixin.py:188} INFO - [2025-11-03T01:35:11.527+0000] {dagbag.py:538} INFO - Filling up the DagBag from /home/airflow/.local/lib/python3.8/site-packages/airflow/example_dags/example_branch_day_of_week_operator.py
[2025-11-03T01:35:11.614+0000] {processor.py:840} INFO - DAG(s) 'example_weekday_branch_operator' retrieved from /home/airflow/.local/lib/python3.8/site-packages/airflow/example_dags/example_branch_day_of_week_operator.py
[2025-11-03T01:35:11.876+0000] {logging_mixin.py:188} INFO - [2025-11-03T01:35:11.875+0000] {dag.py:3036} INFO - Sync 1 DAGs
[2025-11-03T01:35:12.122+0000] {logging_mixin.py:188} INFO - [2025-11-03T01:35:12.121+0000] {dag.py:3823} INFO - Setting next_dagrun for example_weekday_branch_operator to 2025-11-02 00:00:00+00:00, run_after=2025-11-03 00:00:00+00:00
[2025-11-03T01:35:12.419+0000] {processor.py:183} INFO - Processing /home/airflow/.local/lib/python3.8/site-packages/airflow/example_dags/example_branch_day_of_week_operator.py took 0.961 seconds
[2025-11-03T01:35:42.775+0000] {processor.py:161} INFO - Started process (PID=1009) to work on /home/airflow/.local/lib/python3.8/site-packages/airflow/example_dags/example_branch_day_of_week_operator.py
[2025-11-03T01:35:42.779+0000] {processor.py:830} INFO - Processing file /home/airflow/.local/lib/python3.8/site-packages/airflow/example_dags/example_branch_day_of_week_operator.py for tasks to queue
[2025-11-03T01:35:42.804+0000] {logging_mixin.py:188} INFO - [2025-11-03T01:35:42.798+0000] {dagbag.py:538} INFO - Filling up the DagBag from /home/airflow/.local/lib/python3.8/site-packages/airflow/example_dags/example_branch_day_of_week_operator.py
[2025-11-03T01:35:42.865+0000] {processor.py:840} INFO - DAG(s) 'example_weekday_branch_operator' retrieved from /home/airflow/.local/lib/python3.8/site-packages/airflow/example_dags/example_branch_day_of_week_operator.py
[2025-11-03T01:35:43.019+0000] {logging_mixin.py:188} INFO - [2025-11-03T01:35:43.018+0000] {dag.py:3036} INFO - Sync 1 DAGs
[2025-11-03T01:35:43.183+0000] {logging_mixin.py:188} INFO - [2025-11-03T01:35:43.182+0000] {dag.py:3823} INFO - Setting next_dagrun for example_weekday_branch_operator to 2025-11-02 00:00:00+00:00, run_after=2025-11-03 00:00:00+00:00
[2025-11-03T01:35:43.320+0000] {processor.py:183} INFO - Processing /home/airflow/.local/lib/python3.8/site-packages/airflow/example_dags/example_branch_day_of_week_operator.py took 0.567 seconds
[2025-11-03T01:36:14.551+0000] {processor.py:161} INFO - Started process (PID=1064) to work on /home/airflow/.local/lib/python3.8/site-packages/airflow/example_dags/example_branch_day_of_week_operator.py
[2025-11-03T01:36:14.581+0000] {processor.py:830} INFO - Processing file /home/airflow/.local/lib/python3.8/site-packages/airflow/example_dags/example_branch_day_of_week_operator.py for tasks to queue
[2025-11-03T01:36:14.602+0000] {logging_mixin.py:188} INFO - [2025-11-03T01:36:14.600+0000] {dagbag.py:538} INFO - Filling up the DagBag from /home/airflow/.local/lib/python3.8/site-packages/airflow/example_dags/example_branch_day_of_week_operator.py
[2025-11-03T01:36:14.651+0000] {processor.py:840} INFO - DAG(s) 'example_weekday_branch_operator' retrieved from /home/airflow/.local/lib/python3.8/site-packages/airflow/example_dags/example_branch_day_of_week_operator.py
[2025-11-03T01:36:14.811+0000] {logging_mixin.py:188} INFO - [2025-11-03T01:36:14.810+0000] {dag.py:3036} INFO - Sync 1 DAGs
[2025-11-03T01:36:14.976+0000] {logging_mixin.py:188} INFO - [2025-11-03T01:36:14.976+0000] {dag.py:3823} INFO - Setting next_dagrun for example_weekday_branch_operator to 2025-11-02 00:00:00+00:00, run_after=2025-11-03 00:00:00+00:00
[2025-11-03T01:36:15.100+0000] {processor.py:183} INFO - Processing /home/airflow/.local/lib/python3.8/site-packages/airflow/example_dags/example_branch_day_of_week_operator.py took 0.572 seconds
[2025-11-03T01:36:46.159+0000] {processor.py:161} INFO - Started process (PID=1120) to work on /home/airflow/.local/lib/python3.8/site-packages/airflow/example_dags/example_branch_day_of_week_operator.py
[2025-11-03T01:36:46.196+0000] {processor.py:830} INFO - Processing file /home/airflow/.local/lib/python3.8/site-packages/airflow/example_dags/example_branch_day_of_week_operator.py for tasks to queue
[2025-11-03T01:36:46.369+0000] {logging_mixin.py:188} INFO - [2025-11-03T01:36:46.368+0000] {dagbag.py:538} INFO - Filling up the DagBag from /home/airflow/.local/lib/python3.8/site-packages/airflow/example_dags/example_branch_day_of_week_operator.py
[2025-11-03T01:36:46.543+0000] {processor.py:840} INFO - DAG(s) 'example_weekday_branch_operator' retrieved from /home/airflow/.local/lib/python3.8/site-packages/airflow/example_dags/example_branch_day_of_week_operator.py
[2025-11-03T01:36:46.756+0000] {logging_mixin.py:188} INFO - [2025-11-03T01:36:46.755+0000] {dag.py:3036} INFO - Sync 1 DAGs
[2025-11-03T01:36:47.037+0000] {logging_mixin.py:188} INFO - [2025-11-03T01:36:47.036+0000] {dag.py:3823} INFO - Setting next_dagrun for example_weekday_branch_operator to 2025-11-02 00:00:00+00:00, run_after=2025-11-03 00:00:00+00:00
[2025-11-03T01:36:47.258+0000] {processor.py:183} INFO - Processing /home/airflow/.local/lib/python3.8/site-packages/airflow/example_dags/example_branch_day_of_week_operator.py took 1.125 seconds
[2025-11-03T01:37:24.176+0000] {processor.py:161} INFO - Started process (PID=1174) to work on /home/airflow/.local/lib/python3.8/site-packages/airflow/example_dags/example_branch_day_of_week_operator.py
[2025-11-03T01:37:24.247+0000] {processor.py:830} INFO - Processing file /home/airflow/.local/lib/python3.8/site-packages/airflow/example_dags/example_branch_day_of_week_operator.py for tasks to queue
[2025-11-03T01:37:24.329+0000] {logging_mixin.py:188} INFO - [2025-11-03T01:37:24.328+0000] {dagbag.py:538} INFO - Filling up the DagBag from /home/airflow/.local/lib/python3.8/site-packages/airflow/example_dags/example_branch_day_of_week_operator.py
[2025-11-03T01:37:24.433+0000] {processor.py:840} INFO - DAG(s) 'example_weekday_branch_operator' retrieved from /home/airflow/.local/lib/python3.8/site-packages/airflow/example_dags/example_branch_day_of_week_operator.py
[2025-11-03T01:37:24.613+0000] {logging_mixin.py:188} INFO - [2025-11-03T01:37:24.612+0000] {dag.py:3036} INFO - Sync 1 DAGs
[2025-11-03T01:37:24.888+0000] {logging_mixin.py:188} INFO - [2025-11-03T01:37:24.875+0000] {dag.py:3823} INFO - Setting next_dagrun for example_weekday_branch_operator to 2025-11-02 00:00:00+00:00, run_after=2025-11-03 00:00:00+00:00
[2025-11-03T01:37:25.350+0000] {processor.py:183} INFO - Processing /home/airflow/.local/lib/python3.8/site-packages/airflow/example_dags/example_branch_day_of_week_operator.py took 1.194 seconds
[2025-11-03T01:38:24.216+0000] {processor.py:161} INFO - Started process (PID=1243) to work on /home/airflow/.local/lib/python3.8/site-packages/airflow/example_dags/example_branch_day_of_week_operator.py
[2025-11-03T01:38:24.261+0000] {processor.py:830} INFO - Processing file /home/airflow/.local/lib/python3.8/site-packages/airflow/example_dags/example_branch_day_of_week_operator.py for tasks to queue
[2025-11-03T01:38:24.278+0000] {logging_mixin.py:188} INFO - [2025-11-03T01:38:24.277+0000] {dagbag.py:538} INFO - Filling up the DagBag from /home/airflow/.local/lib/python3.8/site-packages/airflow/example_dags/example_branch_day_of_week_operator.py
[2025-11-03T01:38:24.516+0000] {processor.py:840} INFO - DAG(s) 'example_weekday_branch_operator' retrieved from /home/airflow/.local/lib/python3.8/site-packages/airflow/example_dags/example_branch_day_of_week_operator.py
[2025-11-03T01:38:24.920+0000] {logging_mixin.py:188} INFO - [2025-11-03T01:38:24.908+0000] {dag.py:3036} INFO - Sync 1 DAGs
[2025-11-03T01:38:25.223+0000] {logging_mixin.py:188} INFO - [2025-11-03T01:38:25.222+0000] {dag.py:3823} INFO - Setting next_dagrun for example_weekday_branch_operator to 2025-11-02 00:00:00+00:00, run_after=2025-11-03 00:00:00+00:00
[2025-11-03T01:38:25.455+0000] {processor.py:183} INFO - Processing /home/airflow/.local/lib/python3.8/site-packages/airflow/example_dags/example_branch_day_of_week_operator.py took 1.351 seconds
[2025-11-03T01:39:23.034+0000] {processor.py:161} INFO - Started process (PID=1311) to work on /home/airflow/.local/lib/python3.8/site-packages/airflow/example_dags/example_branch_day_of_week_operator.py
[2025-11-03T01:39:23.050+0000] {processor.py:830} INFO - Processing file /home/airflow/.local/lib/python3.8/site-packages/airflow/example_dags/example_branch_day_of_week_operator.py for tasks to queue
[2025-11-03T01:39:23.071+0000] {logging_mixin.py:188} INFO - [2025-11-03T01:39:23.070+0000] {dagbag.py:538} INFO - Filling up the DagBag from /home/airflow/.local/lib/python3.8/site-packages/airflow/example_dags/example_branch_day_of_week_operator.py
[2025-11-03T01:39:23.170+0000] {processor.py:840} INFO - DAG(s) 'example_weekday_branch_operator' retrieved from /home/airflow/.local/lib/python3.8/site-packages/airflow/example_dags/example_branch_day_of_week_operator.py
[2025-11-03T01:39:23.285+0000] {logging_mixin.py:188} INFO - [2025-11-03T01:39:23.283+0000] {dag.py:3036} INFO - Sync 1 DAGs
[2025-11-03T01:39:23.378+0000] {logging_mixin.py:188} INFO - [2025-11-03T01:39:23.377+0000] {dag.py:3823} INFO - Setting next_dagrun for example_weekday_branch_operator to 2025-11-02 00:00:00+00:00, run_after=2025-11-03 00:00:00+00:00
[2025-11-03T01:39:23.456+0000] {processor.py:183} INFO - Processing /home/airflow/.local/lib/python3.8/site-packages/airflow/example_dags/example_branch_day_of_week_operator.py took 0.445 seconds
[2025-11-03T01:39:54.924+0000] {processor.py:161} INFO - Started process (PID=1365) to work on /home/airflow/.local/lib/python3.8/site-packages/airflow/example_dags/example_branch_day_of_week_operator.py
[2025-11-03T01:39:54.928+0000] {processor.py:830} INFO - Processing file /home/airflow/.local/lib/python3.8/site-packages/airflow/example_dags/example_branch_day_of_week_operator.py for tasks to queue
[2025-11-03T01:39:54.941+0000] {logging_mixin.py:188} INFO - [2025-11-03T01:39:54.936+0000] {dagbag.py:538} INFO - Filling up the DagBag from /home/airflow/.local/lib/python3.8/site-packages/airflow/example_dags/example_branch_day_of_week_operator.py
[2025-11-03T01:39:55.090+0000] {processor.py:840} INFO - DAG(s) 'example_weekday_branch_operator' retrieved from /home/airflow/.local/lib/python3.8/site-packages/airflow/example_dags/example_branch_day_of_week_operator.py
[2025-11-03T01:39:55.209+0000] {logging_mixin.py:188} INFO - [2025-11-03T01:39:55.206+0000] {dag.py:3036} INFO - Sync 1 DAGs
[2025-11-03T01:39:55.340+0000] {logging_mixin.py:188} INFO - [2025-11-03T01:39:55.339+0000] {dag.py:3823} INFO - Setting next_dagrun for example_weekday_branch_operator to 2025-11-02 00:00:00+00:00, run_after=2025-11-03 00:00:00+00:00
[2025-11-03T01:39:55.473+0000] {processor.py:183} INFO - Processing /home/airflow/.local/lib/python3.8/site-packages/airflow/example_dags/example_branch_day_of_week_operator.py took 0.600 seconds
[2025-11-03T01:42:19.140+0000] {processor.py:161} INFO - Started process (PID=1435) to work on /home/airflow/.local/lib/python3.8/site-packages/airflow/example_dags/example_branch_day_of_week_operator.py
[2025-11-03T01:42:19.216+0000] {processor.py:830} INFO - Processing file /home/airflow/.local/lib/python3.8/site-packages/airflow/example_dags/example_branch_day_of_week_operator.py for tasks to queue
[2025-11-03T01:42:19.756+0000] {logging_mixin.py:188} INFO - [2025-11-03T01:42:19.755+0000] {dagbag.py:538} INFO - Filling up the DagBag from /home/airflow/.local/lib/python3.8/site-packages/airflow/example_dags/example_branch_day_of_week_operator.py
[2025-11-03T01:42:20.691+0000] {processor.py:840} INFO - DAG(s) 'example_weekday_branch_operator' retrieved from /home/airflow/.local/lib/python3.8/site-packages/airflow/example_dags/example_branch_day_of_week_operator.py
[2025-11-03T01:42:28.391+0000] {logging_mixin.py:188} INFO - [2025-11-03T01:42:28.332+0000] {dag.py:3036} INFO - Sync 1 DAGs
[2025-11-03T01:42:31.053+0000] {logging_mixin.py:188} INFO - [2025-11-03T01:42:31.053+0000] {dag.py:3823} INFO - Setting next_dagrun for example_weekday_branch_operator to 2025-11-02 00:00:00+00:00, run_after=2025-11-03 00:00:00+00:00
[2025-11-03T01:42:40.701+0000] {processor.py:183} INFO - Processing /home/airflow/.local/lib/python3.8/site-packages/airflow/example_dags/example_branch_day_of_week_operator.py took 20.619 seconds
[2025-11-03T01:57:30.899+0000] {processor.py:161} INFO - Started process (PID=1641) to work on /home/airflow/.local/lib/python3.8/site-packages/airflow/example_dags/example_branch_day_of_week_operator.py
[2025-11-03T01:57:31.090+0000] {processor.py:830} INFO - Processing file /home/airflow/.local/lib/python3.8/site-packages/airflow/example_dags/example_branch_day_of_week_operator.py for tasks to queue
[2025-11-03T01:57:31.213+0000] {logging_mixin.py:188} INFO - [2025-11-03T01:57:31.211+0000] {dagbag.py:538} INFO - Filling up the DagBag from /home/airflow/.local/lib/python3.8/site-packages/airflow/example_dags/example_branch_day_of_week_operator.py
[2025-11-03T01:57:31.608+0000] {processor.py:840} INFO - DAG(s) 'example_weekday_branch_operator' retrieved from /home/airflow/.local/lib/python3.8/site-packages/airflow/example_dags/example_branch_day_of_week_operator.py
[2025-11-03T01:57:44.365+0000] {logging_mixin.py:188} INFO - [2025-11-03T01:57:44.365+0000] {dag.py:3036} INFO - Sync 1 DAGs
[2025-11-03T01:57:51.617+0000] {logging_mixin.py:188} INFO - [2025-11-03T01:57:51.616+0000] {dag.py:3823} INFO - Setting next_dagrun for example_weekday_branch_operator to 2025-11-02 00:00:00+00:00, run_after=2025-11-03 00:00:00+00:00
[2025-11-03T01:57:59.391+0000] {processor.py:183} INFO - Processing /home/airflow/.local/lib/python3.8/site-packages/airflow/example_dags/example_branch_day_of_week_operator.py took 27.562 seconds
