[2025-11-03T01:13:28.276+0000] {processor.py:161} INFO - Started process (PID=103) to work on /home/airflow/.local/lib/python3.8/site-packages/airflow/example_dags/example_short_circuit_operator.py
[2025-11-03T01:13:28.281+0000] {processor.py:830} INFO - Processing file /home/airflow/.local/lib/python3.8/site-packages/airflow/example_dags/example_short_circuit_operator.py for tasks to queue
[2025-11-03T01:13:28.290+0000] {logging_mixin.py:188} INFO - [2025-11-03T01:13:28.289+0000] {dagbag.py:538} INFO - Filling up the DagBag from /home/airflow/.local/lib/python3.8/site-packages/airflow/example_dags/example_short_circuit_operator.py
[2025-11-03T01:13:28.356+0000] {processor.py:840} INFO - DAG(s) 'example_short_circuit_operator' retrieved from /home/airflow/.local/lib/python3.8/site-packages/airflow/example_dags/example_short_circuit_operator.py
[2025-11-03T01:13:28.494+0000] {logging_mixin.py:188} INFO - [2025-11-03T01:13:28.494+0000] {dag.py:3036} INFO - Sync 1 DAGs
[2025-11-03T01:13:28.600+0000] {logging_mixin.py:188} INFO - [2025-11-03T01:13:28.599+0000] {dag.py:3823} INFO - Setting next_dagrun for example_short_circuit_operator to 2025-11-02 00:00:00+00:00, run_after=2025-11-03 00:00:00+00:00
[2025-11-03T01:13:28.756+0000] {processor.py:183} INFO - Processing /home/airflow/.local/lib/python3.8/site-packages/airflow/example_dags/example_short_circuit_operator.py took 0.502 seconds
[2025-11-03T01:14:08.728+0000] {processor.py:161} INFO - Started process (PID=158) to work on /home/airflow/.local/lib/python3.8/site-packages/airflow/example_dags/example_short_circuit_operator.py
[2025-11-03T01:14:08.774+0000] {processor.py:830} INFO - Processing file /home/airflow/.local/lib/python3.8/site-packages/airflow/example_dags/example_short_circuit_operator.py for tasks to queue
[2025-11-03T01:14:08.839+0000] {logging_mixin.py:188} INFO - [2025-11-03T01:14:08.836+0000] {dagbag.py:538} INFO - Filling up the DagBag from /home/airflow/.local/lib/python3.8/site-packages/airflow/example_dags/example_short_circuit_operator.py
[2025-11-03T01:14:08.954+0000] {processor.py:840} INFO - DAG(s) 'example_short_circuit_operator' retrieved from /home/airflow/.local/lib/python3.8/site-packages/airflow/example_dags/example_short_circuit_operator.py
[2025-11-03T01:14:09.508+0000] {logging_mixin.py:188} INFO - [2025-11-03T01:14:09.507+0000] {dag.py:3036} INFO - Sync 1 DAGs
[2025-11-03T01:14:09.950+0000] {logging_mixin.py:188} INFO - [2025-11-03T01:14:09.949+0000] {dag.py:3823} INFO - Setting next_dagrun for example_short_circuit_operator to 2025-11-02 00:00:00+00:00, run_after=2025-11-03 00:00:00+00:00
[2025-11-03T01:14:10.241+0000] {processor.py:183} INFO - Processing /home/airflow/.local/lib/python3.8/site-packages/airflow/example_dags/example_short_circuit_operator.py took 1.552 seconds
[2025-11-03T01:14:52.966+0000] {processor.py:161} INFO - Started process (PID=212) to work on /home/airflow/.local/lib/python3.8/site-packages/airflow/example_dags/example_short_circuit_operator.py
[2025-11-03T01:14:53.000+0000] {processor.py:830} INFO - Processing file /home/airflow/.local/lib/python3.8/site-packages/airflow/example_dags/example_short_circuit_operator.py for tasks to queue
[2025-11-03T01:14:53.092+0000] {logging_mixin.py:188} INFO - [2025-11-03T01:14:53.091+0000] {dagbag.py:538} INFO - Filling up the DagBag from /home/airflow/.local/lib/python3.8/site-packages/airflow/example_dags/example_short_circuit_operator.py
[2025-11-03T01:14:53.316+0000] {processor.py:840} INFO - DAG(s) 'example_short_circuit_operator' retrieved from /home/airflow/.local/lib/python3.8/site-packages/airflow/example_dags/example_short_circuit_operator.py
[2025-11-03T01:14:54.321+0000] {logging_mixin.py:188} INFO - [2025-11-03T01:14:54.320+0000] {dag.py:3036} INFO - Sync 1 DAGs
[2025-11-03T01:14:55.205+0000] {logging_mixin.py:188} INFO - [2025-11-03T01:14:55.204+0000] {dag.py:3823} INFO - Setting next_dagrun for example_short_circuit_operator to 2025-11-02 00:00:00+00:00, run_after=2025-11-03 00:00:00+00:00
[2025-11-03T01:14:55.779+0000] {processor.py:183} INFO - Processing /home/airflow/.local/lib/python3.8/site-packages/airflow/example_dags/example_short_circuit_operator.py took 2.863 seconds
[2025-11-03T01:15:40.659+0000] {processor.py:161} INFO - Started process (PID=273) to work on /home/airflow/.local/lib/python3.8/site-packages/airflow/example_dags/example_short_circuit_operator.py
[2025-11-03T01:15:40.665+0000] {processor.py:830} INFO - Processing file /home/airflow/.local/lib/python3.8/site-packages/airflow/example_dags/example_short_circuit_operator.py for tasks to queue
[2025-11-03T01:15:40.682+0000] {logging_mixin.py:188} INFO - [2025-11-03T01:15:40.681+0000] {dagbag.py:538} INFO - Filling up the DagBag from /home/airflow/.local/lib/python3.8/site-packages/airflow/example_dags/example_short_circuit_operator.py
[2025-11-03T01:15:40.759+0000] {processor.py:840} INFO - DAG(s) 'example_short_circuit_operator' retrieved from /home/airflow/.local/lib/python3.8/site-packages/airflow/example_dags/example_short_circuit_operator.py
[2025-11-03T01:15:40.919+0000] {logging_mixin.py:188} INFO - [2025-11-03T01:15:40.918+0000] {dag.py:3036} INFO - Sync 1 DAGs
[2025-11-03T01:15:41.201+0000] {logging_mixin.py:188} INFO - [2025-11-03T01:15:41.200+0000] {dag.py:3823} INFO - Setting next_dagrun for example_short_circuit_operator to 2025-11-02 00:00:00+00:00, run_after=2025-11-03 00:00:00+00:00
[2025-11-03T01:15:41.970+0000] {processor.py:183} INFO - Processing /home/airflow/.local/lib/python3.8/site-packages/airflow/example_dags/example_short_circuit_operator.py took 1.289 seconds
[2025-11-03T01:16:20.103+0000] {processor.py:161} INFO - Started process (PID=319) to work on /home/airflow/.local/lib/python3.8/site-packages/airflow/example_dags/example_short_circuit_operator.py
[2025-11-03T01:16:20.108+0000] {processor.py:830} INFO - Processing file /home/airflow/.local/lib/python3.8/site-packages/airflow/example_dags/example_short_circuit_operator.py for tasks to queue
[2025-11-03T01:16:20.119+0000] {logging_mixin.py:188} INFO - [2025-11-03T01:16:20.118+0000] {dagbag.py:538} INFO - Filling up the DagBag from /home/airflow/.local/lib/python3.8/site-packages/airflow/example_dags/example_short_circuit_operator.py
[2025-11-03T01:16:20.151+0000] {processor.py:840} INFO - DAG(s) 'example_short_circuit_operator' retrieved from /home/airflow/.local/lib/python3.8/site-packages/airflow/example_dags/example_short_circuit_operator.py
[2025-11-03T01:16:21.281+0000] {logging_mixin.py:188} INFO - [2025-11-03T01:16:21.280+0000] {dag.py:3036} INFO - Sync 1 DAGs
[2025-11-03T01:16:21.611+0000] {logging_mixin.py:188} INFO - [2025-11-03T01:16:21.610+0000] {dag.py:3823} INFO - Setting next_dagrun for example_short_circuit_operator to 2025-11-02 00:00:00+00:00, run_after=2025-11-03 00:00:00+00:00
[2025-11-03T01:16:21.810+0000] {processor.py:183} INFO - Processing /home/airflow/.local/lib/python3.8/site-packages/airflow/example_dags/example_short_circuit_operator.py took 1.719 seconds
[2025-11-03T01:16:52.090+0000] {processor.py:161} INFO - Started process (PID=374) to work on /home/airflow/.local/lib/python3.8/site-packages/airflow/example_dags/example_short_circuit_operator.py
[2025-11-03T01:16:52.096+0000] {processor.py:830} INFO - Processing file /home/airflow/.local/lib/python3.8/site-packages/airflow/example_dags/example_short_circuit_operator.py for tasks to queue
[2025-11-03T01:16:52.103+0000] {logging_mixin.py:188} INFO - [2025-11-03T01:16:52.102+0000] {dagbag.py:538} INFO - Filling up the DagBag from /home/airflow/.local/lib/python3.8/site-packages/airflow/example_dags/example_short_circuit_operator.py
[2025-11-03T01:16:52.137+0000] {processor.py:840} INFO - DAG(s) 'example_short_circuit_operator' retrieved from /home/airflow/.local/lib/python3.8/site-packages/airflow/example_dags/example_short_circuit_operator.py
[2025-11-03T01:16:52.231+0000] {logging_mixin.py:188} INFO - [2025-11-03T01:16:52.230+0000] {dag.py:3036} INFO - Sync 1 DAGs
[2025-11-03T01:16:52.327+0000] {logging_mixin.py:188} INFO - [2025-11-03T01:16:52.326+0000] {dag.py:3823} INFO - Setting next_dagrun for example_short_circuit_operator to 2025-11-02 00:00:00+00:00, run_after=2025-11-03 00:00:00+00:00
[2025-11-03T01:16:52.396+0000] {processor.py:183} INFO - Processing /home/airflow/.local/lib/python3.8/site-packages/airflow/example_dags/example_short_circuit_operator.py took 0.318 seconds
[2025-11-03T01:17:25.067+0000] {processor.py:161} INFO - Started process (PID=429) to work on /home/airflow/.local/lib/python3.8/site-packages/airflow/example_dags/example_short_circuit_operator.py
[2025-11-03T01:17:25.071+0000] {processor.py:830} INFO - Processing file /home/airflow/.local/lib/python3.8/site-packages/airflow/example_dags/example_short_circuit_operator.py for tasks to queue
[2025-11-03T01:17:25.077+0000] {logging_mixin.py:188} INFO - [2025-11-03T01:17:25.076+0000] {dagbag.py:538} INFO - Filling up the DagBag from /home/airflow/.local/lib/python3.8/site-packages/airflow/example_dags/example_short_circuit_operator.py
[2025-11-03T01:17:25.113+0000] {processor.py:840} INFO - DAG(s) 'example_short_circuit_operator' retrieved from /home/airflow/.local/lib/python3.8/site-packages/airflow/example_dags/example_short_circuit_operator.py
[2025-11-03T01:17:25.213+0000] {logging_mixin.py:188} INFO - [2025-11-03T01:17:25.212+0000] {dag.py:3036} INFO - Sync 1 DAGs
[2025-11-03T01:17:25.294+0000] {logging_mixin.py:188} INFO - [2025-11-03T01:17:25.293+0000] {dag.py:3823} INFO - Setting next_dagrun for example_short_circuit_operator to 2025-11-02 00:00:00+00:00, run_after=2025-11-03 00:00:00+00:00
[2025-11-03T01:17:25.503+0000] {processor.py:183} INFO - Processing /home/airflow/.local/lib/python3.8/site-packages/airflow/example_dags/example_short_circuit_operator.py took 0.450 seconds
[2025-11-03T01:17:56.007+0000] {processor.py:161} INFO - Started process (PID=485) to work on /home/airflow/.local/lib/python3.8/site-packages/airflow/example_dags/example_short_circuit_operator.py
[2025-11-03T01:17:56.011+0000] {processor.py:830} INFO - Processing file /home/airflow/.local/lib/python3.8/site-packages/airflow/example_dags/example_short_circuit_operator.py for tasks to queue
[2025-11-03T01:17:56.017+0000] {logging_mixin.py:188} INFO - [2025-11-03T01:17:56.016+0000] {dagbag.py:538} INFO - Filling up the DagBag from /home/airflow/.local/lib/python3.8/site-packages/airflow/example_dags/example_short_circuit_operator.py
[2025-11-03T01:17:56.040+0000] {processor.py:840} INFO - DAG(s) 'example_short_circuit_operator' retrieved from /home/airflow/.local/lib/python3.8/site-packages/airflow/example_dags/example_short_circuit_operator.py
[2025-11-03T01:17:56.119+0000] {logging_mixin.py:188} INFO - [2025-11-03T01:17:56.118+0000] {dag.py:3036} INFO - Sync 1 DAGs
[2025-11-03T01:17:56.170+0000] {logging_mixin.py:188} INFO - [2025-11-03T01:17:56.169+0000] {dag.py:3823} INFO - Setting next_dagrun for example_short_circuit_operator to 2025-11-02 00:00:00+00:00, run_after=2025-11-03 00:00:00+00:00
[2025-11-03T01:17:56.212+0000] {processor.py:183} INFO - Processing /home/airflow/.local/lib/python3.8/site-packages/airflow/example_dags/example_short_circuit_operator.py took 0.215 seconds
[2025-11-03T01:18:27.394+0000] {processor.py:161} INFO - Started process (PID=540) to work on /home/airflow/.local/lib/python3.8/site-packages/airflow/example_dags/example_short_circuit_operator.py
[2025-11-03T01:18:27.398+0000] {processor.py:830} INFO - Processing file /home/airflow/.local/lib/python3.8/site-packages/airflow/example_dags/example_short_circuit_operator.py for tasks to queue
[2025-11-03T01:18:27.406+0000] {logging_mixin.py:188} INFO - [2025-11-03T01:18:27.405+0000] {dagbag.py:538} INFO - Filling up the DagBag from /home/airflow/.local/lib/python3.8/site-packages/airflow/example_dags/example_short_circuit_operator.py
[2025-11-03T01:18:27.441+0000] {processor.py:840} INFO - DAG(s) 'example_short_circuit_operator' retrieved from /home/airflow/.local/lib/python3.8/site-packages/airflow/example_dags/example_short_circuit_operator.py
[2025-11-03T01:18:27.610+0000] {logging_mixin.py:188} INFO - [2025-11-03T01:18:27.609+0000] {dag.py:3036} INFO - Sync 1 DAGs
[2025-11-03T01:18:27.801+0000] {logging_mixin.py:188} INFO - [2025-11-03T01:18:27.801+0000] {dag.py:3823} INFO - Setting next_dagrun for example_short_circuit_operator to 2025-11-02 00:00:00+00:00, run_after=2025-11-03 00:00:00+00:00
[2025-11-03T01:18:28.000+0000] {processor.py:183} INFO - Processing /home/airflow/.local/lib/python3.8/site-packages/airflow/example_dags/example_short_circuit_operator.py took 0.621 seconds
[2025-11-03T01:18:58.943+0000] {processor.py:161} INFO - Started process (PID=595) to work on /home/airflow/.local/lib/python3.8/site-packages/airflow/example_dags/example_short_circuit_operator.py
[2025-11-03T01:18:58.947+0000] {processor.py:830} INFO - Processing file /home/airflow/.local/lib/python3.8/site-packages/airflow/example_dags/example_short_circuit_operator.py for tasks to queue
[2025-11-03T01:18:58.963+0000] {logging_mixin.py:188} INFO - [2025-11-03T01:18:58.961+0000] {dagbag.py:538} INFO - Filling up the DagBag from /home/airflow/.local/lib/python3.8/site-packages/airflow/example_dags/example_short_circuit_operator.py
[2025-11-03T01:18:59.019+0000] {processor.py:840} INFO - DAG(s) 'example_short_circuit_operator' retrieved from /home/airflow/.local/lib/python3.8/site-packages/airflow/example_dags/example_short_circuit_operator.py
[2025-11-03T01:18:59.282+0000] {logging_mixin.py:188} INFO - [2025-11-03T01:18:59.281+0000] {dag.py:3036} INFO - Sync 1 DAGs
[2025-11-03T01:18:59.488+0000] {logging_mixin.py:188} INFO - [2025-11-03T01:18:59.487+0000] {dag.py:3823} INFO - Setting next_dagrun for example_short_circuit_operator to 2025-11-02 00:00:00+00:00, run_after=2025-11-03 00:00:00+00:00
[2025-11-03T01:18:59.611+0000] {processor.py:183} INFO - Processing /home/airflow/.local/lib/python3.8/site-packages/airflow/example_dags/example_short_circuit_operator.py took 0.699 seconds
[2025-11-03T01:19:30.075+0000] {processor.py:161} INFO - Started process (PID=650) to work on /home/airflow/.local/lib/python3.8/site-packages/airflow/example_dags/example_short_circuit_operator.py
[2025-11-03T01:19:30.078+0000] {processor.py:830} INFO - Processing file /home/airflow/.local/lib/python3.8/site-packages/airflow/example_dags/example_short_circuit_operator.py for tasks to queue
[2025-11-03T01:19:30.084+0000] {logging_mixin.py:188} INFO - [2025-11-03T01:19:30.084+0000] {dagbag.py:538} INFO - Filling up the DagBag from /home/airflow/.local/lib/python3.8/site-packages/airflow/example_dags/example_short_circuit_operator.py
[2025-11-03T01:19:30.105+0000] {processor.py:840} INFO - DAG(s) 'example_short_circuit_operator' retrieved from /home/airflow/.local/lib/python3.8/site-packages/airflow/example_dags/example_short_circuit_operator.py
[2025-11-03T01:19:30.179+0000] {logging_mixin.py:188} INFO - [2025-11-03T01:19:30.179+0000] {dag.py:3036} INFO - Sync 1 DAGs
[2025-11-03T01:19:30.256+0000] {logging_mixin.py:188} INFO - [2025-11-03T01:19:30.256+0000] {dag.py:3823} INFO - Setting next_dagrun for example_short_circuit_operator to 2025-11-02 00:00:00+00:00, run_after=2025-11-03 00:00:00+00:00
[2025-11-03T01:19:30.350+0000] {processor.py:183} INFO - Processing /home/airflow/.local/lib/python3.8/site-packages/airflow/example_dags/example_short_circuit_operator.py took 0.288 seconds
[2025-11-03T01:20:02.975+0000] {processor.py:161} INFO - Started process (PID=710) to work on /home/airflow/.local/lib/python3.8/site-packages/airflow/example_dags/example_short_circuit_operator.py
[2025-11-03T01:20:02.978+0000] {processor.py:830} INFO - Processing file /home/airflow/.local/lib/python3.8/site-packages/airflow/example_dags/example_short_circuit_operator.py for tasks to queue
[2025-11-03T01:20:02.994+0000] {logging_mixin.py:188} INFO - [2025-11-03T01:20:02.983+0000] {dagbag.py:538} INFO - Filling up the DagBag from /home/airflow/.local/lib/python3.8/site-packages/airflow/example_dags/example_short_circuit_operator.py
[2025-11-03T01:20:03.048+0000] {processor.py:840} INFO - DAG(s) 'example_short_circuit_operator' retrieved from /home/airflow/.local/lib/python3.8/site-packages/airflow/example_dags/example_short_circuit_operator.py
[2025-11-03T01:20:03.201+0000] {logging_mixin.py:188} INFO - [2025-11-03T01:20:03.201+0000] {dag.py:3036} INFO - Sync 1 DAGs
[2025-11-03T01:20:03.363+0000] {logging_mixin.py:188} INFO - [2025-11-03T01:20:03.363+0000] {dag.py:3823} INFO - Setting next_dagrun for example_short_circuit_operator to 2025-11-02 00:00:00+00:00, run_after=2025-11-03 00:00:00+00:00
[2025-11-03T01:20:03.463+0000] {processor.py:183} INFO - Processing /home/airflow/.local/lib/python3.8/site-packages/airflow/example_dags/example_short_circuit_operator.py took 0.509 seconds
[2025-11-03T01:20:33.743+0000] {processor.py:161} INFO - Started process (PID=764) to work on /home/airflow/.local/lib/python3.8/site-packages/airflow/example_dags/example_short_circuit_operator.py
[2025-11-03T01:20:33.748+0000] {processor.py:830} INFO - Processing file /home/airflow/.local/lib/python3.8/site-packages/airflow/example_dags/example_short_circuit_operator.py for tasks to queue
[2025-11-03T01:20:33.755+0000] {logging_mixin.py:188} INFO - [2025-11-03T01:20:33.754+0000] {dagbag.py:538} INFO - Filling up the DagBag from /home/airflow/.local/lib/python3.8/site-packages/airflow/example_dags/example_short_circuit_operator.py
[2025-11-03T01:20:33.784+0000] {processor.py:840} INFO - DAG(s) 'example_short_circuit_operator' retrieved from /home/airflow/.local/lib/python3.8/site-packages/airflow/example_dags/example_short_circuit_operator.py
[2025-11-03T01:20:33.883+0000] {logging_mixin.py:188} INFO - [2025-11-03T01:20:33.882+0000] {dag.py:3036} INFO - Sync 1 DAGs
[2025-11-03T01:20:33.971+0000] {logging_mixin.py:188} INFO - [2025-11-03T01:20:33.971+0000] {dag.py:3823} INFO - Setting next_dagrun for example_short_circuit_operator to 2025-11-02 00:00:00+00:00, run_after=2025-11-03 00:00:00+00:00
[2025-11-03T01:20:34.066+0000] {processor.py:183} INFO - Processing /home/airflow/.local/lib/python3.8/site-packages/airflow/example_dags/example_short_circuit_operator.py took 0.336 seconds
[2025-11-03T01:21:12.339+0000] {processor.py:161} INFO - Started process (PID=814) to work on /home/airflow/.local/lib/python3.8/site-packages/airflow/example_dags/example_short_circuit_operator.py
[2025-11-03T01:21:12.374+0000] {processor.py:830} INFO - Processing file /home/airflow/.local/lib/python3.8/site-packages/airflow/example_dags/example_short_circuit_operator.py for tasks to queue
[2025-11-03T01:21:12.381+0000] {logging_mixin.py:188} INFO - [2025-11-03T01:21:12.379+0000] {dagbag.py:538} INFO - Filling up the DagBag from /home/airflow/.local/lib/python3.8/site-packages/airflow/example_dags/example_short_circuit_operator.py
[2025-11-03T01:21:12.528+0000] {processor.py:840} INFO - DAG(s) 'example_short_circuit_operator' retrieved from /home/airflow/.local/lib/python3.8/site-packages/airflow/example_dags/example_short_circuit_operator.py
[2025-11-03T01:21:12.723+0000] {logging_mixin.py:188} INFO - [2025-11-03T01:21:12.722+0000] {dag.py:3036} INFO - Sync 1 DAGs
[2025-11-03T01:21:12.815+0000] {logging_mixin.py:188} INFO - [2025-11-03T01:21:12.814+0000] {dag.py:3823} INFO - Setting next_dagrun for example_short_circuit_operator to 2025-11-02 00:00:00+00:00, run_after=2025-11-03 00:00:00+00:00
[2025-11-03T01:21:12.896+0000] {processor.py:183} INFO - Processing /home/airflow/.local/lib/python3.8/site-packages/airflow/example_dags/example_short_circuit_operator.py took 0.590 seconds
[2025-11-03T01:25:35.763+0000] {processor.py:161} INFO - Started process (PID=89) to work on /home/airflow/.local/lib/python3.8/site-packages/airflow/example_dags/example_short_circuit_operator.py
[2025-11-03T01:25:35.779+0000] {processor.py:830} INFO - Processing file /home/airflow/.local/lib/python3.8/site-packages/airflow/example_dags/example_short_circuit_operator.py for tasks to queue
[2025-11-03T01:25:35.798+0000] {logging_mixin.py:188} INFO - [2025-11-03T01:25:35.797+0000] {dagbag.py:538} INFO - Filling up the DagBag from /home/airflow/.local/lib/python3.8/site-packages/airflow/example_dags/example_short_circuit_operator.py
[2025-11-03T01:25:35.873+0000] {processor.py:840} INFO - DAG(s) 'example_short_circuit_operator' retrieved from /home/airflow/.local/lib/python3.8/site-packages/airflow/example_dags/example_short_circuit_operator.py
[2025-11-03T01:25:36.175+0000] {logging_mixin.py:188} INFO - [2025-11-03T01:25:36.175+0000] {dag.py:3036} INFO - Sync 1 DAGs
[2025-11-03T01:25:36.461+0000] {logging_mixin.py:188} INFO - [2025-11-03T01:25:36.445+0000] {dag.py:3823} INFO - Setting next_dagrun for example_short_circuit_operator to 2025-11-02 00:00:00+00:00, run_after=2025-11-03 00:00:00+00:00
[2025-11-03T01:25:36.623+0000] {processor.py:183} INFO - Processing /home/airflow/.local/lib/python3.8/site-packages/airflow/example_dags/example_short_circuit_operator.py took 0.898 seconds
[2025-11-03T01:26:07.143+0000] {processor.py:161} INFO - Started process (PID=146) to work on /home/airflow/.local/lib/python3.8/site-packages/airflow/example_dags/example_short_circuit_operator.py
[2025-11-03T01:26:07.146+0000] {processor.py:830} INFO - Processing file /home/airflow/.local/lib/python3.8/site-packages/airflow/example_dags/example_short_circuit_operator.py for tasks to queue
[2025-11-03T01:26:07.151+0000] {logging_mixin.py:188} INFO - [2025-11-03T01:26:07.150+0000] {dagbag.py:538} INFO - Filling up the DagBag from /home/airflow/.local/lib/python3.8/site-packages/airflow/example_dags/example_short_circuit_operator.py
[2025-11-03T01:26:07.172+0000] {processor.py:840} INFO - DAG(s) 'example_short_circuit_operator' retrieved from /home/airflow/.local/lib/python3.8/site-packages/airflow/example_dags/example_short_circuit_operator.py
[2025-11-03T01:26:07.233+0000] {logging_mixin.py:188} INFO - [2025-11-03T01:26:07.232+0000] {dag.py:3036} INFO - Sync 1 DAGs
[2025-11-03T01:26:07.287+0000] {logging_mixin.py:188} INFO - [2025-11-03T01:26:07.287+0000] {dag.py:3823} INFO - Setting next_dagrun for example_short_circuit_operator to 2025-11-02 00:00:00+00:00, run_after=2025-11-03 00:00:00+00:00
[2025-11-03T01:26:07.337+0000] {processor.py:183} INFO - Processing /home/airflow/.local/lib/python3.8/site-packages/airflow/example_dags/example_short_circuit_operator.py took 0.202 seconds
[2025-11-03T01:26:37.509+0000] {processor.py:161} INFO - Started process (PID=201) to work on /home/airflow/.local/lib/python3.8/site-packages/airflow/example_dags/example_short_circuit_operator.py
[2025-11-03T01:26:37.512+0000] {processor.py:830} INFO - Processing file /home/airflow/.local/lib/python3.8/site-packages/airflow/example_dags/example_short_circuit_operator.py for tasks to queue
[2025-11-03T01:26:37.521+0000] {logging_mixin.py:188} INFO - [2025-11-03T01:26:37.521+0000] {dagbag.py:538} INFO - Filling up the DagBag from /home/airflow/.local/lib/python3.8/site-packages/airflow/example_dags/example_short_circuit_operator.py
[2025-11-03T01:26:37.555+0000] {processor.py:840} INFO - DAG(s) 'example_short_circuit_operator' retrieved from /home/airflow/.local/lib/python3.8/site-packages/airflow/example_dags/example_short_circuit_operator.py
[2025-11-03T01:26:37.628+0000] {logging_mixin.py:188} INFO - [2025-11-03T01:26:37.627+0000] {dag.py:3036} INFO - Sync 1 DAGs
[2025-11-03T01:26:37.694+0000] {logging_mixin.py:188} INFO - [2025-11-03T01:26:37.694+0000] {dag.py:3823} INFO - Setting next_dagrun for example_short_circuit_operator to 2025-11-02 00:00:00+00:00, run_after=2025-11-03 00:00:00+00:00
[2025-11-03T01:26:37.738+0000] {processor.py:183} INFO - Processing /home/airflow/.local/lib/python3.8/site-packages/airflow/example_dags/example_short_circuit_operator.py took 0.242 seconds
[2025-11-03T01:27:11.551+0000] {processor.py:161} INFO - Started process (PID=256) to work on /home/airflow/.local/lib/python3.8/site-packages/airflow/example_dags/example_short_circuit_operator.py
[2025-11-03T01:27:11.554+0000] {processor.py:830} INFO - Processing file /home/airflow/.local/lib/python3.8/site-packages/airflow/example_dags/example_short_circuit_operator.py for tasks to queue
[2025-11-03T01:27:11.560+0000] {logging_mixin.py:188} INFO - [2025-11-03T01:27:11.559+0000] {dagbag.py:538} INFO - Filling up the DagBag from /home/airflow/.local/lib/python3.8/site-packages/airflow/example_dags/example_short_circuit_operator.py
[2025-11-03T01:27:11.586+0000] {processor.py:840} INFO - DAG(s) 'example_short_circuit_operator' retrieved from /home/airflow/.local/lib/python3.8/site-packages/airflow/example_dags/example_short_circuit_operator.py
[2025-11-03T01:27:11.677+0000] {logging_mixin.py:188} INFO - [2025-11-03T01:27:11.676+0000] {dag.py:3036} INFO - Sync 1 DAGs
[2025-11-03T01:27:11.845+0000] {logging_mixin.py:188} INFO - [2025-11-03T01:27:11.844+0000] {dag.py:3823} INFO - Setting next_dagrun for example_short_circuit_operator to 2025-11-02 00:00:00+00:00, run_after=2025-11-03 00:00:00+00:00
[2025-11-03T01:27:12.005+0000] {processor.py:183} INFO - Processing /home/airflow/.local/lib/python3.8/site-packages/airflow/example_dags/example_short_circuit_operator.py took 0.466 seconds
[2025-11-03T01:27:43.955+0000] {processor.py:161} INFO - Started process (PID=310) to work on /home/airflow/.local/lib/python3.8/site-packages/airflow/example_dags/example_short_circuit_operator.py
[2025-11-03T01:27:43.963+0000] {processor.py:830} INFO - Processing file /home/airflow/.local/lib/python3.8/site-packages/airflow/example_dags/example_short_circuit_operator.py for tasks to queue
[2025-11-03T01:27:43.971+0000] {logging_mixin.py:188} INFO - [2025-11-03T01:27:43.970+0000] {dagbag.py:538} INFO - Filling up the DagBag from /home/airflow/.local/lib/python3.8/site-packages/airflow/example_dags/example_short_circuit_operator.py
[2025-11-03T01:27:44.007+0000] {processor.py:840} INFO - DAG(s) 'example_short_circuit_operator' retrieved from /home/airflow/.local/lib/python3.8/site-packages/airflow/example_dags/example_short_circuit_operator.py
[2025-11-03T01:27:44.195+0000] {logging_mixin.py:188} INFO - [2025-11-03T01:27:44.195+0000] {dag.py:3036} INFO - Sync 1 DAGs
[2025-11-03T01:27:44.341+0000] {logging_mixin.py:188} INFO - [2025-11-03T01:27:44.340+0000] {dag.py:3823} INFO - Setting next_dagrun for example_short_circuit_operator to 2025-11-02 00:00:00+00:00, run_after=2025-11-03 00:00:00+00:00
[2025-11-03T01:27:44.393+0000] {processor.py:183} INFO - Processing /home/airflow/.local/lib/python3.8/site-packages/airflow/example_dags/example_short_circuit_operator.py took 0.451 seconds
[2025-11-03T01:28:15.423+0000] {processor.py:161} INFO - Started process (PID=364) to work on /home/airflow/.local/lib/python3.8/site-packages/airflow/example_dags/example_short_circuit_operator.py
[2025-11-03T01:28:15.427+0000] {processor.py:830} INFO - Processing file /home/airflow/.local/lib/python3.8/site-packages/airflow/example_dags/example_short_circuit_operator.py for tasks to queue
[2025-11-03T01:28:15.434+0000] {logging_mixin.py:188} INFO - [2025-11-03T01:28:15.433+0000] {dagbag.py:538} INFO - Filling up the DagBag from /home/airflow/.local/lib/python3.8/site-packages/airflow/example_dags/example_short_circuit_operator.py
[2025-11-03T01:28:15.461+0000] {processor.py:840} INFO - DAG(s) 'example_short_circuit_operator' retrieved from /home/airflow/.local/lib/python3.8/site-packages/airflow/example_dags/example_short_circuit_operator.py
[2025-11-03T01:28:15.718+0000] {logging_mixin.py:188} INFO - [2025-11-03T01:28:15.717+0000] {dag.py:3036} INFO - Sync 1 DAGs
[2025-11-03T01:28:15.822+0000] {logging_mixin.py:188} INFO - [2025-11-03T01:28:15.822+0000] {dag.py:3823} INFO - Setting next_dagrun for example_short_circuit_operator to 2025-11-02 00:00:00+00:00, run_after=2025-11-03 00:00:00+00:00
[2025-11-03T01:28:15.911+0000] {processor.py:183} INFO - Processing /home/airflow/.local/lib/python3.8/site-packages/airflow/example_dags/example_short_circuit_operator.py took 0.500 seconds
[2025-11-03T01:28:46.052+0000] {processor.py:161} INFO - Started process (PID=416) to work on /home/airflow/.local/lib/python3.8/site-packages/airflow/example_dags/example_short_circuit_operator.py
[2025-11-03T01:28:46.055+0000] {processor.py:830} INFO - Processing file /home/airflow/.local/lib/python3.8/site-packages/airflow/example_dags/example_short_circuit_operator.py for tasks to queue
[2025-11-03T01:28:46.061+0000] {logging_mixin.py:188} INFO - [2025-11-03T01:28:46.060+0000] {dagbag.py:538} INFO - Filling up the DagBag from /home/airflow/.local/lib/python3.8/site-packages/airflow/example_dags/example_short_circuit_operator.py
[2025-11-03T01:28:46.083+0000] {processor.py:840} INFO - DAG(s) 'example_short_circuit_operator' retrieved from /home/airflow/.local/lib/python3.8/site-packages/airflow/example_dags/example_short_circuit_operator.py
[2025-11-03T01:28:46.404+0000] {logging_mixin.py:188} INFO - [2025-11-03T01:28:46.404+0000] {dag.py:3036} INFO - Sync 1 DAGs
[2025-11-03T01:28:46.453+0000] {logging_mixin.py:188} INFO - [2025-11-03T01:28:46.452+0000] {dag.py:3823} INFO - Setting next_dagrun for example_short_circuit_operator to 2025-11-02 00:00:00+00:00, run_after=2025-11-03 00:00:00+00:00
[2025-11-03T01:28:46.498+0000] {processor.py:183} INFO - Processing /home/airflow/.local/lib/python3.8/site-packages/airflow/example_dags/example_short_circuit_operator.py took 0.456 seconds
[2025-11-03T01:29:19.378+0000] {processor.py:161} INFO - Started process (PID=471) to work on /home/airflow/.local/lib/python3.8/site-packages/airflow/example_dags/example_short_circuit_operator.py
[2025-11-03T01:29:19.381+0000] {processor.py:830} INFO - Processing file /home/airflow/.local/lib/python3.8/site-packages/airflow/example_dags/example_short_circuit_operator.py for tasks to queue
[2025-11-03T01:29:19.387+0000] {logging_mixin.py:188} INFO - [2025-11-03T01:29:19.386+0000] {dagbag.py:538} INFO - Filling up the DagBag from /home/airflow/.local/lib/python3.8/site-packages/airflow/example_dags/example_short_circuit_operator.py
[2025-11-03T01:29:19.452+0000] {processor.py:840} INFO - DAG(s) 'example_short_circuit_operator' retrieved from /home/airflow/.local/lib/python3.8/site-packages/airflow/example_dags/example_short_circuit_operator.py
[2025-11-03T01:29:19.585+0000] {logging_mixin.py:188} INFO - [2025-11-03T01:29:19.585+0000] {dag.py:3036} INFO - Sync 1 DAGs
[2025-11-03T01:29:19.808+0000] {logging_mixin.py:188} INFO - [2025-11-03T01:29:19.808+0000] {dag.py:3823} INFO - Setting next_dagrun for example_short_circuit_operator to 2025-11-02 00:00:00+00:00, run_after=2025-11-03 00:00:00+00:00
[2025-11-03T01:29:19.880+0000] {processor.py:183} INFO - Processing /home/airflow/.local/lib/python3.8/site-packages/airflow/example_dags/example_short_circuit_operator.py took 0.515 seconds
[2025-11-03T01:30:10.448+0000] {processor.py:161} INFO - Started process (PID=527) to work on /home/airflow/.local/lib/python3.8/site-packages/airflow/example_dags/example_short_circuit_operator.py
[2025-11-03T01:30:10.459+0000] {processor.py:830} INFO - Processing file /home/airflow/.local/lib/python3.8/site-packages/airflow/example_dags/example_short_circuit_operator.py for tasks to queue
[2025-11-03T01:30:10.508+0000] {logging_mixin.py:188} INFO - [2025-11-03T01:30:10.479+0000] {dagbag.py:538} INFO - Filling up the DagBag from /home/airflow/.local/lib/python3.8/site-packages/airflow/example_dags/example_short_circuit_operator.py
[2025-11-03T01:30:10.720+0000] {processor.py:840} INFO - DAG(s) 'example_short_circuit_operator' retrieved from /home/airflow/.local/lib/python3.8/site-packages/airflow/example_dags/example_short_circuit_operator.py
[2025-11-03T01:30:11.535+0000] {logging_mixin.py:188} INFO - [2025-11-03T01:30:11.534+0000] {dag.py:3036} INFO - Sync 1 DAGs
[2025-11-03T01:30:12.715+0000] {logging_mixin.py:188} INFO - [2025-11-03T01:30:12.714+0000] {dag.py:3823} INFO - Setting next_dagrun for example_short_circuit_operator to 2025-11-02 00:00:00+00:00, run_after=2025-11-03 00:00:00+00:00
[2025-11-03T01:30:13.593+0000] {processor.py:183} INFO - Processing /home/airflow/.local/lib/python3.8/site-packages/airflow/example_dags/example_short_circuit_operator.py took 3.289 seconds
[2025-11-03T01:31:13.256+0000] {processor.py:161} INFO - Started process (PID=587) to work on /home/airflow/.local/lib/python3.8/site-packages/airflow/example_dags/example_short_circuit_operator.py
[2025-11-03T01:31:13.260+0000] {processor.py:830} INFO - Processing file /home/airflow/.local/lib/python3.8/site-packages/airflow/example_dags/example_short_circuit_operator.py for tasks to queue
[2025-11-03T01:31:13.267+0000] {logging_mixin.py:188} INFO - [2025-11-03T01:31:13.266+0000] {dagbag.py:538} INFO - Filling up the DagBag from /home/airflow/.local/lib/python3.8/site-packages/airflow/example_dags/example_short_circuit_operator.py
[2025-11-03T01:31:13.319+0000] {processor.py:840} INFO - DAG(s) 'example_short_circuit_operator' retrieved from /home/airflow/.local/lib/python3.8/site-packages/airflow/example_dags/example_short_circuit_operator.py
[2025-11-03T01:31:13.441+0000] {logging_mixin.py:188} INFO - [2025-11-03T01:31:13.441+0000] {dag.py:3036} INFO - Sync 1 DAGs
[2025-11-03T01:31:13.519+0000] {logging_mixin.py:188} INFO - [2025-11-03T01:31:13.518+0000] {dag.py:3823} INFO - Setting next_dagrun for example_short_circuit_operator to 2025-11-02 00:00:00+00:00, run_after=2025-11-03 00:00:00+00:00
[2025-11-03T01:31:13.622+0000] {processor.py:183} INFO - Processing /home/airflow/.local/lib/python3.8/site-packages/airflow/example_dags/example_short_circuit_operator.py took 0.380 seconds
[2025-11-03T01:31:45.616+0000] {processor.py:161} INFO - Started process (PID=641) to work on /home/airflow/.local/lib/python3.8/site-packages/airflow/example_dags/example_short_circuit_operator.py
[2025-11-03T01:31:45.646+0000] {processor.py:830} INFO - Processing file /home/airflow/.local/lib/python3.8/site-packages/airflow/example_dags/example_short_circuit_operator.py for tasks to queue
[2025-11-03T01:31:45.661+0000] {logging_mixin.py:188} INFO - [2025-11-03T01:31:45.651+0000] {dagbag.py:538} INFO - Filling up the DagBag from /home/airflow/.local/lib/python3.8/site-packages/airflow/example_dags/example_short_circuit_operator.py
[2025-11-03T01:31:45.744+0000] {processor.py:840} INFO - DAG(s) 'example_short_circuit_operator' retrieved from /home/airflow/.local/lib/python3.8/site-packages/airflow/example_dags/example_short_circuit_operator.py
[2025-11-03T01:31:46.000+0000] {logging_mixin.py:188} INFO - [2025-11-03T01:31:45.999+0000] {dag.py:3036} INFO - Sync 1 DAGs
[2025-11-03T01:31:46.245+0000] {logging_mixin.py:188} INFO - [2025-11-03T01:31:46.244+0000] {dag.py:3823} INFO - Setting next_dagrun for example_short_circuit_operator to 2025-11-02 00:00:00+00:00, run_after=2025-11-03 00:00:00+00:00
[2025-11-03T01:31:46.454+0000] {processor.py:183} INFO - Processing /home/airflow/.local/lib/python3.8/site-packages/airflow/example_dags/example_short_circuit_operator.py took 0.872 seconds
[2025-11-03T01:32:16.626+0000] {processor.py:161} INFO - Started process (PID=694) to work on /home/airflow/.local/lib/python3.8/site-packages/airflow/example_dags/example_short_circuit_operator.py
[2025-11-03T01:32:16.630+0000] {processor.py:830} INFO - Processing file /home/airflow/.local/lib/python3.8/site-packages/airflow/example_dags/example_short_circuit_operator.py for tasks to queue
[2025-11-03T01:32:16.642+0000] {logging_mixin.py:188} INFO - [2025-11-03T01:32:16.639+0000] {dagbag.py:538} INFO - Filling up the DagBag from /home/airflow/.local/lib/python3.8/site-packages/airflow/example_dags/example_short_circuit_operator.py
[2025-11-03T01:32:16.727+0000] {processor.py:840} INFO - DAG(s) 'example_short_circuit_operator' retrieved from /home/airflow/.local/lib/python3.8/site-packages/airflow/example_dags/example_short_circuit_operator.py
[2025-11-03T01:32:16.847+0000] {logging_mixin.py:188} INFO - [2025-11-03T01:32:16.843+0000] {dag.py:3036} INFO - Sync 1 DAGs
[2025-11-03T01:32:16.939+0000] {logging_mixin.py:188} INFO - [2025-11-03T01:32:16.938+0000] {dag.py:3823} INFO - Setting next_dagrun for example_short_circuit_operator to 2025-11-02 00:00:00+00:00, run_after=2025-11-03 00:00:00+00:00
[2025-11-03T01:32:17.013+0000] {processor.py:183} INFO - Processing /home/airflow/.local/lib/python3.8/site-packages/airflow/example_dags/example_short_circuit_operator.py took 0.405 seconds
[2025-11-03T01:32:49.625+0000] {processor.py:161} INFO - Started process (PID=746) to work on /home/airflow/.local/lib/python3.8/site-packages/airflow/example_dags/example_short_circuit_operator.py
[2025-11-03T01:32:49.644+0000] {processor.py:830} INFO - Processing file /home/airflow/.local/lib/python3.8/site-packages/airflow/example_dags/example_short_circuit_operator.py for tasks to queue
[2025-11-03T01:32:49.666+0000] {logging_mixin.py:188} INFO - [2025-11-03T01:32:49.665+0000] {dagbag.py:538} INFO - Filling up the DagBag from /home/airflow/.local/lib/python3.8/site-packages/airflow/example_dags/example_short_circuit_operator.py
[2025-11-03T01:32:49.742+0000] {processor.py:840} INFO - DAG(s) 'example_short_circuit_operator' retrieved from /home/airflow/.local/lib/python3.8/site-packages/airflow/example_dags/example_short_circuit_operator.py
[2025-11-03T01:32:50.000+0000] {logging_mixin.py:188} INFO - [2025-11-03T01:32:49.999+0000] {dag.py:3036} INFO - Sync 1 DAGs
[2025-11-03T01:32:50.130+0000] {logging_mixin.py:188} INFO - [2025-11-03T01:32:50.129+0000] {dag.py:3823} INFO - Setting next_dagrun for example_short_circuit_operator to 2025-11-02 00:00:00+00:00, run_after=2025-11-03 00:00:00+00:00
[2025-11-03T01:32:50.284+0000] {processor.py:183} INFO - Processing /home/airflow/.local/lib/python3.8/site-packages/airflow/example_dags/example_short_circuit_operator.py took 0.689 seconds
[2025-11-03T01:33:39.183+0000] {processor.py:161} INFO - Started process (PID=805) to work on /home/airflow/.local/lib/python3.8/site-packages/airflow/example_dags/example_short_circuit_operator.py
[2025-11-03T01:33:39.188+0000] {processor.py:830} INFO - Processing file /home/airflow/.local/lib/python3.8/site-packages/airflow/example_dags/example_short_circuit_operator.py for tasks to queue
[2025-11-03T01:33:39.205+0000] {logging_mixin.py:188} INFO - [2025-11-03T01:33:39.202+0000] {dagbag.py:538} INFO - Filling up the DagBag from /home/airflow/.local/lib/python3.8/site-packages/airflow/example_dags/example_short_circuit_operator.py
[2025-11-03T01:33:39.273+0000] {processor.py:840} INFO - DAG(s) 'example_short_circuit_operator' retrieved from /home/airflow/.local/lib/python3.8/site-packages/airflow/example_dags/example_short_circuit_operator.py
[2025-11-03T01:33:39.376+0000] {logging_mixin.py:188} INFO - [2025-11-03T01:33:39.375+0000] {dag.py:3036} INFO - Sync 1 DAGs
[2025-11-03T01:33:39.497+0000] {logging_mixin.py:188} INFO - [2025-11-03T01:33:39.496+0000] {dag.py:3823} INFO - Setting next_dagrun for example_short_circuit_operator to 2025-11-02 00:00:00+00:00, run_after=2025-11-03 00:00:00+00:00
[2025-11-03T01:33:39.570+0000] {processor.py:183} INFO - Processing /home/airflow/.local/lib/python3.8/site-packages/airflow/example_dags/example_short_circuit_operator.py took 0.399 seconds
[2025-11-03T01:34:12.694+0000] {processor.py:161} INFO - Started process (PID=859) to work on /home/airflow/.local/lib/python3.8/site-packages/airflow/example_dags/example_short_circuit_operator.py
[2025-11-03T01:34:12.882+0000] {processor.py:830} INFO - Processing file /home/airflow/.local/lib/python3.8/site-packages/airflow/example_dags/example_short_circuit_operator.py for tasks to queue
[2025-11-03T01:34:12.929+0000] {logging_mixin.py:188} INFO - [2025-11-03T01:34:12.920+0000] {dagbag.py:538} INFO - Filling up the DagBag from /home/airflow/.local/lib/python3.8/site-packages/airflow/example_dags/example_short_circuit_operator.py
[2025-11-03T01:34:13.091+0000] {processor.py:840} INFO - DAG(s) 'example_short_circuit_operator' retrieved from /home/airflow/.local/lib/python3.8/site-packages/airflow/example_dags/example_short_circuit_operator.py
[2025-11-03T01:34:13.639+0000] {logging_mixin.py:188} INFO - [2025-11-03T01:34:13.638+0000] {dag.py:3036} INFO - Sync 1 DAGs
[2025-11-03T01:34:13.862+0000] {logging_mixin.py:188} INFO - [2025-11-03T01:34:13.861+0000] {dag.py:3823} INFO - Setting next_dagrun for example_short_circuit_operator to 2025-11-02 00:00:00+00:00, run_after=2025-11-03 00:00:00+00:00
[2025-11-03T01:34:14.137+0000] {processor.py:183} INFO - Processing /home/airflow/.local/lib/python3.8/site-packages/airflow/example_dags/example_short_circuit_operator.py took 1.477 seconds
[2025-11-03T01:34:47.190+0000] {processor.py:161} INFO - Started process (PID=914) to work on /home/airflow/.local/lib/python3.8/site-packages/airflow/example_dags/example_short_circuit_operator.py
[2025-11-03T01:34:47.204+0000] {processor.py:830} INFO - Processing file /home/airflow/.local/lib/python3.8/site-packages/airflow/example_dags/example_short_circuit_operator.py for tasks to queue
[2025-11-03T01:34:47.226+0000] {logging_mixin.py:188} INFO - [2025-11-03T01:34:47.225+0000] {dagbag.py:538} INFO - Filling up the DagBag from /home/airflow/.local/lib/python3.8/site-packages/airflow/example_dags/example_short_circuit_operator.py
[2025-11-03T01:34:47.399+0000] {processor.py:840} INFO - DAG(s) 'example_short_circuit_operator' retrieved from /home/airflow/.local/lib/python3.8/site-packages/airflow/example_dags/example_short_circuit_operator.py
[2025-11-03T01:34:47.861+0000] {logging_mixin.py:188} INFO - [2025-11-03T01:34:47.860+0000] {dag.py:3036} INFO - Sync 1 DAGs
[2025-11-03T01:34:48.257+0000] {logging_mixin.py:188} INFO - [2025-11-03T01:34:48.256+0000] {dag.py:3823} INFO - Setting next_dagrun for example_short_circuit_operator to 2025-11-02 00:00:00+00:00, run_after=2025-11-03 00:00:00+00:00
[2025-11-03T01:34:48.373+0000] {processor.py:183} INFO - Processing /home/airflow/.local/lib/python3.8/site-packages/airflow/example_dags/example_short_circuit_operator.py took 1.212 seconds
[2025-11-03T01:35:19.252+0000] {processor.py:161} INFO - Started process (PID=968) to work on /home/airflow/.local/lib/python3.8/site-packages/airflow/example_dags/example_short_circuit_operator.py
[2025-11-03T01:35:19.261+0000] {processor.py:830} INFO - Processing file /home/airflow/.local/lib/python3.8/site-packages/airflow/example_dags/example_short_circuit_operator.py for tasks to queue
[2025-11-03T01:35:19.268+0000] {logging_mixin.py:188} INFO - [2025-11-03T01:35:19.267+0000] {dagbag.py:538} INFO - Filling up the DagBag from /home/airflow/.local/lib/python3.8/site-packages/airflow/example_dags/example_short_circuit_operator.py
[2025-11-03T01:35:19.306+0000] {processor.py:840} INFO - DAG(s) 'example_short_circuit_operator' retrieved from /home/airflow/.local/lib/python3.8/site-packages/airflow/example_dags/example_short_circuit_operator.py
[2025-11-03T01:35:19.442+0000] {logging_mixin.py:188} INFO - [2025-11-03T01:35:19.442+0000] {dag.py:3036} INFO - Sync 1 DAGs
[2025-11-03T01:35:19.540+0000] {logging_mixin.py:188} INFO - [2025-11-03T01:35:19.539+0000] {dag.py:3823} INFO - Setting next_dagrun for example_short_circuit_operator to 2025-11-02 00:00:00+00:00, run_after=2025-11-03 00:00:00+00:00
[2025-11-03T01:35:19.612+0000] {processor.py:183} INFO - Processing /home/airflow/.local/lib/python3.8/site-packages/airflow/example_dags/example_short_circuit_operator.py took 0.380 seconds
[2025-11-03T01:35:49.890+0000] {processor.py:161} INFO - Started process (PID=1023) to work on /home/airflow/.local/lib/python3.8/site-packages/airflow/example_dags/example_short_circuit_operator.py
[2025-11-03T01:35:49.893+0000] {processor.py:830} INFO - Processing file /home/airflow/.local/lib/python3.8/site-packages/airflow/example_dags/example_short_circuit_operator.py for tasks to queue
[2025-11-03T01:35:49.900+0000] {logging_mixin.py:188} INFO - [2025-11-03T01:35:49.898+0000] {dagbag.py:538} INFO - Filling up the DagBag from /home/airflow/.local/lib/python3.8/site-packages/airflow/example_dags/example_short_circuit_operator.py
[2025-11-03T01:35:49.933+0000] {processor.py:840} INFO - DAG(s) 'example_short_circuit_operator' retrieved from /home/airflow/.local/lib/python3.8/site-packages/airflow/example_dags/example_short_circuit_operator.py
[2025-11-03T01:35:50.050+0000] {logging_mixin.py:188} INFO - [2025-11-03T01:35:50.049+0000] {dag.py:3036} INFO - Sync 1 DAGs
[2025-11-03T01:35:50.140+0000] {logging_mixin.py:188} INFO - [2025-11-03T01:35:50.139+0000] {dag.py:3823} INFO - Setting next_dagrun for example_short_circuit_operator to 2025-11-02 00:00:00+00:00, run_after=2025-11-03 00:00:00+00:00
[2025-11-03T01:35:50.242+0000] {processor.py:183} INFO - Processing /home/airflow/.local/lib/python3.8/site-packages/airflow/example_dags/example_short_circuit_operator.py took 0.366 seconds
[2025-11-03T01:36:21.554+0000] {processor.py:161} INFO - Started process (PID=1078) to work on /home/airflow/.local/lib/python3.8/site-packages/airflow/example_dags/example_short_circuit_operator.py
[2025-11-03T01:36:21.571+0000] {processor.py:830} INFO - Processing file /home/airflow/.local/lib/python3.8/site-packages/airflow/example_dags/example_short_circuit_operator.py for tasks to queue
[2025-11-03T01:36:21.585+0000] {logging_mixin.py:188} INFO - [2025-11-03T01:36:21.584+0000] {dagbag.py:538} INFO - Filling up the DagBag from /home/airflow/.local/lib/python3.8/site-packages/airflow/example_dags/example_short_circuit_operator.py
[2025-11-03T01:36:21.643+0000] {processor.py:840} INFO - DAG(s) 'example_short_circuit_operator' retrieved from /home/airflow/.local/lib/python3.8/site-packages/airflow/example_dags/example_short_circuit_operator.py
[2025-11-03T01:36:21.732+0000] {logging_mixin.py:188} INFO - [2025-11-03T01:36:21.732+0000] {dag.py:3036} INFO - Sync 1 DAGs
[2025-11-03T01:36:21.821+0000] {logging_mixin.py:188} INFO - [2025-11-03T01:36:21.819+0000] {dag.py:3823} INFO - Setting next_dagrun for example_short_circuit_operator to 2025-11-02 00:00:00+00:00, run_after=2025-11-03 00:00:00+00:00
[2025-11-03T01:36:21.883+0000] {processor.py:183} INFO - Processing /home/airflow/.local/lib/python3.8/site-packages/airflow/example_dags/example_short_circuit_operator.py took 0.374 seconds
[2025-11-03T01:36:52.467+0000] {processor.py:161} INFO - Started process (PID=1133) to work on /home/airflow/.local/lib/python3.8/site-packages/airflow/example_dags/example_short_circuit_operator.py
[2025-11-03T01:36:52.521+0000] {processor.py:830} INFO - Processing file /home/airflow/.local/lib/python3.8/site-packages/airflow/example_dags/example_short_circuit_operator.py for tasks to queue
[2025-11-03T01:36:52.597+0000] {logging_mixin.py:188} INFO - [2025-11-03T01:36:52.584+0000] {dagbag.py:538} INFO - Filling up the DagBag from /home/airflow/.local/lib/python3.8/site-packages/airflow/example_dags/example_short_circuit_operator.py
[2025-11-03T01:36:52.708+0000] {processor.py:840} INFO - DAG(s) 'example_short_circuit_operator' retrieved from /home/airflow/.local/lib/python3.8/site-packages/airflow/example_dags/example_short_circuit_operator.py
[2025-11-03T01:36:53.058+0000] {logging_mixin.py:188} INFO - [2025-11-03T01:36:53.057+0000] {dag.py:3036} INFO - Sync 1 DAGs
[2025-11-03T01:36:53.195+0000] {logging_mixin.py:188} INFO - [2025-11-03T01:36:53.194+0000] {dag.py:3823} INFO - Setting next_dagrun for example_short_circuit_operator to 2025-11-02 00:00:00+00:00, run_after=2025-11-03 00:00:00+00:00
[2025-11-03T01:36:53.278+0000] {processor.py:183} INFO - Processing /home/airflow/.local/lib/python3.8/site-packages/airflow/example_dags/example_short_circuit_operator.py took 0.912 seconds
[2025-11-03T01:37:33.585+0000] {processor.py:161} INFO - Started process (PID=1182) to work on /home/airflow/.local/lib/python3.8/site-packages/airflow/example_dags/example_short_circuit_operator.py
[2025-11-03T01:37:33.644+0000] {processor.py:830} INFO - Processing file /home/airflow/.local/lib/python3.8/site-packages/airflow/example_dags/example_short_circuit_operator.py for tasks to queue
[2025-11-03T01:37:33.716+0000] {logging_mixin.py:188} INFO - [2025-11-03T01:37:33.714+0000] {dagbag.py:538} INFO - Filling up the DagBag from /home/airflow/.local/lib/python3.8/site-packages/airflow/example_dags/example_short_circuit_operator.py
[2025-11-03T01:37:33.798+0000] {processor.py:840} INFO - DAG(s) 'example_short_circuit_operator' retrieved from /home/airflow/.local/lib/python3.8/site-packages/airflow/example_dags/example_short_circuit_operator.py
[2025-11-03T01:37:34.024+0000] {logging_mixin.py:188} INFO - [2025-11-03T01:37:34.023+0000] {dag.py:3036} INFO - Sync 1 DAGs
[2025-11-03T01:37:34.218+0000] {logging_mixin.py:188} INFO - [2025-11-03T01:37:34.218+0000] {dag.py:3823} INFO - Setting next_dagrun for example_short_circuit_operator to 2025-11-02 00:00:00+00:00, run_after=2025-11-03 00:00:00+00:00
[2025-11-03T01:37:34.443+0000] {processor.py:183} INFO - Processing /home/airflow/.local/lib/python3.8/site-packages/airflow/example_dags/example_short_circuit_operator.py took 0.904 seconds
[2025-11-03T01:38:18.395+0000] {processor.py:161} INFO - Started process (PID=1236) to work on /home/airflow/.local/lib/python3.8/site-packages/airflow/example_dags/example_short_circuit_operator.py
[2025-11-03T01:38:18.399+0000] {processor.py:830} INFO - Processing file /home/airflow/.local/lib/python3.8/site-packages/airflow/example_dags/example_short_circuit_operator.py for tasks to queue
[2025-11-03T01:38:18.406+0000] {logging_mixin.py:188} INFO - [2025-11-03T01:38:18.404+0000] {dagbag.py:538} INFO - Filling up the DagBag from /home/airflow/.local/lib/python3.8/site-packages/airflow/example_dags/example_short_circuit_operator.py
[2025-11-03T01:38:18.472+0000] {processor.py:840} INFO - DAG(s) 'example_short_circuit_operator' retrieved from /home/airflow/.local/lib/python3.8/site-packages/airflow/example_dags/example_short_circuit_operator.py
[2025-11-03T01:38:18.698+0000] {logging_mixin.py:188} INFO - [2025-11-03T01:38:18.697+0000] {dag.py:3036} INFO - Sync 1 DAGs
[2025-11-03T01:38:18.910+0000] {logging_mixin.py:188} INFO - [2025-11-03T01:38:18.908+0000] {dag.py:3823} INFO - Setting next_dagrun for example_short_circuit_operator to 2025-11-02 00:00:00+00:00, run_after=2025-11-03 00:00:00+00:00
[2025-11-03T01:38:19.660+0000] {processor.py:183} INFO - Processing /home/airflow/.local/lib/python3.8/site-packages/airflow/example_dags/example_short_circuit_operator.py took 1.280 seconds
[2025-11-03T01:38:59.383+0000] {processor.py:161} INFO - Started process (PID=1285) to work on /home/airflow/.local/lib/python3.8/site-packages/airflow/example_dags/example_short_circuit_operator.py
[2025-11-03T01:38:59.498+0000] {processor.py:830} INFO - Processing file /home/airflow/.local/lib/python3.8/site-packages/airflow/example_dags/example_short_circuit_operator.py for tasks to queue
[2025-11-03T01:38:59.584+0000] {logging_mixin.py:188} INFO - [2025-11-03T01:38:59.569+0000] {dagbag.py:538} INFO - Filling up the DagBag from /home/airflow/.local/lib/python3.8/site-packages/airflow/example_dags/example_short_circuit_operator.py
[2025-11-03T01:38:59.804+0000] {processor.py:840} INFO - DAG(s) 'example_short_circuit_operator' retrieved from /home/airflow/.local/lib/python3.8/site-packages/airflow/example_dags/example_short_circuit_operator.py
[2025-11-03T01:39:01.388+0000] {logging_mixin.py:188} INFO - [2025-11-03T01:39:01.387+0000] {dag.py:3036} INFO - Sync 1 DAGs
[2025-11-03T01:39:01.801+0000] {logging_mixin.py:188} INFO - [2025-11-03T01:39:01.800+0000] {dag.py:3823} INFO - Setting next_dagrun for example_short_circuit_operator to 2025-11-02 00:00:00+00:00, run_after=2025-11-03 00:00:00+00:00
[2025-11-03T01:39:02.378+0000] {processor.py:183} INFO - Processing /home/airflow/.local/lib/python3.8/site-packages/airflow/example_dags/example_short_circuit_operator.py took 2.042 seconds
[2025-11-03T01:39:37.696+0000] {processor.py:161} INFO - Started process (PID=1340) to work on /home/airflow/.local/lib/python3.8/site-packages/airflow/example_dags/example_short_circuit_operator.py
[2025-11-03T01:39:37.729+0000] {processor.py:830} INFO - Processing file /home/airflow/.local/lib/python3.8/site-packages/airflow/example_dags/example_short_circuit_operator.py for tasks to queue
[2025-11-03T01:39:37.788+0000] {logging_mixin.py:188} INFO - [2025-11-03T01:39:37.759+0000] {dagbag.py:538} INFO - Filling up the DagBag from /home/airflow/.local/lib/python3.8/site-packages/airflow/example_dags/example_short_circuit_operator.py
[2025-11-03T01:39:37.899+0000] {processor.py:840} INFO - DAG(s) 'example_short_circuit_operator' retrieved from /home/airflow/.local/lib/python3.8/site-packages/airflow/example_dags/example_short_circuit_operator.py
[2025-11-03T01:39:38.545+0000] {logging_mixin.py:188} INFO - [2025-11-03T01:39:38.545+0000] {dag.py:3036} INFO - Sync 1 DAGs
[2025-11-03T01:39:38.861+0000] {logging_mixin.py:188} INFO - [2025-11-03T01:39:38.860+0000] {dag.py:3823} INFO - Setting next_dagrun for example_short_circuit_operator to 2025-11-02 00:00:00+00:00, run_after=2025-11-03 00:00:00+00:00
[2025-11-03T01:39:39.075+0000] {processor.py:183} INFO - Processing /home/airflow/.local/lib/python3.8/site-packages/airflow/example_dags/example_short_circuit_operator.py took 1.445 seconds
[2025-11-03T01:40:12.808+0000] {processor.py:161} INFO - Started process (PID=1394) to work on /home/airflow/.local/lib/python3.8/site-packages/airflow/example_dags/example_short_circuit_operator.py
[2025-11-03T01:40:12.816+0000] {processor.py:830} INFO - Processing file /home/airflow/.local/lib/python3.8/site-packages/airflow/example_dags/example_short_circuit_operator.py for tasks to queue
[2025-11-03T01:40:12.835+0000] {logging_mixin.py:188} INFO - [2025-11-03T01:40:12.833+0000] {dagbag.py:538} INFO - Filling up the DagBag from /home/airflow/.local/lib/python3.8/site-packages/airflow/example_dags/example_short_circuit_operator.py
[2025-11-03T01:40:12.917+0000] {processor.py:840} INFO - DAG(s) 'example_short_circuit_operator' retrieved from /home/airflow/.local/lib/python3.8/site-packages/airflow/example_dags/example_short_circuit_operator.py
[2025-11-03T01:40:13.216+0000] {logging_mixin.py:188} INFO - [2025-11-03T01:40:13.208+0000] {dag.py:3036} INFO - Sync 1 DAGs
[2025-11-03T01:40:13.401+0000] {logging_mixin.py:188} INFO - [2025-11-03T01:40:13.401+0000] {dag.py:3823} INFO - Setting next_dagrun for example_short_circuit_operator to 2025-11-02 00:00:00+00:00, run_after=2025-11-03 00:00:00+00:00
[2025-11-03T01:40:13.703+0000] {processor.py:183} INFO - Processing /home/airflow/.local/lib/python3.8/site-packages/airflow/example_dags/example_short_circuit_operator.py took 0.920 seconds
[2025-11-03T01:46:08.335+0000] {processor.py:161} INFO - Started process (PID=1483) to work on /home/airflow/.local/lib/python3.8/site-packages/airflow/example_dags/example_short_circuit_operator.py
[2025-11-03T01:46:08.437+0000] {processor.py:830} INFO - Processing file /home/airflow/.local/lib/python3.8/site-packages/airflow/example_dags/example_short_circuit_operator.py for tasks to queue
[2025-11-03T01:46:11.097+0000] {logging_mixin.py:188} INFO - [2025-11-03T01:46:11.096+0000] {dagbag.py:538} INFO - Filling up the DagBag from /home/airflow/.local/lib/python3.8/site-packages/airflow/example_dags/example_short_circuit_operator.py
[2025-11-03T01:46:14.168+0000] {processor.py:840} INFO - DAG(s) 'example_short_circuit_operator' retrieved from /home/airflow/.local/lib/python3.8/site-packages/airflow/example_dags/example_short_circuit_operator.py
[2025-11-03T01:46:15.654+0000] {logging_mixin.py:188} INFO - [2025-11-03T01:46:15.653+0000] {dag.py:3036} INFO - Sync 1 DAGs
[2025-11-03T01:46:17.949+0000] {logging_mixin.py:188} INFO - [2025-11-03T01:46:17.948+0000] {dag.py:3823} INFO - Setting next_dagrun for example_short_circuit_operator to 2025-11-02 00:00:00+00:00, run_after=2025-11-03 00:00:00+00:00
[2025-11-03T01:46:18.980+0000] {processor.py:183} INFO - Processing /home/airflow/.local/lib/python3.8/site-packages/airflow/example_dags/example_short_circuit_operator.py took 10.652 seconds
[2025-11-03T01:53:08.122+0000] {processor.py:161} INFO - Started process (PID=1591) to work on /home/airflow/.local/lib/python3.8/site-packages/airflow/example_dags/example_short_circuit_operator.py
[2025-11-03T01:53:08.216+0000] {processor.py:830} INFO - Processing file /home/airflow/.local/lib/python3.8/site-packages/airflow/example_dags/example_short_circuit_operator.py for tasks to queue
[2025-11-03T01:53:08.381+0000] {logging_mixin.py:188} INFO - [2025-11-03T01:53:08.280+0000] {dagbag.py:538} INFO - Filling up the DagBag from /home/airflow/.local/lib/python3.8/site-packages/airflow/example_dags/example_short_circuit_operator.py
[2025-11-03T01:53:11.407+0000] {processor.py:840} INFO - DAG(s) 'example_short_circuit_operator' retrieved from /home/airflow/.local/lib/python3.8/site-packages/airflow/example_dags/example_short_circuit_operator.py
[2025-11-03T01:53:15.490+0000] {logging_mixin.py:188} INFO - [2025-11-03T01:53:15.489+0000] {dag.py:3036} INFO - Sync 1 DAGs
[2025-11-03T01:53:22.424+0000] {logging_mixin.py:188} INFO - [2025-11-03T01:53:22.412+0000] {dag.py:3823} INFO - Setting next_dagrun for example_short_circuit_operator to 2025-11-02 00:00:00+00:00, run_after=2025-11-03 00:00:00+00:00
[2025-11-03T01:53:24.031+0000] {processor.py:183} INFO - Processing /home/airflow/.local/lib/python3.8/site-packages/airflow/example_dags/example_short_circuit_operator.py took 16.002 seconds
