[2025-11-03T01:13:31.237+0000] {processor.py:161} INFO - Started process (PID=109) to work on /home/airflow/.local/lib/python3.8/site-packages/airflow/example_dags/example_xcomargs.py
[2025-11-03T01:13:31.241+0000] {processor.py:830} INFO - Processing file /home/airflow/.local/lib/python3.8/site-packages/airflow/example_dags/example_xcomargs.py for tasks to queue
[2025-11-03T01:13:31.253+0000] {logging_mixin.py:188} INFO - [2025-11-03T01:13:31.250+0000] {dagbag.py:538} INFO - Filling up the DagBag from /home/airflow/.local/lib/python3.8/site-packages/airflow/example_dags/example_xcomargs.py
[2025-11-03T01:13:31.301+0000] {processor.py:840} INFO - DAG(s) 'example_xcom_args', 'example_xcom_args_with_operators' retrieved from /home/airflow/.local/lib/python3.8/site-packages/airflow/example_dags/example_xcomargs.py
[2025-11-03T01:13:31.394+0000] {logging_mixin.py:188} INFO - [2025-11-03T01:13:31.393+0000] {dag.py:3036} INFO - Sync 2 DAGs
[2025-11-03T01:13:31.457+0000] {logging_mixin.py:188} INFO - [2025-11-03T01:13:31.456+0000] {dag.py:3823} INFO - Setting next_dagrun for example_xcom_args to None, run_after=None
[2025-11-03T01:13:31.474+0000] {logging_mixin.py:188} INFO - [2025-11-03T01:13:31.474+0000] {dag.py:3823} INFO - Setting next_dagrun for example_xcom_args_with_operators to None, run_after=None
[2025-11-03T01:13:31.576+0000] {processor.py:183} INFO - Processing /home/airflow/.local/lib/python3.8/site-packages/airflow/example_dags/example_xcomargs.py took 0.360 seconds
[2025-11-03T01:14:13.440+0000] {processor.py:161} INFO - Started process (PID=164) to work on /home/airflow/.local/lib/python3.8/site-packages/airflow/example_dags/example_xcomargs.py
[2025-11-03T01:14:13.445+0000] {processor.py:830} INFO - Processing file /home/airflow/.local/lib/python3.8/site-packages/airflow/example_dags/example_xcomargs.py for tasks to queue
[2025-11-03T01:14:13.452+0000] {logging_mixin.py:188} INFO - [2025-11-03T01:14:13.451+0000] {dagbag.py:538} INFO - Filling up the DagBag from /home/airflow/.local/lib/python3.8/site-packages/airflow/example_dags/example_xcomargs.py
[2025-11-03T01:14:13.494+0000] {processor.py:840} INFO - DAG(s) 'example_xcom_args', 'example_xcom_args_with_operators' retrieved from /home/airflow/.local/lib/python3.8/site-packages/airflow/example_dags/example_xcomargs.py
[2025-11-03T01:14:13.595+0000] {logging_mixin.py:188} INFO - [2025-11-03T01:14:13.594+0000] {dag.py:3036} INFO - Sync 2 DAGs
[2025-11-03T01:14:13.727+0000] {logging_mixin.py:188} INFO - [2025-11-03T01:14:13.726+0000] {dag.py:3823} INFO - Setting next_dagrun for example_xcom_args to None, run_after=None
[2025-11-03T01:14:13.779+0000] {logging_mixin.py:188} INFO - [2025-11-03T01:14:13.778+0000] {dag.py:3823} INFO - Setting next_dagrun for example_xcom_args_with_operators to None, run_after=None
[2025-11-03T01:14:14.003+0000] {processor.py:183} INFO - Processing /home/airflow/.local/lib/python3.8/site-packages/airflow/example_dags/example_xcomargs.py took 0.574 seconds
[2025-11-03T01:15:04.216+0000] {processor.py:161} INFO - Started process (PID=225) to work on /home/airflow/.local/lib/python3.8/site-packages/airflow/example_dags/example_xcomargs.py
[2025-11-03T01:15:04.222+0000] {processor.py:830} INFO - Processing file /home/airflow/.local/lib/python3.8/site-packages/airflow/example_dags/example_xcomargs.py for tasks to queue
[2025-11-03T01:15:04.229+0000] {logging_mixin.py:188} INFO - [2025-11-03T01:15:04.228+0000] {dagbag.py:538} INFO - Filling up the DagBag from /home/airflow/.local/lib/python3.8/site-packages/airflow/example_dags/example_xcomargs.py
[2025-11-03T01:15:04.277+0000] {processor.py:840} INFO - DAG(s) 'example_xcom_args', 'example_xcom_args_with_operators' retrieved from /home/airflow/.local/lib/python3.8/site-packages/airflow/example_dags/example_xcomargs.py
[2025-11-03T01:15:04.545+0000] {logging_mixin.py:188} INFO - [2025-11-03T01:15:04.544+0000] {dag.py:3036} INFO - Sync 2 DAGs
[2025-11-03T01:15:04.692+0000] {logging_mixin.py:188} INFO - [2025-11-03T01:15:04.691+0000] {dag.py:3823} INFO - Setting next_dagrun for example_xcom_args to None, run_after=None
[2025-11-03T01:15:04.710+0000] {logging_mixin.py:188} INFO - [2025-11-03T01:15:04.709+0000] {dag.py:3823} INFO - Setting next_dagrun for example_xcom_args_with_operators to None, run_after=None
[2025-11-03T01:15:04.932+0000] {processor.py:183} INFO - Processing /home/airflow/.local/lib/python3.8/site-packages/airflow/example_dags/example_xcomargs.py took 0.758 seconds
[2025-11-03T01:15:47.647+0000] {processor.py:161} INFO - Started process (PID=279) to work on /home/airflow/.local/lib/python3.8/site-packages/airflow/example_dags/example_xcomargs.py
[2025-11-03T01:15:47.718+0000] {processor.py:830} INFO - Processing file /home/airflow/.local/lib/python3.8/site-packages/airflow/example_dags/example_xcomargs.py for tasks to queue
[2025-11-03T01:15:47.763+0000] {logging_mixin.py:188} INFO - [2025-11-03T01:15:47.760+0000] {dagbag.py:538} INFO - Filling up the DagBag from /home/airflow/.local/lib/python3.8/site-packages/airflow/example_dags/example_xcomargs.py
[2025-11-03T01:15:47.858+0000] {processor.py:840} INFO - DAG(s) 'example_xcom_args_with_operators', 'example_xcom_args' retrieved from /home/airflow/.local/lib/python3.8/site-packages/airflow/example_dags/example_xcomargs.py
[2025-11-03T01:15:48.174+0000] {logging_mixin.py:188} INFO - [2025-11-03T01:15:48.173+0000] {dag.py:3036} INFO - Sync 2 DAGs
[2025-11-03T01:15:48.252+0000] {logging_mixin.py:188} INFO - [2025-11-03T01:15:48.252+0000] {dag.py:3823} INFO - Setting next_dagrun for example_xcom_args to None, run_after=None
[2025-11-03T01:15:48.270+0000] {logging_mixin.py:188} INFO - [2025-11-03T01:15:48.270+0000] {dag.py:3823} INFO - Setting next_dagrun for example_xcom_args_with_operators to None, run_after=None
[2025-11-03T01:15:48.448+0000] {processor.py:183} INFO - Processing /home/airflow/.local/lib/python3.8/site-packages/airflow/example_dags/example_xcomargs.py took 1.270 seconds
[2025-11-03T01:16:29.035+0000] {processor.py:161} INFO - Started process (PID=339) to work on /home/airflow/.local/lib/python3.8/site-packages/airflow/example_dags/example_xcomargs.py
[2025-11-03T01:16:29.044+0000] {processor.py:830} INFO - Processing file /home/airflow/.local/lib/python3.8/site-packages/airflow/example_dags/example_xcomargs.py for tasks to queue
[2025-11-03T01:16:29.108+0000] {logging_mixin.py:188} INFO - [2025-11-03T01:16:29.101+0000] {dagbag.py:538} INFO - Filling up the DagBag from /home/airflow/.local/lib/python3.8/site-packages/airflow/example_dags/example_xcomargs.py
[2025-11-03T01:16:29.195+0000] {processor.py:840} INFO - DAG(s) 'example_xcom_args', 'example_xcom_args_with_operators' retrieved from /home/airflow/.local/lib/python3.8/site-packages/airflow/example_dags/example_xcomargs.py
[2025-11-03T01:16:30.136+0000] {logging_mixin.py:188} INFO - [2025-11-03T01:16:30.135+0000] {dag.py:3036} INFO - Sync 2 DAGs
[2025-11-03T01:16:30.235+0000] {logging_mixin.py:188} INFO - [2025-11-03T01:16:30.233+0000] {dag.py:3823} INFO - Setting next_dagrun for example_xcom_args to None, run_after=None
[2025-11-03T01:16:30.264+0000] {logging_mixin.py:188} INFO - [2025-11-03T01:16:30.259+0000] {dag.py:3823} INFO - Setting next_dagrun for example_xcom_args_with_operators to None, run_after=None
[2025-11-03T01:16:30.593+0000] {processor.py:183} INFO - Processing /home/airflow/.local/lib/python3.8/site-packages/airflow/example_dags/example_xcomargs.py took 1.697 seconds
[2025-11-03T01:17:04.390+0000] {processor.py:161} INFO - Started process (PID=394) to work on /home/airflow/.local/lib/python3.8/site-packages/airflow/example_dags/example_xcomargs.py
[2025-11-03T01:17:04.394+0000] {processor.py:830} INFO - Processing file /home/airflow/.local/lib/python3.8/site-packages/airflow/example_dags/example_xcomargs.py for tasks to queue
[2025-11-03T01:17:04.401+0000] {logging_mixin.py:188} INFO - [2025-11-03T01:17:04.400+0000] {dagbag.py:538} INFO - Filling up the DagBag from /home/airflow/.local/lib/python3.8/site-packages/airflow/example_dags/example_xcomargs.py
[2025-11-03T01:17:04.435+0000] {processor.py:840} INFO - DAG(s) 'example_xcom_args_with_operators', 'example_xcom_args' retrieved from /home/airflow/.local/lib/python3.8/site-packages/airflow/example_dags/example_xcomargs.py
[2025-11-03T01:17:04.535+0000] {logging_mixin.py:188} INFO - [2025-11-03T01:17:04.534+0000] {dag.py:3036} INFO - Sync 2 DAGs
[2025-11-03T01:17:04.582+0000] {logging_mixin.py:188} INFO - [2025-11-03T01:17:04.581+0000] {dag.py:3823} INFO - Setting next_dagrun for example_xcom_args to None, run_after=None
[2025-11-03T01:17:04.596+0000] {logging_mixin.py:188} INFO - [2025-11-03T01:17:04.595+0000] {dag.py:3823} INFO - Setting next_dagrun for example_xcom_args_with_operators to None, run_after=None
[2025-11-03T01:17:04.659+0000] {processor.py:183} INFO - Processing /home/airflow/.local/lib/python3.8/site-packages/airflow/example_dags/example_xcomargs.py took 0.292 seconds
[2025-11-03T01:17:35.109+0000] {processor.py:161} INFO - Started process (PID=448) to work on /home/airflow/.local/lib/python3.8/site-packages/airflow/example_dags/example_xcomargs.py
[2025-11-03T01:17:35.115+0000] {processor.py:830} INFO - Processing file /home/airflow/.local/lib/python3.8/site-packages/airflow/example_dags/example_xcomargs.py for tasks to queue
[2025-11-03T01:17:35.124+0000] {logging_mixin.py:188} INFO - [2025-11-03T01:17:35.121+0000] {dagbag.py:538} INFO - Filling up the DagBag from /home/airflow/.local/lib/python3.8/site-packages/airflow/example_dags/example_xcomargs.py
[2025-11-03T01:17:35.169+0000] {processor.py:840} INFO - DAG(s) 'example_xcom_args_with_operators', 'example_xcom_args' retrieved from /home/airflow/.local/lib/python3.8/site-packages/airflow/example_dags/example_xcomargs.py
[2025-11-03T01:17:35.394+0000] {logging_mixin.py:188} INFO - [2025-11-03T01:17:35.393+0000] {dag.py:3036} INFO - Sync 2 DAGs
[2025-11-03T01:17:35.503+0000] {logging_mixin.py:188} INFO - [2025-11-03T01:17:35.502+0000] {dag.py:3823} INFO - Setting next_dagrun for example_xcom_args to None, run_after=None
[2025-11-03T01:17:35.536+0000] {logging_mixin.py:188} INFO - [2025-11-03T01:17:35.535+0000] {dag.py:3823} INFO - Setting next_dagrun for example_xcom_args_with_operators to None, run_after=None
[2025-11-03T01:17:35.634+0000] {processor.py:183} INFO - Processing /home/airflow/.local/lib/python3.8/site-packages/airflow/example_dags/example_xcomargs.py took 0.545 seconds
[2025-11-03T01:18:05.813+0000] {processor.py:161} INFO - Started process (PID=503) to work on /home/airflow/.local/lib/python3.8/site-packages/airflow/example_dags/example_xcomargs.py
[2025-11-03T01:18:05.817+0000] {processor.py:830} INFO - Processing file /home/airflow/.local/lib/python3.8/site-packages/airflow/example_dags/example_xcomargs.py for tasks to queue
[2025-11-03T01:18:05.836+0000] {logging_mixin.py:188} INFO - [2025-11-03T01:18:05.825+0000] {dagbag.py:538} INFO - Filling up the DagBag from /home/airflow/.local/lib/python3.8/site-packages/airflow/example_dags/example_xcomargs.py
[2025-11-03T01:18:05.878+0000] {processor.py:840} INFO - DAG(s) 'example_xcom_args', 'example_xcom_args_with_operators' retrieved from /home/airflow/.local/lib/python3.8/site-packages/airflow/example_dags/example_xcomargs.py
[2025-11-03T01:18:05.999+0000] {logging_mixin.py:188} INFO - [2025-11-03T01:18:05.998+0000] {dag.py:3036} INFO - Sync 2 DAGs
[2025-11-03T01:18:06.045+0000] {logging_mixin.py:188} INFO - [2025-11-03T01:18:06.044+0000] {dag.py:3823} INFO - Setting next_dagrun for example_xcom_args to None, run_after=None
[2025-11-03T01:18:06.055+0000] {logging_mixin.py:188} INFO - [2025-11-03T01:18:06.055+0000] {dag.py:3823} INFO - Setting next_dagrun for example_xcom_args_with_operators to None, run_after=None
[2025-11-03T01:18:06.103+0000] {processor.py:183} INFO - Processing /home/airflow/.local/lib/python3.8/site-packages/airflow/example_dags/example_xcomargs.py took 0.326 seconds
[2025-11-03T01:18:36.386+0000] {processor.py:161} INFO - Started process (PID=558) to work on /home/airflow/.local/lib/python3.8/site-packages/airflow/example_dags/example_xcomargs.py
[2025-11-03T01:18:36.390+0000] {processor.py:830} INFO - Processing file /home/airflow/.local/lib/python3.8/site-packages/airflow/example_dags/example_xcomargs.py for tasks to queue
[2025-11-03T01:18:36.396+0000] {logging_mixin.py:188} INFO - [2025-11-03T01:18:36.395+0000] {dagbag.py:538} INFO - Filling up the DagBag from /home/airflow/.local/lib/python3.8/site-packages/airflow/example_dags/example_xcomargs.py
[2025-11-03T01:18:36.420+0000] {processor.py:840} INFO - DAG(s) 'example_xcom_args', 'example_xcom_args_with_operators' retrieved from /home/airflow/.local/lib/python3.8/site-packages/airflow/example_dags/example_xcomargs.py
[2025-11-03T01:18:36.484+0000] {logging_mixin.py:188} INFO - [2025-11-03T01:18:36.483+0000] {dag.py:3036} INFO - Sync 2 DAGs
[2025-11-03T01:18:36.515+0000] {logging_mixin.py:188} INFO - [2025-11-03T01:18:36.515+0000] {dag.py:3823} INFO - Setting next_dagrun for example_xcom_args to None, run_after=None
[2025-11-03T01:18:36.524+0000] {logging_mixin.py:188} INFO - [2025-11-03T01:18:36.524+0000] {dag.py:3823} INFO - Setting next_dagrun for example_xcom_args_with_operators to None, run_after=None
[2025-11-03T01:18:36.564+0000] {processor.py:183} INFO - Processing /home/airflow/.local/lib/python3.8/site-packages/airflow/example_dags/example_xcomargs.py took 0.186 seconds
[2025-11-03T01:19:07.810+0000] {processor.py:161} INFO - Started process (PID=613) to work on /home/airflow/.local/lib/python3.8/site-packages/airflow/example_dags/example_xcomargs.py
[2025-11-03T01:19:07.814+0000] {processor.py:830} INFO - Processing file /home/airflow/.local/lib/python3.8/site-packages/airflow/example_dags/example_xcomargs.py for tasks to queue
[2025-11-03T01:19:07.831+0000] {logging_mixin.py:188} INFO - [2025-11-03T01:19:07.830+0000] {dagbag.py:538} INFO - Filling up the DagBag from /home/airflow/.local/lib/python3.8/site-packages/airflow/example_dags/example_xcomargs.py
[2025-11-03T01:19:07.953+0000] {processor.py:840} INFO - DAG(s) 'example_xcom_args', 'example_xcom_args_with_operators' retrieved from /home/airflow/.local/lib/python3.8/site-packages/airflow/example_dags/example_xcomargs.py
[2025-11-03T01:19:08.330+0000] {logging_mixin.py:188} INFO - [2025-11-03T01:19:08.329+0000] {dag.py:3036} INFO - Sync 2 DAGs
[2025-11-03T01:19:08.572+0000] {logging_mixin.py:188} INFO - [2025-11-03T01:19:08.571+0000] {dag.py:3823} INFO - Setting next_dagrun for example_xcom_args to None, run_after=None
[2025-11-03T01:19:08.604+0000] {logging_mixin.py:188} INFO - [2025-11-03T01:19:08.603+0000] {dag.py:3823} INFO - Setting next_dagrun for example_xcom_args_with_operators to None, run_after=None
[2025-11-03T01:19:08.875+0000] {processor.py:183} INFO - Processing /home/airflow/.local/lib/python3.8/site-packages/airflow/example_dags/example_xcomargs.py took 1.108 seconds
[2025-11-03T01:19:39.622+0000] {processor.py:161} INFO - Started process (PID=668) to work on /home/airflow/.local/lib/python3.8/site-packages/airflow/example_dags/example_xcomargs.py
[2025-11-03T01:19:39.628+0000] {processor.py:830} INFO - Processing file /home/airflow/.local/lib/python3.8/site-packages/airflow/example_dags/example_xcomargs.py for tasks to queue
[2025-11-03T01:19:39.646+0000] {logging_mixin.py:188} INFO - [2025-11-03T01:19:39.645+0000] {dagbag.py:538} INFO - Filling up the DagBag from /home/airflow/.local/lib/python3.8/site-packages/airflow/example_dags/example_xcomargs.py
[2025-11-03T01:19:39.698+0000] {processor.py:840} INFO - DAG(s) 'example_xcom_args_with_operators', 'example_xcom_args' retrieved from /home/airflow/.local/lib/python3.8/site-packages/airflow/example_dags/example_xcomargs.py
[2025-11-03T01:19:39.962+0000] {logging_mixin.py:188} INFO - [2025-11-03T01:19:39.961+0000] {dag.py:3036} INFO - Sync 2 DAGs
[2025-11-03T01:19:40.062+0000] {logging_mixin.py:188} INFO - [2025-11-03T01:19:40.061+0000] {dag.py:3823} INFO - Setting next_dagrun for example_xcom_args to None, run_after=None
[2025-11-03T01:19:40.095+0000] {logging_mixin.py:188} INFO - [2025-11-03T01:19:40.094+0000] {dag.py:3823} INFO - Setting next_dagrun for example_xcom_args_with_operators to None, run_after=None
[2025-11-03T01:19:40.207+0000] {processor.py:183} INFO - Processing /home/airflow/.local/lib/python3.8/site-packages/airflow/example_dags/example_xcomargs.py took 0.596 seconds
[2025-11-03T01:20:12.516+0000] {processor.py:161} INFO - Started process (PID=722) to work on /home/airflow/.local/lib/python3.8/site-packages/airflow/example_dags/example_xcomargs.py
[2025-11-03T01:20:12.521+0000] {processor.py:830} INFO - Processing file /home/airflow/.local/lib/python3.8/site-packages/airflow/example_dags/example_xcomargs.py for tasks to queue
[2025-11-03T01:20:12.549+0000] {logging_mixin.py:188} INFO - [2025-11-03T01:20:12.538+0000] {dagbag.py:538} INFO - Filling up the DagBag from /home/airflow/.local/lib/python3.8/site-packages/airflow/example_dags/example_xcomargs.py
[2025-11-03T01:20:12.649+0000] {processor.py:840} INFO - DAG(s) 'example_xcom_args', 'example_xcom_args_with_operators' retrieved from /home/airflow/.local/lib/python3.8/site-packages/airflow/example_dags/example_xcomargs.py
[2025-11-03T01:20:12.915+0000] {logging_mixin.py:188} INFO - [2025-11-03T01:20:12.913+0000] {dag.py:3036} INFO - Sync 2 DAGs
[2025-11-03T01:20:13.117+0000] {logging_mixin.py:188} INFO - [2025-11-03T01:20:13.116+0000] {dag.py:3823} INFO - Setting next_dagrun for example_xcom_args to None, run_after=None
[2025-11-03T01:20:13.153+0000] {logging_mixin.py:188} INFO - [2025-11-03T01:20:13.152+0000] {dag.py:3823} INFO - Setting next_dagrun for example_xcom_args_with_operators to None, run_after=None
[2025-11-03T01:20:13.360+0000] {processor.py:183} INFO - Processing /home/airflow/.local/lib/python3.8/site-packages/airflow/example_dags/example_xcomargs.py took 0.890 seconds
[2025-11-03T01:20:45.403+0000] {processor.py:161} INFO - Started process (PID=776) to work on /home/airflow/.local/lib/python3.8/site-packages/airflow/example_dags/example_xcomargs.py
[2025-11-03T01:20:45.407+0000] {processor.py:830} INFO - Processing file /home/airflow/.local/lib/python3.8/site-packages/airflow/example_dags/example_xcomargs.py for tasks to queue
[2025-11-03T01:20:45.502+0000] {logging_mixin.py:188} INFO - [2025-11-03T01:20:45.501+0000] {dagbag.py:538} INFO - Filling up the DagBag from /home/airflow/.local/lib/python3.8/site-packages/airflow/example_dags/example_xcomargs.py
[2025-11-03T01:20:45.681+0000] {processor.py:840} INFO - DAG(s) 'example_xcom_args_with_operators', 'example_xcom_args' retrieved from /home/airflow/.local/lib/python3.8/site-packages/airflow/example_dags/example_xcomargs.py
[2025-11-03T01:20:46.135+0000] {logging_mixin.py:188} INFO - [2025-11-03T01:20:46.123+0000] {dag.py:3036} INFO - Sync 2 DAGs
[2025-11-03T01:20:46.305+0000] {logging_mixin.py:188} INFO - [2025-11-03T01:20:46.304+0000] {dag.py:3823} INFO - Setting next_dagrun for example_xcom_args to None, run_after=None
[2025-11-03T01:20:46.355+0000] {logging_mixin.py:188} INFO - [2025-11-03T01:20:46.354+0000] {dag.py:3823} INFO - Setting next_dagrun for example_xcom_args_with_operators to None, run_after=None
[2025-11-03T01:20:46.845+0000] {processor.py:183} INFO - Processing /home/airflow/.local/lib/python3.8/site-packages/airflow/example_dags/example_xcomargs.py took 1.552 seconds
[2025-11-03T01:21:17.343+0000] {processor.py:161} INFO - Started process (PID=830) to work on /home/airflow/.local/lib/python3.8/site-packages/airflow/example_dags/example_xcomargs.py
[2025-11-03T01:21:17.348+0000] {processor.py:830} INFO - Processing file /home/airflow/.local/lib/python3.8/site-packages/airflow/example_dags/example_xcomargs.py for tasks to queue
[2025-11-03T01:21:17.355+0000] {logging_mixin.py:188} INFO - [2025-11-03T01:21:17.354+0000] {dagbag.py:538} INFO - Filling up the DagBag from /home/airflow/.local/lib/python3.8/site-packages/airflow/example_dags/example_xcomargs.py
[2025-11-03T01:21:17.387+0000] {processor.py:840} INFO - DAG(s) 'example_xcom_args_with_operators', 'example_xcom_args' retrieved from /home/airflow/.local/lib/python3.8/site-packages/airflow/example_dags/example_xcomargs.py
[2025-11-03T01:21:17.485+0000] {logging_mixin.py:188} INFO - [2025-11-03T01:21:17.485+0000] {dag.py:3036} INFO - Sync 2 DAGs
[2025-11-03T01:21:17.570+0000] {logging_mixin.py:188} INFO - [2025-11-03T01:21:17.569+0000] {dag.py:3823} INFO - Setting next_dagrun for example_xcom_args to None, run_after=None
[2025-11-03T01:21:17.594+0000] {logging_mixin.py:188} INFO - [2025-11-03T01:21:17.594+0000] {dag.py:3823} INFO - Setting next_dagrun for example_xcom_args_with_operators to None, run_after=None
[2025-11-03T01:21:17.645+0000] {processor.py:183} INFO - Processing /home/airflow/.local/lib/python3.8/site-packages/airflow/example_dags/example_xcomargs.py took 0.317 seconds
[2025-11-03T01:25:39.903+0000] {processor.py:161} INFO - Started process (PID=95) to work on /home/airflow/.local/lib/python3.8/site-packages/airflow/example_dags/example_xcomargs.py
[2025-11-03T01:25:39.917+0000] {processor.py:830} INFO - Processing file /home/airflow/.local/lib/python3.8/site-packages/airflow/example_dags/example_xcomargs.py for tasks to queue
[2025-11-03T01:25:39.976+0000] {logging_mixin.py:188} INFO - [2025-11-03T01:25:39.973+0000] {dagbag.py:538} INFO - Filling up the DagBag from /home/airflow/.local/lib/python3.8/site-packages/airflow/example_dags/example_xcomargs.py
[2025-11-03T01:25:40.136+0000] {processor.py:840} INFO - DAG(s) 'example_xcom_args_with_operators', 'example_xcom_args' retrieved from /home/airflow/.local/lib/python3.8/site-packages/airflow/example_dags/example_xcomargs.py
[2025-11-03T01:25:40.850+0000] {logging_mixin.py:188} INFO - [2025-11-03T01:25:40.849+0000] {dag.py:3036} INFO - Sync 2 DAGs
[2025-11-03T01:25:41.071+0000] {logging_mixin.py:188} INFO - [2025-11-03T01:25:41.071+0000] {dag.py:3823} INFO - Setting next_dagrun for example_xcom_args to None, run_after=None
[2025-11-03T01:25:41.105+0000] {logging_mixin.py:188} INFO - [2025-11-03T01:25:41.104+0000] {dag.py:3823} INFO - Setting next_dagrun for example_xcom_args_with_operators to None, run_after=None
[2025-11-03T01:25:41.257+0000] {processor.py:183} INFO - Processing /home/airflow/.local/lib/python3.8/site-packages/airflow/example_dags/example_xcomargs.py took 1.402 seconds
[2025-11-03T01:26:11.692+0000] {processor.py:161} INFO - Started process (PID=152) to work on /home/airflow/.local/lib/python3.8/site-packages/airflow/example_dags/example_xcomargs.py
[2025-11-03T01:26:11.696+0000] {processor.py:830} INFO - Processing file /home/airflow/.local/lib/python3.8/site-packages/airflow/example_dags/example_xcomargs.py for tasks to queue
[2025-11-03T01:26:11.702+0000] {logging_mixin.py:188} INFO - [2025-11-03T01:26:11.701+0000] {dagbag.py:538} INFO - Filling up the DagBag from /home/airflow/.local/lib/python3.8/site-packages/airflow/example_dags/example_xcomargs.py
[2025-11-03T01:26:11.724+0000] {processor.py:840} INFO - DAG(s) 'example_xcom_args_with_operators', 'example_xcom_args' retrieved from /home/airflow/.local/lib/python3.8/site-packages/airflow/example_dags/example_xcomargs.py
[2025-11-03T01:26:11.785+0000] {logging_mixin.py:188} INFO - [2025-11-03T01:26:11.784+0000] {dag.py:3036} INFO - Sync 2 DAGs
[2025-11-03T01:26:11.818+0000] {logging_mixin.py:188} INFO - [2025-11-03T01:26:11.817+0000] {dag.py:3823} INFO - Setting next_dagrun for example_xcom_args to None, run_after=None
[2025-11-03T01:26:11.825+0000] {logging_mixin.py:188} INFO - [2025-11-03T01:26:11.825+0000] {dag.py:3823} INFO - Setting next_dagrun for example_xcom_args_with_operators to None, run_after=None
[2025-11-03T01:26:11.880+0000] {processor.py:183} INFO - Processing /home/airflow/.local/lib/python3.8/site-packages/airflow/example_dags/example_xcomargs.py took 0.196 seconds
[2025-11-03T01:26:42.112+0000] {processor.py:161} INFO - Started process (PID=207) to work on /home/airflow/.local/lib/python3.8/site-packages/airflow/example_dags/example_xcomargs.py
[2025-11-03T01:26:42.115+0000] {processor.py:830} INFO - Processing file /home/airflow/.local/lib/python3.8/site-packages/airflow/example_dags/example_xcomargs.py for tasks to queue
[2025-11-03T01:26:42.120+0000] {logging_mixin.py:188} INFO - [2025-11-03T01:26:42.119+0000] {dagbag.py:538} INFO - Filling up the DagBag from /home/airflow/.local/lib/python3.8/site-packages/airflow/example_dags/example_xcomargs.py
[2025-11-03T01:26:42.142+0000] {processor.py:840} INFO - DAG(s) 'example_xcom_args', 'example_xcom_args_with_operators' retrieved from /home/airflow/.local/lib/python3.8/site-packages/airflow/example_dags/example_xcomargs.py
[2025-11-03T01:26:42.197+0000] {logging_mixin.py:188} INFO - [2025-11-03T01:26:42.197+0000] {dag.py:3036} INFO - Sync 2 DAGs
[2025-11-03T01:26:42.225+0000] {logging_mixin.py:188} INFO - [2025-11-03T01:26:42.224+0000] {dag.py:3823} INFO - Setting next_dagrun for example_xcom_args to None, run_after=None
[2025-11-03T01:26:42.233+0000] {logging_mixin.py:188} INFO - [2025-11-03T01:26:42.232+0000] {dag.py:3823} INFO - Setting next_dagrun for example_xcom_args_with_operators to None, run_after=None
[2025-11-03T01:26:42.270+0000] {processor.py:183} INFO - Processing /home/airflow/.local/lib/python3.8/site-packages/airflow/example_dags/example_xcomargs.py took 0.166 seconds
[2025-11-03T01:27:13.497+0000] {processor.py:161} INFO - Started process (PID=262) to work on /home/airflow/.local/lib/python3.8/site-packages/airflow/example_dags/example_xcomargs.py
[2025-11-03T01:27:13.502+0000] {processor.py:830} INFO - Processing file /home/airflow/.local/lib/python3.8/site-packages/airflow/example_dags/example_xcomargs.py for tasks to queue
[2025-11-03T01:27:13.512+0000] {logging_mixin.py:188} INFO - [2025-11-03T01:27:13.510+0000] {dagbag.py:538} INFO - Filling up the DagBag from /home/airflow/.local/lib/python3.8/site-packages/airflow/example_dags/example_xcomargs.py
[2025-11-03T01:27:13.558+0000] {processor.py:840} INFO - DAG(s) 'example_xcom_args_with_operators', 'example_xcom_args' retrieved from /home/airflow/.local/lib/python3.8/site-packages/airflow/example_dags/example_xcomargs.py
[2025-11-03T01:27:13.738+0000] {logging_mixin.py:188} INFO - [2025-11-03T01:27:13.737+0000] {dag.py:3036} INFO - Sync 2 DAGs
[2025-11-03T01:27:13.814+0000] {logging_mixin.py:188} INFO - [2025-11-03T01:27:13.813+0000] {dag.py:3823} INFO - Setting next_dagrun for example_xcom_args to None, run_after=None
[2025-11-03T01:27:13.836+0000] {logging_mixin.py:188} INFO - [2025-11-03T01:27:13.836+0000] {dag.py:3823} INFO - Setting next_dagrun for example_xcom_args_with_operators to None, run_after=None
[2025-11-03T01:27:13.907+0000] {processor.py:183} INFO - Processing /home/airflow/.local/lib/python3.8/site-packages/airflow/example_dags/example_xcomargs.py took 0.431 seconds
[2025-11-03T01:27:45.722+0000] {processor.py:161} INFO - Started process (PID=316) to work on /home/airflow/.local/lib/python3.8/site-packages/airflow/example_dags/example_xcomargs.py
[2025-11-03T01:27:45.726+0000] {processor.py:830} INFO - Processing file /home/airflow/.local/lib/python3.8/site-packages/airflow/example_dags/example_xcomargs.py for tasks to queue
[2025-11-03T01:27:45.758+0000] {logging_mixin.py:188} INFO - [2025-11-03T01:27:45.756+0000] {dagbag.py:538} INFO - Filling up the DagBag from /home/airflow/.local/lib/python3.8/site-packages/airflow/example_dags/example_xcomargs.py
[2025-11-03T01:27:45.803+0000] {processor.py:840} INFO - DAG(s) 'example_xcom_args_with_operators', 'example_xcom_args' retrieved from /home/airflow/.local/lib/python3.8/site-packages/airflow/example_dags/example_xcomargs.py
[2025-11-03T01:27:45.910+0000] {logging_mixin.py:188} INFO - [2025-11-03T01:27:45.910+0000] {dag.py:3036} INFO - Sync 2 DAGs
[2025-11-03T01:27:45.960+0000] {logging_mixin.py:188} INFO - [2025-11-03T01:27:45.960+0000] {dag.py:3823} INFO - Setting next_dagrun for example_xcom_args to None, run_after=None
[2025-11-03T01:27:45.972+0000] {logging_mixin.py:188} INFO - [2025-11-03T01:27:45.971+0000] {dag.py:3823} INFO - Setting next_dagrun for example_xcom_args_with_operators to None, run_after=None
[2025-11-03T01:27:46.021+0000] {processor.py:183} INFO - Processing /home/airflow/.local/lib/python3.8/site-packages/airflow/example_dags/example_xcomargs.py took 0.321 seconds
[2025-11-03T01:28:17.541+0000] {processor.py:161} INFO - Started process (PID=370) to work on /home/airflow/.local/lib/python3.8/site-packages/airflow/example_dags/example_xcomargs.py
[2025-11-03T01:28:17.545+0000] {processor.py:830} INFO - Processing file /home/airflow/.local/lib/python3.8/site-packages/airflow/example_dags/example_xcomargs.py for tasks to queue
[2025-11-03T01:28:17.552+0000] {logging_mixin.py:188} INFO - [2025-11-03T01:28:17.551+0000] {dagbag.py:538} INFO - Filling up the DagBag from /home/airflow/.local/lib/python3.8/site-packages/airflow/example_dags/example_xcomargs.py
[2025-11-03T01:28:17.585+0000] {processor.py:840} INFO - DAG(s) 'example_xcom_args_with_operators', 'example_xcom_args' retrieved from /home/airflow/.local/lib/python3.8/site-packages/airflow/example_dags/example_xcomargs.py
[2025-11-03T01:28:17.639+0000] {logging_mixin.py:188} INFO - [2025-11-03T01:28:17.639+0000] {dag.py:3036} INFO - Sync 2 DAGs
[2025-11-03T01:28:17.779+0000] {logging_mixin.py:188} INFO - [2025-11-03T01:28:17.768+0000] {dag.py:3823} INFO - Setting next_dagrun for example_xcom_args to None, run_after=None
[2025-11-03T01:28:17.815+0000] {logging_mixin.py:188} INFO - [2025-11-03T01:28:17.815+0000] {dag.py:3823} INFO - Setting next_dagrun for example_xcom_args_with_operators to None, run_after=None
[2025-11-03T01:28:17.877+0000] {processor.py:183} INFO - Processing /home/airflow/.local/lib/python3.8/site-packages/airflow/example_dags/example_xcomargs.py took 0.351 seconds
[2025-11-03T01:28:48.550+0000] {processor.py:161} INFO - Started process (PID=424) to work on /home/airflow/.local/lib/python3.8/site-packages/airflow/example_dags/example_xcomargs.py
[2025-11-03T01:28:48.552+0000] {processor.py:830} INFO - Processing file /home/airflow/.local/lib/python3.8/site-packages/airflow/example_dags/example_xcomargs.py for tasks to queue
[2025-11-03T01:28:48.558+0000] {logging_mixin.py:188} INFO - [2025-11-03T01:28:48.557+0000] {dagbag.py:538} INFO - Filling up the DagBag from /home/airflow/.local/lib/python3.8/site-packages/airflow/example_dags/example_xcomargs.py
[2025-11-03T01:28:48.580+0000] {processor.py:840} INFO - DAG(s) 'example_xcom_args', 'example_xcom_args_with_operators' retrieved from /home/airflow/.local/lib/python3.8/site-packages/airflow/example_dags/example_xcomargs.py
[2025-11-03T01:28:48.886+0000] {logging_mixin.py:188} INFO - [2025-11-03T01:28:48.886+0000] {dag.py:3036} INFO - Sync 2 DAGs
[2025-11-03T01:28:48.917+0000] {logging_mixin.py:188} INFO - [2025-11-03T01:28:48.916+0000] {dag.py:3823} INFO - Setting next_dagrun for example_xcom_args to None, run_after=None
[2025-11-03T01:28:48.924+0000] {logging_mixin.py:188} INFO - [2025-11-03T01:28:48.923+0000] {dag.py:3823} INFO - Setting next_dagrun for example_xcom_args_with_operators to None, run_after=None
[2025-11-03T01:28:48.986+0000] {processor.py:183} INFO - Processing /home/airflow/.local/lib/python3.8/site-packages/airflow/example_dags/example_xcomargs.py took 0.449 seconds
[2025-11-03T01:29:21.203+0000] {processor.py:161} INFO - Started process (PID=479) to work on /home/airflow/.local/lib/python3.8/site-packages/airflow/example_dags/example_xcomargs.py
[2025-11-03T01:29:21.206+0000] {processor.py:830} INFO - Processing file /home/airflow/.local/lib/python3.8/site-packages/airflow/example_dags/example_xcomargs.py for tasks to queue
[2025-11-03T01:29:21.212+0000] {logging_mixin.py:188} INFO - [2025-11-03T01:29:21.211+0000] {dagbag.py:538} INFO - Filling up the DagBag from /home/airflow/.local/lib/python3.8/site-packages/airflow/example_dags/example_xcomargs.py
[2025-11-03T01:29:21.237+0000] {processor.py:840} INFO - DAG(s) 'example_xcom_args_with_operators', 'example_xcom_args' retrieved from /home/airflow/.local/lib/python3.8/site-packages/airflow/example_dags/example_xcomargs.py
[2025-11-03T01:29:21.310+0000] {logging_mixin.py:188} INFO - [2025-11-03T01:29:21.309+0000] {dag.py:3036} INFO - Sync 2 DAGs
[2025-11-03T01:29:21.347+0000] {logging_mixin.py:188} INFO - [2025-11-03T01:29:21.346+0000] {dag.py:3823} INFO - Setting next_dagrun for example_xcom_args to None, run_after=None
[2025-11-03T01:29:21.359+0000] {logging_mixin.py:188} INFO - [2025-11-03T01:29:21.359+0000] {dag.py:3823} INFO - Setting next_dagrun for example_xcom_args_with_operators to None, run_after=None
[2025-11-03T01:29:21.406+0000] {processor.py:183} INFO - Processing /home/airflow/.local/lib/python3.8/site-packages/airflow/example_dags/example_xcomargs.py took 0.217 seconds
[2025-11-03T01:30:20.675+0000] {processor.py:161} INFO - Started process (PID=539) to work on /home/airflow/.local/lib/python3.8/site-packages/airflow/example_dags/example_xcomargs.py
[2025-11-03T01:30:20.693+0000] {processor.py:830} INFO - Processing file /home/airflow/.local/lib/python3.8/site-packages/airflow/example_dags/example_xcomargs.py for tasks to queue
[2025-11-03T01:30:20.723+0000] {logging_mixin.py:188} INFO - [2025-11-03T01:30:20.722+0000] {dagbag.py:538} INFO - Filling up the DagBag from /home/airflow/.local/lib/python3.8/site-packages/airflow/example_dags/example_xcomargs.py
[2025-11-03T01:30:20.900+0000] {processor.py:840} INFO - DAG(s) 'example_xcom_args_with_operators', 'example_xcom_args' retrieved from /home/airflow/.local/lib/python3.8/site-packages/airflow/example_dags/example_xcomargs.py
[2025-11-03T01:30:21.200+0000] {logging_mixin.py:188} INFO - [2025-11-03T01:30:21.200+0000] {dag.py:3036} INFO - Sync 2 DAGs
[2025-11-03T01:30:21.359+0000] {logging_mixin.py:188} INFO - [2025-11-03T01:30:21.348+0000] {dag.py:3823} INFO - Setting next_dagrun for example_xcom_args to None, run_after=None
[2025-11-03T01:30:21.392+0000] {logging_mixin.py:188} INFO - [2025-11-03T01:30:21.392+0000] {dag.py:3823} INFO - Setting next_dagrun for example_xcom_args_with_operators to None, run_after=None
[2025-11-03T01:30:21.606+0000] {processor.py:183} INFO - Processing /home/airflow/.local/lib/python3.8/site-packages/airflow/example_dags/example_xcomargs.py took 0.976 seconds
[2025-11-03T01:31:16.837+0000] {processor.py:161} INFO - Started process (PID=593) to work on /home/airflow/.local/lib/python3.8/site-packages/airflow/example_dags/example_xcomargs.py
[2025-11-03T01:31:16.842+0000] {processor.py:830} INFO - Processing file /home/airflow/.local/lib/python3.8/site-packages/airflow/example_dags/example_xcomargs.py for tasks to queue
[2025-11-03T01:31:16.848+0000] {logging_mixin.py:188} INFO - [2025-11-03T01:31:16.847+0000] {dagbag.py:538} INFO - Filling up the DagBag from /home/airflow/.local/lib/python3.8/site-packages/airflow/example_dags/example_xcomargs.py
[2025-11-03T01:31:16.873+0000] {processor.py:840} INFO - DAG(s) 'example_xcom_args_with_operators', 'example_xcom_args' retrieved from /home/airflow/.local/lib/python3.8/site-packages/airflow/example_dags/example_xcomargs.py
[2025-11-03T01:31:16.968+0000] {logging_mixin.py:188} INFO - [2025-11-03T01:31:16.967+0000] {dag.py:3036} INFO - Sync 2 DAGs
[2025-11-03T01:31:17.016+0000] {logging_mixin.py:188} INFO - [2025-11-03T01:31:17.016+0000] {dag.py:3823} INFO - Setting next_dagrun for example_xcom_args to None, run_after=None
[2025-11-03T01:31:17.028+0000] {logging_mixin.py:188} INFO - [2025-11-03T01:31:17.027+0000] {dag.py:3823} INFO - Setting next_dagrun for example_xcom_args_with_operators to None, run_after=None
[2025-11-03T01:31:17.082+0000] {processor.py:183} INFO - Processing /home/airflow/.local/lib/python3.8/site-packages/airflow/example_dags/example_xcomargs.py took 0.259 seconds
[2025-11-03T01:31:49.439+0000] {processor.py:161} INFO - Started process (PID=647) to work on /home/airflow/.local/lib/python3.8/site-packages/airflow/example_dags/example_xcomargs.py
[2025-11-03T01:31:49.443+0000] {processor.py:830} INFO - Processing file /home/airflow/.local/lib/python3.8/site-packages/airflow/example_dags/example_xcomargs.py for tasks to queue
[2025-11-03T01:31:49.456+0000] {logging_mixin.py:188} INFO - [2025-11-03T01:31:49.455+0000] {dagbag.py:538} INFO - Filling up the DagBag from /home/airflow/.local/lib/python3.8/site-packages/airflow/example_dags/example_xcomargs.py
[2025-11-03T01:31:49.501+0000] {processor.py:840} INFO - DAG(s) 'example_xcom_args', 'example_xcom_args_with_operators' retrieved from /home/airflow/.local/lib/python3.8/site-packages/airflow/example_dags/example_xcomargs.py
[2025-11-03T01:31:49.594+0000] {logging_mixin.py:188} INFO - [2025-11-03T01:31:49.594+0000] {dag.py:3036} INFO - Sync 2 DAGs
[2025-11-03T01:31:49.651+0000] {logging_mixin.py:188} INFO - [2025-11-03T01:31:49.650+0000] {dag.py:3823} INFO - Setting next_dagrun for example_xcom_args to None, run_after=None
[2025-11-03T01:31:49.667+0000] {logging_mixin.py:188} INFO - [2025-11-03T01:31:49.666+0000] {dag.py:3823} INFO - Setting next_dagrun for example_xcom_args_with_operators to None, run_after=None
[2025-11-03T01:31:49.730+0000] {processor.py:183} INFO - Processing /home/airflow/.local/lib/python3.8/site-packages/airflow/example_dags/example_xcomargs.py took 0.311 seconds
[2025-11-03T01:32:20.921+0000] {processor.py:161} INFO - Started process (PID=701) to work on /home/airflow/.local/lib/python3.8/site-packages/airflow/example_dags/example_xcomargs.py
[2025-11-03T01:32:20.927+0000] {processor.py:830} INFO - Processing file /home/airflow/.local/lib/python3.8/site-packages/airflow/example_dags/example_xcomargs.py for tasks to queue
[2025-11-03T01:32:20.943+0000] {logging_mixin.py:188} INFO - [2025-11-03T01:32:20.942+0000] {dagbag.py:538} INFO - Filling up the DagBag from /home/airflow/.local/lib/python3.8/site-packages/airflow/example_dags/example_xcomargs.py
[2025-11-03T01:32:21.039+0000] {processor.py:840} INFO - DAG(s) 'example_xcom_args', 'example_xcom_args_with_operators' retrieved from /home/airflow/.local/lib/python3.8/site-packages/airflow/example_dags/example_xcomargs.py
[2025-11-03T01:32:21.288+0000] {logging_mixin.py:188} INFO - [2025-11-03T01:32:21.287+0000] {dag.py:3036} INFO - Sync 2 DAGs
[2025-11-03T01:32:21.409+0000] {logging_mixin.py:188} INFO - [2025-11-03T01:32:21.409+0000] {dag.py:3823} INFO - Setting next_dagrun for example_xcom_args to None, run_after=None
[2025-11-03T01:32:21.453+0000] {logging_mixin.py:188} INFO - [2025-11-03T01:32:21.450+0000] {dag.py:3823} INFO - Setting next_dagrun for example_xcom_args_with_operators to None, run_after=None
[2025-11-03T01:32:21.655+0000] {processor.py:183} INFO - Processing /home/airflow/.local/lib/python3.8/site-packages/airflow/example_dags/example_xcomargs.py took 0.779 seconds
[2025-11-03T01:32:58.198+0000] {processor.py:161} INFO - Started process (PID=761) to work on /home/airflow/.local/lib/python3.8/site-packages/airflow/example_dags/example_xcomargs.py
[2025-11-03T01:32:58.212+0000] {processor.py:830} INFO - Processing file /home/airflow/.local/lib/python3.8/site-packages/airflow/example_dags/example_xcomargs.py for tasks to queue
[2025-11-03T01:32:58.229+0000] {logging_mixin.py:188} INFO - [2025-11-03T01:32:58.228+0000] {dagbag.py:538} INFO - Filling up the DagBag from /home/airflow/.local/lib/python3.8/site-packages/airflow/example_dags/example_xcomargs.py
[2025-11-03T01:32:58.330+0000] {processor.py:840} INFO - DAG(s) 'example_xcom_args', 'example_xcom_args_with_operators' retrieved from /home/airflow/.local/lib/python3.8/site-packages/airflow/example_dags/example_xcomargs.py
[2025-11-03T01:32:58.531+0000] {logging_mixin.py:188} INFO - [2025-11-03T01:32:58.530+0000] {dag.py:3036} INFO - Sync 2 DAGs
[2025-11-03T01:32:58.701+0000] {logging_mixin.py:188} INFO - [2025-11-03T01:32:58.700+0000] {dag.py:3823} INFO - Setting next_dagrun for example_xcom_args to None, run_after=None
[2025-11-03T01:32:58.723+0000] {logging_mixin.py:188} INFO - [2025-11-03T01:32:58.722+0000] {dag.py:3823} INFO - Setting next_dagrun for example_xcom_args_with_operators to None, run_after=None
[2025-11-03T01:32:58.863+0000] {processor.py:183} INFO - Processing /home/airflow/.local/lib/python3.8/site-packages/airflow/example_dags/example_xcomargs.py took 0.773 seconds
[2025-11-03T01:33:41.963+0000] {processor.py:161} INFO - Started process (PID=811) to work on /home/airflow/.local/lib/python3.8/site-packages/airflow/example_dags/example_xcomargs.py
[2025-11-03T01:33:41.967+0000] {processor.py:830} INFO - Processing file /home/airflow/.local/lib/python3.8/site-packages/airflow/example_dags/example_xcomargs.py for tasks to queue
[2025-11-03T01:33:41.973+0000] {logging_mixin.py:188} INFO - [2025-11-03T01:33:41.972+0000] {dagbag.py:538} INFO - Filling up the DagBag from /home/airflow/.local/lib/python3.8/site-packages/airflow/example_dags/example_xcomargs.py
[2025-11-03T01:33:42.038+0000] {processor.py:840} INFO - DAG(s) 'example_xcom_args_with_operators', 'example_xcom_args' retrieved from /home/airflow/.local/lib/python3.8/site-packages/airflow/example_dags/example_xcomargs.py
[2025-11-03T01:33:42.214+0000] {logging_mixin.py:188} INFO - [2025-11-03T01:33:42.213+0000] {dag.py:3036} INFO - Sync 2 DAGs
[2025-11-03T01:33:42.283+0000] {logging_mixin.py:188} INFO - [2025-11-03T01:33:42.282+0000] {dag.py:3823} INFO - Setting next_dagrun for example_xcom_args to None, run_after=None
[2025-11-03T01:33:42.302+0000] {logging_mixin.py:188} INFO - [2025-11-03T01:33:42.301+0000] {dag.py:3823} INFO - Setting next_dagrun for example_xcom_args_with_operators to None, run_after=None
[2025-11-03T01:33:42.370+0000] {processor.py:183} INFO - Processing /home/airflow/.local/lib/python3.8/site-packages/airflow/example_dags/example_xcomargs.py took 0.423 seconds
[2025-11-03T01:34:18.767+0000] {processor.py:161} INFO - Started process (PID=867) to work on /home/airflow/.local/lib/python3.8/site-packages/airflow/example_dags/example_xcomargs.py
[2025-11-03T01:34:18.784+0000] {processor.py:830} INFO - Processing file /home/airflow/.local/lib/python3.8/site-packages/airflow/example_dags/example_xcomargs.py for tasks to queue
[2025-11-03T01:34:18.818+0000] {logging_mixin.py:188} INFO - [2025-11-03T01:34:18.815+0000] {dagbag.py:538} INFO - Filling up the DagBag from /home/airflow/.local/lib/python3.8/site-packages/airflow/example_dags/example_xcomargs.py
[2025-11-03T01:34:18.880+0000] {processor.py:840} INFO - DAG(s) 'example_xcom_args', 'example_xcom_args_with_operators' retrieved from /home/airflow/.local/lib/python3.8/site-packages/airflow/example_dags/example_xcomargs.py
[2025-11-03T01:34:18.985+0000] {logging_mixin.py:188} INFO - [2025-11-03T01:34:18.984+0000] {dag.py:3036} INFO - Sync 2 DAGs
[2025-11-03T01:34:19.056+0000] {logging_mixin.py:188} INFO - [2025-11-03T01:34:19.056+0000] {dag.py:3823} INFO - Setting next_dagrun for example_xcom_args to None, run_after=None
[2025-11-03T01:34:19.075+0000] {logging_mixin.py:188} INFO - [2025-11-03T01:34:19.075+0000] {dag.py:3823} INFO - Setting next_dagrun for example_xcom_args_with_operators to None, run_after=None
[2025-11-03T01:34:19.173+0000] {processor.py:183} INFO - Processing /home/airflow/.local/lib/python3.8/site-packages/airflow/example_dags/example_xcomargs.py took 0.438 seconds
[2025-11-03T01:34:53.807+0000] {processor.py:161} INFO - Started process (PID=922) to work on /home/airflow/.local/lib/python3.8/site-packages/airflow/example_dags/example_xcomargs.py
[2025-11-03T01:34:53.823+0000] {processor.py:830} INFO - Processing file /home/airflow/.local/lib/python3.8/site-packages/airflow/example_dags/example_xcomargs.py for tasks to queue
[2025-11-03T01:34:53.847+0000] {logging_mixin.py:188} INFO - [2025-11-03T01:34:53.846+0000] {dagbag.py:538} INFO - Filling up the DagBag from /home/airflow/.local/lib/python3.8/site-packages/airflow/example_dags/example_xcomargs.py
[2025-11-03T01:34:53.942+0000] {processor.py:840} INFO - DAG(s) 'example_xcom_args_with_operators', 'example_xcom_args' retrieved from /home/airflow/.local/lib/python3.8/site-packages/airflow/example_dags/example_xcomargs.py
[2025-11-03T01:34:54.177+0000] {logging_mixin.py:188} INFO - [2025-11-03T01:34:54.176+0000] {dag.py:3036} INFO - Sync 2 DAGs
[2025-11-03T01:34:54.385+0000] {logging_mixin.py:188} INFO - [2025-11-03T01:34:54.382+0000] {dag.py:3823} INFO - Setting next_dagrun for example_xcom_args to None, run_after=None
[2025-11-03T01:34:54.443+0000] {logging_mixin.py:188} INFO - [2025-11-03T01:34:54.442+0000] {dag.py:3823} INFO - Setting next_dagrun for example_xcom_args_with_operators to None, run_after=None
[2025-11-03T01:34:54.592+0000] {processor.py:183} INFO - Processing /home/airflow/.local/lib/python3.8/site-packages/airflow/example_dags/example_xcomargs.py took 0.826 seconds
[2025-11-03T01:35:25.597+0000] {processor.py:161} INFO - Started process (PID=974) to work on /home/airflow/.local/lib/python3.8/site-packages/airflow/example_dags/example_xcomargs.py
[2025-11-03T01:35:25.605+0000] {processor.py:830} INFO - Processing file /home/airflow/.local/lib/python3.8/site-packages/airflow/example_dags/example_xcomargs.py for tasks to queue
[2025-11-03T01:35:25.616+0000] {logging_mixin.py:188} INFO - [2025-11-03T01:35:25.615+0000] {dagbag.py:538} INFO - Filling up the DagBag from /home/airflow/.local/lib/python3.8/site-packages/airflow/example_dags/example_xcomargs.py
[2025-11-03T01:35:25.688+0000] {processor.py:840} INFO - DAG(s) 'example_xcom_args_with_operators', 'example_xcom_args' retrieved from /home/airflow/.local/lib/python3.8/site-packages/airflow/example_dags/example_xcomargs.py
[2025-11-03T01:35:25.889+0000] {logging_mixin.py:188} INFO - [2025-11-03T01:35:25.887+0000] {dag.py:3036} INFO - Sync 2 DAGs
[2025-11-03T01:35:25.996+0000] {logging_mixin.py:188} INFO - [2025-11-03T01:35:25.995+0000] {dag.py:3823} INFO - Setting next_dagrun for example_xcom_args to None, run_after=None
[2025-11-03T01:35:26.050+0000] {logging_mixin.py:188} INFO - [2025-11-03T01:35:26.049+0000] {dag.py:3823} INFO - Setting next_dagrun for example_xcom_args_with_operators to None, run_after=None
[2025-11-03T01:35:26.627+0000] {processor.py:183} INFO - Processing /home/airflow/.local/lib/python3.8/site-packages/airflow/example_dags/example_xcomargs.py took 1.052 seconds
[2025-11-03T01:35:57.399+0000] {processor.py:161} INFO - Started process (PID=1029) to work on /home/airflow/.local/lib/python3.8/site-packages/airflow/example_dags/example_xcomargs.py
[2025-11-03T01:35:57.411+0000] {processor.py:830} INFO - Processing file /home/airflow/.local/lib/python3.8/site-packages/airflow/example_dags/example_xcomargs.py for tasks to queue
[2025-11-03T01:35:57.424+0000] {logging_mixin.py:188} INFO - [2025-11-03T01:35:57.423+0000] {dagbag.py:538} INFO - Filling up the DagBag from /home/airflow/.local/lib/python3.8/site-packages/airflow/example_dags/example_xcomargs.py
[2025-11-03T01:35:57.483+0000] {processor.py:840} INFO - DAG(s) 'example_xcom_args_with_operators', 'example_xcom_args' retrieved from /home/airflow/.local/lib/python3.8/site-packages/airflow/example_dags/example_xcomargs.py
[2025-11-03T01:35:57.628+0000] {logging_mixin.py:188} INFO - [2025-11-03T01:35:57.627+0000] {dag.py:3036} INFO - Sync 2 DAGs
[2025-11-03T01:35:57.711+0000] {logging_mixin.py:188} INFO - [2025-11-03T01:35:57.710+0000] {dag.py:3823} INFO - Setting next_dagrun for example_xcom_args to None, run_after=None
[2025-11-03T01:35:57.730+0000] {logging_mixin.py:188} INFO - [2025-11-03T01:35:57.729+0000] {dag.py:3823} INFO - Setting next_dagrun for example_xcom_args_with_operators to None, run_after=None
[2025-11-03T01:35:57.822+0000] {processor.py:183} INFO - Processing /home/airflow/.local/lib/python3.8/site-packages/airflow/example_dags/example_xcomargs.py took 0.456 seconds
[2025-11-03T01:36:28.610+0000] {processor.py:161} INFO - Started process (PID=1084) to work on /home/airflow/.local/lib/python3.8/site-packages/airflow/example_dags/example_xcomargs.py
[2025-11-03T01:36:28.612+0000] {processor.py:830} INFO - Processing file /home/airflow/.local/lib/python3.8/site-packages/airflow/example_dags/example_xcomargs.py for tasks to queue
[2025-11-03T01:36:28.617+0000] {logging_mixin.py:188} INFO - [2025-11-03T01:36:28.616+0000] {dagbag.py:538} INFO - Filling up the DagBag from /home/airflow/.local/lib/python3.8/site-packages/airflow/example_dags/example_xcomargs.py
[2025-11-03T01:36:28.638+0000] {processor.py:840} INFO - DAG(s) 'example_xcom_args_with_operators', 'example_xcom_args' retrieved from /home/airflow/.local/lib/python3.8/site-packages/airflow/example_dags/example_xcomargs.py
[2025-11-03T01:36:28.701+0000] {logging_mixin.py:188} INFO - [2025-11-03T01:36:28.700+0000] {dag.py:3036} INFO - Sync 2 DAGs
[2025-11-03T01:36:28.743+0000] {logging_mixin.py:188} INFO - [2025-11-03T01:36:28.742+0000] {dag.py:3823} INFO - Setting next_dagrun for example_xcom_args to None, run_after=None
[2025-11-03T01:36:28.758+0000] {logging_mixin.py:188} INFO - [2025-11-03T01:36:28.757+0000] {dag.py:3823} INFO - Setting next_dagrun for example_xcom_args_with_operators to None, run_after=None
[2025-11-03T01:36:28.812+0000] {processor.py:183} INFO - Processing /home/airflow/.local/lib/python3.8/site-packages/airflow/example_dags/example_xcomargs.py took 0.211 seconds
[2025-11-03T01:36:59.319+0000] {processor.py:161} INFO - Started process (PID=1140) to work on /home/airflow/.local/lib/python3.8/site-packages/airflow/example_dags/example_xcomargs.py
[2025-11-03T01:36:59.322+0000] {processor.py:830} INFO - Processing file /home/airflow/.local/lib/python3.8/site-packages/airflow/example_dags/example_xcomargs.py for tasks to queue
[2025-11-03T01:36:59.330+0000] {logging_mixin.py:188} INFO - [2025-11-03T01:36:59.328+0000] {dagbag.py:538} INFO - Filling up the DagBag from /home/airflow/.local/lib/python3.8/site-packages/airflow/example_dags/example_xcomargs.py
[2025-11-03T01:36:59.372+0000] {processor.py:840} INFO - DAG(s) 'example_xcom_args', 'example_xcom_args_with_operators' retrieved from /home/airflow/.local/lib/python3.8/site-packages/airflow/example_dags/example_xcomargs.py
[2025-11-03T01:36:59.485+0000] {logging_mixin.py:188} INFO - [2025-11-03T01:36:59.483+0000] {dag.py:3036} INFO - Sync 2 DAGs
[2025-11-03T01:36:59.532+0000] {logging_mixin.py:188} INFO - [2025-11-03T01:36:59.531+0000] {dag.py:3823} INFO - Setting next_dagrun for example_xcom_args to None, run_after=None
[2025-11-03T01:36:59.545+0000] {logging_mixin.py:188} INFO - [2025-11-03T01:36:59.544+0000] {dag.py:3823} INFO - Setting next_dagrun for example_xcom_args_with_operators to None, run_after=None
[2025-11-03T01:36:59.610+0000] {processor.py:183} INFO - Processing /home/airflow/.local/lib/python3.8/site-packages/airflow/example_dags/example_xcomargs.py took 0.303 seconds
[2025-11-03T01:37:54.704+0000] {processor.py:161} INFO - Started process (PID=1208) to work on /home/airflow/.local/lib/python3.8/site-packages/airflow/example_dags/example_xcomargs.py
[2025-11-03T01:37:54.805+0000] {processor.py:830} INFO - Processing file /home/airflow/.local/lib/python3.8/site-packages/airflow/example_dags/example_xcomargs.py for tasks to queue
[2025-11-03T01:37:54.848+0000] {logging_mixin.py:188} INFO - [2025-11-03T01:37:54.847+0000] {dagbag.py:538} INFO - Filling up the DagBag from /home/airflow/.local/lib/python3.8/site-packages/airflow/example_dags/example_xcomargs.py
[2025-11-03T01:37:54.947+0000] {processor.py:840} INFO - DAG(s) 'example_xcom_args_with_operators', 'example_xcom_args' retrieved from /home/airflow/.local/lib/python3.8/site-packages/airflow/example_dags/example_xcomargs.py
[2025-11-03T01:37:55.596+0000] {logging_mixin.py:188} INFO - [2025-11-03T01:37:55.583+0000] {dag.py:3036} INFO - Sync 2 DAGs
[2025-11-03T01:37:56.205+0000] {logging_mixin.py:188} INFO - [2025-11-03T01:37:56.194+0000] {dag.py:3823} INFO - Setting next_dagrun for example_xcom_args to None, run_after=None
[2025-11-03T01:37:56.388+0000] {logging_mixin.py:188} INFO - [2025-11-03T01:37:56.388+0000] {dag.py:3823} INFO - Setting next_dagrun for example_xcom_args_with_operators to None, run_after=None
[2025-11-03T01:37:56.577+0000] {processor.py:183} INFO - Processing /home/airflow/.local/lib/python3.8/site-packages/airflow/example_dags/example_xcomargs.py took 1.903 seconds
[2025-11-03T01:38:39.573+0000] {processor.py:161} INFO - Started process (PID=1257) to work on /home/airflow/.local/lib/python3.8/site-packages/airflow/example_dags/example_xcomargs.py
[2025-11-03T01:38:39.588+0000] {processor.py:830} INFO - Processing file /home/airflow/.local/lib/python3.8/site-packages/airflow/example_dags/example_xcomargs.py for tasks to queue
[2025-11-03T01:38:39.609+0000] {logging_mixin.py:188} INFO - [2025-11-03T01:38:39.608+0000] {dagbag.py:538} INFO - Filling up the DagBag from /home/airflow/.local/lib/python3.8/site-packages/airflow/example_dags/example_xcomargs.py
[2025-11-03T01:38:39.726+0000] {processor.py:840} INFO - DAG(s) 'example_xcom_args_with_operators', 'example_xcom_args' retrieved from /home/airflow/.local/lib/python3.8/site-packages/airflow/example_dags/example_xcomargs.py
[2025-11-03T01:38:39.959+0000] {logging_mixin.py:188} INFO - [2025-11-03T01:38:39.959+0000] {dag.py:3036} INFO - Sync 2 DAGs
[2025-11-03T01:38:40.090+0000] {logging_mixin.py:188} INFO - [2025-11-03T01:38:40.089+0000] {dag.py:3823} INFO - Setting next_dagrun for example_xcom_args to None, run_after=None
[2025-11-03T01:38:40.121+0000] {logging_mixin.py:188} INFO - [2025-11-03T01:38:40.120+0000] {dag.py:3823} INFO - Setting next_dagrun for example_xcom_args_with_operators to None, run_after=None
[2025-11-03T01:38:40.312+0000] {processor.py:183} INFO - Processing /home/airflow/.local/lib/python3.8/site-packages/airflow/example_dags/example_xcomargs.py took 0.782 seconds
[2025-11-03T01:39:27.260+0000] {processor.py:161} INFO - Started process (PID=1322) to work on /home/airflow/.local/lib/python3.8/site-packages/airflow/example_dags/example_xcomargs.py
[2025-11-03T01:39:27.297+0000] {processor.py:830} INFO - Processing file /home/airflow/.local/lib/python3.8/site-packages/airflow/example_dags/example_xcomargs.py for tasks to queue
[2025-11-03T01:39:27.325+0000] {logging_mixin.py:188} INFO - [2025-11-03T01:39:27.324+0000] {dagbag.py:538} INFO - Filling up the DagBag from /home/airflow/.local/lib/python3.8/site-packages/airflow/example_dags/example_xcomargs.py
[2025-11-03T01:39:27.397+0000] {processor.py:840} INFO - DAG(s) 'example_xcom_args', 'example_xcom_args_with_operators' retrieved from /home/airflow/.local/lib/python3.8/site-packages/airflow/example_dags/example_xcomargs.py
[2025-11-03T01:39:27.564+0000] {logging_mixin.py:188} INFO - [2025-11-03T01:39:27.563+0000] {dag.py:3036} INFO - Sync 2 DAGs
[2025-11-03T01:39:27.631+0000] {logging_mixin.py:188} INFO - [2025-11-03T01:39:27.630+0000] {dag.py:3823} INFO - Setting next_dagrun for example_xcom_args to None, run_after=None
[2025-11-03T01:39:27.656+0000] {logging_mixin.py:188} INFO - [2025-11-03T01:39:27.655+0000] {dag.py:3823} INFO - Setting next_dagrun for example_xcom_args_with_operators to None, run_after=None
[2025-11-03T01:39:27.730+0000] {processor.py:183} INFO - Processing /home/airflow/.local/lib/python3.8/site-packages/airflow/example_dags/example_xcomargs.py took 0.492 seconds
[2025-11-03T01:40:01.493+0000] {processor.py:161} INFO - Started process (PID=1376) to work on /home/airflow/.local/lib/python3.8/site-packages/airflow/example_dags/example_xcomargs.py
[2025-11-03T01:40:01.497+0000] {processor.py:830} INFO - Processing file /home/airflow/.local/lib/python3.8/site-packages/airflow/example_dags/example_xcomargs.py for tasks to queue
[2025-11-03T01:40:01.515+0000] {logging_mixin.py:188} INFO - [2025-11-03T01:40:01.512+0000] {dagbag.py:538} INFO - Filling up the DagBag from /home/airflow/.local/lib/python3.8/site-packages/airflow/example_dags/example_xcomargs.py
[2025-11-03T01:40:01.600+0000] {processor.py:840} INFO - DAG(s) 'example_xcom_args_with_operators', 'example_xcom_args' retrieved from /home/airflow/.local/lib/python3.8/site-packages/airflow/example_dags/example_xcomargs.py
[2025-11-03T01:40:01.861+0000] {logging_mixin.py:188} INFO - [2025-11-03T01:40:01.850+0000] {dag.py:3036} INFO - Sync 2 DAGs
[2025-11-03T01:40:02.057+0000] {logging_mixin.py:188} INFO - [2025-11-03T01:40:02.056+0000] {dag.py:3823} INFO - Setting next_dagrun for example_xcom_args to None, run_after=None
[2025-11-03T01:40:02.408+0000] {logging_mixin.py:188} INFO - [2025-11-03T01:40:02.407+0000] {dag.py:3823} INFO - Setting next_dagrun for example_xcom_args_with_operators to None, run_after=None
[2025-11-03T01:40:03.238+0000] {processor.py:183} INFO - Processing /home/airflow/.local/lib/python3.8/site-packages/airflow/example_dags/example_xcomargs.py took 0.794 seconds
[2025-11-03T01:47:25.478+0000] {processor.py:161} INFO - Started process (PID=1499) to work on /home/airflow/.local/lib/python3.8/site-packages/airflow/example_dags/example_xcomargs.py
[2025-11-03T01:47:25.991+0000] {processor.py:830} INFO - Processing file /home/airflow/.local/lib/python3.8/site-packages/airflow/example_dags/example_xcomargs.py for tasks to queue
[2025-11-03T01:47:28.375+0000] {logging_mixin.py:188} INFO - [2025-11-03T01:47:28.372+0000] {dagbag.py:538} INFO - Filling up the DagBag from /home/airflow/.local/lib/python3.8/site-packages/airflow/example_dags/example_xcomargs.py
[2025-11-03T01:47:31.489+0000] {processor.py:840} INFO - DAG(s) 'example_xcom_args', 'example_xcom_args_with_operators' retrieved from /home/airflow/.local/lib/python3.8/site-packages/airflow/example_dags/example_xcomargs.py
[2025-11-03T01:47:32.303+0000] {logging_mixin.py:188} INFO - [2025-11-03T01:47:32.302+0000] {dag.py:3036} INFO - Sync 2 DAGs
[2025-11-03T01:47:34.722+0000] {logging_mixin.py:188} INFO - [2025-11-03T01:47:34.722+0000] {dag.py:3823} INFO - Setting next_dagrun for example_xcom_args to None, run_after=None
[2025-11-03T01:47:35.220+0000] {logging_mixin.py:188} INFO - [2025-11-03T01:47:35.219+0000] {dag.py:3823} INFO - Setting next_dagrun for example_xcom_args_with_operators to None, run_after=None
[2025-11-03T01:47:40.510+0000] {processor.py:183} INFO - Processing /home/airflow/.local/lib/python3.8/site-packages/airflow/example_dags/example_xcomargs.py took 18.348 seconds
[2025-11-03T01:53:54.220+0000] {processor.py:161} INFO - Started process (PID=1603) to work on /home/airflow/.local/lib/python3.8/site-packages/airflow/example_dags/example_xcomargs.py
[2025-11-03T01:53:54.265+0000] {processor.py:830} INFO - Processing file /home/airflow/.local/lib/python3.8/site-packages/airflow/example_dags/example_xcomargs.py for tasks to queue
[2025-11-03T01:53:54.372+0000] {logging_mixin.py:188} INFO - [2025-11-03T01:53:54.359+0000] {dagbag.py:538} INFO - Filling up the DagBag from /home/airflow/.local/lib/python3.8/site-packages/airflow/example_dags/example_xcomargs.py
[2025-11-03T01:53:54.700+0000] {processor.py:840} INFO - DAG(s) 'example_xcom_args_with_operators', 'example_xcom_args' retrieved from /home/airflow/.local/lib/python3.8/site-packages/airflow/example_dags/example_xcomargs.py
[2025-11-03T01:54:13.433+0000] {logging_mixin.py:188} INFO - [2025-11-03T01:54:13.278+0000] {dag.py:3036} INFO - Sync 2 DAGs
[2025-11-03T01:54:24.179+0000] {logging_mixin.py:188} INFO - [2025-11-03T01:54:24.178+0000] {dag.py:3823} INFO - Setting next_dagrun for example_xcom_args to None, run_after=None
[2025-11-03T01:54:24.708+0000] {logging_mixin.py:188} INFO - [2025-11-03T01:54:24.707+0000] {dag.py:3823} INFO - Setting next_dagrun for example_xcom_args_with_operators to None, run_after=None
[2025-11-03T01:54:27.863+0000] {processor.py:183} INFO - Processing /home/airflow/.local/lib/python3.8/site-packages/airflow/example_dags/example_xcomargs.py took 32.695 seconds
