[2025-11-03T01:13:29.217+0000] {processor.py:161} INFO - Started process (PID=104) to work on /home/airflow/.local/lib/python3.8/site-packages/airflow/example_dags/example_setup_teardown.py
[2025-11-03T01:13:29.249+0000] {processor.py:830} INFO - Processing file /home/airflow/.local/lib/python3.8/site-packages/airflow/example_dags/example_setup_teardown.py for tasks to queue
[2025-11-03T01:13:29.264+0000] {logging_mixin.py:188} INFO - [2025-11-03T01:13:29.262+0000] {dagbag.py:538} INFO - Filling up the DagBag from /home/airflow/.local/lib/python3.8/site-packages/airflow/example_dags/example_setup_teardown.py
[2025-11-03T01:13:29.316+0000] {processor.py:840} INFO - DAG(s) 'example_setup_teardown' retrieved from /home/airflow/.local/lib/python3.8/site-packages/airflow/example_dags/example_setup_teardown.py
[2025-11-03T01:13:29.510+0000] {logging_mixin.py:188} INFO - [2025-11-03T01:13:29.509+0000] {dag.py:3036} INFO - Sync 1 DAGs
[2025-11-03T01:13:29.612+0000] {logging_mixin.py:188} INFO - [2025-11-03T01:13:29.611+0000] {dag.py:3823} INFO - Setting next_dagrun for example_setup_teardown to 2025-11-02 00:00:00+00:00, run_after=2025-11-03 00:00:00+00:00
[2025-11-03T01:13:29.753+0000] {processor.py:183} INFO - Processing /home/airflow/.local/lib/python3.8/site-packages/airflow/example_dags/example_setup_teardown.py took 0.553 seconds
[2025-11-03T01:14:09.434+0000] {processor.py:161} INFO - Started process (PID=159) to work on /home/airflow/.local/lib/python3.8/site-packages/airflow/example_dags/example_setup_teardown.py
[2025-11-03T01:14:09.454+0000] {processor.py:830} INFO - Processing file /home/airflow/.local/lib/python3.8/site-packages/airflow/example_dags/example_setup_teardown.py for tasks to queue
[2025-11-03T01:14:09.474+0000] {logging_mixin.py:188} INFO - [2025-11-03T01:14:09.470+0000] {dagbag.py:538} INFO - Filling up the DagBag from /home/airflow/.local/lib/python3.8/site-packages/airflow/example_dags/example_setup_teardown.py
[2025-11-03T01:14:09.550+0000] {processor.py:840} INFO - DAG(s) 'example_setup_teardown' retrieved from /home/airflow/.local/lib/python3.8/site-packages/airflow/example_dags/example_setup_teardown.py
[2025-11-03T01:14:09.975+0000] {logging_mixin.py:188} INFO - [2025-11-03T01:14:09.974+0000] {dag.py:3036} INFO - Sync 1 DAGs
[2025-11-03T01:14:10.240+0000] {logging_mixin.py:188} INFO - [2025-11-03T01:14:10.239+0000] {dag.py:3823} INFO - Setting next_dagrun for example_setup_teardown to 2025-11-02 00:00:00+00:00, run_after=2025-11-03 00:00:00+00:00
[2025-11-03T01:14:10.688+0000] {processor.py:183} INFO - Processing /home/airflow/.local/lib/python3.8/site-packages/airflow/example_dags/example_setup_teardown.py took 1.292 seconds
[2025-11-03T01:14:57.166+0000] {processor.py:161} INFO - Started process (PID=219) to work on /home/airflow/.local/lib/python3.8/site-packages/airflow/example_dags/example_setup_teardown.py
[2025-11-03T01:14:57.184+0000] {processor.py:830} INFO - Processing file /home/airflow/.local/lib/python3.8/site-packages/airflow/example_dags/example_setup_teardown.py for tasks to queue
[2025-11-03T01:14:57.214+0000] {logging_mixin.py:188} INFO - [2025-11-03T01:14:57.213+0000] {dagbag.py:538} INFO - Filling up the DagBag from /home/airflow/.local/lib/python3.8/site-packages/airflow/example_dags/example_setup_teardown.py
[2025-11-03T01:14:57.779+0000] {processor.py:840} INFO - DAG(s) 'example_setup_teardown' retrieved from /home/airflow/.local/lib/python3.8/site-packages/airflow/example_dags/example_setup_teardown.py
[2025-11-03T01:14:59.271+0000] {logging_mixin.py:188} INFO - [2025-11-03T01:14:59.270+0000] {dag.py:3036} INFO - Sync 1 DAGs
[2025-11-03T01:15:00.271+0000] {logging_mixin.py:188} INFO - [2025-11-03T01:15:00.261+0000] {dag.py:3823} INFO - Setting next_dagrun for example_setup_teardown to 2025-11-02 00:00:00+00:00, run_after=2025-11-03 00:00:00+00:00
[2025-11-03T01:15:00.563+0000] {processor.py:183} INFO - Processing /home/airflow/.local/lib/python3.8/site-packages/airflow/example_dags/example_setup_teardown.py took 3.476 seconds
[2025-11-03T01:15:42.552+0000] {processor.py:161} INFO - Started process (PID=274) to work on /home/airflow/.local/lib/python3.8/site-packages/airflow/example_dags/example_setup_teardown.py
[2025-11-03T01:15:42.580+0000] {processor.py:830} INFO - Processing file /home/airflow/.local/lib/python3.8/site-packages/airflow/example_dags/example_setup_teardown.py for tasks to queue
[2025-11-03T01:15:42.619+0000] {logging_mixin.py:188} INFO - [2025-11-03T01:15:42.618+0000] {dagbag.py:538} INFO - Filling up the DagBag from /home/airflow/.local/lib/python3.8/site-packages/airflow/example_dags/example_setup_teardown.py
[2025-11-03T01:15:42.748+0000] {processor.py:840} INFO - DAG(s) 'example_setup_teardown' retrieved from /home/airflow/.local/lib/python3.8/site-packages/airflow/example_dags/example_setup_teardown.py
[2025-11-03T01:15:42.917+0000] {logging_mixin.py:188} INFO - [2025-11-03T01:15:42.917+0000] {dag.py:3036} INFO - Sync 1 DAGs
[2025-11-03T01:15:43.328+0000] {logging_mixin.py:188} INFO - [2025-11-03T01:15:43.327+0000] {dag.py:3823} INFO - Setting next_dagrun for example_setup_teardown to 2025-11-02 00:00:00+00:00, run_after=2025-11-03 00:00:00+00:00
[2025-11-03T01:15:43.627+0000] {processor.py:183} INFO - Processing /home/airflow/.local/lib/python3.8/site-packages/airflow/example_dags/example_setup_teardown.py took 1.173 seconds
[2025-11-03T01:16:21.064+0000] {processor.py:161} INFO - Started process (PID=320) to work on /home/airflow/.local/lib/python3.8/site-packages/airflow/example_dags/example_setup_teardown.py
[2025-11-03T01:16:21.084+0000] {processor.py:830} INFO - Processing file /home/airflow/.local/lib/python3.8/site-packages/airflow/example_dags/example_setup_teardown.py for tasks to queue
[2025-11-03T01:16:21.115+0000] {logging_mixin.py:188} INFO - [2025-11-03T01:16:21.114+0000] {dagbag.py:538} INFO - Filling up the DagBag from /home/airflow/.local/lib/python3.8/site-packages/airflow/example_dags/example_setup_teardown.py
[2025-11-03T01:16:21.181+0000] {processor.py:840} INFO - DAG(s) 'example_setup_teardown' retrieved from /home/airflow/.local/lib/python3.8/site-packages/airflow/example_dags/example_setup_teardown.py
[2025-11-03T01:16:22.250+0000] {logging_mixin.py:188} INFO - [2025-11-03T01:16:22.249+0000] {dag.py:3036} INFO - Sync 1 DAGs
[2025-11-03T01:16:22.327+0000] {logging_mixin.py:188} INFO - [2025-11-03T01:16:22.326+0000] {dag.py:3823} INFO - Setting next_dagrun for example_setup_teardown to 2025-11-02 00:00:00+00:00, run_after=2025-11-03 00:00:00+00:00
[2025-11-03T01:16:22.388+0000] {processor.py:183} INFO - Processing /home/airflow/.local/lib/python3.8/site-packages/airflow/example_dags/example_setup_teardown.py took 1.357 seconds
[2025-11-03T01:16:52.512+0000] {processor.py:161} INFO - Started process (PID=375) to work on /home/airflow/.local/lib/python3.8/site-packages/airflow/example_dags/example_setup_teardown.py
[2025-11-03T01:16:52.517+0000] {processor.py:830} INFO - Processing file /home/airflow/.local/lib/python3.8/site-packages/airflow/example_dags/example_setup_teardown.py for tasks to queue
[2025-11-03T01:16:52.524+0000] {logging_mixin.py:188} INFO - [2025-11-03T01:16:52.523+0000] {dagbag.py:538} INFO - Filling up the DagBag from /home/airflow/.local/lib/python3.8/site-packages/airflow/example_dags/example_setup_teardown.py
[2025-11-03T01:16:52.551+0000] {processor.py:840} INFO - DAG(s) 'example_setup_teardown' retrieved from /home/airflow/.local/lib/python3.8/site-packages/airflow/example_dags/example_setup_teardown.py
[2025-11-03T01:16:52.635+0000] {logging_mixin.py:188} INFO - [2025-11-03T01:16:52.634+0000] {dag.py:3036} INFO - Sync 1 DAGs
[2025-11-03T01:16:52.730+0000] {logging_mixin.py:188} INFO - [2025-11-03T01:16:52.729+0000] {dag.py:3823} INFO - Setting next_dagrun for example_setup_teardown to 2025-11-02 00:00:00+00:00, run_after=2025-11-03 00:00:00+00:00
[2025-11-03T01:16:52.804+0000] {processor.py:183} INFO - Processing /home/airflow/.local/lib/python3.8/site-packages/airflow/example_dags/example_setup_teardown.py took 0.306 seconds
[2025-11-03T01:17:25.719+0000] {processor.py:161} INFO - Started process (PID=430) to work on /home/airflow/.local/lib/python3.8/site-packages/airflow/example_dags/example_setup_teardown.py
[2025-11-03T01:17:25.747+0000] {processor.py:830} INFO - Processing file /home/airflow/.local/lib/python3.8/site-packages/airflow/example_dags/example_setup_teardown.py for tasks to queue
[2025-11-03T01:17:25.765+0000] {logging_mixin.py:188} INFO - [2025-11-03T01:17:25.764+0000] {dagbag.py:538} INFO - Filling up the DagBag from /home/airflow/.local/lib/python3.8/site-packages/airflow/example_dags/example_setup_teardown.py
[2025-11-03T01:17:25.823+0000] {processor.py:840} INFO - DAG(s) 'example_setup_teardown' retrieved from /home/airflow/.local/lib/python3.8/site-packages/airflow/example_dags/example_setup_teardown.py
[2025-11-03T01:17:25.931+0000] {logging_mixin.py:188} INFO - [2025-11-03T01:17:25.930+0000] {dag.py:3036} INFO - Sync 1 DAGs
[2025-11-03T01:17:26.080+0000] {logging_mixin.py:188} INFO - [2025-11-03T01:17:26.079+0000] {dag.py:3823} INFO - Setting next_dagrun for example_setup_teardown to 2025-11-02 00:00:00+00:00, run_after=2025-11-03 00:00:00+00:00
[2025-11-03T01:17:26.172+0000] {processor.py:183} INFO - Processing /home/airflow/.local/lib/python3.8/site-packages/airflow/example_dags/example_setup_teardown.py took 0.478 seconds
[2025-11-03T01:17:56.299+0000] {processor.py:161} INFO - Started process (PID=486) to work on /home/airflow/.local/lib/python3.8/site-packages/airflow/example_dags/example_setup_teardown.py
[2025-11-03T01:17:56.302+0000] {processor.py:830} INFO - Processing file /home/airflow/.local/lib/python3.8/site-packages/airflow/example_dags/example_setup_teardown.py for tasks to queue
[2025-11-03T01:17:56.307+0000] {logging_mixin.py:188} INFO - [2025-11-03T01:17:56.305+0000] {dagbag.py:538} INFO - Filling up the DagBag from /home/airflow/.local/lib/python3.8/site-packages/airflow/example_dags/example_setup_teardown.py
[2025-11-03T01:17:56.325+0000] {processor.py:840} INFO - DAG(s) 'example_setup_teardown' retrieved from /home/airflow/.local/lib/python3.8/site-packages/airflow/example_dags/example_setup_teardown.py
[2025-11-03T01:17:56.404+0000] {logging_mixin.py:188} INFO - [2025-11-03T01:17:56.403+0000] {dag.py:3036} INFO - Sync 1 DAGs
[2025-11-03T01:17:56.470+0000] {logging_mixin.py:188} INFO - [2025-11-03T01:17:56.470+0000] {dag.py:3823} INFO - Setting next_dagrun for example_setup_teardown to 2025-11-02 00:00:00+00:00, run_after=2025-11-03 00:00:00+00:00
[2025-11-03T01:17:56.516+0000] {processor.py:183} INFO - Processing /home/airflow/.local/lib/python3.8/site-packages/airflow/example_dags/example_setup_teardown.py took 0.228 seconds
[2025-11-03T01:18:27.912+0000] {processor.py:161} INFO - Started process (PID=541) to work on /home/airflow/.local/lib/python3.8/site-packages/airflow/example_dags/example_setup_teardown.py
[2025-11-03T01:18:27.923+0000] {processor.py:830} INFO - Processing file /home/airflow/.local/lib/python3.8/site-packages/airflow/example_dags/example_setup_teardown.py for tasks to queue
[2025-11-03T01:18:27.965+0000] {logging_mixin.py:188} INFO - [2025-11-03T01:18:27.964+0000] {dagbag.py:538} INFO - Filling up the DagBag from /home/airflow/.local/lib/python3.8/site-packages/airflow/example_dags/example_setup_teardown.py
[2025-11-03T01:18:28.081+0000] {processor.py:840} INFO - DAG(s) 'example_setup_teardown' retrieved from /home/airflow/.local/lib/python3.8/site-packages/airflow/example_dags/example_setup_teardown.py
[2025-11-03T01:18:28.379+0000] {logging_mixin.py:188} INFO - [2025-11-03T01:18:28.378+0000] {dag.py:3036} INFO - Sync 1 DAGs
[2025-11-03T01:18:28.530+0000] {logging_mixin.py:188} INFO - [2025-11-03T01:18:28.530+0000] {dag.py:3823} INFO - Setting next_dagrun for example_setup_teardown to 2025-11-02 00:00:00+00:00, run_after=2025-11-03 00:00:00+00:00
[2025-11-03T01:18:28.645+0000] {processor.py:183} INFO - Processing /home/airflow/.local/lib/python3.8/site-packages/airflow/example_dags/example_setup_teardown.py took 0.833 seconds
[2025-11-03T01:18:59.489+0000] {processor.py:161} INFO - Started process (PID=596) to work on /home/airflow/.local/lib/python3.8/site-packages/airflow/example_dags/example_setup_teardown.py
[2025-11-03T01:18:59.504+0000] {processor.py:830} INFO - Processing file /home/airflow/.local/lib/python3.8/site-packages/airflow/example_dags/example_setup_teardown.py for tasks to queue
[2025-11-03T01:18:59.510+0000] {logging_mixin.py:188} INFO - [2025-11-03T01:18:59.509+0000] {dagbag.py:538} INFO - Filling up the DagBag from /home/airflow/.local/lib/python3.8/site-packages/airflow/example_dags/example_setup_teardown.py
[2025-11-03T01:18:59.554+0000] {processor.py:840} INFO - DAG(s) 'example_setup_teardown' retrieved from /home/airflow/.local/lib/python3.8/site-packages/airflow/example_dags/example_setup_teardown.py
[2025-11-03T01:18:59.779+0000] {logging_mixin.py:188} INFO - [2025-11-03T01:18:59.778+0000] {dag.py:3036} INFO - Sync 1 DAGs
[2025-11-03T01:18:59.912+0000] {logging_mixin.py:188} INFO - [2025-11-03T01:18:59.911+0000] {dag.py:3823} INFO - Setting next_dagrun for example_setup_teardown to 2025-11-02 00:00:00+00:00, run_after=2025-11-03 00:00:00+00:00
[2025-11-03T01:19:00.030+0000] {processor.py:183} INFO - Processing /home/airflow/.local/lib/python3.8/site-packages/airflow/example_dags/example_setup_teardown.py took 0.563 seconds
[2025-11-03T01:19:30.490+0000] {processor.py:161} INFO - Started process (PID=651) to work on /home/airflow/.local/lib/python3.8/site-packages/airflow/example_dags/example_setup_teardown.py
[2025-11-03T01:19:30.493+0000] {processor.py:830} INFO - Processing file /home/airflow/.local/lib/python3.8/site-packages/airflow/example_dags/example_setup_teardown.py for tasks to queue
[2025-11-03T01:19:30.498+0000] {logging_mixin.py:188} INFO - [2025-11-03T01:19:30.497+0000] {dagbag.py:538} INFO - Filling up the DagBag from /home/airflow/.local/lib/python3.8/site-packages/airflow/example_dags/example_setup_teardown.py
[2025-11-03T01:19:30.527+0000] {processor.py:840} INFO - DAG(s) 'example_setup_teardown' retrieved from /home/airflow/.local/lib/python3.8/site-packages/airflow/example_dags/example_setup_teardown.py
[2025-11-03T01:19:30.628+0000] {logging_mixin.py:188} INFO - [2025-11-03T01:19:30.627+0000] {dag.py:3036} INFO - Sync 1 DAGs
[2025-11-03T01:19:30.687+0000] {logging_mixin.py:188} INFO - [2025-11-03T01:19:30.686+0000] {dag.py:3823} INFO - Setting next_dagrun for example_setup_teardown to 2025-11-02 00:00:00+00:00, run_after=2025-11-03 00:00:00+00:00
[2025-11-03T01:19:30.742+0000] {processor.py:183} INFO - Processing /home/airflow/.local/lib/python3.8/site-packages/airflow/example_dags/example_setup_teardown.py took 0.262 seconds
[2025-11-03T01:20:03.480+0000] {processor.py:161} INFO - Started process (PID=711) to work on /home/airflow/.local/lib/python3.8/site-packages/airflow/example_dags/example_setup_teardown.py
[2025-11-03T01:20:03.486+0000] {processor.py:830} INFO - Processing file /home/airflow/.local/lib/python3.8/site-packages/airflow/example_dags/example_setup_teardown.py for tasks to queue
[2025-11-03T01:20:03.502+0000] {logging_mixin.py:188} INFO - [2025-11-03T01:20:03.499+0000] {dagbag.py:538} INFO - Filling up the DagBag from /home/airflow/.local/lib/python3.8/site-packages/airflow/example_dags/example_setup_teardown.py
[2025-11-03T01:20:03.555+0000] {processor.py:840} INFO - DAG(s) 'example_setup_teardown' retrieved from /home/airflow/.local/lib/python3.8/site-packages/airflow/example_dags/example_setup_teardown.py
[2025-11-03T01:20:03.728+0000] {logging_mixin.py:188} INFO - [2025-11-03T01:20:03.727+0000] {dag.py:3036} INFO - Sync 1 DAGs
[2025-11-03T01:20:03.947+0000] {logging_mixin.py:188} INFO - [2025-11-03T01:20:03.946+0000] {dag.py:3823} INFO - Setting next_dagrun for example_setup_teardown to 2025-11-02 00:00:00+00:00, run_after=2025-11-03 00:00:00+00:00
[2025-11-03T01:20:04.174+0000] {processor.py:183} INFO - Processing /home/airflow/.local/lib/python3.8/site-packages/airflow/example_dags/example_setup_teardown.py took 0.713 seconds
[2025-11-03T01:20:35.150+0000] {processor.py:161} INFO - Started process (PID=765) to work on /home/airflow/.local/lib/python3.8/site-packages/airflow/example_dags/example_setup_teardown.py
[2025-11-03T01:20:35.153+0000] {processor.py:830} INFO - Processing file /home/airflow/.local/lib/python3.8/site-packages/airflow/example_dags/example_setup_teardown.py for tasks to queue
[2025-11-03T01:20:35.159+0000] {logging_mixin.py:188} INFO - [2025-11-03T01:20:35.158+0000] {dagbag.py:538} INFO - Filling up the DagBag from /home/airflow/.local/lib/python3.8/site-packages/airflow/example_dags/example_setup_teardown.py
[2025-11-03T01:20:35.183+0000] {processor.py:840} INFO - DAG(s) 'example_setup_teardown' retrieved from /home/airflow/.local/lib/python3.8/site-packages/airflow/example_dags/example_setup_teardown.py
[2025-11-03T01:20:35.287+0000] {logging_mixin.py:188} INFO - [2025-11-03T01:20:35.286+0000] {dag.py:3036} INFO - Sync 1 DAGs
[2025-11-03T01:20:35.384+0000] {logging_mixin.py:188} INFO - [2025-11-03T01:20:35.383+0000] {dag.py:3823} INFO - Setting next_dagrun for example_setup_teardown to 2025-11-02 00:00:00+00:00, run_after=2025-11-03 00:00:00+00:00
[2025-11-03T01:20:35.458+0000] {processor.py:183} INFO - Processing /home/airflow/.local/lib/python3.8/site-packages/airflow/example_dags/example_setup_teardown.py took 0.320 seconds
[2025-11-03T01:21:12.758+0000] {processor.py:161} INFO - Started process (PID=815) to work on /home/airflow/.local/lib/python3.8/site-packages/airflow/example_dags/example_setup_teardown.py
[2025-11-03T01:21:12.762+0000] {processor.py:830} INFO - Processing file /home/airflow/.local/lib/python3.8/site-packages/airflow/example_dags/example_setup_teardown.py for tasks to queue
[2025-11-03T01:21:12.771+0000] {logging_mixin.py:188} INFO - [2025-11-03T01:21:12.770+0000] {dagbag.py:538} INFO - Filling up the DagBag from /home/airflow/.local/lib/python3.8/site-packages/airflow/example_dags/example_setup_teardown.py
[2025-11-03T01:21:12.810+0000] {processor.py:840} INFO - DAG(s) 'example_setup_teardown' retrieved from /home/airflow/.local/lib/python3.8/site-packages/airflow/example_dags/example_setup_teardown.py
[2025-11-03T01:21:12.909+0000] {logging_mixin.py:188} INFO - [2025-11-03T01:21:12.902+0000] {dag.py:3036} INFO - Sync 1 DAGs
[2025-11-03T01:21:13.136+0000] {logging_mixin.py:188} INFO - [2025-11-03T01:21:13.131+0000] {dag.py:3823} INFO - Setting next_dagrun for example_setup_teardown to 2025-11-02 00:00:00+00:00, run_after=2025-11-03 00:00:00+00:00
[2025-11-03T01:21:13.307+0000] {processor.py:183} INFO - Processing /home/airflow/.local/lib/python3.8/site-packages/airflow/example_dags/example_setup_teardown.py took 0.568 seconds
[2025-11-03T01:25:36.882+0000] {processor.py:161} INFO - Started process (PID=90) to work on /home/airflow/.local/lib/python3.8/site-packages/airflow/example_dags/example_setup_teardown.py
[2025-11-03T01:25:36.889+0000] {processor.py:830} INFO - Processing file /home/airflow/.local/lib/python3.8/site-packages/airflow/example_dags/example_setup_teardown.py for tasks to queue
[2025-11-03T01:25:36.896+0000] {logging_mixin.py:188} INFO - [2025-11-03T01:25:36.894+0000] {dagbag.py:538} INFO - Filling up the DagBag from /home/airflow/.local/lib/python3.8/site-packages/airflow/example_dags/example_setup_teardown.py
[2025-11-03T01:25:36.929+0000] {processor.py:840} INFO - DAG(s) 'example_setup_teardown' retrieved from /home/airflow/.local/lib/python3.8/site-packages/airflow/example_dags/example_setup_teardown.py
[2025-11-03T01:25:37.061+0000] {logging_mixin.py:188} INFO - [2025-11-03T01:25:37.060+0000] {dag.py:3036} INFO - Sync 1 DAGs
[2025-11-03T01:25:37.180+0000] {logging_mixin.py:188} INFO - [2025-11-03T01:25:37.179+0000] {dag.py:3823} INFO - Setting next_dagrun for example_setup_teardown to 2025-11-02 00:00:00+00:00, run_after=2025-11-03 00:00:00+00:00
[2025-11-03T01:25:37.256+0000] {processor.py:183} INFO - Processing /home/airflow/.local/lib/python3.8/site-packages/airflow/example_dags/example_setup_teardown.py took 0.394 seconds
[2025-11-03T01:26:07.409+0000] {processor.py:161} INFO - Started process (PID=147) to work on /home/airflow/.local/lib/python3.8/site-packages/airflow/example_dags/example_setup_teardown.py
[2025-11-03T01:26:07.413+0000] {processor.py:830} INFO - Processing file /home/airflow/.local/lib/python3.8/site-packages/airflow/example_dags/example_setup_teardown.py for tasks to queue
[2025-11-03T01:26:07.419+0000] {logging_mixin.py:188} INFO - [2025-11-03T01:26:07.418+0000] {dagbag.py:538} INFO - Filling up the DagBag from /home/airflow/.local/lib/python3.8/site-packages/airflow/example_dags/example_setup_teardown.py
[2025-11-03T01:26:07.439+0000] {processor.py:840} INFO - DAG(s) 'example_setup_teardown' retrieved from /home/airflow/.local/lib/python3.8/site-packages/airflow/example_dags/example_setup_teardown.py
[2025-11-03T01:26:07.480+0000] {logging_mixin.py:188} INFO - [2025-11-03T01:26:07.480+0000] {dag.py:3036} INFO - Sync 1 DAGs
[2025-11-03T01:26:07.525+0000] {logging_mixin.py:188} INFO - [2025-11-03T01:26:07.524+0000] {dag.py:3823} INFO - Setting next_dagrun for example_setup_teardown to 2025-11-02 00:00:00+00:00, run_after=2025-11-03 00:00:00+00:00
[2025-11-03T01:26:07.565+0000] {processor.py:183} INFO - Processing /home/airflow/.local/lib/python3.8/site-packages/airflow/example_dags/example_setup_teardown.py took 0.168 seconds
[2025-11-03T01:26:37.807+0000] {processor.py:161} INFO - Started process (PID=202) to work on /home/airflow/.local/lib/python3.8/site-packages/airflow/example_dags/example_setup_teardown.py
[2025-11-03T01:26:37.810+0000] {processor.py:830} INFO - Processing file /home/airflow/.local/lib/python3.8/site-packages/airflow/example_dags/example_setup_teardown.py for tasks to queue
[2025-11-03T01:26:37.817+0000] {logging_mixin.py:188} INFO - [2025-11-03T01:26:37.816+0000] {dagbag.py:538} INFO - Filling up the DagBag from /home/airflow/.local/lib/python3.8/site-packages/airflow/example_dags/example_setup_teardown.py
[2025-11-03T01:26:37.837+0000] {processor.py:840} INFO - DAG(s) 'example_setup_teardown' retrieved from /home/airflow/.local/lib/python3.8/site-packages/airflow/example_dags/example_setup_teardown.py
[2025-11-03T01:26:37.879+0000] {logging_mixin.py:188} INFO - [2025-11-03T01:26:37.878+0000] {dag.py:3036} INFO - Sync 1 DAGs
[2025-11-03T01:26:37.924+0000] {logging_mixin.py:188} INFO - [2025-11-03T01:26:37.924+0000] {dag.py:3823} INFO - Setting next_dagrun for example_setup_teardown to 2025-11-02 00:00:00+00:00, run_after=2025-11-03 00:00:00+00:00
[2025-11-03T01:26:37.961+0000] {processor.py:183} INFO - Processing /home/airflow/.local/lib/python3.8/site-packages/airflow/example_dags/example_setup_teardown.py took 0.167 seconds
[2025-11-03T01:27:12.137+0000] {processor.py:161} INFO - Started process (PID=257) to work on /home/airflow/.local/lib/python3.8/site-packages/airflow/example_dags/example_setup_teardown.py
[2025-11-03T01:27:12.141+0000] {processor.py:830} INFO - Processing file /home/airflow/.local/lib/python3.8/site-packages/airflow/example_dags/example_setup_teardown.py for tasks to queue
[2025-11-03T01:27:12.156+0000] {logging_mixin.py:188} INFO - [2025-11-03T01:27:12.154+0000] {dagbag.py:538} INFO - Filling up the DagBag from /home/airflow/.local/lib/python3.8/site-packages/airflow/example_dags/example_setup_teardown.py
[2025-11-03T01:27:12.194+0000] {processor.py:840} INFO - DAG(s) 'example_setup_teardown' retrieved from /home/airflow/.local/lib/python3.8/site-packages/airflow/example_dags/example_setup_teardown.py
[2025-11-03T01:27:12.283+0000] {logging_mixin.py:188} INFO - [2025-11-03T01:27:12.283+0000] {dag.py:3036} INFO - Sync 1 DAGs
[2025-11-03T01:27:12.370+0000] {logging_mixin.py:188} INFO - [2025-11-03T01:27:12.369+0000] {dag.py:3823} INFO - Setting next_dagrun for example_setup_teardown to 2025-11-02 00:00:00+00:00, run_after=2025-11-03 00:00:00+00:00
[2025-11-03T01:27:12.444+0000] {processor.py:183} INFO - Processing /home/airflow/.local/lib/python3.8/site-packages/airflow/example_dags/example_setup_teardown.py took 0.321 seconds
[2025-11-03T01:27:44.360+0000] {processor.py:161} INFO - Started process (PID=311) to work on /home/airflow/.local/lib/python3.8/site-packages/airflow/example_dags/example_setup_teardown.py
[2025-11-03T01:27:44.364+0000] {processor.py:830} INFO - Processing file /home/airflow/.local/lib/python3.8/site-packages/airflow/example_dags/example_setup_teardown.py for tasks to queue
[2025-11-03T01:27:44.373+0000] {logging_mixin.py:188} INFO - [2025-11-03T01:27:44.372+0000] {dagbag.py:538} INFO - Filling up the DagBag from /home/airflow/.local/lib/python3.8/site-packages/airflow/example_dags/example_setup_teardown.py
[2025-11-03T01:27:44.395+0000] {processor.py:840} INFO - DAG(s) 'example_setup_teardown' retrieved from /home/airflow/.local/lib/python3.8/site-packages/airflow/example_dags/example_setup_teardown.py
[2025-11-03T01:27:44.473+0000] {logging_mixin.py:188} INFO - [2025-11-03T01:27:44.472+0000] {dag.py:3036} INFO - Sync 1 DAGs
[2025-11-03T01:27:44.549+0000] {logging_mixin.py:188} INFO - [2025-11-03T01:27:44.548+0000] {dag.py:3823} INFO - Setting next_dagrun for example_setup_teardown to 2025-11-02 00:00:00+00:00, run_after=2025-11-03 00:00:00+00:00
[2025-11-03T01:27:44.642+0000] {processor.py:183} INFO - Processing /home/airflow/.local/lib/python3.8/site-packages/airflow/example_dags/example_setup_teardown.py took 0.295 seconds
[2025-11-03T01:28:15.942+0000] {processor.py:161} INFO - Started process (PID=365) to work on /home/airflow/.local/lib/python3.8/site-packages/airflow/example_dags/example_setup_teardown.py
[2025-11-03T01:28:15.948+0000] {processor.py:830} INFO - Processing file /home/airflow/.local/lib/python3.8/site-packages/airflow/example_dags/example_setup_teardown.py for tasks to queue
[2025-11-03T01:28:15.959+0000] {logging_mixin.py:188} INFO - [2025-11-03T01:28:15.958+0000] {dagbag.py:538} INFO - Filling up the DagBag from /home/airflow/.local/lib/python3.8/site-packages/airflow/example_dags/example_setup_teardown.py
[2025-11-03T01:28:15.986+0000] {processor.py:840} INFO - DAG(s) 'example_setup_teardown' retrieved from /home/airflow/.local/lib/python3.8/site-packages/airflow/example_dags/example_setup_teardown.py
[2025-11-03T01:28:16.112+0000] {logging_mixin.py:188} INFO - [2025-11-03T01:28:16.111+0000] {dag.py:3036} INFO - Sync 1 DAGs
[2025-11-03T01:28:16.174+0000] {logging_mixin.py:188} INFO - [2025-11-03T01:28:16.174+0000] {dag.py:3823} INFO - Setting next_dagrun for example_setup_teardown to 2025-11-02 00:00:00+00:00, run_after=2025-11-03 00:00:00+00:00
[2025-11-03T01:28:16.235+0000] {processor.py:183} INFO - Processing /home/airflow/.local/lib/python3.8/site-packages/airflow/example_dags/example_setup_teardown.py took 0.312 seconds
[2025-11-03T01:28:46.574+0000] {processor.py:161} INFO - Started process (PID=419) to work on /home/airflow/.local/lib/python3.8/site-packages/airflow/example_dags/example_setup_teardown.py
[2025-11-03T01:28:46.576+0000] {processor.py:830} INFO - Processing file /home/airflow/.local/lib/python3.8/site-packages/airflow/example_dags/example_setup_teardown.py for tasks to queue
[2025-11-03T01:28:46.582+0000] {logging_mixin.py:188} INFO - [2025-11-03T01:28:46.581+0000] {dagbag.py:538} INFO - Filling up the DagBag from /home/airflow/.local/lib/python3.8/site-packages/airflow/example_dags/example_setup_teardown.py
[2025-11-03T01:28:46.598+0000] {processor.py:840} INFO - DAG(s) 'example_setup_teardown' retrieved from /home/airflow/.local/lib/python3.8/site-packages/airflow/example_dags/example_setup_teardown.py
[2025-11-03T01:28:46.845+0000] {logging_mixin.py:188} INFO - [2025-11-03T01:28:46.844+0000] {dag.py:3036} INFO - Sync 1 DAGs
[2025-11-03T01:28:46.890+0000] {logging_mixin.py:188} INFO - [2025-11-03T01:28:46.890+0000] {dag.py:3823} INFO - Setting next_dagrun for example_setup_teardown to 2025-11-02 00:00:00+00:00, run_after=2025-11-03 00:00:00+00:00
[2025-11-03T01:28:46.937+0000] {processor.py:183} INFO - Processing /home/airflow/.local/lib/python3.8/site-packages/airflow/example_dags/example_setup_teardown.py took 0.375 seconds
[2025-11-03T01:29:19.804+0000] {processor.py:161} INFO - Started process (PID=472) to work on /home/airflow/.local/lib/python3.8/site-packages/airflow/example_dags/example_setup_teardown.py
[2025-11-03T01:29:19.808+0000] {processor.py:830} INFO - Processing file /home/airflow/.local/lib/python3.8/site-packages/airflow/example_dags/example_setup_teardown.py for tasks to queue
[2025-11-03T01:29:19.837+0000] {logging_mixin.py:188} INFO - [2025-11-03T01:29:19.833+0000] {dagbag.py:538} INFO - Filling up the DagBag from /home/airflow/.local/lib/python3.8/site-packages/airflow/example_dags/example_setup_teardown.py
[2025-11-03T01:29:19.866+0000] {processor.py:840} INFO - DAG(s) 'example_setup_teardown' retrieved from /home/airflow/.local/lib/python3.8/site-packages/airflow/example_dags/example_setup_teardown.py
[2025-11-03T01:29:19.945+0000] {logging_mixin.py:188} INFO - [2025-11-03T01:29:19.944+0000] {dag.py:3036} INFO - Sync 1 DAGs
[2025-11-03T01:29:20.012+0000] {logging_mixin.py:188} INFO - [2025-11-03T01:29:20.011+0000] {dag.py:3823} INFO - Setting next_dagrun for example_setup_teardown to 2025-11-02 00:00:00+00:00, run_after=2025-11-03 00:00:00+00:00
[2025-11-03T01:29:20.061+0000] {processor.py:183} INFO - Processing /home/airflow/.local/lib/python3.8/site-packages/airflow/example_dags/example_setup_teardown.py took 0.275 seconds
[2025-11-03T01:30:12.725+0000] {processor.py:161} INFO - Started process (PID=528) to work on /home/airflow/.local/lib/python3.8/site-packages/airflow/example_dags/example_setup_teardown.py
[2025-11-03T01:30:12.761+0000] {processor.py:830} INFO - Processing file /home/airflow/.local/lib/python3.8/site-packages/airflow/example_dags/example_setup_teardown.py for tasks to queue
[2025-11-03T01:30:12.950+0000] {logging_mixin.py:188} INFO - [2025-11-03T01:30:12.948+0000] {dagbag.py:538} INFO - Filling up the DagBag from /home/airflow/.local/lib/python3.8/site-packages/airflow/example_dags/example_setup_teardown.py
[2025-11-03T01:30:13.260+0000] {processor.py:840} INFO - DAG(s) 'example_setup_teardown' retrieved from /home/airflow/.local/lib/python3.8/site-packages/airflow/example_dags/example_setup_teardown.py
[2025-11-03T01:30:14.232+0000] {logging_mixin.py:188} INFO - [2025-11-03T01:30:14.226+0000] {dag.py:3036} INFO - Sync 1 DAGs
[2025-11-03T01:30:15.212+0000] {logging_mixin.py:188} INFO - [2025-11-03T01:30:15.199+0000] {dag.py:3823} INFO - Setting next_dagrun for example_setup_teardown to 2025-11-02 00:00:00+00:00, run_after=2025-11-03 00:00:00+00:00
[2025-11-03T01:30:15.784+0000] {processor.py:183} INFO - Processing /home/airflow/.local/lib/python3.8/site-packages/airflow/example_dags/example_setup_teardown.py took 2.660 seconds
[2025-11-03T01:31:13.812+0000] {processor.py:161} INFO - Started process (PID=588) to work on /home/airflow/.local/lib/python3.8/site-packages/airflow/example_dags/example_setup_teardown.py
[2025-11-03T01:31:13.817+0000] {processor.py:830} INFO - Processing file /home/airflow/.local/lib/python3.8/site-packages/airflow/example_dags/example_setup_teardown.py for tasks to queue
[2025-11-03T01:31:13.824+0000] {logging_mixin.py:188} INFO - [2025-11-03T01:31:13.823+0000] {dagbag.py:538} INFO - Filling up the DagBag from /home/airflow/.local/lib/python3.8/site-packages/airflow/example_dags/example_setup_teardown.py
[2025-11-03T01:31:13.851+0000] {processor.py:840} INFO - DAG(s) 'example_setup_teardown' retrieved from /home/airflow/.local/lib/python3.8/site-packages/airflow/example_dags/example_setup_teardown.py
[2025-11-03T01:31:13.953+0000] {logging_mixin.py:188} INFO - [2025-11-03T01:31:13.952+0000] {dag.py:3036} INFO - Sync 1 DAGs
[2025-11-03T01:31:14.021+0000] {logging_mixin.py:188} INFO - [2025-11-03T01:31:14.020+0000] {dag.py:3823} INFO - Setting next_dagrun for example_setup_teardown to 2025-11-02 00:00:00+00:00, run_after=2025-11-03 00:00:00+00:00
[2025-11-03T01:31:14.076+0000] {processor.py:183} INFO - Processing /home/airflow/.local/lib/python3.8/site-packages/airflow/example_dags/example_setup_teardown.py took 0.278 seconds
[2025-11-03T01:31:47.433+0000] {processor.py:161} INFO - Started process (PID=642) to work on /home/airflow/.local/lib/python3.8/site-packages/airflow/example_dags/example_setup_teardown.py
[2025-11-03T01:31:47.436+0000] {processor.py:830} INFO - Processing file /home/airflow/.local/lib/python3.8/site-packages/airflow/example_dags/example_setup_teardown.py for tasks to queue
[2025-11-03T01:31:47.448+0000] {logging_mixin.py:188} INFO - [2025-11-03T01:31:47.442+0000] {dagbag.py:538} INFO - Filling up the DagBag from /home/airflow/.local/lib/python3.8/site-packages/airflow/example_dags/example_setup_teardown.py
[2025-11-03T01:31:47.479+0000] {processor.py:840} INFO - DAG(s) 'example_setup_teardown' retrieved from /home/airflow/.local/lib/python3.8/site-packages/airflow/example_dags/example_setup_teardown.py
[2025-11-03T01:31:47.623+0000] {logging_mixin.py:188} INFO - [2025-11-03T01:31:47.622+0000] {dag.py:3036} INFO - Sync 1 DAGs
[2025-11-03T01:31:47.718+0000] {logging_mixin.py:188} INFO - [2025-11-03T01:31:47.717+0000] {dag.py:3823} INFO - Setting next_dagrun for example_setup_teardown to 2025-11-02 00:00:00+00:00, run_after=2025-11-03 00:00:00+00:00
[2025-11-03T01:31:47.816+0000] {processor.py:183} INFO - Processing /home/airflow/.local/lib/python3.8/site-packages/airflow/example_dags/example_setup_teardown.py took 0.400 seconds
[2025-11-03T01:32:18.910+0000] {processor.py:161} INFO - Started process (PID=696) to work on /home/airflow/.local/lib/python3.8/site-packages/airflow/example_dags/example_setup_teardown.py
[2025-11-03T01:32:18.921+0000] {processor.py:830} INFO - Processing file /home/airflow/.local/lib/python3.8/site-packages/airflow/example_dags/example_setup_teardown.py for tasks to queue
[2025-11-03T01:32:18.942+0000] {logging_mixin.py:188} INFO - [2025-11-03T01:32:18.940+0000] {dagbag.py:538} INFO - Filling up the DagBag from /home/airflow/.local/lib/python3.8/site-packages/airflow/example_dags/example_setup_teardown.py
[2025-11-03T01:32:19.033+0000] {processor.py:840} INFO - DAG(s) 'example_setup_teardown' retrieved from /home/airflow/.local/lib/python3.8/site-packages/airflow/example_dags/example_setup_teardown.py
[2025-11-03T01:32:19.158+0000] {logging_mixin.py:188} INFO - [2025-11-03T01:32:19.158+0000] {dag.py:3036} INFO - Sync 1 DAGs
[2025-11-03T01:32:19.271+0000] {logging_mixin.py:188} INFO - [2025-11-03T01:32:19.269+0000] {dag.py:3823} INFO - Setting next_dagrun for example_setup_teardown to 2025-11-02 00:00:00+00:00, run_after=2025-11-03 00:00:00+00:00
[2025-11-03T01:32:19.350+0000] {processor.py:183} INFO - Processing /home/airflow/.local/lib/python3.8/site-packages/airflow/example_dags/example_setup_teardown.py took 0.456 seconds
[2025-11-03T01:32:52.329+0000] {processor.py:161} INFO - Started process (PID=750) to work on /home/airflow/.local/lib/python3.8/site-packages/airflow/example_dags/example_setup_teardown.py
[2025-11-03T01:32:52.344+0000] {processor.py:830} INFO - Processing file /home/airflow/.local/lib/python3.8/site-packages/airflow/example_dags/example_setup_teardown.py for tasks to queue
[2025-11-03T01:32:52.382+0000] {logging_mixin.py:188} INFO - [2025-11-03T01:32:52.380+0000] {dagbag.py:538} INFO - Filling up the DagBag from /home/airflow/.local/lib/python3.8/site-packages/airflow/example_dags/example_setup_teardown.py
[2025-11-03T01:32:52.450+0000] {processor.py:840} INFO - DAG(s) 'example_setup_teardown' retrieved from /home/airflow/.local/lib/python3.8/site-packages/airflow/example_dags/example_setup_teardown.py
[2025-11-03T01:32:52.772+0000] {logging_mixin.py:188} INFO - [2025-11-03T01:32:52.771+0000] {dag.py:3036} INFO - Sync 1 DAGs
[2025-11-03T01:32:53.086+0000] {logging_mixin.py:188} INFO - [2025-11-03T01:32:53.085+0000] {dag.py:3823} INFO - Setting next_dagrun for example_setup_teardown to 2025-11-02 00:00:00+00:00, run_after=2025-11-03 00:00:00+00:00
[2025-11-03T01:32:53.731+0000] {processor.py:183} INFO - Processing /home/airflow/.local/lib/python3.8/site-packages/airflow/example_dags/example_setup_teardown.py took 1.503 seconds
[2025-11-03T01:33:39.527+0000] {processor.py:161} INFO - Started process (PID=806) to work on /home/airflow/.local/lib/python3.8/site-packages/airflow/example_dags/example_setup_teardown.py
[2025-11-03T01:33:39.534+0000] {processor.py:830} INFO - Processing file /home/airflow/.local/lib/python3.8/site-packages/airflow/example_dags/example_setup_teardown.py for tasks to queue
[2025-11-03T01:33:39.546+0000] {logging_mixin.py:188} INFO - [2025-11-03T01:33:39.542+0000] {dagbag.py:538} INFO - Filling up the DagBag from /home/airflow/.local/lib/python3.8/site-packages/airflow/example_dags/example_setup_teardown.py
[2025-11-03T01:33:39.577+0000] {processor.py:840} INFO - DAG(s) 'example_setup_teardown' retrieved from /home/airflow/.local/lib/python3.8/site-packages/airflow/example_dags/example_setup_teardown.py
[2025-11-03T01:33:39.691+0000] {logging_mixin.py:188} INFO - [2025-11-03T01:33:39.690+0000] {dag.py:3036} INFO - Sync 1 DAGs
[2025-11-03T01:33:39.851+0000] {logging_mixin.py:188} INFO - [2025-11-03T01:33:39.850+0000] {dag.py:3823} INFO - Setting next_dagrun for example_setup_teardown to 2025-11-02 00:00:00+00:00, run_after=2025-11-03 00:00:00+00:00
[2025-11-03T01:33:40.065+0000] {processor.py:183} INFO - Processing /home/airflow/.local/lib/python3.8/site-packages/airflow/example_dags/example_setup_teardown.py took 0.553 seconds
[2025-11-03T01:34:14.405+0000] {processor.py:161} INFO - Started process (PID=862) to work on /home/airflow/.local/lib/python3.8/site-packages/airflow/example_dags/example_setup_teardown.py
[2025-11-03T01:34:14.409+0000] {processor.py:830} INFO - Processing file /home/airflow/.local/lib/python3.8/site-packages/airflow/example_dags/example_setup_teardown.py for tasks to queue
[2025-11-03T01:34:14.421+0000] {logging_mixin.py:188} INFO - [2025-11-03T01:34:14.419+0000] {dagbag.py:538} INFO - Filling up the DagBag from /home/airflow/.local/lib/python3.8/site-packages/airflow/example_dags/example_setup_teardown.py
[2025-11-03T01:34:14.463+0000] {processor.py:840} INFO - DAG(s) 'example_setup_teardown' retrieved from /home/airflow/.local/lib/python3.8/site-packages/airflow/example_dags/example_setup_teardown.py
[2025-11-03T01:34:14.614+0000] {logging_mixin.py:188} INFO - [2025-11-03T01:34:14.609+0000] {dag.py:3036} INFO - Sync 1 DAGs
[2025-11-03T01:34:14.802+0000] {logging_mixin.py:188} INFO - [2025-11-03T01:34:14.800+0000] {dag.py:3823} INFO - Setting next_dagrun for example_setup_teardown to 2025-11-02 00:00:00+00:00, run_after=2025-11-03 00:00:00+00:00
[2025-11-03T01:34:14.969+0000] {processor.py:183} INFO - Processing /home/airflow/.local/lib/python3.8/site-packages/airflow/example_dags/example_setup_teardown.py took 0.583 seconds
[2025-11-03T01:34:47.566+0000] {processor.py:161} INFO - Started process (PID=915) to work on /home/airflow/.local/lib/python3.8/site-packages/airflow/example_dags/example_setup_teardown.py
[2025-11-03T01:34:47.571+0000] {processor.py:830} INFO - Processing file /home/airflow/.local/lib/python3.8/site-packages/airflow/example_dags/example_setup_teardown.py for tasks to queue
[2025-11-03T01:34:47.617+0000] {logging_mixin.py:188} INFO - [2025-11-03T01:34:47.616+0000] {dagbag.py:538} INFO - Filling up the DagBag from /home/airflow/.local/lib/python3.8/site-packages/airflow/example_dags/example_setup_teardown.py
[2025-11-03T01:34:47.783+0000] {processor.py:840} INFO - DAG(s) 'example_setup_teardown' retrieved from /home/airflow/.local/lib/python3.8/site-packages/airflow/example_dags/example_setup_teardown.py
[2025-11-03T01:34:48.140+0000] {logging_mixin.py:188} INFO - [2025-11-03T01:34:48.127+0000] {dag.py:3036} INFO - Sync 1 DAGs
[2025-11-03T01:34:48.365+0000] {logging_mixin.py:188} INFO - [2025-11-03T01:34:48.364+0000] {dag.py:3823} INFO - Setting next_dagrun for example_setup_teardown to 2025-11-02 00:00:00+00:00, run_after=2025-11-03 00:00:00+00:00
[2025-11-03T01:34:48.476+0000] {processor.py:183} INFO - Processing /home/airflow/.local/lib/python3.8/site-packages/airflow/example_dags/example_setup_teardown.py took 0.988 seconds
[2025-11-03T01:35:19.579+0000] {processor.py:161} INFO - Started process (PID=969) to work on /home/airflow/.local/lib/python3.8/site-packages/airflow/example_dags/example_setup_teardown.py
[2025-11-03T01:35:19.583+0000] {processor.py:830} INFO - Processing file /home/airflow/.local/lib/python3.8/site-packages/airflow/example_dags/example_setup_teardown.py for tasks to queue
[2025-11-03T01:35:19.590+0000] {logging_mixin.py:188} INFO - [2025-11-03T01:35:19.589+0000] {dagbag.py:538} INFO - Filling up the DagBag from /home/airflow/.local/lib/python3.8/site-packages/airflow/example_dags/example_setup_teardown.py
[2025-11-03T01:35:19.618+0000] {processor.py:840} INFO - DAG(s) 'example_setup_teardown' retrieved from /home/airflow/.local/lib/python3.8/site-packages/airflow/example_dags/example_setup_teardown.py
[2025-11-03T01:35:19.711+0000] {logging_mixin.py:188} INFO - [2025-11-03T01:35:19.711+0000] {dag.py:3036} INFO - Sync 1 DAGs
[2025-11-03T01:35:19.782+0000] {logging_mixin.py:188} INFO - [2025-11-03T01:35:19.781+0000] {dag.py:3823} INFO - Setting next_dagrun for example_setup_teardown to 2025-11-02 00:00:00+00:00, run_after=2025-11-03 00:00:00+00:00
[2025-11-03T01:35:19.839+0000] {processor.py:183} INFO - Processing /home/airflow/.local/lib/python3.8/site-packages/airflow/example_dags/example_setup_teardown.py took 0.273 seconds
[2025-11-03T01:35:50.219+0000] {processor.py:161} INFO - Started process (PID=1024) to work on /home/airflow/.local/lib/python3.8/site-packages/airflow/example_dags/example_setup_teardown.py
[2025-11-03T01:35:50.226+0000] {processor.py:830} INFO - Processing file /home/airflow/.local/lib/python3.8/site-packages/airflow/example_dags/example_setup_teardown.py for tasks to queue
[2025-11-03T01:35:50.234+0000] {logging_mixin.py:188} INFO - [2025-11-03T01:35:50.233+0000] {dagbag.py:538} INFO - Filling up the DagBag from /home/airflow/.local/lib/python3.8/site-packages/airflow/example_dags/example_setup_teardown.py
[2025-11-03T01:35:50.264+0000] {processor.py:840} INFO - DAG(s) 'example_setup_teardown' retrieved from /home/airflow/.local/lib/python3.8/site-packages/airflow/example_dags/example_setup_teardown.py
[2025-11-03T01:35:50.349+0000] {logging_mixin.py:188} INFO - [2025-11-03T01:35:50.348+0000] {dag.py:3036} INFO - Sync 1 DAGs
[2025-11-03T01:35:50.441+0000] {logging_mixin.py:188} INFO - [2025-11-03T01:35:50.440+0000] {dag.py:3823} INFO - Setting next_dagrun for example_setup_teardown to 2025-11-02 00:00:00+00:00, run_after=2025-11-03 00:00:00+00:00
[2025-11-03T01:35:50.513+0000] {processor.py:183} INFO - Processing /home/airflow/.local/lib/python3.8/site-packages/airflow/example_dags/example_setup_teardown.py took 0.317 seconds
[2025-11-03T01:36:21.888+0000] {processor.py:161} INFO - Started process (PID=1079) to work on /home/airflow/.local/lib/python3.8/site-packages/airflow/example_dags/example_setup_teardown.py
[2025-11-03T01:36:21.892+0000] {processor.py:830} INFO - Processing file /home/airflow/.local/lib/python3.8/site-packages/airflow/example_dags/example_setup_teardown.py for tasks to queue
[2025-11-03T01:36:21.899+0000] {logging_mixin.py:188} INFO - [2025-11-03T01:36:21.898+0000] {dagbag.py:538} INFO - Filling up the DagBag from /home/airflow/.local/lib/python3.8/site-packages/airflow/example_dags/example_setup_teardown.py
[2025-11-03T01:36:21.929+0000] {processor.py:840} INFO - DAG(s) 'example_setup_teardown' retrieved from /home/airflow/.local/lib/python3.8/site-packages/airflow/example_dags/example_setup_teardown.py
[2025-11-03T01:36:22.010+0000] {logging_mixin.py:188} INFO - [2025-11-03T01:36:22.010+0000] {dag.py:3036} INFO - Sync 1 DAGs
[2025-11-03T01:36:22.084+0000] {logging_mixin.py:188} INFO - [2025-11-03T01:36:22.083+0000] {dag.py:3823} INFO - Setting next_dagrun for example_setup_teardown to 2025-11-02 00:00:00+00:00, run_after=2025-11-03 00:00:00+00:00
[2025-11-03T01:36:22.151+0000] {processor.py:183} INFO - Processing /home/airflow/.local/lib/python3.8/site-packages/airflow/example_dags/example_setup_teardown.py took 0.276 seconds
[2025-11-03T01:36:53.431+0000] {processor.py:161} INFO - Started process (PID=1135) to work on /home/airflow/.local/lib/python3.8/site-packages/airflow/example_dags/example_setup_teardown.py
[2025-11-03T01:36:53.434+0000] {processor.py:830} INFO - Processing file /home/airflow/.local/lib/python3.8/site-packages/airflow/example_dags/example_setup_teardown.py for tasks to queue
[2025-11-03T01:36:53.440+0000] {logging_mixin.py:188} INFO - [2025-11-03T01:36:53.439+0000] {dagbag.py:538} INFO - Filling up the DagBag from /home/airflow/.local/lib/python3.8/site-packages/airflow/example_dags/example_setup_teardown.py
[2025-11-03T01:36:53.464+0000] {processor.py:840} INFO - DAG(s) 'example_setup_teardown' retrieved from /home/airflow/.local/lib/python3.8/site-packages/airflow/example_dags/example_setup_teardown.py
[2025-11-03T01:36:53.537+0000] {logging_mixin.py:188} INFO - [2025-11-03T01:36:53.537+0000] {dag.py:3036} INFO - Sync 1 DAGs
[2025-11-03T01:36:53.623+0000] {logging_mixin.py:188} INFO - [2025-11-03T01:36:53.622+0000] {dag.py:3823} INFO - Setting next_dagrun for example_setup_teardown to 2025-11-02 00:00:00+00:00, run_after=2025-11-03 00:00:00+00:00
[2025-11-03T01:36:53.685+0000] {processor.py:183} INFO - Processing /home/airflow/.local/lib/python3.8/site-packages/airflow/example_dags/example_setup_teardown.py took 0.267 seconds
[2025-11-03T01:37:34.249+0000] {processor.py:161} INFO - Started process (PID=1183) to work on /home/airflow/.local/lib/python3.8/site-packages/airflow/example_dags/example_setup_teardown.py
[2025-11-03T01:37:34.319+0000] {processor.py:830} INFO - Processing file /home/airflow/.local/lib/python3.8/site-packages/airflow/example_dags/example_setup_teardown.py for tasks to queue
[2025-11-03T01:37:34.356+0000] {logging_mixin.py:188} INFO - [2025-11-03T01:37:34.355+0000] {dagbag.py:538} INFO - Filling up the DagBag from /home/airflow/.local/lib/python3.8/site-packages/airflow/example_dags/example_setup_teardown.py
[2025-11-03T01:37:34.509+0000] {processor.py:840} INFO - DAG(s) 'example_setup_teardown' retrieved from /home/airflow/.local/lib/python3.8/site-packages/airflow/example_dags/example_setup_teardown.py
[2025-11-03T01:37:34.785+0000] {logging_mixin.py:188} INFO - [2025-11-03T01:37:34.785+0000] {dag.py:3036} INFO - Sync 1 DAGs
[2025-11-03T01:37:35.102+0000] {logging_mixin.py:188} INFO - [2025-11-03T01:37:35.101+0000] {dag.py:3823} INFO - Setting next_dagrun for example_setup_teardown to 2025-11-02 00:00:00+00:00, run_after=2025-11-03 00:00:00+00:00
[2025-11-03T01:37:35.323+0000] {processor.py:183} INFO - Processing /home/airflow/.local/lib/python3.8/site-packages/airflow/example_dags/example_setup_teardown.py took 1.107 seconds
[2025-11-03T01:38:19.565+0000] {processor.py:161} INFO - Started process (PID=1237) to work on /home/airflow/.local/lib/python3.8/site-packages/airflow/example_dags/example_setup_teardown.py
[2025-11-03T01:38:19.583+0000] {processor.py:830} INFO - Processing file /home/airflow/.local/lib/python3.8/site-packages/airflow/example_dags/example_setup_teardown.py for tasks to queue
[2025-11-03T01:38:19.597+0000] {logging_mixin.py:188} INFO - [2025-11-03T01:38:19.595+0000] {dagbag.py:538} INFO - Filling up the DagBag from /home/airflow/.local/lib/python3.8/site-packages/airflow/example_dags/example_setup_teardown.py
[2025-11-03T01:38:19.644+0000] {processor.py:840} INFO - DAG(s) 'example_setup_teardown' retrieved from /home/airflow/.local/lib/python3.8/site-packages/airflow/example_dags/example_setup_teardown.py
[2025-11-03T01:38:19.870+0000] {logging_mixin.py:188} INFO - [2025-11-03T01:38:19.870+0000] {dag.py:3036} INFO - Sync 1 DAGs
[2025-11-03T01:38:20.009+0000] {logging_mixin.py:188} INFO - [2025-11-03T01:38:20.008+0000] {dag.py:3823} INFO - Setting next_dagrun for example_setup_teardown to 2025-11-02 00:00:00+00:00, run_after=2025-11-03 00:00:00+00:00
[2025-11-03T01:38:20.589+0000] {processor.py:183} INFO - Processing /home/airflow/.local/lib/python3.8/site-packages/airflow/example_dags/example_setup_teardown.py took 1.045 seconds
[2025-11-03T01:39:16.005+0000] {processor.py:161} INFO - Started process (PID=1298) to work on /home/airflow/.local/lib/python3.8/site-packages/airflow/example_dags/example_setup_teardown.py
[2025-11-03T01:39:16.026+0000] {processor.py:830} INFO - Processing file /home/airflow/.local/lib/python3.8/site-packages/airflow/example_dags/example_setup_teardown.py for tasks to queue
[2025-11-03T01:39:16.106+0000] {logging_mixin.py:188} INFO - [2025-11-03T01:39:16.105+0000] {dagbag.py:538} INFO - Filling up the DagBag from /home/airflow/.local/lib/python3.8/site-packages/airflow/example_dags/example_setup_teardown.py
[2025-11-03T01:39:16.214+0000] {processor.py:840} INFO - DAG(s) 'example_setup_teardown' retrieved from /home/airflow/.local/lib/python3.8/site-packages/airflow/example_dags/example_setup_teardown.py
[2025-11-03T01:39:16.461+0000] {logging_mixin.py:188} INFO - [2025-11-03T01:39:16.443+0000] {dag.py:3036} INFO - Sync 1 DAGs
[2025-11-03T01:39:17.277+0000] {logging_mixin.py:188} INFO - [2025-11-03T01:39:17.276+0000] {dag.py:3823} INFO - Setting next_dagrun for example_setup_teardown to 2025-11-02 00:00:00+00:00, run_after=2025-11-03 00:00:00+00:00
[2025-11-03T01:39:17.985+0000] {processor.py:183} INFO - Processing /home/airflow/.local/lib/python3.8/site-packages/airflow/example_dags/example_setup_teardown.py took 2.014 seconds
[2025-11-03T01:39:52.006+0000] {processor.py:161} INFO - Started process (PID=1358) to work on /home/airflow/.local/lib/python3.8/site-packages/airflow/example_dags/example_setup_teardown.py
[2025-11-03T01:39:52.009+0000] {processor.py:830} INFO - Processing file /home/airflow/.local/lib/python3.8/site-packages/airflow/example_dags/example_setup_teardown.py for tasks to queue
[2025-11-03T01:39:52.025+0000] {logging_mixin.py:188} INFO - [2025-11-03T01:39:52.024+0000] {dagbag.py:538} INFO - Filling up the DagBag from /home/airflow/.local/lib/python3.8/site-packages/airflow/example_dags/example_setup_teardown.py
[2025-11-03T01:39:52.057+0000] {processor.py:840} INFO - DAG(s) 'example_setup_teardown' retrieved from /home/airflow/.local/lib/python3.8/site-packages/airflow/example_dags/example_setup_teardown.py
[2025-11-03T01:39:52.138+0000] {logging_mixin.py:188} INFO - [2025-11-03T01:39:52.137+0000] {dag.py:3036} INFO - Sync 1 DAGs
[2025-11-03T01:39:52.250+0000] {logging_mixin.py:188} INFO - [2025-11-03T01:39:52.250+0000] {dag.py:3823} INFO - Setting next_dagrun for example_setup_teardown to 2025-11-02 00:00:00+00:00, run_after=2025-11-03 00:00:00+00:00
[2025-11-03T01:39:52.346+0000] {processor.py:183} INFO - Processing /home/airflow/.local/lib/python3.8/site-packages/airflow/example_dags/example_setup_teardown.py took 0.359 seconds
[2025-11-03T01:40:56.147+0000] {processor.py:161} INFO - Started process (PID=1411) to work on /home/airflow/.local/lib/python3.8/site-packages/airflow/example_dags/example_setup_teardown.py
[2025-11-03T01:40:56.286+0000] {processor.py:830} INFO - Processing file /home/airflow/.local/lib/python3.8/site-packages/airflow/example_dags/example_setup_teardown.py for tasks to queue
[2025-11-03T01:40:57.125+0000] {logging_mixin.py:188} INFO - [2025-11-03T01:40:57.123+0000] {dagbag.py:538} INFO - Filling up the DagBag from /home/airflow/.local/lib/python3.8/site-packages/airflow/example_dags/example_setup_teardown.py
[2025-11-03T01:41:00.023+0000] {processor.py:840} INFO - DAG(s) 'example_setup_teardown' retrieved from /home/airflow/.local/lib/python3.8/site-packages/airflow/example_dags/example_setup_teardown.py
[2025-11-03T01:41:11.052+0000] {logging_mixin.py:188} INFO - [2025-11-03T01:41:11.051+0000] {dag.py:3036} INFO - Sync 1 DAGs
[2025-11-03T01:41:15.611+0000] {logging_mixin.py:188} INFO - [2025-11-03T01:41:15.610+0000] {dag.py:3823} INFO - Setting next_dagrun for example_setup_teardown to 2025-11-02 00:00:00+00:00, run_after=2025-11-03 00:00:00+00:00
[2025-11-03T01:41:24.476+0000] {processor.py:183} INFO - Processing /home/airflow/.local/lib/python3.8/site-packages/airflow/example_dags/example_setup_teardown.py took 28.722 seconds
[2025-11-03T01:46:23.164+0000] {processor.py:161} INFO - Started process (PID=1484) to work on /home/airflow/.local/lib/python3.8/site-packages/airflow/example_dags/example_setup_teardown.py
[2025-11-03T01:46:23.690+0000] {processor.py:830} INFO - Processing file /home/airflow/.local/lib/python3.8/site-packages/airflow/example_dags/example_setup_teardown.py for tasks to queue
[2025-11-03T01:46:24.524+0000] {logging_mixin.py:188} INFO - [2025-11-03T01:46:24.523+0000] {dagbag.py:538} INFO - Filling up the DagBag from /home/airflow/.local/lib/python3.8/site-packages/airflow/example_dags/example_setup_teardown.py
[2025-11-03T01:46:25.138+0000] {processor.py:840} INFO - DAG(s) 'example_setup_teardown' retrieved from /home/airflow/.local/lib/python3.8/site-packages/airflow/example_dags/example_setup_teardown.py
[2025-11-03T01:46:28.708+0000] {logging_mixin.py:188} INFO - [2025-11-03T01:46:28.706+0000] {dag.py:3036} INFO - Sync 1 DAGs
[2025-11-03T01:46:29.839+0000] {logging_mixin.py:188} INFO - [2025-11-03T01:46:29.838+0000] {dag.py:3823} INFO - Setting next_dagrun for example_setup_teardown to 2025-11-02 00:00:00+00:00, run_after=2025-11-03 00:00:00+00:00
[2025-11-03T01:46:32.139+0000] {processor.py:183} INFO - Processing /home/airflow/.local/lib/python3.8/site-packages/airflow/example_dags/example_setup_teardown.py took 9.781 seconds
[2025-11-03T01:53:26.354+0000] {processor.py:161} INFO - Started process (PID=1592) to work on /home/airflow/.local/lib/python3.8/site-packages/airflow/example_dags/example_setup_teardown.py
[2025-11-03T01:53:26.607+0000] {processor.py:830} INFO - Processing file /home/airflow/.local/lib/python3.8/site-packages/airflow/example_dags/example_setup_teardown.py for tasks to queue
[2025-11-03T01:53:26.671+0000] {logging_mixin.py:188} INFO - [2025-11-03T01:53:26.654+0000] {dagbag.py:538} INFO - Filling up the DagBag from /home/airflow/.local/lib/python3.8/site-packages/airflow/example_dags/example_setup_teardown.py
[2025-11-03T01:53:27.951+0000] {processor.py:840} INFO - DAG(s) 'example_setup_teardown' retrieved from /home/airflow/.local/lib/python3.8/site-packages/airflow/example_dags/example_setup_teardown.py
[2025-11-03T01:53:39.626+0000] {logging_mixin.py:188} INFO - [2025-11-03T01:53:39.606+0000] {dag.py:3036} INFO - Sync 1 DAGs
[2025-11-03T01:53:40.931+0000] {logging_mixin.py:188} INFO - [2025-11-03T01:53:40.918+0000] {dag.py:3823} INFO - Setting next_dagrun for example_setup_teardown to 2025-11-02 00:00:00+00:00, run_after=2025-11-03 00:00:00+00:00
[2025-11-03T01:53:42.072+0000] {processor.py:183} INFO - Processing /home/airflow/.local/lib/python3.8/site-packages/airflow/example_dags/example_setup_teardown.py took 15.029 seconds
