[2025-11-03T01:13:39.391+0000] {processor.py:161} INFO - Started process (PID=121) to work on /home/airflow/.local/lib/python3.8/site-packages/airflow/example_dags/example_branch_operator.py
[2025-11-03T01:13:39.405+0000] {processor.py:830} INFO - Processing file /home/airflow/.local/lib/python3.8/site-packages/airflow/example_dags/example_branch_operator.py for tasks to queue
[2025-11-03T01:13:39.440+0000] {logging_mixin.py:188} INFO - [2025-11-03T01:13:39.439+0000] {dagbag.py:538} INFO - Filling up the DagBag from /home/airflow/.local/lib/python3.8/site-packages/airflow/example_dags/example_branch_operator.py
[2025-11-03T01:13:39.637+0000] {processor.py:840} INFO - DAG(s) 'example_branch_operator' retrieved from /home/airflow/.local/lib/python3.8/site-packages/airflow/example_dags/example_branch_operator.py
[2025-11-03T01:13:41.136+0000] {logging_mixin.py:188} INFO - [2025-11-03T01:13:41.135+0000] {dag.py:3036} INFO - Sync 1 DAGs
[2025-11-03T01:13:41.348+0000] {logging_mixin.py:188} INFO - [2025-11-03T01:13:41.347+0000] {dag.py:3823} INFO - Setting next_dagrun for example_branch_operator to 2025-11-02 00:00:00+00:00, run_after=2025-11-03 00:00:00+00:00
[2025-11-03T01:13:41.498+0000] {processor.py:183} INFO - Processing /home/airflow/.local/lib/python3.8/site-packages/airflow/example_dags/example_branch_operator.py took 2.097 seconds
[2025-11-03T01:14:22.863+0000] {processor.py:161} INFO - Started process (PID=176) to work on /home/airflow/.local/lib/python3.8/site-packages/airflow/example_dags/example_branch_operator.py
[2025-11-03T01:14:22.890+0000] {processor.py:830} INFO - Processing file /home/airflow/.local/lib/python3.8/site-packages/airflow/example_dags/example_branch_operator.py for tasks to queue
[2025-11-03T01:14:22.928+0000] {logging_mixin.py:188} INFO - [2025-11-03T01:14:22.927+0000] {dagbag.py:538} INFO - Filling up the DagBag from /home/airflow/.local/lib/python3.8/site-packages/airflow/example_dags/example_branch_operator.py
[2025-11-03T01:14:23.157+0000] {processor.py:840} INFO - DAG(s) 'example_branch_operator' retrieved from /home/airflow/.local/lib/python3.8/site-packages/airflow/example_dags/example_branch_operator.py
[2025-11-03T01:14:23.429+0000] {logging_mixin.py:188} INFO - [2025-11-03T01:14:23.424+0000] {dag.py:3036} INFO - Sync 1 DAGs
[2025-11-03T01:14:23.769+0000] {logging_mixin.py:188} INFO - [2025-11-03T01:14:23.768+0000] {dag.py:3823} INFO - Setting next_dagrun for example_branch_operator to 2025-11-02 00:00:00+00:00, run_after=2025-11-03 00:00:00+00:00
[2025-11-03T01:14:24.103+0000] {processor.py:183} INFO - Processing /home/airflow/.local/lib/python3.8/site-packages/airflow/example_dags/example_branch_operator.py took 1.290 seconds
[2025-11-03T01:15:16.966+0000] {processor.py:161} INFO - Started process (PID=237) to work on /home/airflow/.local/lib/python3.8/site-packages/airflow/example_dags/example_branch_operator.py
[2025-11-03T01:15:16.977+0000] {processor.py:830} INFO - Processing file /home/airflow/.local/lib/python3.8/site-packages/airflow/example_dags/example_branch_operator.py for tasks to queue
[2025-11-03T01:15:16.991+0000] {logging_mixin.py:188} INFO - [2025-11-03T01:15:16.990+0000] {dagbag.py:538} INFO - Filling up the DagBag from /home/airflow/.local/lib/python3.8/site-packages/airflow/example_dags/example_branch_operator.py
[2025-11-03T01:15:17.159+0000] {processor.py:840} INFO - DAG(s) 'example_branch_operator' retrieved from /home/airflow/.local/lib/python3.8/site-packages/airflow/example_dags/example_branch_operator.py
[2025-11-03T01:15:17.470+0000] {logging_mixin.py:188} INFO - [2025-11-03T01:15:17.470+0000] {dag.py:3036} INFO - Sync 1 DAGs
[2025-11-03T01:15:17.924+0000] {logging_mixin.py:188} INFO - [2025-11-03T01:15:17.916+0000] {dag.py:3823} INFO - Setting next_dagrun for example_branch_operator to 2025-11-02 00:00:00+00:00, run_after=2025-11-03 00:00:00+00:00
[2025-11-03T01:15:18.096+0000] {processor.py:183} INFO - Processing /home/airflow/.local/lib/python3.8/site-packages/airflow/example_dags/example_branch_operator.py took 1.160 seconds
[2025-11-03T01:15:55.836+0000] {processor.py:161} INFO - Started process (PID=290) to work on /home/airflow/.local/lib/python3.8/site-packages/airflow/example_dags/example_branch_operator.py
[2025-11-03T01:15:55.895+0000] {processor.py:830} INFO - Processing file /home/airflow/.local/lib/python3.8/site-packages/airflow/example_dags/example_branch_operator.py for tasks to queue
[2025-11-03T01:15:56.174+0000] {logging_mixin.py:188} INFO - [2025-11-03T01:15:56.104+0000] {dagbag.py:538} INFO - Filling up the DagBag from /home/airflow/.local/lib/python3.8/site-packages/airflow/example_dags/example_branch_operator.py
[2025-11-03T01:15:57.246+0000] {processor.py:840} INFO - DAG(s) 'example_branch_operator' retrieved from /home/airflow/.local/lib/python3.8/site-packages/airflow/example_dags/example_branch_operator.py
[2025-11-03T01:15:59.400+0000] {logging_mixin.py:188} INFO - [2025-11-03T01:15:59.396+0000] {dag.py:3036} INFO - Sync 1 DAGs
[2025-11-03T01:15:59.634+0000] {logging_mixin.py:188} INFO - [2025-11-03T01:15:59.634+0000] {dag.py:3823} INFO - Setting next_dagrun for example_branch_operator to 2025-11-02 00:00:00+00:00, run_after=2025-11-03 00:00:00+00:00
[2025-11-03T01:15:59.827+0000] {processor.py:183} INFO - Processing /home/airflow/.local/lib/python3.8/site-packages/airflow/example_dags/example_branch_operator.py took 4.106 seconds
[2025-11-03T01:16:36.789+0000] {processor.py:161} INFO - Started process (PID=352) to work on /home/airflow/.local/lib/python3.8/site-packages/airflow/example_dags/example_branch_operator.py
[2025-11-03T01:16:36.793+0000] {processor.py:830} INFO - Processing file /home/airflow/.local/lib/python3.8/site-packages/airflow/example_dags/example_branch_operator.py for tasks to queue
[2025-11-03T01:16:36.800+0000] {logging_mixin.py:188} INFO - [2025-11-03T01:16:36.799+0000] {dagbag.py:538} INFO - Filling up the DagBag from /home/airflow/.local/lib/python3.8/site-packages/airflow/example_dags/example_branch_operator.py
[2025-11-03T01:16:36.876+0000] {processor.py:840} INFO - DAG(s) 'example_branch_operator' retrieved from /home/airflow/.local/lib/python3.8/site-packages/airflow/example_dags/example_branch_operator.py
[2025-11-03T01:16:36.991+0000] {logging_mixin.py:188} INFO - [2025-11-03T01:16:36.990+0000] {dag.py:3036} INFO - Sync 1 DAGs
[2025-11-03T01:16:37.091+0000] {logging_mixin.py:188} INFO - [2025-11-03T01:16:37.089+0000] {dag.py:3823} INFO - Setting next_dagrun for example_branch_operator to 2025-11-02 00:00:00+00:00, run_after=2025-11-03 00:00:00+00:00
[2025-11-03T01:16:37.165+0000] {processor.py:183} INFO - Processing /home/airflow/.local/lib/python3.8/site-packages/airflow/example_dags/example_branch_operator.py took 0.392 seconds
[2025-11-03T01:17:09.952+0000] {processor.py:161} INFO - Started process (PID=410) to work on /home/airflow/.local/lib/python3.8/site-packages/airflow/example_dags/example_branch_operator.py
[2025-11-03T01:17:09.974+0000] {processor.py:830} INFO - Processing file /home/airflow/.local/lib/python3.8/site-packages/airflow/example_dags/example_branch_operator.py for tasks to queue
[2025-11-03T01:17:10.001+0000] {logging_mixin.py:188} INFO - [2025-11-03T01:17:09.995+0000] {dagbag.py:538} INFO - Filling up the DagBag from /home/airflow/.local/lib/python3.8/site-packages/airflow/example_dags/example_branch_operator.py
[2025-11-03T01:17:10.103+0000] {processor.py:840} INFO - DAG(s) 'example_branch_operator' retrieved from /home/airflow/.local/lib/python3.8/site-packages/airflow/example_dags/example_branch_operator.py
[2025-11-03T01:17:10.237+0000] {logging_mixin.py:188} INFO - [2025-11-03T01:17:10.237+0000] {dag.py:3036} INFO - Sync 1 DAGs
[2025-11-03T01:17:10.354+0000] {logging_mixin.py:188} INFO - [2025-11-03T01:17:10.354+0000] {dag.py:3823} INFO - Setting next_dagrun for example_branch_operator to 2025-11-02 00:00:00+00:00, run_after=2025-11-03 00:00:00+00:00
[2025-11-03T01:17:10.426+0000] {processor.py:183} INFO - Processing /home/airflow/.local/lib/python3.8/site-packages/airflow/example_dags/example_branch_operator.py took 0.490 seconds
[2025-11-03T01:17:44.835+0000] {processor.py:161} INFO - Started process (PID=468) to work on /home/airflow/.local/lib/python3.8/site-packages/airflow/example_dags/example_branch_operator.py
[2025-11-03T01:17:44.851+0000] {processor.py:830} INFO - Processing file /home/airflow/.local/lib/python3.8/site-packages/airflow/example_dags/example_branch_operator.py for tasks to queue
[2025-11-03T01:17:44.862+0000] {logging_mixin.py:188} INFO - [2025-11-03T01:17:44.861+0000] {dagbag.py:538} INFO - Filling up the DagBag from /home/airflow/.local/lib/python3.8/site-packages/airflow/example_dags/example_branch_operator.py
[2025-11-03T01:17:44.940+0000] {processor.py:840} INFO - DAG(s) 'example_branch_operator' retrieved from /home/airflow/.local/lib/python3.8/site-packages/airflow/example_dags/example_branch_operator.py
[2025-11-03T01:17:45.218+0000] {logging_mixin.py:188} INFO - [2025-11-03T01:17:45.217+0000] {dag.py:3036} INFO - Sync 1 DAGs
[2025-11-03T01:17:45.439+0000] {logging_mixin.py:188} INFO - [2025-11-03T01:17:45.438+0000] {dag.py:3823} INFO - Setting next_dagrun for example_branch_operator to 2025-11-02 00:00:00+00:00, run_after=2025-11-03 00:00:00+00:00
[2025-11-03T01:17:45.546+0000] {processor.py:183} INFO - Processing /home/airflow/.local/lib/python3.8/site-packages/airflow/example_dags/example_branch_operator.py took 0.731 seconds
[2025-11-03T01:18:15.910+0000] {processor.py:161} INFO - Started process (PID=523) to work on /home/airflow/.local/lib/python3.8/site-packages/airflow/example_dags/example_branch_operator.py
[2025-11-03T01:18:15.914+0000] {processor.py:830} INFO - Processing file /home/airflow/.local/lib/python3.8/site-packages/airflow/example_dags/example_branch_operator.py for tasks to queue
[2025-11-03T01:18:15.922+0000] {logging_mixin.py:188} INFO - [2025-11-03T01:18:15.921+0000] {dagbag.py:538} INFO - Filling up the DagBag from /home/airflow/.local/lib/python3.8/site-packages/airflow/example_dags/example_branch_operator.py
[2025-11-03T01:18:15.977+0000] {processor.py:840} INFO - DAG(s) 'example_branch_operator' retrieved from /home/airflow/.local/lib/python3.8/site-packages/airflow/example_dags/example_branch_operator.py
[2025-11-03T01:18:16.103+0000] {logging_mixin.py:188} INFO - [2025-11-03T01:18:16.102+0000] {dag.py:3036} INFO - Sync 1 DAGs
[2025-11-03T01:18:16.208+0000] {logging_mixin.py:188} INFO - [2025-11-03T01:18:16.207+0000] {dag.py:3823} INFO - Setting next_dagrun for example_branch_operator to 2025-11-02 00:00:00+00:00, run_after=2025-11-03 00:00:00+00:00
[2025-11-03T01:18:16.338+0000] {processor.py:183} INFO - Processing /home/airflow/.local/lib/python3.8/site-packages/airflow/example_dags/example_branch_operator.py took 0.438 seconds
[2025-11-03T01:18:47.813+0000] {processor.py:161} INFO - Started process (PID=578) to work on /home/airflow/.local/lib/python3.8/site-packages/airflow/example_dags/example_branch_operator.py
[2025-11-03T01:18:47.830+0000] {processor.py:830} INFO - Processing file /home/airflow/.local/lib/python3.8/site-packages/airflow/example_dags/example_branch_operator.py for tasks to queue
[2025-11-03T01:18:47.844+0000] {logging_mixin.py:188} INFO - [2025-11-03T01:18:47.842+0000] {dagbag.py:538} INFO - Filling up the DagBag from /home/airflow/.local/lib/python3.8/site-packages/airflow/example_dags/example_branch_operator.py
[2025-11-03T01:18:48.141+0000] {processor.py:840} INFO - DAG(s) 'example_branch_operator' retrieved from /home/airflow/.local/lib/python3.8/site-packages/airflow/example_dags/example_branch_operator.py
[2025-11-03T01:18:48.322+0000] {logging_mixin.py:188} INFO - [2025-11-03T01:18:48.321+0000] {dag.py:3036} INFO - Sync 1 DAGs
[2025-11-03T01:18:48.419+0000] {logging_mixin.py:188} INFO - [2025-11-03T01:18:48.418+0000] {dag.py:3823} INFO - Setting next_dagrun for example_branch_operator to 2025-11-02 00:00:00+00:00, run_after=2025-11-03 00:00:00+00:00
[2025-11-03T01:18:48.506+0000] {processor.py:183} INFO - Processing /home/airflow/.local/lib/python3.8/site-packages/airflow/example_dags/example_branch_operator.py took 0.748 seconds
[2025-11-03T01:19:19.690+0000] {processor.py:161} INFO - Started process (PID=633) to work on /home/airflow/.local/lib/python3.8/site-packages/airflow/example_dags/example_branch_operator.py
[2025-11-03T01:19:19.694+0000] {processor.py:830} INFO - Processing file /home/airflow/.local/lib/python3.8/site-packages/airflow/example_dags/example_branch_operator.py for tasks to queue
[2025-11-03T01:19:19.700+0000] {logging_mixin.py:188} INFO - [2025-11-03T01:19:19.699+0000] {dagbag.py:538} INFO - Filling up the DagBag from /home/airflow/.local/lib/python3.8/site-packages/airflow/example_dags/example_branch_operator.py
[2025-11-03T01:19:19.765+0000] {processor.py:840} INFO - DAG(s) 'example_branch_operator' retrieved from /home/airflow/.local/lib/python3.8/site-packages/airflow/example_dags/example_branch_operator.py
[2025-11-03T01:19:19.892+0000] {logging_mixin.py:188} INFO - [2025-11-03T01:19:19.878+0000] {dag.py:3036} INFO - Sync 1 DAGs
[2025-11-03T01:19:20.128+0000] {logging_mixin.py:188} INFO - [2025-11-03T01:19:20.128+0000] {dag.py:3823} INFO - Setting next_dagrun for example_branch_operator to 2025-11-02 00:00:00+00:00, run_after=2025-11-03 00:00:00+00:00
[2025-11-03T01:19:20.404+0000] {processor.py:183} INFO - Processing /home/airflow/.local/lib/python3.8/site-packages/airflow/example_dags/example_branch_operator.py took 0.726 seconds
[2025-11-03T01:19:52.072+0000] {processor.py:161} INFO - Started process (PID=688) to work on /home/airflow/.local/lib/python3.8/site-packages/airflow/example_dags/example_branch_operator.py
[2025-11-03T01:19:52.076+0000] {processor.py:830} INFO - Processing file /home/airflow/.local/lib/python3.8/site-packages/airflow/example_dags/example_branch_operator.py for tasks to queue
[2025-11-03T01:19:52.084+0000] {logging_mixin.py:188} INFO - [2025-11-03T01:19:52.082+0000] {dagbag.py:538} INFO - Filling up the DagBag from /home/airflow/.local/lib/python3.8/site-packages/airflow/example_dags/example_branch_operator.py
[2025-11-03T01:19:52.182+0000] {processor.py:840} INFO - DAG(s) 'example_branch_operator' retrieved from /home/airflow/.local/lib/python3.8/site-packages/airflow/example_dags/example_branch_operator.py
[2025-11-03T01:19:52.291+0000] {logging_mixin.py:188} INFO - [2025-11-03T01:19:52.290+0000] {dag.py:3036} INFO - Sync 1 DAGs
[2025-11-03T01:19:52.380+0000] {logging_mixin.py:188} INFO - [2025-11-03T01:19:52.378+0000] {dag.py:3823} INFO - Setting next_dagrun for example_branch_operator to 2025-11-02 00:00:00+00:00, run_after=2025-11-03 00:00:00+00:00
[2025-11-03T01:19:52.436+0000] {processor.py:183} INFO - Processing /home/airflow/.local/lib/python3.8/site-packages/airflow/example_dags/example_branch_operator.py took 0.377 seconds
[2025-11-03T01:20:24.783+0000] {processor.py:161} INFO - Started process (PID=742) to work on /home/airflow/.local/lib/python3.8/site-packages/airflow/example_dags/example_branch_operator.py
[2025-11-03T01:20:24.786+0000] {processor.py:830} INFO - Processing file /home/airflow/.local/lib/python3.8/site-packages/airflow/example_dags/example_branch_operator.py for tasks to queue
[2025-11-03T01:20:24.794+0000] {logging_mixin.py:188} INFO - [2025-11-03T01:20:24.792+0000] {dagbag.py:538} INFO - Filling up the DagBag from /home/airflow/.local/lib/python3.8/site-packages/airflow/example_dags/example_branch_operator.py
[2025-11-03T01:20:24.900+0000] {processor.py:840} INFO - DAG(s) 'example_branch_operator' retrieved from /home/airflow/.local/lib/python3.8/site-packages/airflow/example_dags/example_branch_operator.py
[2025-11-03T01:20:25.049+0000] {logging_mixin.py:188} INFO - [2025-11-03T01:20:25.048+0000] {dag.py:3036} INFO - Sync 1 DAGs
[2025-11-03T01:20:25.160+0000] {logging_mixin.py:188} INFO - [2025-11-03T01:20:25.160+0000] {dag.py:3823} INFO - Setting next_dagrun for example_branch_operator to 2025-11-02 00:00:00+00:00, run_after=2025-11-03 00:00:00+00:00
[2025-11-03T01:20:25.264+0000] {processor.py:183} INFO - Processing /home/airflow/.local/lib/python3.8/site-packages/airflow/example_dags/example_branch_operator.py took 0.495 seconds
[2025-11-03T01:21:04.467+0000] {processor.py:161} INFO - Started process (PID=799) to work on /home/airflow/.local/lib/python3.8/site-packages/airflow/example_dags/example_branch_operator.py
[2025-11-03T01:21:04.471+0000] {processor.py:830} INFO - Processing file /home/airflow/.local/lib/python3.8/site-packages/airflow/example_dags/example_branch_operator.py for tasks to queue
[2025-11-03T01:21:04.483+0000] {logging_mixin.py:188} INFO - [2025-11-03T01:21:04.482+0000] {dagbag.py:538} INFO - Filling up the DagBag from /home/airflow/.local/lib/python3.8/site-packages/airflow/example_dags/example_branch_operator.py
[2025-11-03T01:21:04.590+0000] {processor.py:840} INFO - DAG(s) 'example_branch_operator' retrieved from /home/airflow/.local/lib/python3.8/site-packages/airflow/example_dags/example_branch_operator.py
[2025-11-03T01:21:04.776+0000] {logging_mixin.py:188} INFO - [2025-11-03T01:21:04.775+0000] {dag.py:3036} INFO - Sync 1 DAGs
[2025-11-03T01:21:04.995+0000] {logging_mixin.py:188} INFO - [2025-11-03T01:21:04.994+0000] {dag.py:3823} INFO - Setting next_dagrun for example_branch_operator to 2025-11-02 00:00:00+00:00, run_after=2025-11-03 00:00:00+00:00
[2025-11-03T01:21:05.146+0000] {processor.py:183} INFO - Processing /home/airflow/.local/lib/python3.8/site-packages/airflow/example_dags/example_branch_operator.py took 0.709 seconds
[2025-11-03T01:25:48.512+0000] {processor.py:161} INFO - Started process (PID=107) to work on /home/airflow/.local/lib/python3.8/site-packages/airflow/example_dags/example_branch_operator.py
[2025-11-03T01:25:48.526+0000] {processor.py:830} INFO - Processing file /home/airflow/.local/lib/python3.8/site-packages/airflow/example_dags/example_branch_operator.py for tasks to queue
[2025-11-03T01:25:48.572+0000] {logging_mixin.py:188} INFO - [2025-11-03T01:25:48.571+0000] {dagbag.py:538} INFO - Filling up the DagBag from /home/airflow/.local/lib/python3.8/site-packages/airflow/example_dags/example_branch_operator.py
[2025-11-03T01:25:48.762+0000] {processor.py:840} INFO - DAG(s) 'example_branch_operator' retrieved from /home/airflow/.local/lib/python3.8/site-packages/airflow/example_dags/example_branch_operator.py
[2025-11-03T01:25:49.589+0000] {logging_mixin.py:188} INFO - [2025-11-03T01:25:49.588+0000] {dag.py:3036} INFO - Sync 1 DAGs
[2025-11-03T01:25:50.001+0000] {logging_mixin.py:188} INFO - [2025-11-03T01:25:50.000+0000] {dag.py:3823} INFO - Setting next_dagrun for example_branch_operator to 2025-11-02 00:00:00+00:00, run_after=2025-11-03 00:00:00+00:00
[2025-11-03T01:25:50.522+0000] {processor.py:183} INFO - Processing /home/airflow/.local/lib/python3.8/site-packages/airflow/example_dags/example_branch_operator.py took 2.039 seconds
[2025-11-03T01:26:21.614+0000] {processor.py:161} INFO - Started process (PID=164) to work on /home/airflow/.local/lib/python3.8/site-packages/airflow/example_dags/example_branch_operator.py
[2025-11-03T01:26:21.618+0000] {processor.py:830} INFO - Processing file /home/airflow/.local/lib/python3.8/site-packages/airflow/example_dags/example_branch_operator.py for tasks to queue
[2025-11-03T01:26:21.623+0000] {logging_mixin.py:188} INFO - [2025-11-03T01:26:21.622+0000] {dagbag.py:538} INFO - Filling up the DagBag from /home/airflow/.local/lib/python3.8/site-packages/airflow/example_dags/example_branch_operator.py
[2025-11-03T01:26:21.664+0000] {processor.py:840} INFO - DAG(s) 'example_branch_operator' retrieved from /home/airflow/.local/lib/python3.8/site-packages/airflow/example_dags/example_branch_operator.py
[2025-11-03T01:26:21.716+0000] {logging_mixin.py:188} INFO - [2025-11-03T01:26:21.716+0000] {dag.py:3036} INFO - Sync 1 DAGs
[2025-11-03T01:26:21.760+0000] {logging_mixin.py:188} INFO - [2025-11-03T01:26:21.759+0000] {dag.py:3823} INFO - Setting next_dagrun for example_branch_operator to 2025-11-02 00:00:00+00:00, run_after=2025-11-03 00:00:00+00:00
[2025-11-03T01:26:21.798+0000] {processor.py:183} INFO - Processing /home/airflow/.local/lib/python3.8/site-packages/airflow/example_dags/example_branch_operator.py took 0.191 seconds
[2025-11-03T01:26:52.039+0000] {processor.py:161} INFO - Started process (PID=219) to work on /home/airflow/.local/lib/python3.8/site-packages/airflow/example_dags/example_branch_operator.py
[2025-11-03T01:26:52.042+0000] {processor.py:830} INFO - Processing file /home/airflow/.local/lib/python3.8/site-packages/airflow/example_dags/example_branch_operator.py for tasks to queue
[2025-11-03T01:26:52.046+0000] {logging_mixin.py:188} INFO - [2025-11-03T01:26:52.045+0000] {dagbag.py:538} INFO - Filling up the DagBag from /home/airflow/.local/lib/python3.8/site-packages/airflow/example_dags/example_branch_operator.py
[2025-11-03T01:26:52.080+0000] {processor.py:840} INFO - DAG(s) 'example_branch_operator' retrieved from /home/airflow/.local/lib/python3.8/site-packages/airflow/example_dags/example_branch_operator.py
[2025-11-03T01:26:52.149+0000] {logging_mixin.py:188} INFO - [2025-11-03T01:26:52.148+0000] {dag.py:3036} INFO - Sync 1 DAGs
[2025-11-03T01:26:52.201+0000] {logging_mixin.py:188} INFO - [2025-11-03T01:26:52.200+0000] {dag.py:3823} INFO - Setting next_dagrun for example_branch_operator to 2025-11-02 00:00:00+00:00, run_after=2025-11-03 00:00:00+00:00
[2025-11-03T01:26:52.249+0000] {processor.py:183} INFO - Processing /home/airflow/.local/lib/python3.8/site-packages/airflow/example_dags/example_branch_operator.py took 0.218 seconds
[2025-11-03T01:27:23.349+0000] {processor.py:161} INFO - Started process (PID=274) to work on /home/airflow/.local/lib/python3.8/site-packages/airflow/example_dags/example_branch_operator.py
[2025-11-03T01:27:23.380+0000] {processor.py:830} INFO - Processing file /home/airflow/.local/lib/python3.8/site-packages/airflow/example_dags/example_branch_operator.py for tasks to queue
[2025-11-03T01:27:23.394+0000] {logging_mixin.py:188} INFO - [2025-11-03T01:27:23.387+0000] {dagbag.py:538} INFO - Filling up the DagBag from /home/airflow/.local/lib/python3.8/site-packages/airflow/example_dags/example_branch_operator.py
[2025-11-03T01:27:23.526+0000] {processor.py:840} INFO - DAG(s) 'example_branch_operator' retrieved from /home/airflow/.local/lib/python3.8/site-packages/airflow/example_dags/example_branch_operator.py
[2025-11-03T01:27:23.724+0000] {logging_mixin.py:188} INFO - [2025-11-03T01:27:23.721+0000] {dag.py:3036} INFO - Sync 1 DAGs
[2025-11-03T01:27:23.883+0000] {logging_mixin.py:188} INFO - [2025-11-03T01:27:23.882+0000] {dag.py:3823} INFO - Setting next_dagrun for example_branch_operator to 2025-11-02 00:00:00+00:00, run_after=2025-11-03 00:00:00+00:00
[2025-11-03T01:27:23.993+0000] {processor.py:183} INFO - Processing /home/airflow/.local/lib/python3.8/site-packages/airflow/example_dags/example_branch_operator.py took 0.657 seconds
[2025-11-03T01:27:55.041+0000] {processor.py:161} INFO - Started process (PID=329) to work on /home/airflow/.local/lib/python3.8/site-packages/airflow/example_dags/example_branch_operator.py
[2025-11-03T01:27:55.054+0000] {processor.py:830} INFO - Processing file /home/airflow/.local/lib/python3.8/site-packages/airflow/example_dags/example_branch_operator.py for tasks to queue
[2025-11-03T01:27:55.076+0000] {logging_mixin.py:188} INFO - [2025-11-03T01:27:55.066+0000] {dagbag.py:538} INFO - Filling up the DagBag from /home/airflow/.local/lib/python3.8/site-packages/airflow/example_dags/example_branch_operator.py
[2025-11-03T01:27:55.418+0000] {processor.py:840} INFO - DAG(s) 'example_branch_operator' retrieved from /home/airflow/.local/lib/python3.8/site-packages/airflow/example_dags/example_branch_operator.py
[2025-11-03T01:27:55.695+0000] {logging_mixin.py:188} INFO - [2025-11-03T01:27:55.695+0000] {dag.py:3036} INFO - Sync 1 DAGs
[2025-11-03T01:27:56.338+0000] {logging_mixin.py:188} INFO - [2025-11-03T01:27:56.337+0000] {dag.py:3823} INFO - Setting next_dagrun for example_branch_operator to 2025-11-02 00:00:00+00:00, run_after=2025-11-03 00:00:00+00:00
[2025-11-03T01:27:56.628+0000] {processor.py:183} INFO - Processing /home/airflow/.local/lib/python3.8/site-packages/airflow/example_dags/example_branch_operator.py took 1.623 seconds
[2025-11-03T01:28:27.478+0000] {processor.py:161} INFO - Started process (PID=384) to work on /home/airflow/.local/lib/python3.8/site-packages/airflow/example_dags/example_branch_operator.py
[2025-11-03T01:28:27.486+0000] {processor.py:830} INFO - Processing file /home/airflow/.local/lib/python3.8/site-packages/airflow/example_dags/example_branch_operator.py for tasks to queue
[2025-11-03T01:28:27.526+0000] {logging_mixin.py:188} INFO - [2025-11-03T01:28:27.525+0000] {dagbag.py:538} INFO - Filling up the DagBag from /home/airflow/.local/lib/python3.8/site-packages/airflow/example_dags/example_branch_operator.py
[2025-11-03T01:28:27.733+0000] {processor.py:840} INFO - DAG(s) 'example_branch_operator' retrieved from /home/airflow/.local/lib/python3.8/site-packages/airflow/example_dags/example_branch_operator.py
[2025-11-03T01:28:27.784+0000] {logging_mixin.py:188} INFO - [2025-11-03T01:28:27.783+0000] {dag.py:3036} INFO - Sync 1 DAGs
[2025-11-03T01:28:27.936+0000] {logging_mixin.py:188} INFO - [2025-11-03T01:28:27.935+0000] {dag.py:3823} INFO - Setting next_dagrun for example_branch_operator to 2025-11-02 00:00:00+00:00, run_after=2025-11-03 00:00:00+00:00
[2025-11-03T01:28:28.024+0000] {processor.py:183} INFO - Processing /home/airflow/.local/lib/python3.8/site-packages/airflow/example_dags/example_branch_operator.py took 0.570 seconds
[2025-11-03T01:28:58.350+0000] {processor.py:161} INFO - Started process (PID=438) to work on /home/airflow/.local/lib/python3.8/site-packages/airflow/example_dags/example_branch_operator.py
[2025-11-03T01:28:58.352+0000] {processor.py:830} INFO - Processing file /home/airflow/.local/lib/python3.8/site-packages/airflow/example_dags/example_branch_operator.py for tasks to queue
[2025-11-03T01:28:58.358+0000] {logging_mixin.py:188} INFO - [2025-11-03T01:28:58.357+0000] {dagbag.py:538} INFO - Filling up the DagBag from /home/airflow/.local/lib/python3.8/site-packages/airflow/example_dags/example_branch_operator.py
[2025-11-03T01:28:58.399+0000] {processor.py:840} INFO - DAG(s) 'example_branch_operator' retrieved from /home/airflow/.local/lib/python3.8/site-packages/airflow/example_dags/example_branch_operator.py
[2025-11-03T01:28:58.628+0000] {logging_mixin.py:188} INFO - [2025-11-03T01:28:58.628+0000] {dag.py:3036} INFO - Sync 1 DAGs
[2025-11-03T01:28:58.669+0000] {logging_mixin.py:188} INFO - [2025-11-03T01:28:58.669+0000] {dag.py:3823} INFO - Setting next_dagrun for example_branch_operator to 2025-11-02 00:00:00+00:00, run_after=2025-11-03 00:00:00+00:00
[2025-11-03T01:28:58.717+0000] {processor.py:183} INFO - Processing /home/airflow/.local/lib/python3.8/site-packages/airflow/example_dags/example_branch_operator.py took 0.376 seconds
[2025-11-03T01:29:32.400+0000] {processor.py:161} INFO - Started process (PID=491) to work on /home/airflow/.local/lib/python3.8/site-packages/airflow/example_dags/example_branch_operator.py
[2025-11-03T01:29:32.416+0000] {processor.py:830} INFO - Processing file /home/airflow/.local/lib/python3.8/site-packages/airflow/example_dags/example_branch_operator.py for tasks to queue
[2025-11-03T01:29:32.445+0000] {logging_mixin.py:188} INFO - [2025-11-03T01:29:32.433+0000] {dagbag.py:538} INFO - Filling up the DagBag from /home/airflow/.local/lib/python3.8/site-packages/airflow/example_dags/example_branch_operator.py
[2025-11-03T01:29:32.705+0000] {processor.py:840} INFO - DAG(s) 'example_branch_operator' retrieved from /home/airflow/.local/lib/python3.8/site-packages/airflow/example_dags/example_branch_operator.py
[2025-11-03T01:29:33.031+0000] {logging_mixin.py:188} INFO - [2025-11-03T01:29:33.030+0000] {dag.py:3036} INFO - Sync 1 DAGs
[2025-11-03T01:29:33.311+0000] {logging_mixin.py:188} INFO - [2025-11-03T01:29:33.299+0000] {dag.py:3823} INFO - Setting next_dagrun for example_branch_operator to 2025-11-02 00:00:00+00:00, run_after=2025-11-03 00:00:00+00:00
[2025-11-03T01:29:33.526+0000] {processor.py:183} INFO - Processing /home/airflow/.local/lib/python3.8/site-packages/airflow/example_dags/example_branch_operator.py took 1.168 seconds
[2025-11-03T01:30:37.630+0000] {processor.py:161} INFO - Started process (PID=551) to work on /home/airflow/.local/lib/python3.8/site-packages/airflow/example_dags/example_branch_operator.py
[2025-11-03T01:30:37.645+0000] {processor.py:830} INFO - Processing file /home/airflow/.local/lib/python3.8/site-packages/airflow/example_dags/example_branch_operator.py for tasks to queue
[2025-11-03T01:30:37.696+0000] {logging_mixin.py:188} INFO - [2025-11-03T01:30:37.695+0000] {dagbag.py:538} INFO - Filling up the DagBag from /home/airflow/.local/lib/python3.8/site-packages/airflow/example_dags/example_branch_operator.py
[2025-11-03T01:30:38.080+0000] {processor.py:840} INFO - DAG(s) 'example_branch_operator' retrieved from /home/airflow/.local/lib/python3.8/site-packages/airflow/example_dags/example_branch_operator.py
[2025-11-03T01:30:38.445+0000] {logging_mixin.py:188} INFO - [2025-11-03T01:30:38.435+0000] {dag.py:3036} INFO - Sync 1 DAGs
[2025-11-03T01:30:38.852+0000] {logging_mixin.py:188} INFO - [2025-11-03T01:30:38.851+0000] {dag.py:3823} INFO - Setting next_dagrun for example_branch_operator to 2025-11-02 00:00:00+00:00, run_after=2025-11-03 00:00:00+00:00
[2025-11-03T01:30:39.197+0000] {processor.py:183} INFO - Processing /home/airflow/.local/lib/python3.8/site-packages/airflow/example_dags/example_branch_operator.py took 1.707 seconds
[2025-11-03T01:31:20.520+0000] {processor.py:161} INFO - Started process (PID=605) to work on /home/airflow/.local/lib/python3.8/site-packages/airflow/example_dags/example_branch_operator.py
[2025-11-03T01:31:20.525+0000] {processor.py:830} INFO - Processing file /home/airflow/.local/lib/python3.8/site-packages/airflow/example_dags/example_branch_operator.py for tasks to queue
[2025-11-03T01:31:20.538+0000] {logging_mixin.py:188} INFO - [2025-11-03T01:31:20.535+0000] {dagbag.py:538} INFO - Filling up the DagBag from /home/airflow/.local/lib/python3.8/site-packages/airflow/example_dags/example_branch_operator.py
[2025-11-03T01:31:20.727+0000] {processor.py:840} INFO - DAG(s) 'example_branch_operator' retrieved from /home/airflow/.local/lib/python3.8/site-packages/airflow/example_dags/example_branch_operator.py
[2025-11-03T01:31:21.294+0000] {logging_mixin.py:188} INFO - [2025-11-03T01:31:21.290+0000] {dag.py:3036} INFO - Sync 1 DAGs
[2025-11-03T01:31:21.587+0000] {logging_mixin.py:188} INFO - [2025-11-03T01:31:21.584+0000] {dag.py:3823} INFO - Setting next_dagrun for example_branch_operator to 2025-11-02 00:00:00+00:00, run_after=2025-11-03 00:00:00+00:00
[2025-11-03T01:31:21.704+0000] {processor.py:183} INFO - Processing /home/airflow/.local/lib/python3.8/site-packages/airflow/example_dags/example_branch_operator.py took 1.203 seconds
[2025-11-03T01:31:53.476+0000] {processor.py:161} INFO - Started process (PID=664) to work on /home/airflow/.local/lib/python3.8/site-packages/airflow/example_dags/example_branch_operator.py
[2025-11-03T01:31:53.480+0000] {processor.py:830} INFO - Processing file /home/airflow/.local/lib/python3.8/site-packages/airflow/example_dags/example_branch_operator.py for tasks to queue
[2025-11-03T01:31:53.496+0000] {logging_mixin.py:188} INFO - [2025-11-03T01:31:53.495+0000] {dagbag.py:538} INFO - Filling up the DagBag from /home/airflow/.local/lib/python3.8/site-packages/airflow/example_dags/example_branch_operator.py
[2025-11-03T01:31:53.593+0000] {processor.py:840} INFO - DAG(s) 'example_branch_operator' retrieved from /home/airflow/.local/lib/python3.8/site-packages/airflow/example_dags/example_branch_operator.py
[2025-11-03T01:31:53.830+0000] {logging_mixin.py:188} INFO - [2025-11-03T01:31:53.829+0000] {dag.py:3036} INFO - Sync 1 DAGs
[2025-11-03T01:31:53.966+0000] {logging_mixin.py:188} INFO - [2025-11-03T01:31:53.966+0000] {dag.py:3823} INFO - Setting next_dagrun for example_branch_operator to 2025-11-02 00:00:00+00:00, run_after=2025-11-03 00:00:00+00:00
[2025-11-03T01:31:54.053+0000] {processor.py:183} INFO - Processing /home/airflow/.local/lib/python3.8/site-packages/airflow/example_dags/example_branch_operator.py took 0.610 seconds
[2025-11-03T01:32:27.600+0000] {processor.py:161} INFO - Started process (PID=719) to work on /home/airflow/.local/lib/python3.8/site-packages/airflow/example_dags/example_branch_operator.py
[2025-11-03T01:32:27.608+0000] {processor.py:830} INFO - Processing file /home/airflow/.local/lib/python3.8/site-packages/airflow/example_dags/example_branch_operator.py for tasks to queue
[2025-11-03T01:32:27.617+0000] {logging_mixin.py:188} INFO - [2025-11-03T01:32:27.616+0000] {dagbag.py:538} INFO - Filling up the DagBag from /home/airflow/.local/lib/python3.8/site-packages/airflow/example_dags/example_branch_operator.py
[2025-11-03T01:32:27.689+0000] {processor.py:840} INFO - DAG(s) 'example_branch_operator' retrieved from /home/airflow/.local/lib/python3.8/site-packages/airflow/example_dags/example_branch_operator.py
[2025-11-03T01:32:27.825+0000] {logging_mixin.py:188} INFO - [2025-11-03T01:32:27.824+0000] {dag.py:3036} INFO - Sync 1 DAGs
[2025-11-03T01:32:27.922+0000] {logging_mixin.py:188} INFO - [2025-11-03T01:32:27.921+0000] {dag.py:3823} INFO - Setting next_dagrun for example_branch_operator to 2025-11-02 00:00:00+00:00, run_after=2025-11-03 00:00:00+00:00
[2025-11-03T01:32:27.981+0000] {processor.py:183} INFO - Processing /home/airflow/.local/lib/python3.8/site-packages/airflow/example_dags/example_branch_operator.py took 0.393 seconds
[2025-11-03T01:33:14.370+0000] {processor.py:161} INFO - Started process (PID=775) to work on /home/airflow/.local/lib/python3.8/site-packages/airflow/example_dags/example_branch_operator.py
[2025-11-03T01:33:14.423+0000] {processor.py:830} INFO - Processing file /home/airflow/.local/lib/python3.8/site-packages/airflow/example_dags/example_branch_operator.py for tasks to queue
[2025-11-03T01:33:14.439+0000] {logging_mixin.py:188} INFO - [2025-11-03T01:33:14.429+0000] {dagbag.py:538} INFO - Filling up the DagBag from /home/airflow/.local/lib/python3.8/site-packages/airflow/example_dags/example_branch_operator.py
[2025-11-03T01:33:14.631+0000] {processor.py:840} INFO - DAG(s) 'example_branch_operator' retrieved from /home/airflow/.local/lib/python3.8/site-packages/airflow/example_dags/example_branch_operator.py
[2025-11-03T01:33:14.912+0000] {logging_mixin.py:188} INFO - [2025-11-03T01:33:14.911+0000] {dag.py:3036} INFO - Sync 1 DAGs
[2025-11-03T01:33:15.156+0000] {logging_mixin.py:188} INFO - [2025-11-03T01:33:15.145+0000] {dag.py:3823} INFO - Setting next_dagrun for example_branch_operator to 2025-11-02 00:00:00+00:00, run_after=2025-11-03 00:00:00+00:00
[2025-11-03T01:33:15.418+0000] {processor.py:183} INFO - Processing /home/airflow/.local/lib/python3.8/site-packages/airflow/example_dags/example_branch_operator.py took 1.094 seconds
[2025-11-03T01:33:52.929+0000] {processor.py:161} INFO - Started process (PID=832) to work on /home/airflow/.local/lib/python3.8/site-packages/airflow/example_dags/example_branch_operator.py
[2025-11-03T01:33:52.937+0000] {processor.py:830} INFO - Processing file /home/airflow/.local/lib/python3.8/site-packages/airflow/example_dags/example_branch_operator.py for tasks to queue
[2025-11-03T01:33:52.947+0000] {logging_mixin.py:188} INFO - [2025-11-03T01:33:52.946+0000] {dagbag.py:538} INFO - Filling up the DagBag from /home/airflow/.local/lib/python3.8/site-packages/airflow/example_dags/example_branch_operator.py
[2025-11-03T01:33:53.073+0000] {processor.py:840} INFO - DAG(s) 'example_branch_operator' retrieved from /home/airflow/.local/lib/python3.8/site-packages/airflow/example_dags/example_branch_operator.py
[2025-11-03T01:33:53.383+0000] {logging_mixin.py:188} INFO - [2025-11-03T01:33:53.382+0000] {dag.py:3036} INFO - Sync 1 DAGs
[2025-11-03T01:33:53.616+0000] {logging_mixin.py:188} INFO - [2025-11-03T01:33:53.615+0000] {dag.py:3823} INFO - Setting next_dagrun for example_branch_operator to 2025-11-02 00:00:00+00:00, run_after=2025-11-03 00:00:00+00:00
[2025-11-03T01:33:53.742+0000] {processor.py:183} INFO - Processing /home/airflow/.local/lib/python3.8/site-packages/airflow/example_dags/example_branch_operator.py took 0.830 seconds
[2025-11-03T01:34:39.308+0000] {processor.py:161} INFO - Started process (PID=902) to work on /home/airflow/.local/lib/python3.8/site-packages/airflow/example_dags/example_branch_operator.py
[2025-11-03T01:34:39.320+0000] {processor.py:830} INFO - Processing file /home/airflow/.local/lib/python3.8/site-packages/airflow/example_dags/example_branch_operator.py for tasks to queue
[2025-11-03T01:34:39.330+0000] {logging_mixin.py:188} INFO - [2025-11-03T01:34:39.329+0000] {dagbag.py:538} INFO - Filling up the DagBag from /home/airflow/.local/lib/python3.8/site-packages/airflow/example_dags/example_branch_operator.py
[2025-11-03T01:34:39.530+0000] {processor.py:840} INFO - DAG(s) 'example_branch_operator' retrieved from /home/airflow/.local/lib/python3.8/site-packages/airflow/example_dags/example_branch_operator.py
[2025-11-03T01:34:39.728+0000] {logging_mixin.py:188} INFO - [2025-11-03T01:34:39.728+0000] {dag.py:3036} INFO - Sync 1 DAGs
[2025-11-03T01:34:39.858+0000] {logging_mixin.py:188} INFO - [2025-11-03T01:34:39.857+0000] {dag.py:3823} INFO - Setting next_dagrun for example_branch_operator to 2025-11-02 00:00:00+00:00, run_after=2025-11-03 00:00:00+00:00
[2025-11-03T01:34:39.971+0000] {processor.py:183} INFO - Processing /home/airflow/.local/lib/python3.8/site-packages/airflow/example_dags/example_branch_operator.py took 0.685 seconds
[2025-11-03T01:35:13.307+0000] {processor.py:161} INFO - Started process (PID=956) to work on /home/airflow/.local/lib/python3.8/site-packages/airflow/example_dags/example_branch_operator.py
[2025-11-03T01:35:13.322+0000] {processor.py:830} INFO - Processing file /home/airflow/.local/lib/python3.8/site-packages/airflow/example_dags/example_branch_operator.py for tasks to queue
[2025-11-03T01:35:13.382+0000] {logging_mixin.py:188} INFO - [2025-11-03T01:35:13.370+0000] {dagbag.py:538} INFO - Filling up the DagBag from /home/airflow/.local/lib/python3.8/site-packages/airflow/example_dags/example_branch_operator.py
[2025-11-03T01:35:13.677+0000] {processor.py:840} INFO - DAG(s) 'example_branch_operator' retrieved from /home/airflow/.local/lib/python3.8/site-packages/airflow/example_dags/example_branch_operator.py
[2025-11-03T01:35:14.059+0000] {logging_mixin.py:188} INFO - [2025-11-03T01:35:14.059+0000] {dag.py:3036} INFO - Sync 1 DAGs
[2025-11-03T01:35:14.435+0000] {logging_mixin.py:188} INFO - [2025-11-03T01:35:14.434+0000] {dag.py:3823} INFO - Setting next_dagrun for example_branch_operator to 2025-11-02 00:00:00+00:00, run_after=2025-11-03 00:00:00+00:00
[2025-11-03T01:35:14.924+0000] {processor.py:183} INFO - Processing /home/airflow/.local/lib/python3.8/site-packages/airflow/example_dags/example_branch_operator.py took 1.681 seconds
[2025-11-03T01:35:46.107+0000] {processor.py:161} INFO - Started process (PID=1013) to work on /home/airflow/.local/lib/python3.8/site-packages/airflow/example_dags/example_branch_operator.py
[2025-11-03T01:35:46.111+0000] {processor.py:830} INFO - Processing file /home/airflow/.local/lib/python3.8/site-packages/airflow/example_dags/example_branch_operator.py for tasks to queue
[2025-11-03T01:35:46.117+0000] {logging_mixin.py:188} INFO - [2025-11-03T01:35:46.116+0000] {dagbag.py:538} INFO - Filling up the DagBag from /home/airflow/.local/lib/python3.8/site-packages/airflow/example_dags/example_branch_operator.py
[2025-11-03T01:35:46.161+0000] {processor.py:840} INFO - DAG(s) 'example_branch_operator' retrieved from /home/airflow/.local/lib/python3.8/site-packages/airflow/example_dags/example_branch_operator.py
[2025-11-03T01:35:46.237+0000] {logging_mixin.py:188} INFO - [2025-11-03T01:35:46.236+0000] {dag.py:3036} INFO - Sync 1 DAGs
[2025-11-03T01:35:46.314+0000] {logging_mixin.py:188} INFO - [2025-11-03T01:35:46.314+0000] {dag.py:3823} INFO - Setting next_dagrun for example_branch_operator to 2025-11-02 00:00:00+00:00, run_after=2025-11-03 00:00:00+00:00
[2025-11-03T01:35:46.371+0000] {processor.py:183} INFO - Processing /home/airflow/.local/lib/python3.8/site-packages/airflow/example_dags/example_branch_operator.py took 0.275 seconds
[2025-11-03T01:36:18.150+0000] {processor.py:161} INFO - Started process (PID=1069) to work on /home/airflow/.local/lib/python3.8/site-packages/airflow/example_dags/example_branch_operator.py
[2025-11-03T01:36:18.154+0000] {processor.py:830} INFO - Processing file /home/airflow/.local/lib/python3.8/site-packages/airflow/example_dags/example_branch_operator.py for tasks to queue
[2025-11-03T01:36:18.161+0000] {logging_mixin.py:188} INFO - [2025-11-03T01:36:18.160+0000] {dagbag.py:538} INFO - Filling up the DagBag from /home/airflow/.local/lib/python3.8/site-packages/airflow/example_dags/example_branch_operator.py
[2025-11-03T01:36:18.240+0000] {processor.py:840} INFO - DAG(s) 'example_branch_operator' retrieved from /home/airflow/.local/lib/python3.8/site-packages/airflow/example_dags/example_branch_operator.py
[2025-11-03T01:36:18.372+0000] {logging_mixin.py:188} INFO - [2025-11-03T01:36:18.366+0000] {dag.py:3036} INFO - Sync 1 DAGs
[2025-11-03T01:36:18.498+0000] {logging_mixin.py:188} INFO - [2025-11-03T01:36:18.495+0000] {dag.py:3823} INFO - Setting next_dagrun for example_branch_operator to 2025-11-02 00:00:00+00:00, run_after=2025-11-03 00:00:00+00:00
[2025-11-03T01:36:18.562+0000] {processor.py:183} INFO - Processing /home/airflow/.local/lib/python3.8/site-packages/airflow/example_dags/example_branch_operator.py took 0.435 seconds
[2025-11-03T01:36:49.100+0000] {processor.py:161} INFO - Started process (PID=1125) to work on /home/airflow/.local/lib/python3.8/site-packages/airflow/example_dags/example_branch_operator.py
[2025-11-03T01:36:49.103+0000] {processor.py:830} INFO - Processing file /home/airflow/.local/lib/python3.8/site-packages/airflow/example_dags/example_branch_operator.py for tasks to queue
[2025-11-03T01:36:49.115+0000] {logging_mixin.py:188} INFO - [2025-11-03T01:36:49.114+0000] {dagbag.py:538} INFO - Filling up the DagBag from /home/airflow/.local/lib/python3.8/site-packages/airflow/example_dags/example_branch_operator.py
[2025-11-03T01:36:49.182+0000] {processor.py:840} INFO - DAG(s) 'example_branch_operator' retrieved from /home/airflow/.local/lib/python3.8/site-packages/airflow/example_dags/example_branch_operator.py
[2025-11-03T01:36:49.293+0000] {logging_mixin.py:188} INFO - [2025-11-03T01:36:49.292+0000] {dag.py:3036} INFO - Sync 1 DAGs
[2025-11-03T01:36:49.393+0000] {logging_mixin.py:188} INFO - [2025-11-03T01:36:49.392+0000] {dag.py:3823} INFO - Setting next_dagrun for example_branch_operator to 2025-11-02 00:00:00+00:00, run_after=2025-11-03 00:00:00+00:00
[2025-11-03T01:36:49.487+0000] {processor.py:183} INFO - Processing /home/airflow/.local/lib/python3.8/site-packages/airflow/example_dags/example_branch_operator.py took 0.424 seconds
[2025-11-03T01:37:38.633+0000] {processor.py:161} INFO - Started process (PID=1187) to work on /home/airflow/.local/lib/python3.8/site-packages/airflow/example_dags/example_branch_operator.py
[2025-11-03T01:37:38.648+0000] {processor.py:830} INFO - Processing file /home/airflow/.local/lib/python3.8/site-packages/airflow/example_dags/example_branch_operator.py for tasks to queue
[2025-11-03T01:37:38.669+0000] {logging_mixin.py:188} INFO - [2025-11-03T01:37:38.668+0000] {dagbag.py:538} INFO - Filling up the DagBag from /home/airflow/.local/lib/python3.8/site-packages/airflow/example_dags/example_branch_operator.py
[2025-11-03T01:37:38.931+0000] {processor.py:840} INFO - DAG(s) 'example_branch_operator' retrieved from /home/airflow/.local/lib/python3.8/site-packages/airflow/example_dags/example_branch_operator.py
[2025-11-03T01:37:39.334+0000] {logging_mixin.py:188} INFO - [2025-11-03T01:37:39.333+0000] {dag.py:3036} INFO - Sync 1 DAGs
[2025-11-03T01:37:39.798+0000] {logging_mixin.py:188} INFO - [2025-11-03T01:37:39.797+0000] {dag.py:3823} INFO - Setting next_dagrun for example_branch_operator to 2025-11-02 00:00:00+00:00, run_after=2025-11-03 00:00:00+00:00
[2025-11-03T01:37:40.055+0000] {processor.py:183} INFO - Processing /home/airflow/.local/lib/python3.8/site-packages/airflow/example_dags/example_branch_operator.py took 1.466 seconds
[2025-11-03T01:38:43.874+0000] {processor.py:161} INFO - Started process (PID=1261) to work on /home/airflow/.local/lib/python3.8/site-packages/airflow/example_dags/example_branch_operator.py
[2025-11-03T01:38:43.981+0000] {processor.py:830} INFO - Processing file /home/airflow/.local/lib/python3.8/site-packages/airflow/example_dags/example_branch_operator.py for tasks to queue
[2025-11-03T01:38:44.003+0000] {logging_mixin.py:188} INFO - [2025-11-03T01:38:44.002+0000] {dagbag.py:538} INFO - Filling up the DagBag from /home/airflow/.local/lib/python3.8/site-packages/airflow/example_dags/example_branch_operator.py
[2025-11-03T01:38:44.248+0000] {processor.py:840} INFO - DAG(s) 'example_branch_operator' retrieved from /home/airflow/.local/lib/python3.8/site-packages/airflow/example_dags/example_branch_operator.py
[2025-11-03T01:38:44.554+0000] {logging_mixin.py:188} INFO - [2025-11-03T01:38:44.554+0000] {dag.py:3036} INFO - Sync 1 DAGs
[2025-11-03T01:38:44.814+0000] {logging_mixin.py:188} INFO - [2025-11-03T01:38:44.813+0000] {dag.py:3823} INFO - Setting next_dagrun for example_branch_operator to 2025-11-02 00:00:00+00:00, run_after=2025-11-03 00:00:00+00:00
[2025-11-03T01:38:45.144+0000] {processor.py:183} INFO - Processing /home/airflow/.local/lib/python3.8/site-packages/airflow/example_dags/example_branch_operator.py took 1.303 seconds
[2025-11-03T01:39:28.471+0000] {processor.py:161} INFO - Started process (PID=1326) to work on /home/airflow/.local/lib/python3.8/site-packages/airflow/example_dags/example_branch_operator.py
[2025-11-03T01:39:28.475+0000] {processor.py:830} INFO - Processing file /home/airflow/.local/lib/python3.8/site-packages/airflow/example_dags/example_branch_operator.py for tasks to queue
[2025-11-03T01:39:28.484+0000] {logging_mixin.py:188} INFO - [2025-11-03T01:39:28.483+0000] {dagbag.py:538} INFO - Filling up the DagBag from /home/airflow/.local/lib/python3.8/site-packages/airflow/example_dags/example_branch_operator.py
[2025-11-03T01:39:28.585+0000] {processor.py:840} INFO - DAG(s) 'example_branch_operator' retrieved from /home/airflow/.local/lib/python3.8/site-packages/airflow/example_dags/example_branch_operator.py
[2025-11-03T01:39:28.805+0000] {logging_mixin.py:188} INFO - [2025-11-03T01:39:28.805+0000] {dag.py:3036} INFO - Sync 1 DAGs
[2025-11-03T01:39:29.041+0000] {logging_mixin.py:188} INFO - [2025-11-03T01:39:29.040+0000] {dag.py:3823} INFO - Setting next_dagrun for example_branch_operator to 2025-11-02 00:00:00+00:00, run_after=2025-11-03 00:00:00+00:00
[2025-11-03T01:39:29.124+0000] {processor.py:183} INFO - Processing /home/airflow/.local/lib/python3.8/site-packages/airflow/example_dags/example_branch_operator.py took 0.667 seconds
[2025-11-03T01:40:04.040+0000] {processor.py:161} INFO - Started process (PID=1380) to work on /home/airflow/.local/lib/python3.8/site-packages/airflow/example_dags/example_branch_operator.py
[2025-11-03T01:40:04.043+0000] {processor.py:830} INFO - Processing file /home/airflow/.local/lib/python3.8/site-packages/airflow/example_dags/example_branch_operator.py for tasks to queue
[2025-11-03T01:40:04.051+0000] {logging_mixin.py:188} INFO - [2025-11-03T01:40:04.048+0000] {dagbag.py:538} INFO - Filling up the DagBag from /home/airflow/.local/lib/python3.8/site-packages/airflow/example_dags/example_branch_operator.py
[2025-11-03T01:40:04.175+0000] {processor.py:840} INFO - DAG(s) 'example_branch_operator' retrieved from /home/airflow/.local/lib/python3.8/site-packages/airflow/example_dags/example_branch_operator.py
[2025-11-03T01:40:04.455+0000] {logging_mixin.py:188} INFO - [2025-11-03T01:40:04.455+0000] {dag.py:3036} INFO - Sync 1 DAGs
[2025-11-03T01:40:04.618+0000] {logging_mixin.py:188} INFO - [2025-11-03T01:40:04.605+0000] {dag.py:3823} INFO - Setting next_dagrun for example_branch_operator to 2025-11-02 00:00:00+00:00, run_after=2025-11-03 00:00:00+00:00
[2025-11-03T01:40:04.757+0000] {processor.py:183} INFO - Processing /home/airflow/.local/lib/python3.8/site-packages/airflow/example_dags/example_branch_operator.py took 0.732 seconds
[2025-11-03T01:48:51.653+0000] {processor.py:161} INFO - Started process (PID=1518) to work on /home/airflow/.local/lib/python3.8/site-packages/airflow/example_dags/example_branch_operator.py
[2025-11-03T01:48:51.763+0000] {processor.py:830} INFO - Processing file /home/airflow/.local/lib/python3.8/site-packages/airflow/example_dags/example_branch_operator.py for tasks to queue
[2025-11-03T01:48:52.469+0000] {logging_mixin.py:188} INFO - [2025-11-03T01:48:52.417+0000] {dagbag.py:538} INFO - Filling up the DagBag from /home/airflow/.local/lib/python3.8/site-packages/airflow/example_dags/example_branch_operator.py
[2025-11-03T01:49:00.996+0000] {processor.py:840} INFO - DAG(s) 'example_branch_operator' retrieved from /home/airflow/.local/lib/python3.8/site-packages/airflow/example_dags/example_branch_operator.py
[2025-11-03T01:49:08.529+0000] {logging_mixin.py:188} INFO - [2025-11-03T01:49:08.528+0000] {dag.py:3036} INFO - Sync 1 DAGs
[2025-11-03T01:49:18.591+0000] {logging_mixin.py:188} INFO - [2025-11-03T01:49:18.590+0000] {dag.py:3823} INFO - Setting next_dagrun for example_branch_operator to 2025-11-02 00:00:00+00:00, run_after=2025-11-03 00:00:00+00:00
[2025-11-03T01:49:20.640+0000] {processor.py:183} INFO - Processing /home/airflow/.local/lib/python3.8/site-packages/airflow/example_dags/example_branch_operator.py took 28.236 seconds
[2025-11-03T01:58:08.457+0000] {processor.py:161} INFO - Started process (PID=1648) to work on /home/airflow/.local/lib/python3.8/site-packages/airflow/example_dags/example_branch_operator.py
[2025-11-03T01:58:08.831+0000] {processor.py:830} INFO - Processing file /home/airflow/.local/lib/python3.8/site-packages/airflow/example_dags/example_branch_operator.py for tasks to queue
[2025-11-03T01:58:08.925+0000] {logging_mixin.py:188} INFO - [2025-11-03T01:58:08.924+0000] {dagbag.py:538} INFO - Filling up the DagBag from /home/airflow/.local/lib/python3.8/site-packages/airflow/example_dags/example_branch_operator.py
[2025-11-03T01:58:10.088+0000] {processor.py:840} INFO - DAG(s) 'example_branch_operator' retrieved from /home/airflow/.local/lib/python3.8/site-packages/airflow/example_dags/example_branch_operator.py
[2025-11-03T01:58:20.821+0000] {logging_mixin.py:188} INFO - [2025-11-03T01:58:20.819+0000] {dag.py:3036} INFO - Sync 1 DAGs
[2025-11-03T01:58:21.981+0000] {logging_mixin.py:188} INFO - [2025-11-03T01:58:21.980+0000] {dag.py:3823} INFO - Setting next_dagrun for example_branch_operator to 2025-11-02 00:00:00+00:00, run_after=2025-11-03 00:00:00+00:00
[2025-11-03T01:58:23.112+0000] {processor.py:183} INFO - Processing /home/airflow/.local/lib/python3.8/site-packages/airflow/example_dags/example_branch_operator.py took 14.103 seconds
