[2025-11-03T01:13:31.230+0000] {processor.py:161} INFO - Started process (PID=108) to work on /home/airflow/.local/lib/python3.8/site-packages/airflow/example_dags/example_external_task_marker_dag.py
[2025-11-03T01:13:31.233+0000] {processor.py:830} INFO - Processing file /home/airflow/.local/lib/python3.8/site-packages/airflow/example_dags/example_external_task_marker_dag.py for tasks to queue
[2025-11-03T01:13:31.240+0000] {logging_mixin.py:188} INFO - [2025-11-03T01:13:31.239+0000] {dagbag.py:538} INFO - Filling up the DagBag from /home/airflow/.local/lib/python3.8/site-packages/airflow/example_dags/example_external_task_marker_dag.py
[2025-11-03T01:13:31.283+0000] {processor.py:840} INFO - DAG(s) 'example_external_task_marker_child', 'example_external_task_marker_parent' retrieved from /home/airflow/.local/lib/python3.8/site-packages/airflow/example_dags/example_external_task_marker_dag.py
[2025-11-03T01:13:31.393+0000] {logging_mixin.py:188} INFO - [2025-11-03T01:13:31.392+0000] {dag.py:3036} INFO - Sync 2 DAGs
[2025-11-03T01:13:31.451+0000] {logging_mixin.py:188} INFO - [2025-11-03T01:13:31.450+0000] {dag.py:3823} INFO - Setting next_dagrun for example_external_task_marker_child to None, run_after=None
[2025-11-03T01:13:31.468+0000] {logging_mixin.py:188} INFO - [2025-11-03T01:13:31.467+0000] {dag.py:3823} INFO - Setting next_dagrun for example_external_task_marker_parent to None, run_after=None
[2025-11-03T01:13:31.559+0000] {processor.py:183} INFO - Processing /home/airflow/.local/lib/python3.8/site-packages/airflow/example_dags/example_external_task_marker_dag.py took 0.343 seconds
[2025-11-03T01:14:12.557+0000] {processor.py:161} INFO - Started process (PID=163) to work on /home/airflow/.local/lib/python3.8/site-packages/airflow/example_dags/example_external_task_marker_dag.py
[2025-11-03T01:14:12.564+0000] {processor.py:830} INFO - Processing file /home/airflow/.local/lib/python3.8/site-packages/airflow/example_dags/example_external_task_marker_dag.py for tasks to queue
[2025-11-03T01:14:12.575+0000] {logging_mixin.py:188} INFO - [2025-11-03T01:14:12.574+0000] {dagbag.py:538} INFO - Filling up the DagBag from /home/airflow/.local/lib/python3.8/site-packages/airflow/example_dags/example_external_task_marker_dag.py
[2025-11-03T01:14:12.664+0000] {processor.py:840} INFO - DAG(s) 'example_external_task_marker_parent', 'example_external_task_marker_child' retrieved from /home/airflow/.local/lib/python3.8/site-packages/airflow/example_dags/example_external_task_marker_dag.py
[2025-11-03T01:14:12.881+0000] {logging_mixin.py:188} INFO - [2025-11-03T01:14:12.880+0000] {dag.py:3036} INFO - Sync 2 DAGs
[2025-11-03T01:14:12.980+0000] {logging_mixin.py:188} INFO - [2025-11-03T01:14:12.979+0000] {dag.py:3823} INFO - Setting next_dagrun for example_external_task_marker_child to None, run_after=None
[2025-11-03T01:14:13.016+0000] {logging_mixin.py:188} INFO - [2025-11-03T01:14:13.015+0000] {dag.py:3823} INFO - Setting next_dagrun for example_external_task_marker_parent to None, run_after=None
[2025-11-03T01:14:13.152+0000] {processor.py:183} INFO - Processing /home/airflow/.local/lib/python3.8/site-packages/airflow/example_dags/example_external_task_marker_dag.py took 0.637 seconds
[2025-11-03T01:15:03.647+0000] {processor.py:161} INFO - Started process (PID=224) to work on /home/airflow/.local/lib/python3.8/site-packages/airflow/example_dags/example_external_task_marker_dag.py
[2025-11-03T01:15:03.652+0000] {processor.py:830} INFO - Processing file /home/airflow/.local/lib/python3.8/site-packages/airflow/example_dags/example_external_task_marker_dag.py for tasks to queue
[2025-11-03T01:15:03.687+0000] {logging_mixin.py:188} INFO - [2025-11-03T01:15:03.686+0000] {dagbag.py:538} INFO - Filling up the DagBag from /home/airflow/.local/lib/python3.8/site-packages/airflow/example_dags/example_external_task_marker_dag.py
[2025-11-03T01:15:03.745+0000] {processor.py:840} INFO - DAG(s) 'example_external_task_marker_child', 'example_external_task_marker_parent' retrieved from /home/airflow/.local/lib/python3.8/site-packages/airflow/example_dags/example_external_task_marker_dag.py
[2025-11-03T01:15:04.008+0000] {logging_mixin.py:188} INFO - [2025-11-03T01:15:04.007+0000] {dag.py:3036} INFO - Sync 2 DAGs
[2025-11-03T01:15:04.091+0000] {logging_mixin.py:188} INFO - [2025-11-03T01:15:04.090+0000] {dag.py:3823} INFO - Setting next_dagrun for example_external_task_marker_child to None, run_after=None
[2025-11-03T01:15:04.114+0000] {logging_mixin.py:188} INFO - [2025-11-03T01:15:04.108+0000] {dag.py:3823} INFO - Setting next_dagrun for example_external_task_marker_parent to None, run_after=None
[2025-11-03T01:15:04.376+0000] {processor.py:183} INFO - Processing /home/airflow/.local/lib/python3.8/site-packages/airflow/example_dags/example_external_task_marker_dag.py took 0.776 seconds
[2025-11-03T01:15:46.357+0000] {processor.py:161} INFO - Started process (PID=278) to work on /home/airflow/.local/lib/python3.8/site-packages/airflow/example_dags/example_external_task_marker_dag.py
[2025-11-03T01:15:46.374+0000] {processor.py:830} INFO - Processing file /home/airflow/.local/lib/python3.8/site-packages/airflow/example_dags/example_external_task_marker_dag.py for tasks to queue
[2025-11-03T01:15:46.449+0000] {logging_mixin.py:188} INFO - [2025-11-03T01:15:46.446+0000] {dagbag.py:538} INFO - Filling up the DagBag from /home/airflow/.local/lib/python3.8/site-packages/airflow/example_dags/example_external_task_marker_dag.py
[2025-11-03T01:15:46.611+0000] {processor.py:840} INFO - DAG(s) 'example_external_task_marker_parent', 'example_external_task_marker_child' retrieved from /home/airflow/.local/lib/python3.8/site-packages/airflow/example_dags/example_external_task_marker_dag.py
[2025-11-03T01:15:46.960+0000] {logging_mixin.py:188} INFO - [2025-11-03T01:15:46.957+0000] {dag.py:3036} INFO - Sync 2 DAGs
[2025-11-03T01:15:47.301+0000] {logging_mixin.py:188} INFO - [2025-11-03T01:15:47.296+0000] {dag.py:3823} INFO - Setting next_dagrun for example_external_task_marker_child to None, run_after=None
[2025-11-03T01:15:47.680+0000] {logging_mixin.py:188} INFO - [2025-11-03T01:15:47.678+0000] {dag.py:3823} INFO - Setting next_dagrun for example_external_task_marker_parent to None, run_after=None
[2025-11-03T01:15:48.048+0000] {processor.py:183} INFO - Processing /home/airflow/.local/lib/python3.8/site-packages/airflow/example_dags/example_external_task_marker_dag.py took 1.742 seconds
[2025-11-03T01:16:27.984+0000] {processor.py:161} INFO - Started process (PID=332) to work on /home/airflow/.local/lib/python3.8/site-packages/airflow/example_dags/example_external_task_marker_dag.py
[2025-11-03T01:16:28.064+0000] {processor.py:830} INFO - Processing file /home/airflow/.local/lib/python3.8/site-packages/airflow/example_dags/example_external_task_marker_dag.py for tasks to queue
[2025-11-03T01:16:28.101+0000] {logging_mixin.py:188} INFO - [2025-11-03T01:16:28.100+0000] {dagbag.py:538} INFO - Filling up the DagBag from /home/airflow/.local/lib/python3.8/site-packages/airflow/example_dags/example_external_task_marker_dag.py
[2025-11-03T01:16:28.537+0000] {processor.py:840} INFO - DAG(s) 'example_external_task_marker_parent', 'example_external_task_marker_child' retrieved from /home/airflow/.local/lib/python3.8/site-packages/airflow/example_dags/example_external_task_marker_dag.py
[2025-11-03T01:16:29.751+0000] {logging_mixin.py:188} INFO - [2025-11-03T01:16:29.750+0000] {dag.py:3036} INFO - Sync 2 DAGs
[2025-11-03T01:16:29.857+0000] {logging_mixin.py:188} INFO - [2025-11-03T01:16:29.853+0000] {dag.py:3823} INFO - Setting next_dagrun for example_external_task_marker_child to None, run_after=None
[2025-11-03T01:16:29.874+0000] {logging_mixin.py:188} INFO - [2025-11-03T01:16:29.872+0000] {dag.py:3823} INFO - Setting next_dagrun for example_external_task_marker_parent to None, run_after=None
[2025-11-03T01:16:30.044+0000] {processor.py:183} INFO - Processing /home/airflow/.local/lib/python3.8/site-packages/airflow/example_dags/example_external_task_marker_dag.py took 2.157 seconds
[2025-11-03T01:17:03.324+0000] {processor.py:161} INFO - Started process (PID=393) to work on /home/airflow/.local/lib/python3.8/site-packages/airflow/example_dags/example_external_task_marker_dag.py
[2025-11-03T01:17:03.332+0000] {processor.py:830} INFO - Processing file /home/airflow/.local/lib/python3.8/site-packages/airflow/example_dags/example_external_task_marker_dag.py for tasks to queue
[2025-11-03T01:17:03.338+0000] {logging_mixin.py:188} INFO - [2025-11-03T01:17:03.337+0000] {dagbag.py:538} INFO - Filling up the DagBag from /home/airflow/.local/lib/python3.8/site-packages/airflow/example_dags/example_external_task_marker_dag.py
[2025-11-03T01:17:03.369+0000] {processor.py:840} INFO - DAG(s) 'example_external_task_marker_parent', 'example_external_task_marker_child' retrieved from /home/airflow/.local/lib/python3.8/site-packages/airflow/example_dags/example_external_task_marker_dag.py
[2025-11-03T01:17:03.492+0000] {logging_mixin.py:188} INFO - [2025-11-03T01:17:03.491+0000] {dag.py:3036} INFO - Sync 2 DAGs
[2025-11-03T01:17:03.584+0000] {logging_mixin.py:188} INFO - [2025-11-03T01:17:03.583+0000] {dag.py:3823} INFO - Setting next_dagrun for example_external_task_marker_child to None, run_after=None
[2025-11-03T01:17:03.605+0000] {logging_mixin.py:188} INFO - [2025-11-03T01:17:03.604+0000] {dag.py:3823} INFO - Setting next_dagrun for example_external_task_marker_parent to None, run_after=None
[2025-11-03T01:17:03.686+0000] {processor.py:183} INFO - Processing /home/airflow/.local/lib/python3.8/site-packages/airflow/example_dags/example_external_task_marker_dag.py took 0.380 seconds
[2025-11-03T01:17:33.969+0000] {processor.py:161} INFO - Started process (PID=447) to work on /home/airflow/.local/lib/python3.8/site-packages/airflow/example_dags/example_external_task_marker_dag.py
[2025-11-03T01:17:33.975+0000] {processor.py:830} INFO - Processing file /home/airflow/.local/lib/python3.8/site-packages/airflow/example_dags/example_external_task_marker_dag.py for tasks to queue
[2025-11-03T01:17:33.980+0000] {logging_mixin.py:188} INFO - [2025-11-03T01:17:33.979+0000] {dagbag.py:538} INFO - Filling up the DagBag from /home/airflow/.local/lib/python3.8/site-packages/airflow/example_dags/example_external_task_marker_dag.py
[2025-11-03T01:17:33.998+0000] {processor.py:840} INFO - DAG(s) 'example_external_task_marker_child', 'example_external_task_marker_parent' retrieved from /home/airflow/.local/lib/python3.8/site-packages/airflow/example_dags/example_external_task_marker_dag.py
[2025-11-03T01:17:34.047+0000] {logging_mixin.py:188} INFO - [2025-11-03T01:17:34.047+0000] {dag.py:3036} INFO - Sync 2 DAGs
[2025-11-03T01:17:34.079+0000] {logging_mixin.py:188} INFO - [2025-11-03T01:17:34.078+0000] {dag.py:3823} INFO - Setting next_dagrun for example_external_task_marker_child to None, run_after=None
[2025-11-03T01:17:34.088+0000] {logging_mixin.py:188} INFO - [2025-11-03T01:17:34.088+0000] {dag.py:3823} INFO - Setting next_dagrun for example_external_task_marker_parent to None, run_after=None
[2025-11-03T01:17:34.124+0000] {processor.py:183} INFO - Processing /home/airflow/.local/lib/python3.8/site-packages/airflow/example_dags/example_external_task_marker_dag.py took 0.167 seconds
[2025-11-03T01:18:04.388+0000] {processor.py:161} INFO - Started process (PID=502) to work on /home/airflow/.local/lib/python3.8/site-packages/airflow/example_dags/example_external_task_marker_dag.py
[2025-11-03T01:18:04.397+0000] {processor.py:830} INFO - Processing file /home/airflow/.local/lib/python3.8/site-packages/airflow/example_dags/example_external_task_marker_dag.py for tasks to queue
[2025-11-03T01:18:04.403+0000] {logging_mixin.py:188} INFO - [2025-11-03T01:18:04.403+0000] {dagbag.py:538} INFO - Filling up the DagBag from /home/airflow/.local/lib/python3.8/site-packages/airflow/example_dags/example_external_task_marker_dag.py
[2025-11-03T01:18:04.424+0000] {processor.py:840} INFO - DAG(s) 'example_external_task_marker_parent', 'example_external_task_marker_child' retrieved from /home/airflow/.local/lib/python3.8/site-packages/airflow/example_dags/example_external_task_marker_dag.py
[2025-11-03T01:18:04.503+0000] {logging_mixin.py:188} INFO - [2025-11-03T01:18:04.502+0000] {dag.py:3036} INFO - Sync 2 DAGs
[2025-11-03T01:18:04.554+0000] {logging_mixin.py:188} INFO - [2025-11-03T01:18:04.553+0000] {dag.py:3823} INFO - Setting next_dagrun for example_external_task_marker_child to None, run_after=None
[2025-11-03T01:18:04.570+0000] {logging_mixin.py:188} INFO - [2025-11-03T01:18:04.569+0000] {dag.py:3823} INFO - Setting next_dagrun for example_external_task_marker_parent to None, run_after=None
[2025-11-03T01:18:04.625+0000] {processor.py:183} INFO - Processing /home/airflow/.local/lib/python3.8/site-packages/airflow/example_dags/example_external_task_marker_dag.py took 0.249 seconds
[2025-11-03T01:18:35.068+0000] {processor.py:161} INFO - Started process (PID=557) to work on /home/airflow/.local/lib/python3.8/site-packages/airflow/example_dags/example_external_task_marker_dag.py
[2025-11-03T01:18:35.072+0000] {processor.py:830} INFO - Processing file /home/airflow/.local/lib/python3.8/site-packages/airflow/example_dags/example_external_task_marker_dag.py for tasks to queue
[2025-11-03T01:18:35.078+0000] {logging_mixin.py:188} INFO - [2025-11-03T01:18:35.077+0000] {dagbag.py:538} INFO - Filling up the DagBag from /home/airflow/.local/lib/python3.8/site-packages/airflow/example_dags/example_external_task_marker_dag.py
[2025-11-03T01:18:35.107+0000] {processor.py:840} INFO - DAG(s) 'example_external_task_marker_parent', 'example_external_task_marker_child' retrieved from /home/airflow/.local/lib/python3.8/site-packages/airflow/example_dags/example_external_task_marker_dag.py
[2025-11-03T01:18:35.233+0000] {logging_mixin.py:188} INFO - [2025-11-03T01:18:35.232+0000] {dag.py:3036} INFO - Sync 2 DAGs
[2025-11-03T01:18:35.289+0000] {logging_mixin.py:188} INFO - [2025-11-03T01:18:35.288+0000] {dag.py:3823} INFO - Setting next_dagrun for example_external_task_marker_child to None, run_after=None
[2025-11-03T01:18:35.316+0000] {logging_mixin.py:188} INFO - [2025-11-03T01:18:35.315+0000] {dag.py:3823} INFO - Setting next_dagrun for example_external_task_marker_parent to None, run_after=None
[2025-11-03T01:18:35.390+0000] {processor.py:183} INFO - Processing /home/airflow/.local/lib/python3.8/site-packages/airflow/example_dags/example_external_task_marker_dag.py took 0.337 seconds
[2025-11-03T01:19:07.275+0000] {processor.py:161} INFO - Started process (PID=612) to work on /home/airflow/.local/lib/python3.8/site-packages/airflow/example_dags/example_external_task_marker_dag.py
[2025-11-03T01:19:07.278+0000] {processor.py:830} INFO - Processing file /home/airflow/.local/lib/python3.8/site-packages/airflow/example_dags/example_external_task_marker_dag.py for tasks to queue
[2025-11-03T01:19:07.295+0000] {logging_mixin.py:188} INFO - [2025-11-03T01:19:07.294+0000] {dagbag.py:538} INFO - Filling up the DagBag from /home/airflow/.local/lib/python3.8/site-packages/airflow/example_dags/example_external_task_marker_dag.py
[2025-11-03T01:19:07.370+0000] {processor.py:840} INFO - DAG(s) 'example_external_task_marker_child', 'example_external_task_marker_parent' retrieved from /home/airflow/.local/lib/python3.8/site-packages/airflow/example_dags/example_external_task_marker_dag.py
[2025-11-03T01:19:07.557+0000] {logging_mixin.py:188} INFO - [2025-11-03T01:19:07.556+0000] {dag.py:3036} INFO - Sync 2 DAGs
[2025-11-03T01:19:07.679+0000] {logging_mixin.py:188} INFO - [2025-11-03T01:19:07.678+0000] {dag.py:3823} INFO - Setting next_dagrun for example_external_task_marker_child to None, run_after=None
[2025-11-03T01:19:07.728+0000] {logging_mixin.py:188} INFO - [2025-11-03T01:19:07.728+0000] {dag.py:3823} INFO - Setting next_dagrun for example_external_task_marker_parent to None, run_after=None
[2025-11-03T01:19:07.886+0000] {processor.py:183} INFO - Processing /home/airflow/.local/lib/python3.8/site-packages/airflow/example_dags/example_external_task_marker_dag.py took 0.642 seconds
[2025-11-03T01:19:38.276+0000] {processor.py:161} INFO - Started process (PID=667) to work on /home/airflow/.local/lib/python3.8/site-packages/airflow/example_dags/example_external_task_marker_dag.py
[2025-11-03T01:19:38.279+0000] {processor.py:830} INFO - Processing file /home/airflow/.local/lib/python3.8/site-packages/airflow/example_dags/example_external_task_marker_dag.py for tasks to queue
[2025-11-03T01:19:38.286+0000] {logging_mixin.py:188} INFO - [2025-11-03T01:19:38.285+0000] {dagbag.py:538} INFO - Filling up the DagBag from /home/airflow/.local/lib/python3.8/site-packages/airflow/example_dags/example_external_task_marker_dag.py
[2025-11-03T01:19:38.309+0000] {processor.py:840} INFO - DAG(s) 'example_external_task_marker_parent', 'example_external_task_marker_child' retrieved from /home/airflow/.local/lib/python3.8/site-packages/airflow/example_dags/example_external_task_marker_dag.py
[2025-11-03T01:19:38.384+0000] {logging_mixin.py:188} INFO - [2025-11-03T01:19:38.384+0000] {dag.py:3036} INFO - Sync 2 DAGs
[2025-11-03T01:19:38.426+0000] {logging_mixin.py:188} INFO - [2025-11-03T01:19:38.426+0000] {dag.py:3823} INFO - Setting next_dagrun for example_external_task_marker_child to None, run_after=None
[2025-11-03T01:19:38.439+0000] {logging_mixin.py:188} INFO - [2025-11-03T01:19:38.438+0000] {dag.py:3823} INFO - Setting next_dagrun for example_external_task_marker_parent to None, run_after=None
[2025-11-03T01:19:38.487+0000] {processor.py:183} INFO - Processing /home/airflow/.local/lib/python3.8/site-packages/airflow/example_dags/example_external_task_marker_dag.py took 0.228 seconds
[2025-11-03T01:20:11.574+0000] {processor.py:161} INFO - Started process (PID=721) to work on /home/airflow/.local/lib/python3.8/site-packages/airflow/example_dags/example_external_task_marker_dag.py
[2025-11-03T01:20:11.591+0000] {processor.py:830} INFO - Processing file /home/airflow/.local/lib/python3.8/site-packages/airflow/example_dags/example_external_task_marker_dag.py for tasks to queue
[2025-11-03T01:20:11.631+0000] {logging_mixin.py:188} INFO - [2025-11-03T01:20:11.630+0000] {dagbag.py:538} INFO - Filling up the DagBag from /home/airflow/.local/lib/python3.8/site-packages/airflow/example_dags/example_external_task_marker_dag.py
[2025-11-03T01:20:11.792+0000] {processor.py:840} INFO - DAG(s) 'example_external_task_marker_parent', 'example_external_task_marker_child' retrieved from /home/airflow/.local/lib/python3.8/site-packages/airflow/example_dags/example_external_task_marker_dag.py
[2025-11-03T01:20:12.082+0000] {logging_mixin.py:188} INFO - [2025-11-03T01:20:12.070+0000] {dag.py:3036} INFO - Sync 2 DAGs
[2025-11-03T01:20:12.220+0000] {logging_mixin.py:188} INFO - [2025-11-03T01:20:12.219+0000] {dag.py:3823} INFO - Setting next_dagrun for example_external_task_marker_child to None, run_after=None
[2025-11-03T01:20:12.266+0000] {logging_mixin.py:188} INFO - [2025-11-03T01:20:12.266+0000] {dag.py:3823} INFO - Setting next_dagrun for example_external_task_marker_parent to None, run_after=None
[2025-11-03T01:20:12.508+0000] {processor.py:183} INFO - Processing /home/airflow/.local/lib/python3.8/site-packages/airflow/example_dags/example_external_task_marker_dag.py took 0.933 seconds
[2025-11-03T01:20:44.525+0000] {processor.py:161} INFO - Started process (PID=775) to work on /home/airflow/.local/lib/python3.8/site-packages/airflow/example_dags/example_external_task_marker_dag.py
[2025-11-03T01:20:44.571+0000] {processor.py:830} INFO - Processing file /home/airflow/.local/lib/python3.8/site-packages/airflow/example_dags/example_external_task_marker_dag.py for tasks to queue
[2025-11-03T01:20:44.607+0000] {logging_mixin.py:188} INFO - [2025-11-03T01:20:44.606+0000] {dagbag.py:538} INFO - Filling up the DagBag from /home/airflow/.local/lib/python3.8/site-packages/airflow/example_dags/example_external_task_marker_dag.py
[2025-11-03T01:20:44.753+0000] {processor.py:840} INFO - DAG(s) 'example_external_task_marker_parent', 'example_external_task_marker_child' retrieved from /home/airflow/.local/lib/python3.8/site-packages/airflow/example_dags/example_external_task_marker_dag.py
[2025-11-03T01:20:45.094+0000] {logging_mixin.py:188} INFO - [2025-11-03T01:20:45.094+0000] {dag.py:3036} INFO - Sync 2 DAGs
[2025-11-03T01:20:45.290+0000] {logging_mixin.py:188} INFO - [2025-11-03T01:20:45.289+0000] {dag.py:3823} INFO - Setting next_dagrun for example_external_task_marker_child to None, run_after=None
[2025-11-03T01:20:45.467+0000] {logging_mixin.py:188} INFO - [2025-11-03T01:20:45.423+0000] {dag.py:3823} INFO - Setting next_dagrun for example_external_task_marker_parent to None, run_after=None
[2025-11-03T01:20:45.778+0000] {processor.py:183} INFO - Processing /home/airflow/.local/lib/python3.8/site-packages/airflow/example_dags/example_external_task_marker_dag.py took 1.288 seconds
[2025-11-03T01:21:16.868+0000] {processor.py:161} INFO - Started process (PID=828) to work on /home/airflow/.local/lib/python3.8/site-packages/airflow/example_dags/example_external_task_marker_dag.py
[2025-11-03T01:21:16.871+0000] {processor.py:830} INFO - Processing file /home/airflow/.local/lib/python3.8/site-packages/airflow/example_dags/example_external_task_marker_dag.py for tasks to queue
[2025-11-03T01:21:16.883+0000] {logging_mixin.py:188} INFO - [2025-11-03T01:21:16.881+0000] {dagbag.py:538} INFO - Filling up the DagBag from /home/airflow/.local/lib/python3.8/site-packages/airflow/example_dags/example_external_task_marker_dag.py
[2025-11-03T01:21:16.917+0000] {processor.py:840} INFO - DAG(s) 'example_external_task_marker_child', 'example_external_task_marker_parent' retrieved from /home/airflow/.local/lib/python3.8/site-packages/airflow/example_dags/example_external_task_marker_dag.py
[2025-11-03T01:21:17.002+0000] {logging_mixin.py:188} INFO - [2025-11-03T01:21:17.001+0000] {dag.py:3036} INFO - Sync 2 DAGs
[2025-11-03T01:21:17.059+0000] {logging_mixin.py:188} INFO - [2025-11-03T01:21:17.058+0000] {dag.py:3823} INFO - Setting next_dagrun for example_external_task_marker_child to None, run_after=None
[2025-11-03T01:21:17.074+0000] {logging_mixin.py:188} INFO - [2025-11-03T01:21:17.074+0000] {dag.py:3823} INFO - Setting next_dagrun for example_external_task_marker_parent to None, run_after=None
[2025-11-03T01:21:17.174+0000] {processor.py:183} INFO - Processing /home/airflow/.local/lib/python3.8/site-packages/airflow/example_dags/example_external_task_marker_dag.py took 0.318 seconds
[2025-11-03T01:25:39.750+0000] {processor.py:161} INFO - Started process (PID=94) to work on /home/airflow/.local/lib/python3.8/site-packages/airflow/example_dags/example_external_task_marker_dag.py
[2025-11-03T01:25:39.754+0000] {processor.py:830} INFO - Processing file /home/airflow/.local/lib/python3.8/site-packages/airflow/example_dags/example_external_task_marker_dag.py for tasks to queue
[2025-11-03T01:25:39.767+0000] {logging_mixin.py:188} INFO - [2025-11-03T01:25:39.766+0000] {dagbag.py:538} INFO - Filling up the DagBag from /home/airflow/.local/lib/python3.8/site-packages/airflow/example_dags/example_external_task_marker_dag.py
[2025-11-03T01:25:39.808+0000] {processor.py:840} INFO - DAG(s) 'example_external_task_marker_child', 'example_external_task_marker_parent' retrieved from /home/airflow/.local/lib/python3.8/site-packages/airflow/example_dags/example_external_task_marker_dag.py
[2025-11-03T01:25:40.094+0000] {logging_mixin.py:188} INFO - [2025-11-03T01:25:40.092+0000] {dag.py:3036} INFO - Sync 2 DAGs
[2025-11-03T01:25:40.309+0000] {logging_mixin.py:188} INFO - [2025-11-03T01:25:40.309+0000] {dag.py:3823} INFO - Setting next_dagrun for example_external_task_marker_child to None, run_after=None
[2025-11-03T01:25:40.387+0000] {logging_mixin.py:188} INFO - [2025-11-03T01:25:40.386+0000] {dag.py:3823} INFO - Setting next_dagrun for example_external_task_marker_parent to None, run_after=None
[2025-11-03T01:25:40.708+0000] {processor.py:183} INFO - Processing /home/airflow/.local/lib/python3.8/site-packages/airflow/example_dags/example_external_task_marker_dag.py took 0.971 seconds
[2025-11-03T01:26:11.692+0000] {processor.py:161} INFO - Started process (PID=151) to work on /home/airflow/.local/lib/python3.8/site-packages/airflow/example_dags/example_external_task_marker_dag.py
[2025-11-03T01:26:11.696+0000] {processor.py:830} INFO - Processing file /home/airflow/.local/lib/python3.8/site-packages/airflow/example_dags/example_external_task_marker_dag.py for tasks to queue
[2025-11-03T01:26:11.702+0000] {logging_mixin.py:188} INFO - [2025-11-03T01:26:11.701+0000] {dagbag.py:538} INFO - Filling up the DagBag from /home/airflow/.local/lib/python3.8/site-packages/airflow/example_dags/example_external_task_marker_dag.py
[2025-11-03T01:26:11.717+0000] {processor.py:840} INFO - DAG(s) 'example_external_task_marker_child', 'example_external_task_marker_parent' retrieved from /home/airflow/.local/lib/python3.8/site-packages/airflow/example_dags/example_external_task_marker_dag.py
[2025-11-03T01:26:11.780+0000] {logging_mixin.py:188} INFO - [2025-11-03T01:26:11.780+0000] {dag.py:3036} INFO - Sync 2 DAGs
[2025-11-03T01:26:11.812+0000] {logging_mixin.py:188} INFO - [2025-11-03T01:26:11.812+0000] {dag.py:3823} INFO - Setting next_dagrun for example_external_task_marker_child to None, run_after=None
[2025-11-03T01:26:11.820+0000] {logging_mixin.py:188} INFO - [2025-11-03T01:26:11.820+0000] {dag.py:3823} INFO - Setting next_dagrun for example_external_task_marker_parent to None, run_after=None
[2025-11-03T01:26:11.879+0000] {processor.py:183} INFO - Processing /home/airflow/.local/lib/python3.8/site-packages/airflow/example_dags/example_external_task_marker_dag.py took 0.197 seconds
[2025-11-03T01:26:42.111+0000] {processor.py:161} INFO - Started process (PID=206) to work on /home/airflow/.local/lib/python3.8/site-packages/airflow/example_dags/example_external_task_marker_dag.py
[2025-11-03T01:26:42.114+0000] {processor.py:830} INFO - Processing file /home/airflow/.local/lib/python3.8/site-packages/airflow/example_dags/example_external_task_marker_dag.py for tasks to queue
[2025-11-03T01:26:42.119+0000] {logging_mixin.py:188} INFO - [2025-11-03T01:26:42.118+0000] {dagbag.py:538} INFO - Filling up the DagBag from /home/airflow/.local/lib/python3.8/site-packages/airflow/example_dags/example_external_task_marker_dag.py
[2025-11-03T01:26:42.136+0000] {processor.py:840} INFO - DAG(s) 'example_external_task_marker_child', 'example_external_task_marker_parent' retrieved from /home/airflow/.local/lib/python3.8/site-packages/airflow/example_dags/example_external_task_marker_dag.py
[2025-11-03T01:26:42.190+0000] {logging_mixin.py:188} INFO - [2025-11-03T01:26:42.190+0000] {dag.py:3036} INFO - Sync 2 DAGs
[2025-11-03T01:26:42.219+0000] {logging_mixin.py:188} INFO - [2025-11-03T01:26:42.218+0000] {dag.py:3823} INFO - Setting next_dagrun for example_external_task_marker_child to None, run_after=None
[2025-11-03T01:26:42.227+0000] {logging_mixin.py:188} INFO - [2025-11-03T01:26:42.226+0000] {dag.py:3823} INFO - Setting next_dagrun for example_external_task_marker_parent to None, run_after=None
[2025-11-03T01:26:42.267+0000] {processor.py:183} INFO - Processing /home/airflow/.local/lib/python3.8/site-packages/airflow/example_dags/example_external_task_marker_dag.py took 0.164 seconds
[2025-11-03T01:27:13.171+0000] {processor.py:161} INFO - Started process (PID=261) to work on /home/airflow/.local/lib/python3.8/site-packages/airflow/example_dags/example_external_task_marker_dag.py
[2025-11-03T01:27:13.181+0000] {processor.py:830} INFO - Processing file /home/airflow/.local/lib/python3.8/site-packages/airflow/example_dags/example_external_task_marker_dag.py for tasks to queue
[2025-11-03T01:27:13.191+0000] {logging_mixin.py:188} INFO - [2025-11-03T01:27:13.190+0000] {dagbag.py:538} INFO - Filling up the DagBag from /home/airflow/.local/lib/python3.8/site-packages/airflow/example_dags/example_external_task_marker_dag.py
[2025-11-03T01:27:13.253+0000] {processor.py:840} INFO - DAG(s) 'example_external_task_marker_child', 'example_external_task_marker_parent' retrieved from /home/airflow/.local/lib/python3.8/site-packages/airflow/example_dags/example_external_task_marker_dag.py
[2025-11-03T01:27:13.345+0000] {logging_mixin.py:188} INFO - [2025-11-03T01:27:13.344+0000] {dag.py:3036} INFO - Sync 2 DAGs
[2025-11-03T01:27:13.391+0000] {logging_mixin.py:188} INFO - [2025-11-03T01:27:13.389+0000] {dag.py:3823} INFO - Setting next_dagrun for example_external_task_marker_child to None, run_after=None
[2025-11-03T01:27:13.410+0000] {logging_mixin.py:188} INFO - [2025-11-03T01:27:13.410+0000] {dag.py:3823} INFO - Setting next_dagrun for example_external_task_marker_parent to None, run_after=None
[2025-11-03T01:27:13.488+0000] {processor.py:183} INFO - Processing /home/airflow/.local/lib/python3.8/site-packages/airflow/example_dags/example_external_task_marker_dag.py took 0.373 seconds
[2025-11-03T01:27:45.429+0000] {processor.py:161} INFO - Started process (PID=315) to work on /home/airflow/.local/lib/python3.8/site-packages/airflow/example_dags/example_external_task_marker_dag.py
[2025-11-03T01:27:45.435+0000] {processor.py:830} INFO - Processing file /home/airflow/.local/lib/python3.8/site-packages/airflow/example_dags/example_external_task_marker_dag.py for tasks to queue
[2025-11-03T01:27:45.448+0000] {logging_mixin.py:188} INFO - [2025-11-03T01:27:45.446+0000] {dagbag.py:538} INFO - Filling up the DagBag from /home/airflow/.local/lib/python3.8/site-packages/airflow/example_dags/example_external_task_marker_dag.py
[2025-11-03T01:27:45.477+0000] {processor.py:840} INFO - DAG(s) 'example_external_task_marker_parent', 'example_external_task_marker_child' retrieved from /home/airflow/.local/lib/python3.8/site-packages/airflow/example_dags/example_external_task_marker_dag.py
[2025-11-03T01:27:45.617+0000] {logging_mixin.py:188} INFO - [2025-11-03T01:27:45.617+0000] {dag.py:3036} INFO - Sync 2 DAGs
[2025-11-03T01:27:45.685+0000] {logging_mixin.py:188} INFO - [2025-11-03T01:27:45.684+0000] {dag.py:3823} INFO - Setting next_dagrun for example_external_task_marker_child to None, run_after=None
[2025-11-03T01:27:45.708+0000] {logging_mixin.py:188} INFO - [2025-11-03T01:27:45.704+0000] {dag.py:3823} INFO - Setting next_dagrun for example_external_task_marker_parent to None, run_after=None
[2025-11-03T01:27:45.801+0000] {processor.py:183} INFO - Processing /home/airflow/.local/lib/python3.8/site-packages/airflow/example_dags/example_external_task_marker_dag.py took 0.389 seconds
[2025-11-03T01:28:17.192+0000] {processor.py:161} INFO - Started process (PID=369) to work on /home/airflow/.local/lib/python3.8/site-packages/airflow/example_dags/example_external_task_marker_dag.py
[2025-11-03T01:28:17.196+0000] {processor.py:830} INFO - Processing file /home/airflow/.local/lib/python3.8/site-packages/airflow/example_dags/example_external_task_marker_dag.py for tasks to queue
[2025-11-03T01:28:17.206+0000] {logging_mixin.py:188} INFO - [2025-11-03T01:28:17.205+0000] {dagbag.py:538} INFO - Filling up the DagBag from /home/airflow/.local/lib/python3.8/site-packages/airflow/example_dags/example_external_task_marker_dag.py
[2025-11-03T01:28:17.224+0000] {processor.py:840} INFO - DAG(s) 'example_external_task_marker_parent', 'example_external_task_marker_child' retrieved from /home/airflow/.local/lib/python3.8/site-packages/airflow/example_dags/example_external_task_marker_dag.py
[2025-11-03T01:28:17.258+0000] {logging_mixin.py:188} INFO - [2025-11-03T01:28:17.258+0000] {dag.py:3036} INFO - Sync 2 DAGs
[2025-11-03T01:28:17.304+0000] {logging_mixin.py:188} INFO - [2025-11-03T01:28:17.303+0000] {dag.py:3823} INFO - Setting next_dagrun for example_external_task_marker_child to None, run_after=None
[2025-11-03T01:28:17.314+0000] {logging_mixin.py:188} INFO - [2025-11-03T01:28:17.314+0000] {dag.py:3823} INFO - Setting next_dagrun for example_external_task_marker_parent to None, run_after=None
[2025-11-03T01:28:17.373+0000] {processor.py:183} INFO - Processing /home/airflow/.local/lib/python3.8/site-packages/airflow/example_dags/example_external_task_marker_dag.py took 0.192 seconds
[2025-11-03T01:28:48.415+0000] {processor.py:161} INFO - Started process (PID=423) to work on /home/airflow/.local/lib/python3.8/site-packages/airflow/example_dags/example_external_task_marker_dag.py
[2025-11-03T01:28:48.419+0000] {processor.py:830} INFO - Processing file /home/airflow/.local/lib/python3.8/site-packages/airflow/example_dags/example_external_task_marker_dag.py for tasks to queue
[2025-11-03T01:28:48.425+0000] {logging_mixin.py:188} INFO - [2025-11-03T01:28:48.424+0000] {dagbag.py:538} INFO - Filling up the DagBag from /home/airflow/.local/lib/python3.8/site-packages/airflow/example_dags/example_external_task_marker_dag.py
[2025-11-03T01:28:48.441+0000] {processor.py:840} INFO - DAG(s) 'example_external_task_marker_parent', 'example_external_task_marker_child' retrieved from /home/airflow/.local/lib/python3.8/site-packages/airflow/example_dags/example_external_task_marker_dag.py
[2025-11-03T01:28:48.762+0000] {logging_mixin.py:188} INFO - [2025-11-03T01:28:48.761+0000] {dag.py:3036} INFO - Sync 2 DAGs
[2025-11-03T01:28:48.786+0000] {logging_mixin.py:188} INFO - [2025-11-03T01:28:48.785+0000] {dag.py:3823} INFO - Setting next_dagrun for example_external_task_marker_child to None, run_after=None
[2025-11-03T01:28:48.793+0000] {logging_mixin.py:188} INFO - [2025-11-03T01:28:48.793+0000] {dag.py:3823} INFO - Setting next_dagrun for example_external_task_marker_parent to None, run_after=None
[2025-11-03T01:28:48.842+0000] {processor.py:183} INFO - Processing /home/airflow/.local/lib/python3.8/site-packages/airflow/example_dags/example_external_task_marker_dag.py took 0.439 seconds
[2025-11-03T01:29:20.728+0000] {processor.py:161} INFO - Started process (PID=477) to work on /home/airflow/.local/lib/python3.8/site-packages/airflow/example_dags/example_external_task_marker_dag.py
[2025-11-03T01:29:20.736+0000] {processor.py:830} INFO - Processing file /home/airflow/.local/lib/python3.8/site-packages/airflow/example_dags/example_external_task_marker_dag.py for tasks to queue
[2025-11-03T01:29:20.752+0000] {logging_mixin.py:188} INFO - [2025-11-03T01:29:20.751+0000] {dagbag.py:538} INFO - Filling up the DagBag from /home/airflow/.local/lib/python3.8/site-packages/airflow/example_dags/example_external_task_marker_dag.py
[2025-11-03T01:29:20.807+0000] {processor.py:840} INFO - DAG(s) 'example_external_task_marker_parent', 'example_external_task_marker_child' retrieved from /home/airflow/.local/lib/python3.8/site-packages/airflow/example_dags/example_external_task_marker_dag.py
[2025-11-03T01:29:20.915+0000] {logging_mixin.py:188} INFO - [2025-11-03T01:29:20.914+0000] {dag.py:3036} INFO - Sync 2 DAGs
[2025-11-03T01:29:20.978+0000] {logging_mixin.py:188} INFO - [2025-11-03T01:29:20.977+0000] {dag.py:3823} INFO - Setting next_dagrun for example_external_task_marker_child to None, run_after=None
[2025-11-03T01:29:20.994+0000] {logging_mixin.py:188} INFO - [2025-11-03T01:29:20.994+0000] {dag.py:3823} INFO - Setting next_dagrun for example_external_task_marker_parent to None, run_after=None
[2025-11-03T01:29:21.086+0000] {processor.py:183} INFO - Processing /home/airflow/.local/lib/python3.8/site-packages/airflow/example_dags/example_external_task_marker_dag.py took 0.386 seconds
[2025-11-03T01:30:19.898+0000] {processor.py:161} INFO - Started process (PID=538) to work on /home/airflow/.local/lib/python3.8/site-packages/airflow/example_dags/example_external_task_marker_dag.py
[2025-11-03T01:30:19.943+0000] {processor.py:830} INFO - Processing file /home/airflow/.local/lib/python3.8/site-packages/airflow/example_dags/example_external_task_marker_dag.py for tasks to queue
[2025-11-03T01:30:19.976+0000] {logging_mixin.py:188} INFO - [2025-11-03T01:30:19.971+0000] {dagbag.py:538} INFO - Filling up the DagBag from /home/airflow/.local/lib/python3.8/site-packages/airflow/example_dags/example_external_task_marker_dag.py
[2025-11-03T01:30:20.069+0000] {processor.py:840} INFO - DAG(s) 'example_external_task_marker_parent', 'example_external_task_marker_child' retrieved from /home/airflow/.local/lib/python3.8/site-packages/airflow/example_dags/example_external_task_marker_dag.py
[2025-11-03T01:30:20.383+0000] {logging_mixin.py:188} INFO - [2025-11-03T01:30:20.382+0000] {dag.py:3036} INFO - Sync 2 DAGs
[2025-11-03T01:30:20.523+0000] {logging_mixin.py:188} INFO - [2025-11-03T01:30:20.522+0000] {dag.py:3823} INFO - Setting next_dagrun for example_external_task_marker_child to None, run_after=None
[2025-11-03T01:30:20.568+0000] {logging_mixin.py:188} INFO - [2025-11-03T01:30:20.568+0000] {dag.py:3823} INFO - Setting next_dagrun for example_external_task_marker_parent to None, run_after=None
[2025-11-03T01:30:20.791+0000] {processor.py:183} INFO - Processing /home/airflow/.local/lib/python3.8/site-packages/airflow/example_dags/example_external_task_marker_dag.py took 0.926 seconds
[2025-11-03T01:31:15.520+0000] {processor.py:161} INFO - Started process (PID=592) to work on /home/airflow/.local/lib/python3.8/site-packages/airflow/example_dags/example_external_task_marker_dag.py
[2025-11-03T01:31:15.524+0000] {processor.py:830} INFO - Processing file /home/airflow/.local/lib/python3.8/site-packages/airflow/example_dags/example_external_task_marker_dag.py for tasks to queue
[2025-11-03T01:31:15.531+0000] {logging_mixin.py:188} INFO - [2025-11-03T01:31:15.530+0000] {dagbag.py:538} INFO - Filling up the DagBag from /home/airflow/.local/lib/python3.8/site-packages/airflow/example_dags/example_external_task_marker_dag.py
[2025-11-03T01:31:15.557+0000] {processor.py:840} INFO - DAG(s) 'example_external_task_marker_child', 'example_external_task_marker_parent' retrieved from /home/airflow/.local/lib/python3.8/site-packages/airflow/example_dags/example_external_task_marker_dag.py
[2025-11-03T01:31:15.669+0000] {logging_mixin.py:188} INFO - [2025-11-03T01:31:15.668+0000] {dag.py:3036} INFO - Sync 2 DAGs
[2025-11-03T01:31:15.860+0000] {logging_mixin.py:188} INFO - [2025-11-03T01:31:15.859+0000] {dag.py:3823} INFO - Setting next_dagrun for example_external_task_marker_child to None, run_after=None
[2025-11-03T01:31:15.890+0000] {logging_mixin.py:188} INFO - [2025-11-03T01:31:15.885+0000] {dag.py:3823} INFO - Setting next_dagrun for example_external_task_marker_parent to None, run_after=None
[2025-11-03T01:31:16.664+0000] {processor.py:183} INFO - Processing /home/airflow/.local/lib/python3.8/site-packages/airflow/example_dags/example_external_task_marker_dag.py took 0.354 seconds
[2025-11-03T01:31:48.862+0000] {processor.py:161} INFO - Started process (PID=646) to work on /home/airflow/.local/lib/python3.8/site-packages/airflow/example_dags/example_external_task_marker_dag.py
[2025-11-03T01:31:48.890+0000] {processor.py:830} INFO - Processing file /home/airflow/.local/lib/python3.8/site-packages/airflow/example_dags/example_external_task_marker_dag.py for tasks to queue
[2025-11-03T01:31:48.903+0000] {logging_mixin.py:188} INFO - [2025-11-03T01:31:48.901+0000] {dagbag.py:538} INFO - Filling up the DagBag from /home/airflow/.local/lib/python3.8/site-packages/airflow/example_dags/example_external_task_marker_dag.py
[2025-11-03T01:31:48.964+0000] {processor.py:840} INFO - DAG(s) 'example_external_task_marker_parent', 'example_external_task_marker_child' retrieved from /home/airflow/.local/lib/python3.8/site-packages/airflow/example_dags/example_external_task_marker_dag.py
[2025-11-03T01:31:49.132+0000] {logging_mixin.py:188} INFO - [2025-11-03T01:31:49.131+0000] {dag.py:3036} INFO - Sync 2 DAGs
[2025-11-03T01:31:49.218+0000] {logging_mixin.py:188} INFO - [2025-11-03T01:31:49.217+0000] {dag.py:3823} INFO - Setting next_dagrun for example_external_task_marker_child to None, run_after=None
[2025-11-03T01:31:49.237+0000] {logging_mixin.py:188} INFO - [2025-11-03T01:31:49.236+0000] {dag.py:3823} INFO - Setting next_dagrun for example_external_task_marker_parent to None, run_after=None
[2025-11-03T01:31:49.349+0000] {processor.py:183} INFO - Processing /home/airflow/.local/lib/python3.8/site-packages/airflow/example_dags/example_external_task_marker_dag.py took 0.517 seconds
[2025-11-03T01:32:20.757+0000] {processor.py:161} INFO - Started process (PID=700) to work on /home/airflow/.local/lib/python3.8/site-packages/airflow/example_dags/example_external_task_marker_dag.py
[2025-11-03T01:32:20.774+0000] {processor.py:830} INFO - Processing file /home/airflow/.local/lib/python3.8/site-packages/airflow/example_dags/example_external_task_marker_dag.py for tasks to queue
[2025-11-03T01:32:20.791+0000] {logging_mixin.py:188} INFO - [2025-11-03T01:32:20.790+0000] {dagbag.py:538} INFO - Filling up the DagBag from /home/airflow/.local/lib/python3.8/site-packages/airflow/example_dags/example_external_task_marker_dag.py
[2025-11-03T01:32:20.855+0000] {processor.py:840} INFO - DAG(s) 'example_external_task_marker_child', 'example_external_task_marker_parent' retrieved from /home/airflow/.local/lib/python3.8/site-packages/airflow/example_dags/example_external_task_marker_dag.py
[2025-11-03T01:32:21.090+0000] {logging_mixin.py:188} INFO - [2025-11-03T01:32:21.089+0000] {dag.py:3036} INFO - Sync 2 DAGs
[2025-11-03T01:32:21.205+0000] {logging_mixin.py:188} INFO - [2025-11-03T01:32:21.204+0000] {dag.py:3823} INFO - Setting next_dagrun for example_external_task_marker_child to None, run_after=None
[2025-11-03T01:32:21.257+0000] {logging_mixin.py:188} INFO - [2025-11-03T01:32:21.242+0000] {dag.py:3823} INFO - Setting next_dagrun for example_external_task_marker_parent to None, run_after=None
[2025-11-03T01:32:21.466+0000] {processor.py:183} INFO - Processing /home/airflow/.local/lib/python3.8/site-packages/airflow/example_dags/example_external_task_marker_dag.py took 0.729 seconds
[2025-11-03T01:32:57.535+0000] {processor.py:161} INFO - Started process (PID=760) to work on /home/airflow/.local/lib/python3.8/site-packages/airflow/example_dags/example_external_task_marker_dag.py
[2025-11-03T01:32:57.544+0000] {processor.py:830} INFO - Processing file /home/airflow/.local/lib/python3.8/site-packages/airflow/example_dags/example_external_task_marker_dag.py for tasks to queue
[2025-11-03T01:32:57.567+0000] {logging_mixin.py:188} INFO - [2025-11-03T01:32:57.566+0000] {dagbag.py:538} INFO - Filling up the DagBag from /home/airflow/.local/lib/python3.8/site-packages/airflow/example_dags/example_external_task_marker_dag.py
[2025-11-03T01:32:57.702+0000] {processor.py:840} INFO - DAG(s) 'example_external_task_marker_child', 'example_external_task_marker_parent' retrieved from /home/airflow/.local/lib/python3.8/site-packages/airflow/example_dags/example_external_task_marker_dag.py
[2025-11-03T01:32:58.072+0000] {logging_mixin.py:188} INFO - [2025-11-03T01:32:58.071+0000] {dag.py:3036} INFO - Sync 2 DAGs
[2025-11-03T01:32:58.218+0000] {logging_mixin.py:188} INFO - [2025-11-03T01:32:58.217+0000] {dag.py:3823} INFO - Setting next_dagrun for example_external_task_marker_child to None, run_after=None
[2025-11-03T01:32:58.300+0000] {logging_mixin.py:188} INFO - [2025-11-03T01:32:58.300+0000] {dag.py:3823} INFO - Setting next_dagrun for example_external_task_marker_parent to None, run_after=None
[2025-11-03T01:32:58.492+0000] {processor.py:183} INFO - Processing /home/airflow/.local/lib/python3.8/site-packages/airflow/example_dags/example_external_task_marker_dag.py took 1.021 seconds
[2025-11-03T01:33:41.797+0000] {processor.py:161} INFO - Started process (PID=810) to work on /home/airflow/.local/lib/python3.8/site-packages/airflow/example_dags/example_external_task_marker_dag.py
[2025-11-03T01:33:41.801+0000] {processor.py:830} INFO - Processing file /home/airflow/.local/lib/python3.8/site-packages/airflow/example_dags/example_external_task_marker_dag.py for tasks to queue
[2025-11-03T01:33:41.809+0000] {logging_mixin.py:188} INFO - [2025-11-03T01:33:41.808+0000] {dagbag.py:538} INFO - Filling up the DagBag from /home/airflow/.local/lib/python3.8/site-packages/airflow/example_dags/example_external_task_marker_dag.py
[2025-11-03T01:33:41.836+0000] {processor.py:840} INFO - DAG(s) 'example_external_task_marker_parent', 'example_external_task_marker_child' retrieved from /home/airflow/.local/lib/python3.8/site-packages/airflow/example_dags/example_external_task_marker_dag.py
[2025-11-03T01:33:41.970+0000] {logging_mixin.py:188} INFO - [2025-11-03T01:33:41.969+0000] {dag.py:3036} INFO - Sync 2 DAGs
[2025-11-03T01:33:42.133+0000] {logging_mixin.py:188} INFO - [2025-11-03T01:33:42.132+0000] {dag.py:3823} INFO - Setting next_dagrun for example_external_task_marker_child to None, run_after=None
[2025-11-03T01:33:42.153+0000] {logging_mixin.py:188} INFO - [2025-11-03T01:33:42.153+0000] {dag.py:3823} INFO - Setting next_dagrun for example_external_task_marker_parent to None, run_after=None
[2025-11-03T01:33:42.240+0000] {processor.py:183} INFO - Processing /home/airflow/.local/lib/python3.8/site-packages/airflow/example_dags/example_external_task_marker_dag.py took 0.463 seconds
[2025-11-03T01:34:17.725+0000] {processor.py:161} INFO - Started process (PID=866) to work on /home/airflow/.local/lib/python3.8/site-packages/airflow/example_dags/example_external_task_marker_dag.py
[2025-11-03T01:34:17.737+0000] {processor.py:830} INFO - Processing file /home/airflow/.local/lib/python3.8/site-packages/airflow/example_dags/example_external_task_marker_dag.py for tasks to queue
[2025-11-03T01:34:17.761+0000] {logging_mixin.py:188} INFO - [2025-11-03T01:34:17.759+0000] {dagbag.py:538} INFO - Filling up the DagBag from /home/airflow/.local/lib/python3.8/site-packages/airflow/example_dags/example_external_task_marker_dag.py
[2025-11-03T01:34:17.799+0000] {processor.py:840} INFO - DAG(s) 'example_external_task_marker_parent', 'example_external_task_marker_child' retrieved from /home/airflow/.local/lib/python3.8/site-packages/airflow/example_dags/example_external_task_marker_dag.py
[2025-11-03T01:34:18.266+0000] {logging_mixin.py:188} INFO - [2025-11-03T01:34:18.265+0000] {dag.py:3036} INFO - Sync 2 DAGs
[2025-11-03T01:34:18.391+0000] {logging_mixin.py:188} INFO - [2025-11-03T01:34:18.391+0000] {dag.py:3823} INFO - Setting next_dagrun for example_external_task_marker_child to None, run_after=None
[2025-11-03T01:34:18.442+0000] {logging_mixin.py:188} INFO - [2025-11-03T01:34:18.441+0000] {dag.py:3823} INFO - Setting next_dagrun for example_external_task_marker_parent to None, run_after=None
[2025-11-03T01:34:18.712+0000] {processor.py:183} INFO - Processing /home/airflow/.local/lib/python3.8/site-packages/airflow/example_dags/example_external_task_marker_dag.py took 1.006 seconds
[2025-11-03T01:34:51.296+0000] {processor.py:161} INFO - Started process (PID=920) to work on /home/airflow/.local/lib/python3.8/site-packages/airflow/example_dags/example_external_task_marker_dag.py
[2025-11-03T01:34:51.329+0000] {processor.py:830} INFO - Processing file /home/airflow/.local/lib/python3.8/site-packages/airflow/example_dags/example_external_task_marker_dag.py for tasks to queue
[2025-11-03T01:34:51.339+0000] {logging_mixin.py:188} INFO - [2025-11-03T01:34:51.338+0000] {dagbag.py:538} INFO - Filling up the DagBag from /home/airflow/.local/lib/python3.8/site-packages/airflow/example_dags/example_external_task_marker_dag.py
[2025-11-03T01:34:51.405+0000] {processor.py:840} INFO - DAG(s) 'example_external_task_marker_parent', 'example_external_task_marker_child' retrieved from /home/airflow/.local/lib/python3.8/site-packages/airflow/example_dags/example_external_task_marker_dag.py
[2025-11-03T01:34:52.649+0000] {logging_mixin.py:188} INFO - [2025-11-03T01:34:52.646+0000] {dag.py:3036} INFO - Sync 2 DAGs
[2025-11-03T01:34:52.802+0000] {logging_mixin.py:188} INFO - [2025-11-03T01:34:52.800+0000] {dag.py:3823} INFO - Setting next_dagrun for example_external_task_marker_child to None, run_after=None
[2025-11-03T01:34:52.869+0000] {logging_mixin.py:188} INFO - [2025-11-03T01:34:52.868+0000] {dag.py:3823} INFO - Setting next_dagrun for example_external_task_marker_parent to None, run_after=None
[2025-11-03T01:34:53.324+0000] {processor.py:183} INFO - Processing /home/airflow/.local/lib/python3.8/site-packages/airflow/example_dags/example_external_task_marker_dag.py took 1.189 seconds
[2025-11-03T01:35:23.847+0000] {processor.py:161} INFO - Started process (PID=973) to work on /home/airflow/.local/lib/python3.8/site-packages/airflow/example_dags/example_external_task_marker_dag.py
[2025-11-03T01:35:23.852+0000] {processor.py:830} INFO - Processing file /home/airflow/.local/lib/python3.8/site-packages/airflow/example_dags/example_external_task_marker_dag.py for tasks to queue
[2025-11-03T01:35:23.869+0000] {logging_mixin.py:188} INFO - [2025-11-03T01:35:23.866+0000] {dagbag.py:538} INFO - Filling up the DagBag from /home/airflow/.local/lib/python3.8/site-packages/airflow/example_dags/example_external_task_marker_dag.py
[2025-11-03T01:35:23.914+0000] {processor.py:840} INFO - DAG(s) 'example_external_task_marker_parent', 'example_external_task_marker_child' retrieved from /home/airflow/.local/lib/python3.8/site-packages/airflow/example_dags/example_external_task_marker_dag.py
[2025-11-03T01:35:24.261+0000] {logging_mixin.py:188} INFO - [2025-11-03T01:35:24.259+0000] {dag.py:3036} INFO - Sync 2 DAGs
[2025-11-03T01:35:24.405+0000] {logging_mixin.py:188} INFO - [2025-11-03T01:35:24.405+0000] {dag.py:3823} INFO - Setting next_dagrun for example_external_task_marker_child to None, run_after=None
[2025-11-03T01:35:24.448+0000] {logging_mixin.py:188} INFO - [2025-11-03T01:35:24.447+0000] {dag.py:3823} INFO - Setting next_dagrun for example_external_task_marker_parent to None, run_after=None
[2025-11-03T01:35:24.531+0000] {processor.py:183} INFO - Processing /home/airflow/.local/lib/python3.8/site-packages/airflow/example_dags/example_external_task_marker_dag.py took 0.720 seconds
[2025-11-03T01:35:54.721+0000] {processor.py:161} INFO - Started process (PID=1028) to work on /home/airflow/.local/lib/python3.8/site-packages/airflow/example_dags/example_external_task_marker_dag.py
[2025-11-03T01:35:54.723+0000] {processor.py:830} INFO - Processing file /home/airflow/.local/lib/python3.8/site-packages/airflow/example_dags/example_external_task_marker_dag.py for tasks to queue
[2025-11-03T01:35:54.732+0000] {logging_mixin.py:188} INFO - [2025-11-03T01:35:54.731+0000] {dagbag.py:538} INFO - Filling up the DagBag from /home/airflow/.local/lib/python3.8/site-packages/airflow/example_dags/example_external_task_marker_dag.py
[2025-11-03T01:35:54.752+0000] {processor.py:840} INFO - DAG(s) 'example_external_task_marker_child', 'example_external_task_marker_parent' retrieved from /home/airflow/.local/lib/python3.8/site-packages/airflow/example_dags/example_external_task_marker_dag.py
[2025-11-03T01:35:54.865+0000] {logging_mixin.py:188} INFO - [2025-11-03T01:35:54.863+0000] {dag.py:3036} INFO - Sync 2 DAGs
[2025-11-03T01:35:54.912+0000] {logging_mixin.py:188} INFO - [2025-11-03T01:35:54.911+0000] {dag.py:3823} INFO - Setting next_dagrun for example_external_task_marker_child to None, run_after=None
[2025-11-03T01:35:54.932+0000] {logging_mixin.py:188} INFO - [2025-11-03T01:35:54.931+0000] {dag.py:3823} INFO - Setting next_dagrun for example_external_task_marker_parent to None, run_after=None
[2025-11-03T01:35:55.025+0000] {processor.py:183} INFO - Processing /home/airflow/.local/lib/python3.8/site-packages/airflow/example_dags/example_external_task_marker_dag.py took 0.322 seconds
[2025-11-03T01:36:25.346+0000] {processor.py:161} INFO - Started process (PID=1083) to work on /home/airflow/.local/lib/python3.8/site-packages/airflow/example_dags/example_external_task_marker_dag.py
[2025-11-03T01:36:25.350+0000] {processor.py:830} INFO - Processing file /home/airflow/.local/lib/python3.8/site-packages/airflow/example_dags/example_external_task_marker_dag.py for tasks to queue
[2025-11-03T01:36:25.359+0000] {logging_mixin.py:188} INFO - [2025-11-03T01:36:25.358+0000] {dagbag.py:538} INFO - Filling up the DagBag from /home/airflow/.local/lib/python3.8/site-packages/airflow/example_dags/example_external_task_marker_dag.py
[2025-11-03T01:36:25.384+0000] {processor.py:840} INFO - DAG(s) 'example_external_task_marker_parent', 'example_external_task_marker_child' retrieved from /home/airflow/.local/lib/python3.8/site-packages/airflow/example_dags/example_external_task_marker_dag.py
[2025-11-03T01:36:25.475+0000] {logging_mixin.py:188} INFO - [2025-11-03T01:36:25.475+0000] {dag.py:3036} INFO - Sync 2 DAGs
[2025-11-03T01:36:25.540+0000] {logging_mixin.py:188} INFO - [2025-11-03T01:36:25.539+0000] {dag.py:3823} INFO - Setting next_dagrun for example_external_task_marker_child to None, run_after=None
[2025-11-03T01:36:25.557+0000] {logging_mixin.py:188} INFO - [2025-11-03T01:36:25.556+0000] {dag.py:3823} INFO - Setting next_dagrun for example_external_task_marker_parent to None, run_after=None
[2025-11-03T01:36:25.643+0000] {processor.py:183} INFO - Processing /home/airflow/.local/lib/python3.8/site-packages/airflow/example_dags/example_external_task_marker_dag.py took 0.315 seconds
[2025-11-03T01:36:56.787+0000] {processor.py:161} INFO - Started process (PID=1139) to work on /home/airflow/.local/lib/python3.8/site-packages/airflow/example_dags/example_external_task_marker_dag.py
[2025-11-03T01:36:56.790+0000] {processor.py:830} INFO - Processing file /home/airflow/.local/lib/python3.8/site-packages/airflow/example_dags/example_external_task_marker_dag.py for tasks to queue
[2025-11-03T01:36:56.797+0000] {logging_mixin.py:188} INFO - [2025-11-03T01:36:56.795+0000] {dagbag.py:538} INFO - Filling up the DagBag from /home/airflow/.local/lib/python3.8/site-packages/airflow/example_dags/example_external_task_marker_dag.py
[2025-11-03T01:36:56.861+0000] {processor.py:840} INFO - DAG(s) 'example_external_task_marker_parent', 'example_external_task_marker_child' retrieved from /home/airflow/.local/lib/python3.8/site-packages/airflow/example_dags/example_external_task_marker_dag.py
[2025-11-03T01:36:57.029+0000] {logging_mixin.py:188} INFO - [2025-11-03T01:36:57.028+0000] {dag.py:3036} INFO - Sync 2 DAGs
[2025-11-03T01:36:57.073+0000] {logging_mixin.py:188} INFO - [2025-11-03T01:36:57.073+0000] {dag.py:3823} INFO - Setting next_dagrun for example_external_task_marker_child to None, run_after=None
[2025-11-03T01:36:57.085+0000] {logging_mixin.py:188} INFO - [2025-11-03T01:36:57.085+0000] {dag.py:3823} INFO - Setting next_dagrun for example_external_task_marker_parent to None, run_after=None
[2025-11-03T01:36:57.146+0000] {processor.py:183} INFO - Processing /home/airflow/.local/lib/python3.8/site-packages/airflow/example_dags/example_external_task_marker_dag.py took 0.440 seconds
[2025-11-03T01:37:53.599+0000] {processor.py:161} INFO - Started process (PID=1207) to work on /home/airflow/.local/lib/python3.8/site-packages/airflow/example_dags/example_external_task_marker_dag.py
[2025-11-03T01:37:53.627+0000] {processor.py:830} INFO - Processing file /home/airflow/.local/lib/python3.8/site-packages/airflow/example_dags/example_external_task_marker_dag.py for tasks to queue
[2025-11-03T01:37:53.736+0000] {logging_mixin.py:188} INFO - [2025-11-03T01:37:53.735+0000] {dagbag.py:538} INFO - Filling up the DagBag from /home/airflow/.local/lib/python3.8/site-packages/airflow/example_dags/example_external_task_marker_dag.py
[2025-11-03T01:37:53.891+0000] {processor.py:840} INFO - DAG(s) 'example_external_task_marker_parent', 'example_external_task_marker_child' retrieved from /home/airflow/.local/lib/python3.8/site-packages/airflow/example_dags/example_external_task_marker_dag.py
[2025-11-03T01:37:54.191+0000] {logging_mixin.py:188} INFO - [2025-11-03T01:37:54.190+0000] {dag.py:3036} INFO - Sync 2 DAGs
[2025-11-03T01:37:54.299+0000] {logging_mixin.py:188} INFO - [2025-11-03T01:37:54.299+0000] {dag.py:3823} INFO - Setting next_dagrun for example_external_task_marker_child to None, run_after=None
[2025-11-03T01:37:54.370+0000] {logging_mixin.py:188} INFO - [2025-11-03T01:37:54.370+0000] {dag.py:3823} INFO - Setting next_dagrun for example_external_task_marker_parent to None, run_after=None
[2025-11-03T01:37:54.468+0000] {processor.py:183} INFO - Processing /home/airflow/.local/lib/python3.8/site-packages/airflow/example_dags/example_external_task_marker_dag.py took 0.946 seconds
[2025-11-03T01:38:39.511+0000] {processor.py:161} INFO - Started process (PID=1256) to work on /home/airflow/.local/lib/python3.8/site-packages/airflow/example_dags/example_external_task_marker_dag.py
[2025-11-03T01:38:39.528+0000] {processor.py:830} INFO - Processing file /home/airflow/.local/lib/python3.8/site-packages/airflow/example_dags/example_external_task_marker_dag.py for tasks to queue
[2025-11-03T01:38:39.542+0000] {logging_mixin.py:188} INFO - [2025-11-03T01:38:39.542+0000] {dagbag.py:538} INFO - Filling up the DagBag from /home/airflow/.local/lib/python3.8/site-packages/airflow/example_dags/example_external_task_marker_dag.py
[2025-11-03T01:38:39.603+0000] {processor.py:840} INFO - DAG(s) 'example_external_task_marker_parent', 'example_external_task_marker_child' retrieved from /home/airflow/.local/lib/python3.8/site-packages/airflow/example_dags/example_external_task_marker_dag.py
[2025-11-03T01:38:39.821+0000] {logging_mixin.py:188} INFO - [2025-11-03T01:38:39.820+0000] {dag.py:3036} INFO - Sync 2 DAGs
[2025-11-03T01:38:39.949+0000] {logging_mixin.py:188} INFO - [2025-11-03T01:38:39.948+0000] {dag.py:3823} INFO - Setting next_dagrun for example_external_task_marker_child to None, run_after=None
[2025-11-03T01:38:39.992+0000] {logging_mixin.py:188} INFO - [2025-11-03T01:38:39.982+0000] {dag.py:3823} INFO - Setting next_dagrun for example_external_task_marker_parent to None, run_after=None
[2025-11-03T01:38:40.184+0000] {processor.py:183} INFO - Processing /home/airflow/.local/lib/python3.8/site-packages/airflow/example_dags/example_external_task_marker_dag.py took 0.691 seconds
[2025-11-03T01:39:27.153+0000] {processor.py:161} INFO - Started process (PID=1321) to work on /home/airflow/.local/lib/python3.8/site-packages/airflow/example_dags/example_external_task_marker_dag.py
[2025-11-03T01:39:27.159+0000] {processor.py:830} INFO - Processing file /home/airflow/.local/lib/python3.8/site-packages/airflow/example_dags/example_external_task_marker_dag.py for tasks to queue
[2025-11-03T01:39:27.166+0000] {logging_mixin.py:188} INFO - [2025-11-03T01:39:27.165+0000] {dagbag.py:538} INFO - Filling up the DagBag from /home/airflow/.local/lib/python3.8/site-packages/airflow/example_dags/example_external_task_marker_dag.py
[2025-11-03T01:39:27.196+0000] {processor.py:840} INFO - DAG(s) 'example_external_task_marker_child', 'example_external_task_marker_parent' retrieved from /home/airflow/.local/lib/python3.8/site-packages/airflow/example_dags/example_external_task_marker_dag.py
[2025-11-03T01:39:27.363+0000] {logging_mixin.py:188} INFO - [2025-11-03T01:39:27.362+0000] {dag.py:3036} INFO - Sync 2 DAGs
[2025-11-03T01:39:27.506+0000] {logging_mixin.py:188} INFO - [2025-11-03T01:39:27.496+0000] {dag.py:3823} INFO - Setting next_dagrun for example_external_task_marker_child to None, run_after=None
[2025-11-03T01:39:27.529+0000] {logging_mixin.py:188} INFO - [2025-11-03T01:39:27.529+0000] {dag.py:3823} INFO - Setting next_dagrun for example_external_task_marker_parent to None, run_after=None
[2025-11-03T01:39:27.597+0000] {processor.py:183} INFO - Processing /home/airflow/.local/lib/python3.8/site-packages/airflow/example_dags/example_external_task_marker_dag.py took 0.465 seconds
[2025-11-03T01:40:00.760+0000] {processor.py:161} INFO - Started process (PID=1375) to work on /home/airflow/.local/lib/python3.8/site-packages/airflow/example_dags/example_external_task_marker_dag.py
[2025-11-03T01:40:00.764+0000] {processor.py:830} INFO - Processing file /home/airflow/.local/lib/python3.8/site-packages/airflow/example_dags/example_external_task_marker_dag.py for tasks to queue
[2025-11-03T01:40:00.780+0000] {logging_mixin.py:188} INFO - [2025-11-03T01:40:00.776+0000] {dagbag.py:538} INFO - Filling up the DagBag from /home/airflow/.local/lib/python3.8/site-packages/airflow/example_dags/example_external_task_marker_dag.py
[2025-11-03T01:40:00.841+0000] {processor.py:840} INFO - DAG(s) 'example_external_task_marker_parent', 'example_external_task_marker_child' retrieved from /home/airflow/.local/lib/python3.8/site-packages/airflow/example_dags/example_external_task_marker_dag.py
[2025-11-03T01:40:01.057+0000] {logging_mixin.py:188} INFO - [2025-11-03T01:40:01.056+0000] {dag.py:3036} INFO - Sync 2 DAGs
[2025-11-03T01:40:01.114+0000] {logging_mixin.py:188} INFO - [2025-11-03T01:40:01.112+0000] {dag.py:3823} INFO - Setting next_dagrun for example_external_task_marker_child to None, run_after=None
[2025-11-03T01:40:01.132+0000] {logging_mixin.py:188} INFO - [2025-11-03T01:40:01.131+0000] {dag.py:3823} INFO - Setting next_dagrun for example_external_task_marker_parent to None, run_after=None
[2025-11-03T01:40:01.292+0000] {processor.py:183} INFO - Processing /home/airflow/.local/lib/python3.8/site-packages/airflow/example_dags/example_external_task_marker_dag.py took 0.580 seconds
[2025-11-03T01:47:20.028+0000] {processor.py:161} INFO - Started process (PID=1498) to work on /home/airflow/.local/lib/python3.8/site-packages/airflow/example_dags/example_external_task_marker_dag.py
[2025-11-03T01:47:20.092+0000] {processor.py:830} INFO - Processing file /home/airflow/.local/lib/python3.8/site-packages/airflow/example_dags/example_external_task_marker_dag.py for tasks to queue
[2025-11-03T01:47:20.158+0000] {logging_mixin.py:188} INFO - [2025-11-03T01:47:20.157+0000] {dagbag.py:538} INFO - Filling up the DagBag from /home/airflow/.local/lib/python3.8/site-packages/airflow/example_dags/example_external_task_marker_dag.py
[2025-11-03T01:47:20.703+0000] {processor.py:840} INFO - DAG(s) 'example_external_task_marker_parent', 'example_external_task_marker_child' retrieved from /home/airflow/.local/lib/python3.8/site-packages/airflow/example_dags/example_external_task_marker_dag.py
[2025-11-03T01:47:21.650+0000] {logging_mixin.py:188} INFO - [2025-11-03T01:47:21.649+0000] {dag.py:3036} INFO - Sync 2 DAGs
[2025-11-03T01:47:25.256+0000] {logging_mixin.py:188} INFO - [2025-11-03T01:47:25.255+0000] {dag.py:3823} INFO - Setting next_dagrun for example_external_task_marker_child to None, run_after=None
[2025-11-03T01:47:25.752+0000] {logging_mixin.py:188} INFO - [2025-11-03T01:47:25.751+0000] {dag.py:3823} INFO - Setting next_dagrun for example_external_task_marker_parent to None, run_after=None
[2025-11-03T01:47:30.682+0000] {processor.py:183} INFO - Processing /home/airflow/.local/lib/python3.8/site-packages/airflow/example_dags/example_external_task_marker_dag.py took 10.699 seconds
[2025-11-03T01:53:53.961+0000] {processor.py:161} INFO - Started process (PID=1602) to work on /home/airflow/.local/lib/python3.8/site-packages/airflow/example_dags/example_external_task_marker_dag.py
[2025-11-03T01:53:54.004+0000] {processor.py:830} INFO - Processing file /home/airflow/.local/lib/python3.8/site-packages/airflow/example_dags/example_external_task_marker_dag.py for tasks to queue
[2025-11-03T01:53:54.021+0000] {logging_mixin.py:188} INFO - [2025-11-03T01:53:54.020+0000] {dagbag.py:538} INFO - Filling up the DagBag from /home/airflow/.local/lib/python3.8/site-packages/airflow/example_dags/example_external_task_marker_dag.py
[2025-11-03T01:53:54.147+0000] {processor.py:840} INFO - DAG(s) 'example_external_task_marker_child', 'example_external_task_marker_parent' retrieved from /home/airflow/.local/lib/python3.8/site-packages/airflow/example_dags/example_external_task_marker_dag.py
[2025-11-03T01:54:15.819+0000] {logging_mixin.py:188} INFO - [2025-11-03T01:54:15.818+0000] {dag.py:3036} INFO - Sync 2 DAGs
[2025-11-03T01:54:24.200+0000] {logging_mixin.py:188} INFO - [2025-11-03T01:54:24.200+0000] {dag.py:3823} INFO - Setting next_dagrun for example_external_task_marker_child to None, run_after=None
[2025-11-03T01:54:24.676+0000] {logging_mixin.py:188} INFO - [2025-11-03T01:54:24.648+0000] {dag.py:3823} INFO - Setting next_dagrun for example_external_task_marker_parent to None, run_after=None
[2025-11-03T01:54:26.576+0000] {processor.py:183} INFO - Processing /home/airflow/.local/lib/python3.8/site-packages/airflow/example_dags/example_external_task_marker_dag.py took 31.684 seconds
