[2025-11-03T01:13:31.766+0000] {processor.py:161} INFO - Started process (PID=110) to work on /home/airflow/.local/lib/python3.8/site-packages/airflow/example_dags/example_latest_only_with_trigger.py
[2025-11-03T01:13:31.770+0000] {processor.py:830} INFO - Processing file /home/airflow/.local/lib/python3.8/site-packages/airflow/example_dags/example_latest_only_with_trigger.py for tasks to queue
[2025-11-03T01:13:31.780+0000] {logging_mixin.py:188} INFO - [2025-11-03T01:13:31.779+0000] {dagbag.py:538} INFO - Filling up the DagBag from /home/airflow/.local/lib/python3.8/site-packages/airflow/example_dags/example_latest_only_with_trigger.py
[2025-11-03T01:13:31.807+0000] {processor.py:840} INFO - DAG(s) 'latest_only_with_trigger' retrieved from /home/airflow/.local/lib/python3.8/site-packages/airflow/example_dags/example_latest_only_with_trigger.py
[2025-11-03T01:13:31.912+0000] {logging_mixin.py:188} INFO - [2025-11-03T01:13:31.911+0000] {dag.py:3036} INFO - Sync 1 DAGs
[2025-11-03T01:13:32.026+0000] {logging_mixin.py:188} INFO - [2025-11-03T01:13:32.025+0000] {dag.py:3823} INFO - Setting next_dagrun for latest_only_with_trigger to 2025-11-02 20:00:00+00:00, run_after=2025-11-03 00:00:00+00:00
[2025-11-03T01:13:32.132+0000] {processor.py:183} INFO - Processing /home/airflow/.local/lib/python3.8/site-packages/airflow/example_dags/example_latest_only_with_trigger.py took 0.380 seconds
[2025-11-03T01:14:13.519+0000] {processor.py:161} INFO - Started process (PID=165) to work on /home/airflow/.local/lib/python3.8/site-packages/airflow/example_dags/example_latest_only_with_trigger.py
[2025-11-03T01:14:13.537+0000] {processor.py:830} INFO - Processing file /home/airflow/.local/lib/python3.8/site-packages/airflow/example_dags/example_latest_only_with_trigger.py for tasks to queue
[2025-11-03T01:14:13.546+0000] {logging_mixin.py:188} INFO - [2025-11-03T01:14:13.545+0000] {dagbag.py:538} INFO - Filling up the DagBag from /home/airflow/.local/lib/python3.8/site-packages/airflow/example_dags/example_latest_only_with_trigger.py
[2025-11-03T01:14:13.616+0000] {processor.py:840} INFO - DAG(s) 'latest_only_with_trigger' retrieved from /home/airflow/.local/lib/python3.8/site-packages/airflow/example_dags/example_latest_only_with_trigger.py
[2025-11-03T01:14:13.876+0000] {logging_mixin.py:188} INFO - [2025-11-03T01:14:13.875+0000] {dag.py:3036} INFO - Sync 1 DAGs
[2025-11-03T01:14:14.167+0000] {logging_mixin.py:188} INFO - [2025-11-03T01:14:14.166+0000] {dag.py:3823} INFO - Setting next_dagrun for latest_only_with_trigger to 2025-11-02 20:00:00+00:00, run_after=2025-11-03 00:00:00+00:00
[2025-11-03T01:14:14.325+0000] {processor.py:183} INFO - Processing /home/airflow/.local/lib/python3.8/site-packages/airflow/example_dags/example_latest_only_with_trigger.py took 0.831 seconds
[2025-11-03T01:15:04.717+0000] {processor.py:161} INFO - Started process (PID=226) to work on /home/airflow/.local/lib/python3.8/site-packages/airflow/example_dags/example_latest_only_with_trigger.py
[2025-11-03T01:15:04.736+0000] {processor.py:830} INFO - Processing file /home/airflow/.local/lib/python3.8/site-packages/airflow/example_dags/example_latest_only_with_trigger.py for tasks to queue
[2025-11-03T01:15:04.800+0000] {logging_mixin.py:188} INFO - [2025-11-03T01:15:04.799+0000] {dagbag.py:538} INFO - Filling up the DagBag from /home/airflow/.local/lib/python3.8/site-packages/airflow/example_dags/example_latest_only_with_trigger.py
[2025-11-03T01:15:04.961+0000] {processor.py:840} INFO - DAG(s) 'latest_only_with_trigger' retrieved from /home/airflow/.local/lib/python3.8/site-packages/airflow/example_dags/example_latest_only_with_trigger.py
[2025-11-03T01:15:05.195+0000] {logging_mixin.py:188} INFO - [2025-11-03T01:15:05.194+0000] {dag.py:3036} INFO - Sync 1 DAGs
[2025-11-03T01:15:05.564+0000] {logging_mixin.py:188} INFO - [2025-11-03T01:15:05.563+0000] {dag.py:3823} INFO - Setting next_dagrun for latest_only_with_trigger to 2025-11-02 20:00:00+00:00, run_after=2025-11-03 00:00:00+00:00
[2025-11-03T01:15:05.794+0000] {processor.py:183} INFO - Processing /home/airflow/.local/lib/python3.8/site-packages/airflow/example_dags/example_latest_only_with_trigger.py took 1.139 seconds
[2025-11-03T01:15:48.717+0000] {processor.py:161} INFO - Started process (PID=280) to work on /home/airflow/.local/lib/python3.8/site-packages/airflow/example_dags/example_latest_only_with_trigger.py
[2025-11-03T01:15:48.728+0000] {processor.py:830} INFO - Processing file /home/airflow/.local/lib/python3.8/site-packages/airflow/example_dags/example_latest_only_with_trigger.py for tasks to queue
[2025-11-03T01:15:48.734+0000] {logging_mixin.py:188} INFO - [2025-11-03T01:15:48.733+0000] {dagbag.py:538} INFO - Filling up the DagBag from /home/airflow/.local/lib/python3.8/site-packages/airflow/example_dags/example_latest_only_with_trigger.py
[2025-11-03T01:15:48.775+0000] {processor.py:840} INFO - DAG(s) 'latest_only_with_trigger' retrieved from /home/airflow/.local/lib/python3.8/site-packages/airflow/example_dags/example_latest_only_with_trigger.py
[2025-11-03T01:15:48.826+0000] {logging_mixin.py:188} INFO - [2025-11-03T01:15:48.826+0000] {dag.py:3036} INFO - Sync 1 DAGs
[2025-11-03T01:15:49.043+0000] {logging_mixin.py:188} INFO - [2025-11-03T01:15:49.042+0000] {dag.py:3823} INFO - Setting next_dagrun for latest_only_with_trigger to 2025-11-02 20:00:00+00:00, run_after=2025-11-03 00:00:00+00:00
[2025-11-03T01:15:49.266+0000] {processor.py:183} INFO - Processing /home/airflow/.local/lib/python3.8/site-packages/airflow/example_dags/example_latest_only_with_trigger.py took 0.581 seconds
[2025-11-03T01:16:30.331+0000] {processor.py:161} INFO - Started process (PID=340) to work on /home/airflow/.local/lib/python3.8/site-packages/airflow/example_dags/example_latest_only_with_trigger.py
[2025-11-03T01:16:30.336+0000] {processor.py:830} INFO - Processing file /home/airflow/.local/lib/python3.8/site-packages/airflow/example_dags/example_latest_only_with_trigger.py for tasks to queue
[2025-11-03T01:16:30.354+0000] {logging_mixin.py:188} INFO - [2025-11-03T01:16:30.353+0000] {dagbag.py:538} INFO - Filling up the DagBag from /home/airflow/.local/lib/python3.8/site-packages/airflow/example_dags/example_latest_only_with_trigger.py
[2025-11-03T01:16:30.428+0000] {processor.py:840} INFO - DAG(s) 'latest_only_with_trigger' retrieved from /home/airflow/.local/lib/python3.8/site-packages/airflow/example_dags/example_latest_only_with_trigger.py
[2025-11-03T01:16:31.688+0000] {logging_mixin.py:188} INFO - [2025-11-03T01:16:31.675+0000] {dag.py:3036} INFO - Sync 1 DAGs
[2025-11-03T01:16:32.015+0000] {logging_mixin.py:188} INFO - [2025-11-03T01:16:31.991+0000] {dag.py:3823} INFO - Setting next_dagrun for latest_only_with_trigger to 2025-11-02 20:00:00+00:00, run_after=2025-11-03 00:00:00+00:00
[2025-11-03T01:16:32.223+0000] {processor.py:183} INFO - Processing /home/airflow/.local/lib/python3.8/site-packages/airflow/example_dags/example_latest_only_with_trigger.py took 1.934 seconds
[2025-11-03T01:17:04.846+0000] {processor.py:161} INFO - Started process (PID=395) to work on /home/airflow/.local/lib/python3.8/site-packages/airflow/example_dags/example_latest_only_with_trigger.py
[2025-11-03T01:17:04.850+0000] {processor.py:830} INFO - Processing file /home/airflow/.local/lib/python3.8/site-packages/airflow/example_dags/example_latest_only_with_trigger.py for tasks to queue
[2025-11-03T01:17:04.857+0000] {logging_mixin.py:188} INFO - [2025-11-03T01:17:04.856+0000] {dagbag.py:538} INFO - Filling up the DagBag from /home/airflow/.local/lib/python3.8/site-packages/airflow/example_dags/example_latest_only_with_trigger.py
[2025-11-03T01:17:04.880+0000] {processor.py:840} INFO - DAG(s) 'latest_only_with_trigger' retrieved from /home/airflow/.local/lib/python3.8/site-packages/airflow/example_dags/example_latest_only_with_trigger.py
[2025-11-03T01:17:04.959+0000] {logging_mixin.py:188} INFO - [2025-11-03T01:17:04.958+0000] {dag.py:3036} INFO - Sync 1 DAGs
[2025-11-03T01:17:05.040+0000] {logging_mixin.py:188} INFO - [2025-11-03T01:17:05.039+0000] {dag.py:3823} INFO - Setting next_dagrun for latest_only_with_trigger to 2025-11-02 20:00:00+00:00, run_after=2025-11-03 00:00:00+00:00
[2025-11-03T01:17:05.118+0000] {processor.py:183} INFO - Processing /home/airflow/.local/lib/python3.8/site-packages/airflow/example_dags/example_latest_only_with_trigger.py took 0.286 seconds
[2025-11-03T01:17:35.954+0000] {processor.py:161} INFO - Started process (PID=451) to work on /home/airflow/.local/lib/python3.8/site-packages/airflow/example_dags/example_latest_only_with_trigger.py
[2025-11-03T01:17:35.978+0000] {processor.py:830} INFO - Processing file /home/airflow/.local/lib/python3.8/site-packages/airflow/example_dags/example_latest_only_with_trigger.py for tasks to queue
[2025-11-03T01:17:35.987+0000] {logging_mixin.py:188} INFO - [2025-11-03T01:17:35.986+0000] {dagbag.py:538} INFO - Filling up the DagBag from /home/airflow/.local/lib/python3.8/site-packages/airflow/example_dags/example_latest_only_with_trigger.py
[2025-11-03T01:17:36.038+0000] {processor.py:840} INFO - DAG(s) 'latest_only_with_trigger' retrieved from /home/airflow/.local/lib/python3.8/site-packages/airflow/example_dags/example_latest_only_with_trigger.py
[2025-11-03T01:17:36.242+0000] {logging_mixin.py:188} INFO - [2025-11-03T01:17:36.241+0000] {dag.py:3036} INFO - Sync 1 DAGs
[2025-11-03T01:17:36.397+0000] {logging_mixin.py:188} INFO - [2025-11-03T01:17:36.396+0000] {dag.py:3823} INFO - Setting next_dagrun for latest_only_with_trigger to 2025-11-02 20:00:00+00:00, run_after=2025-11-03 00:00:00+00:00
[2025-11-03T01:17:36.550+0000] {processor.py:183} INFO - Processing /home/airflow/.local/lib/python3.8/site-packages/airflow/example_dags/example_latest_only_with_trigger.py took 0.619 seconds
[2025-11-03T01:18:06.819+0000] {processor.py:161} INFO - Started process (PID=504) to work on /home/airflow/.local/lib/python3.8/site-packages/airflow/example_dags/example_latest_only_with_trigger.py
[2025-11-03T01:18:06.841+0000] {processor.py:830} INFO - Processing file /home/airflow/.local/lib/python3.8/site-packages/airflow/example_dags/example_latest_only_with_trigger.py for tasks to queue
[2025-11-03T01:18:06.847+0000] {logging_mixin.py:188} INFO - [2025-11-03T01:18:06.846+0000] {dagbag.py:538} INFO - Filling up the DagBag from /home/airflow/.local/lib/python3.8/site-packages/airflow/example_dags/example_latest_only_with_trigger.py
[2025-11-03T01:18:06.865+0000] {processor.py:840} INFO - DAG(s) 'latest_only_with_trigger' retrieved from /home/airflow/.local/lib/python3.8/site-packages/airflow/example_dags/example_latest_only_with_trigger.py
[2025-11-03T01:18:06.938+0000] {logging_mixin.py:188} INFO - [2025-11-03T01:18:06.937+0000] {dag.py:3036} INFO - Sync 1 DAGs
[2025-11-03T01:18:07.028+0000] {logging_mixin.py:188} INFO - [2025-11-03T01:18:07.027+0000] {dag.py:3823} INFO - Setting next_dagrun for latest_only_with_trigger to 2025-11-02 20:00:00+00:00, run_after=2025-11-03 00:00:00+00:00
[2025-11-03T01:18:07.137+0000] {processor.py:183} INFO - Processing /home/airflow/.local/lib/python3.8/site-packages/airflow/example_dags/example_latest_only_with_trigger.py took 0.331 seconds
[2025-11-03T01:18:37.540+0000] {processor.py:161} INFO - Started process (PID=559) to work on /home/airflow/.local/lib/python3.8/site-packages/airflow/example_dags/example_latest_only_with_trigger.py
[2025-11-03T01:18:37.544+0000] {processor.py:830} INFO - Processing file /home/airflow/.local/lib/python3.8/site-packages/airflow/example_dags/example_latest_only_with_trigger.py for tasks to queue
[2025-11-03T01:18:37.550+0000] {logging_mixin.py:188} INFO - [2025-11-03T01:18:37.549+0000] {dagbag.py:538} INFO - Filling up the DagBag from /home/airflow/.local/lib/python3.8/site-packages/airflow/example_dags/example_latest_only_with_trigger.py
[2025-11-03T01:18:37.573+0000] {processor.py:840} INFO - DAG(s) 'latest_only_with_trigger' retrieved from /home/airflow/.local/lib/python3.8/site-packages/airflow/example_dags/example_latest_only_with_trigger.py
[2025-11-03T01:18:37.661+0000] {logging_mixin.py:188} INFO - [2025-11-03T01:18:37.660+0000] {dag.py:3036} INFO - Sync 1 DAGs
[2025-11-03T01:18:37.745+0000] {logging_mixin.py:188} INFO - [2025-11-03T01:18:37.744+0000] {dag.py:3823} INFO - Setting next_dagrun for latest_only_with_trigger to 2025-11-02 20:00:00+00:00, run_after=2025-11-03 00:00:00+00:00
[2025-11-03T01:18:37.813+0000] {processor.py:183} INFO - Processing /home/airflow/.local/lib/python3.8/site-packages/airflow/example_dags/example_latest_only_with_trigger.py took 0.288 seconds
[2025-11-03T01:19:08.611+0000] {processor.py:161} INFO - Started process (PID=614) to work on /home/airflow/.local/lib/python3.8/site-packages/airflow/example_dags/example_latest_only_with_trigger.py
[2025-11-03T01:19:08.625+0000] {processor.py:830} INFO - Processing file /home/airflow/.local/lib/python3.8/site-packages/airflow/example_dags/example_latest_only_with_trigger.py for tasks to queue
[2025-11-03T01:19:08.730+0000] {logging_mixin.py:188} INFO - [2025-11-03T01:19:08.729+0000] {dagbag.py:538} INFO - Filling up the DagBag from /home/airflow/.local/lib/python3.8/site-packages/airflow/example_dags/example_latest_only_with_trigger.py
[2025-11-03T01:19:08.800+0000] {processor.py:840} INFO - DAG(s) 'latest_only_with_trigger' retrieved from /home/airflow/.local/lib/python3.8/site-packages/airflow/example_dags/example_latest_only_with_trigger.py
[2025-11-03T01:19:09.048+0000] {logging_mixin.py:188} INFO - [2025-11-03T01:19:09.047+0000] {dag.py:3036} INFO - Sync 1 DAGs
[2025-11-03T01:19:09.305+0000] {logging_mixin.py:188} INFO - [2025-11-03T01:19:09.293+0000] {dag.py:3823} INFO - Setting next_dagrun for latest_only_with_trigger to 2025-11-02 20:00:00+00:00, run_after=2025-11-03 00:00:00+00:00
[2025-11-03T01:19:09.483+0000] {processor.py:183} INFO - Processing /home/airflow/.local/lib/python3.8/site-packages/airflow/example_dags/example_latest_only_with_trigger.py took 0.946 seconds
[2025-11-03T01:19:39.674+0000] {processor.py:161} INFO - Started process (PID=669) to work on /home/airflow/.local/lib/python3.8/site-packages/airflow/example_dags/example_latest_only_with_trigger.py
[2025-11-03T01:19:39.686+0000] {processor.py:830} INFO - Processing file /home/airflow/.local/lib/python3.8/site-packages/airflow/example_dags/example_latest_only_with_trigger.py for tasks to queue
[2025-11-03T01:19:39.694+0000] {logging_mixin.py:188} INFO - [2025-11-03T01:19:39.693+0000] {dagbag.py:538} INFO - Filling up the DagBag from /home/airflow/.local/lib/python3.8/site-packages/airflow/example_dags/example_latest_only_with_trigger.py
[2025-11-03T01:19:39.733+0000] {processor.py:840} INFO - DAG(s) 'latest_only_with_trigger' retrieved from /home/airflow/.local/lib/python3.8/site-packages/airflow/example_dags/example_latest_only_with_trigger.py
[2025-11-03T01:19:39.954+0000] {logging_mixin.py:188} INFO - [2025-11-03T01:19:39.954+0000] {dag.py:3036} INFO - Sync 1 DAGs
[2025-11-03T01:19:40.080+0000] {logging_mixin.py:188} INFO - [2025-11-03T01:19:40.080+0000] {dag.py:3823} INFO - Setting next_dagrun for latest_only_with_trigger to 2025-11-02 20:00:00+00:00, run_after=2025-11-03 00:00:00+00:00
[2025-11-03T01:19:40.209+0000] {processor.py:183} INFO - Processing /home/airflow/.local/lib/python3.8/site-packages/airflow/example_dags/example_latest_only_with_trigger.py took 0.569 seconds
[2025-11-03T01:20:12.796+0000] {processor.py:161} INFO - Started process (PID=723) to work on /home/airflow/.local/lib/python3.8/site-packages/airflow/example_dags/example_latest_only_with_trigger.py
[2025-11-03T01:20:12.800+0000] {processor.py:830} INFO - Processing file /home/airflow/.local/lib/python3.8/site-packages/airflow/example_dags/example_latest_only_with_trigger.py for tasks to queue
[2025-11-03T01:20:12.829+0000] {logging_mixin.py:188} INFO - [2025-11-03T01:20:12.817+0000] {dagbag.py:538} INFO - Filling up the DagBag from /home/airflow/.local/lib/python3.8/site-packages/airflow/example_dags/example_latest_only_with_trigger.py
[2025-11-03T01:20:12.893+0000] {processor.py:840} INFO - DAG(s) 'latest_only_with_trigger' retrieved from /home/airflow/.local/lib/python3.8/site-packages/airflow/example_dags/example_latest_only_with_trigger.py
[2025-11-03T01:20:13.140+0000] {logging_mixin.py:188} INFO - [2025-11-03T01:20:13.139+0000] {dag.py:3036} INFO - Sync 1 DAGs
[2025-11-03T01:20:13.409+0000] {logging_mixin.py:188} INFO - [2025-11-03T01:20:13.396+0000] {dag.py:3823} INFO - Setting next_dagrun for latest_only_with_trigger to 2025-11-02 20:00:00+00:00, run_after=2025-11-03 00:00:00+00:00
[2025-11-03T01:20:13.710+0000] {processor.py:183} INFO - Processing /home/airflow/.local/lib/python3.8/site-packages/airflow/example_dags/example_latest_only_with_trigger.py took 0.958 seconds
[2025-11-03T01:20:46.760+0000] {processor.py:161} INFO - Started process (PID=777) to work on /home/airflow/.local/lib/python3.8/site-packages/airflow/example_dags/example_latest_only_with_trigger.py
[2025-11-03T01:20:46.790+0000] {processor.py:830} INFO - Processing file /home/airflow/.local/lib/python3.8/site-packages/airflow/example_dags/example_latest_only_with_trigger.py for tasks to queue
[2025-11-03T01:20:46.809+0000] {logging_mixin.py:188} INFO - [2025-11-03T01:20:46.808+0000] {dagbag.py:538} INFO - Filling up the DagBag from /home/airflow/.local/lib/python3.8/site-packages/airflow/example_dags/example_latest_only_with_trigger.py
[2025-11-03T01:20:47.103+0000] {processor.py:840} INFO - DAG(s) 'latest_only_with_trigger' retrieved from /home/airflow/.local/lib/python3.8/site-packages/airflow/example_dags/example_latest_only_with_trigger.py
[2025-11-03T01:20:47.497+0000] {logging_mixin.py:188} INFO - [2025-11-03T01:20:47.496+0000] {dag.py:3036} INFO - Sync 1 DAGs
[2025-11-03T01:20:48.057+0000] {logging_mixin.py:188} INFO - [2025-11-03T01:20:48.056+0000] {dag.py:3823} INFO - Setting next_dagrun for latest_only_with_trigger to 2025-11-02 20:00:00+00:00, run_after=2025-11-03 00:00:00+00:00
[2025-11-03T01:20:48.265+0000] {processor.py:183} INFO - Processing /home/airflow/.local/lib/python3.8/site-packages/airflow/example_dags/example_latest_only_with_trigger.py took 1.571 seconds
[2025-11-03T01:21:18.753+0000] {processor.py:161} INFO - Started process (PID=831) to work on /home/airflow/.local/lib/python3.8/site-packages/airflow/example_dags/example_latest_only_with_trigger.py
[2025-11-03T01:21:18.756+0000] {processor.py:830} INFO - Processing file /home/airflow/.local/lib/python3.8/site-packages/airflow/example_dags/example_latest_only_with_trigger.py for tasks to queue
[2025-11-03T01:21:18.761+0000] {logging_mixin.py:188} INFO - [2025-11-03T01:21:18.761+0000] {dagbag.py:538} INFO - Filling up the DagBag from /home/airflow/.local/lib/python3.8/site-packages/airflow/example_dags/example_latest_only_with_trigger.py
[2025-11-03T01:21:18.777+0000] {processor.py:840} INFO - DAG(s) 'latest_only_with_trigger' retrieved from /home/airflow/.local/lib/python3.8/site-packages/airflow/example_dags/example_latest_only_with_trigger.py
[2025-11-03T01:21:18.825+0000] {logging_mixin.py:188} INFO - [2025-11-03T01:21:18.825+0000] {dag.py:3036} INFO - Sync 1 DAGs
[2025-11-03T01:21:18.871+0000] {logging_mixin.py:188} INFO - [2025-11-03T01:21:18.870+0000] {dag.py:3823} INFO - Setting next_dagrun for latest_only_with_trigger to 2025-11-02 20:00:00+00:00, run_after=2025-11-03 00:00:00+00:00
[2025-11-03T01:21:18.914+0000] {processor.py:183} INFO - Processing /home/airflow/.local/lib/python3.8/site-packages/airflow/example_dags/example_latest_only_with_trigger.py took 0.170 seconds
[2025-11-03T01:25:41.104+0000] {processor.py:161} INFO - Started process (PID=96) to work on /home/airflow/.local/lib/python3.8/site-packages/airflow/example_dags/example_latest_only_with_trigger.py
[2025-11-03T01:25:41.115+0000] {processor.py:830} INFO - Processing file /home/airflow/.local/lib/python3.8/site-packages/airflow/example_dags/example_latest_only_with_trigger.py for tasks to queue
[2025-11-03T01:25:41.131+0000] {logging_mixin.py:188} INFO - [2025-11-03T01:25:41.130+0000] {dagbag.py:538} INFO - Filling up the DagBag from /home/airflow/.local/lib/python3.8/site-packages/airflow/example_dags/example_latest_only_with_trigger.py
[2025-11-03T01:25:41.216+0000] {processor.py:840} INFO - DAG(s) 'latest_only_with_trigger' retrieved from /home/airflow/.local/lib/python3.8/site-packages/airflow/example_dags/example_latest_only_with_trigger.py
[2025-11-03T01:25:41.409+0000] {logging_mixin.py:188} INFO - [2025-11-03T01:25:41.408+0000] {dag.py:3036} INFO - Sync 1 DAGs
[2025-11-03T01:25:41.650+0000] {logging_mixin.py:188} INFO - [2025-11-03T01:25:41.649+0000] {dag.py:3823} INFO - Setting next_dagrun for latest_only_with_trigger to 2025-11-02 20:00:00+00:00, run_after=2025-11-03 00:00:00+00:00
[2025-11-03T01:25:41.763+0000] {processor.py:183} INFO - Processing /home/airflow/.local/lib/python3.8/site-packages/airflow/example_dags/example_latest_only_with_trigger.py took 0.686 seconds
[2025-11-03T01:26:11.960+0000] {processor.py:161} INFO - Started process (PID=153) to work on /home/airflow/.local/lib/python3.8/site-packages/airflow/example_dags/example_latest_only_with_trigger.py
[2025-11-03T01:26:11.964+0000] {processor.py:830} INFO - Processing file /home/airflow/.local/lib/python3.8/site-packages/airflow/example_dags/example_latest_only_with_trigger.py for tasks to queue
[2025-11-03T01:26:11.969+0000] {logging_mixin.py:188} INFO - [2025-11-03T01:26:11.968+0000] {dagbag.py:538} INFO - Filling up the DagBag from /home/airflow/.local/lib/python3.8/site-packages/airflow/example_dags/example_latest_only_with_trigger.py
[2025-11-03T01:26:11.989+0000] {processor.py:840} INFO - DAG(s) 'latest_only_with_trigger' retrieved from /home/airflow/.local/lib/python3.8/site-packages/airflow/example_dags/example_latest_only_with_trigger.py
[2025-11-03T01:26:12.083+0000] {logging_mixin.py:188} INFO - [2025-11-03T01:26:12.082+0000] {dag.py:3036} INFO - Sync 1 DAGs
[2025-11-03T01:26:12.127+0000] {logging_mixin.py:188} INFO - [2025-11-03T01:26:12.126+0000] {dag.py:3823} INFO - Setting next_dagrun for latest_only_with_trigger to 2025-11-02 20:00:00+00:00, run_after=2025-11-03 00:00:00+00:00
[2025-11-03T01:26:12.185+0000] {processor.py:183} INFO - Processing /home/airflow/.local/lib/python3.8/site-packages/airflow/example_dags/example_latest_only_with_trigger.py took 0.237 seconds
[2025-11-03T01:26:42.345+0000] {processor.py:161} INFO - Started process (PID=208) to work on /home/airflow/.local/lib/python3.8/site-packages/airflow/example_dags/example_latest_only_with_trigger.py
[2025-11-03T01:26:42.347+0000] {processor.py:830} INFO - Processing file /home/airflow/.local/lib/python3.8/site-packages/airflow/example_dags/example_latest_only_with_trigger.py for tasks to queue
[2025-11-03T01:26:42.351+0000] {logging_mixin.py:188} INFO - [2025-11-03T01:26:42.351+0000] {dagbag.py:538} INFO - Filling up the DagBag from /home/airflow/.local/lib/python3.8/site-packages/airflow/example_dags/example_latest_only_with_trigger.py
[2025-11-03T01:26:42.364+0000] {processor.py:840} INFO - DAG(s) 'latest_only_with_trigger' retrieved from /home/airflow/.local/lib/python3.8/site-packages/airflow/example_dags/example_latest_only_with_trigger.py
[2025-11-03T01:26:42.408+0000] {logging_mixin.py:188} INFO - [2025-11-03T01:26:42.408+0000] {dag.py:3036} INFO - Sync 1 DAGs
[2025-11-03T01:26:42.450+0000] {logging_mixin.py:188} INFO - [2025-11-03T01:26:42.450+0000] {dag.py:3823} INFO - Setting next_dagrun for latest_only_with_trigger to 2025-11-02 20:00:00+00:00, run_after=2025-11-03 00:00:00+00:00
[2025-11-03T01:26:42.496+0000] {processor.py:183} INFO - Processing /home/airflow/.local/lib/python3.8/site-packages/airflow/example_dags/example_latest_only_with_trigger.py took 0.160 seconds
[2025-11-03T01:27:13.647+0000] {processor.py:161} INFO - Started process (PID=263) to work on /home/airflow/.local/lib/python3.8/site-packages/airflow/example_dags/example_latest_only_with_trigger.py
[2025-11-03T01:27:13.676+0000] {processor.py:830} INFO - Processing file /home/airflow/.local/lib/python3.8/site-packages/airflow/example_dags/example_latest_only_with_trigger.py for tasks to queue
[2025-11-03T01:27:13.707+0000] {logging_mixin.py:188} INFO - [2025-11-03T01:27:13.694+0000] {dagbag.py:538} INFO - Filling up the DagBag from /home/airflow/.local/lib/python3.8/site-packages/airflow/example_dags/example_latest_only_with_trigger.py
[2025-11-03T01:27:13.740+0000] {processor.py:840} INFO - DAG(s) 'latest_only_with_trigger' retrieved from /home/airflow/.local/lib/python3.8/site-packages/airflow/example_dags/example_latest_only_with_trigger.py
[2025-11-03T01:27:13.861+0000] {logging_mixin.py:188} INFO - [2025-11-03T01:27:13.861+0000] {dag.py:3036} INFO - Sync 1 DAGs
[2025-11-03T01:27:14.002+0000] {logging_mixin.py:188} INFO - [2025-11-03T01:27:14.001+0000] {dag.py:3823} INFO - Setting next_dagrun for latest_only_with_trigger to 2025-11-02 20:00:00+00:00, run_after=2025-11-03 00:00:00+00:00
[2025-11-03T01:27:14.142+0000] {processor.py:183} INFO - Processing /home/airflow/.local/lib/python3.8/site-packages/airflow/example_dags/example_latest_only_with_trigger.py took 0.519 seconds
[2025-11-03T01:27:45.902+0000] {processor.py:161} INFO - Started process (PID=317) to work on /home/airflow/.local/lib/python3.8/site-packages/airflow/example_dags/example_latest_only_with_trigger.py
[2025-11-03T01:27:45.907+0000] {processor.py:830} INFO - Processing file /home/airflow/.local/lib/python3.8/site-packages/airflow/example_dags/example_latest_only_with_trigger.py for tasks to queue
[2025-11-03T01:27:45.919+0000] {logging_mixin.py:188} INFO - [2025-11-03T01:27:45.918+0000] {dagbag.py:538} INFO - Filling up the DagBag from /home/airflow/.local/lib/python3.8/site-packages/airflow/example_dags/example_latest_only_with_trigger.py
[2025-11-03T01:27:45.941+0000] {processor.py:840} INFO - DAG(s) 'latest_only_with_trigger' retrieved from /home/airflow/.local/lib/python3.8/site-packages/airflow/example_dags/example_latest_only_with_trigger.py
[2025-11-03T01:27:46.012+0000] {logging_mixin.py:188} INFO - [2025-11-03T01:27:46.011+0000] {dag.py:3036} INFO - Sync 1 DAGs
[2025-11-03T01:27:46.135+0000] {logging_mixin.py:188} INFO - [2025-11-03T01:27:46.134+0000] {dag.py:3823} INFO - Setting next_dagrun for latest_only_with_trigger to 2025-11-02 20:00:00+00:00, run_after=2025-11-03 00:00:00+00:00
[2025-11-03T01:27:46.278+0000] {processor.py:183} INFO - Processing /home/airflow/.local/lib/python3.8/site-packages/airflow/example_dags/example_latest_only_with_trigger.py took 0.389 seconds
[2025-11-03T01:28:17.535+0000] {processor.py:161} INFO - Started process (PID=371) to work on /home/airflow/.local/lib/python3.8/site-packages/airflow/example_dags/example_latest_only_with_trigger.py
[2025-11-03T01:28:17.538+0000] {processor.py:830} INFO - Processing file /home/airflow/.local/lib/python3.8/site-packages/airflow/example_dags/example_latest_only_with_trigger.py for tasks to queue
[2025-11-03T01:28:17.545+0000] {logging_mixin.py:188} INFO - [2025-11-03T01:28:17.544+0000] {dagbag.py:538} INFO - Filling up the DagBag from /home/airflow/.local/lib/python3.8/site-packages/airflow/example_dags/example_latest_only_with_trigger.py
[2025-11-03T01:28:17.566+0000] {processor.py:840} INFO - DAG(s) 'latest_only_with_trigger' retrieved from /home/airflow/.local/lib/python3.8/site-packages/airflow/example_dags/example_latest_only_with_trigger.py
[2025-11-03T01:28:17.617+0000] {logging_mixin.py:188} INFO - [2025-11-03T01:28:17.616+0000] {dag.py:3036} INFO - Sync 1 DAGs
[2025-11-03T01:28:17.798+0000] {logging_mixin.py:188} INFO - [2025-11-03T01:28:17.789+0000] {dag.py:3823} INFO - Setting next_dagrun for latest_only_with_trigger to 2025-11-02 20:00:00+00:00, run_after=2025-11-03 00:00:00+00:00
[2025-11-03T01:28:17.861+0000] {processor.py:183} INFO - Processing /home/airflow/.local/lib/python3.8/site-packages/airflow/example_dags/example_latest_only_with_trigger.py took 0.347 seconds
[2025-11-03T01:28:48.914+0000] {processor.py:161} INFO - Started process (PID=425) to work on /home/airflow/.local/lib/python3.8/site-packages/airflow/example_dags/example_latest_only_with_trigger.py
[2025-11-03T01:28:48.917+0000] {processor.py:830} INFO - Processing file /home/airflow/.local/lib/python3.8/site-packages/airflow/example_dags/example_latest_only_with_trigger.py for tasks to queue
[2025-11-03T01:28:48.922+0000] {logging_mixin.py:188} INFO - [2025-11-03T01:28:48.921+0000] {dagbag.py:538} INFO - Filling up the DagBag from /home/airflow/.local/lib/python3.8/site-packages/airflow/example_dags/example_latest_only_with_trigger.py
[2025-11-03T01:28:48.940+0000] {processor.py:840} INFO - DAG(s) 'latest_only_with_trigger' retrieved from /home/airflow/.local/lib/python3.8/site-packages/airflow/example_dags/example_latest_only_with_trigger.py
[2025-11-03T01:28:49.325+0000] {logging_mixin.py:188} INFO - [2025-11-03T01:28:49.325+0000] {dag.py:3036} INFO - Sync 1 DAGs
[2025-11-03T01:28:49.375+0000] {logging_mixin.py:188} INFO - [2025-11-03T01:28:49.375+0000] {dag.py:3823} INFO - Setting next_dagrun for latest_only_with_trigger to 2025-11-02 20:00:00+00:00, run_after=2025-11-03 00:00:00+00:00
[2025-11-03T01:28:49.422+0000] {processor.py:183} INFO - Processing /home/airflow/.local/lib/python3.8/site-packages/airflow/example_dags/example_latest_only_with_trigger.py took 0.518 seconds
[2025-11-03T01:29:21.472+0000] {processor.py:161} INFO - Started process (PID=480) to work on /home/airflow/.local/lib/python3.8/site-packages/airflow/example_dags/example_latest_only_with_trigger.py
[2025-11-03T01:29:21.486+0000] {processor.py:830} INFO - Processing file /home/airflow/.local/lib/python3.8/site-packages/airflow/example_dags/example_latest_only_with_trigger.py for tasks to queue
[2025-11-03T01:29:21.498+0000] {logging_mixin.py:188} INFO - [2025-11-03T01:29:21.492+0000] {dagbag.py:538} INFO - Filling up the DagBag from /home/airflow/.local/lib/python3.8/site-packages/airflow/example_dags/example_latest_only_with_trigger.py
[2025-11-03T01:29:21.530+0000] {processor.py:840} INFO - DAG(s) 'latest_only_with_trigger' retrieved from /home/airflow/.local/lib/python3.8/site-packages/airflow/example_dags/example_latest_only_with_trigger.py
[2025-11-03T01:29:21.643+0000] {logging_mixin.py:188} INFO - [2025-11-03T01:29:21.642+0000] {dag.py:3036} INFO - Sync 1 DAGs
[2025-11-03T01:29:21.832+0000] {logging_mixin.py:188} INFO - [2025-11-03T01:29:21.831+0000] {dag.py:3823} INFO - Setting next_dagrun for latest_only_with_trigger to 2025-11-02 20:00:00+00:00, run_after=2025-11-03 00:00:00+00:00
[2025-11-03T01:29:21.900+0000] {processor.py:183} INFO - Processing /home/airflow/.local/lib/python3.8/site-packages/airflow/example_dags/example_latest_only_with_trigger.py took 0.440 seconds
[2025-11-03T01:30:21.247+0000] {processor.py:161} INFO - Started process (PID=540) to work on /home/airflow/.local/lib/python3.8/site-packages/airflow/example_dags/example_latest_only_with_trigger.py
[2025-11-03T01:30:21.253+0000] {processor.py:830} INFO - Processing file /home/airflow/.local/lib/python3.8/site-packages/airflow/example_dags/example_latest_only_with_trigger.py for tasks to queue
[2025-11-03T01:30:21.279+0000] {logging_mixin.py:188} INFO - [2025-11-03T01:30:21.278+0000] {dagbag.py:538} INFO - Filling up the DagBag from /home/airflow/.local/lib/python3.8/site-packages/airflow/example_dags/example_latest_only_with_trigger.py
[2025-11-03T01:30:21.343+0000] {processor.py:840} INFO - DAG(s) 'latest_only_with_trigger' retrieved from /home/airflow/.local/lib/python3.8/site-packages/airflow/example_dags/example_latest_only_with_trigger.py
[2025-11-03T01:30:21.714+0000] {logging_mixin.py:188} INFO - [2025-11-03T01:30:21.701+0000] {dag.py:3036} INFO - Sync 1 DAGs
[2025-11-03T01:30:22.047+0000] {logging_mixin.py:188} INFO - [2025-11-03T01:30:22.046+0000] {dag.py:3823} INFO - Setting next_dagrun for latest_only_with_trigger to 2025-11-02 20:00:00+00:00, run_after=2025-11-03 00:00:00+00:00
[2025-11-03T01:30:22.266+0000] {processor.py:183} INFO - Processing /home/airflow/.local/lib/python3.8/site-packages/airflow/example_dags/example_latest_only_with_trigger.py took 1.055 seconds
[2025-11-03T01:31:17.261+0000] {processor.py:161} INFO - Started process (PID=594) to work on /home/airflow/.local/lib/python3.8/site-packages/airflow/example_dags/example_latest_only_with_trigger.py
[2025-11-03T01:31:17.269+0000] {processor.py:830} INFO - Processing file /home/airflow/.local/lib/python3.8/site-packages/airflow/example_dags/example_latest_only_with_trigger.py for tasks to queue
[2025-11-03T01:31:17.276+0000] {logging_mixin.py:188} INFO - [2025-11-03T01:31:17.275+0000] {dagbag.py:538} INFO - Filling up the DagBag from /home/airflow/.local/lib/python3.8/site-packages/airflow/example_dags/example_latest_only_with_trigger.py
[2025-11-03T01:31:17.295+0000] {processor.py:840} INFO - DAG(s) 'latest_only_with_trigger' retrieved from /home/airflow/.local/lib/python3.8/site-packages/airflow/example_dags/example_latest_only_with_trigger.py
[2025-11-03T01:31:17.367+0000] {logging_mixin.py:188} INFO - [2025-11-03T01:31:17.366+0000] {dag.py:3036} INFO - Sync 1 DAGs
[2025-11-03T01:31:17.465+0000] {logging_mixin.py:188} INFO - [2025-11-03T01:31:17.464+0000] {dag.py:3823} INFO - Setting next_dagrun for latest_only_with_trigger to 2025-11-02 20:00:00+00:00, run_after=2025-11-03 00:00:00+00:00
[2025-11-03T01:31:17.553+0000] {processor.py:183} INFO - Processing /home/airflow/.local/lib/python3.8/site-packages/airflow/example_dags/example_latest_only_with_trigger.py took 0.313 seconds
[2025-11-03T01:31:49.508+0000] {processor.py:161} INFO - Started process (PID=648) to work on /home/airflow/.local/lib/python3.8/site-packages/airflow/example_dags/example_latest_only_with_trigger.py
[2025-11-03T01:31:49.512+0000] {processor.py:830} INFO - Processing file /home/airflow/.local/lib/python3.8/site-packages/airflow/example_dags/example_latest_only_with_trigger.py for tasks to queue
[2025-11-03T01:31:49.521+0000] {logging_mixin.py:188} INFO - [2025-11-03T01:31:49.519+0000] {dagbag.py:538} INFO - Filling up the DagBag from /home/airflow/.local/lib/python3.8/site-packages/airflow/example_dags/example_latest_only_with_trigger.py
[2025-11-03T01:31:49.547+0000] {processor.py:840} INFO - DAG(s) 'latest_only_with_trigger' retrieved from /home/airflow/.local/lib/python3.8/site-packages/airflow/example_dags/example_latest_only_with_trigger.py
[2025-11-03T01:31:49.624+0000] {logging_mixin.py:188} INFO - [2025-11-03T01:31:49.623+0000] {dag.py:3036} INFO - Sync 1 DAGs
[2025-11-03T01:31:49.718+0000] {logging_mixin.py:188} INFO - [2025-11-03T01:31:49.717+0000] {dag.py:3823} INFO - Setting next_dagrun for latest_only_with_trigger to 2025-11-02 20:00:00+00:00, run_after=2025-11-03 00:00:00+00:00
[2025-11-03T01:31:49.818+0000] {processor.py:183} INFO - Processing /home/airflow/.local/lib/python3.8/site-packages/airflow/example_dags/example_latest_only_with_trigger.py took 0.328 seconds
[2025-11-03T01:32:21.777+0000] {processor.py:161} INFO - Started process (PID=702) to work on /home/airflow/.local/lib/python3.8/site-packages/airflow/example_dags/example_latest_only_with_trigger.py
[2025-11-03T01:32:21.782+0000] {processor.py:830} INFO - Processing file /home/airflow/.local/lib/python3.8/site-packages/airflow/example_dags/example_latest_only_with_trigger.py for tasks to queue
[2025-11-03T01:32:21.788+0000] {logging_mixin.py:188} INFO - [2025-11-03T01:32:21.787+0000] {dagbag.py:538} INFO - Filling up the DagBag from /home/airflow/.local/lib/python3.8/site-packages/airflow/example_dags/example_latest_only_with_trigger.py
[2025-11-03T01:32:21.850+0000] {processor.py:840} INFO - DAG(s) 'latest_only_with_trigger' retrieved from /home/airflow/.local/lib/python3.8/site-packages/airflow/example_dags/example_latest_only_with_trigger.py
[2025-11-03T01:32:21.984+0000] {logging_mixin.py:188} INFO - [2025-11-03T01:32:21.983+0000] {dag.py:3036} INFO - Sync 1 DAGs
[2025-11-03T01:32:22.123+0000] {logging_mixin.py:188} INFO - [2025-11-03T01:32:22.112+0000] {dag.py:3823} INFO - Setting next_dagrun for latest_only_with_trigger to 2025-11-02 20:00:00+00:00, run_after=2025-11-03 00:00:00+00:00
[2025-11-03T01:32:22.246+0000] {processor.py:183} INFO - Processing /home/airflow/.local/lib/python3.8/site-packages/airflow/example_dags/example_latest_only_with_trigger.py took 0.503 seconds
[2025-11-03T01:32:59.758+0000] {processor.py:161} INFO - Started process (PID=764) to work on /home/airflow/.local/lib/python3.8/site-packages/airflow/example_dags/example_latest_only_with_trigger.py
[2025-11-03T01:32:59.770+0000] {processor.py:830} INFO - Processing file /home/airflow/.local/lib/python3.8/site-packages/airflow/example_dags/example_latest_only_with_trigger.py for tasks to queue
[2025-11-03T01:32:59.781+0000] {logging_mixin.py:188} INFO - [2025-11-03T01:32:59.780+0000] {dagbag.py:538} INFO - Filling up the DagBag from /home/airflow/.local/lib/python3.8/site-packages/airflow/example_dags/example_latest_only_with_trigger.py
[2025-11-03T01:32:59.836+0000] {processor.py:840} INFO - DAG(s) 'latest_only_with_trigger' retrieved from /home/airflow/.local/lib/python3.8/site-packages/airflow/example_dags/example_latest_only_with_trigger.py
[2025-11-03T01:33:00.004+0000] {logging_mixin.py:188} INFO - [2025-11-03T01:33:00.003+0000] {dag.py:3036} INFO - Sync 1 DAGs
[2025-11-03T01:33:00.162+0000] {logging_mixin.py:188} INFO - [2025-11-03T01:33:00.161+0000] {dag.py:3823} INFO - Setting next_dagrun for latest_only_with_trigger to 2025-11-02 20:00:00+00:00, run_after=2025-11-03 00:00:00+00:00
[2025-11-03T01:33:00.319+0000] {processor.py:183} INFO - Processing /home/airflow/.local/lib/python3.8/site-packages/airflow/example_dags/example_latest_only_with_trigger.py took 0.584 seconds
[2025-11-03T01:33:42.449+0000] {processor.py:161} INFO - Started process (PID=812) to work on /home/airflow/.local/lib/python3.8/site-packages/airflow/example_dags/example_latest_only_with_trigger.py
[2025-11-03T01:33:42.454+0000] {processor.py:830} INFO - Processing file /home/airflow/.local/lib/python3.8/site-packages/airflow/example_dags/example_latest_only_with_trigger.py for tasks to queue
[2025-11-03T01:33:42.466+0000] {logging_mixin.py:188} INFO - [2025-11-03T01:33:42.465+0000] {dagbag.py:538} INFO - Filling up the DagBag from /home/airflow/.local/lib/python3.8/site-packages/airflow/example_dags/example_latest_only_with_trigger.py
[2025-11-03T01:33:42.491+0000] {processor.py:840} INFO - DAG(s) 'latest_only_with_trigger' retrieved from /home/airflow/.local/lib/python3.8/site-packages/airflow/example_dags/example_latest_only_with_trigger.py
[2025-11-03T01:33:42.797+0000] {logging_mixin.py:188} INFO - [2025-11-03T01:33:42.796+0000] {dag.py:3036} INFO - Sync 1 DAGs
[2025-11-03T01:33:42.990+0000] {logging_mixin.py:188} INFO - [2025-11-03T01:33:42.989+0000] {dag.py:3823} INFO - Setting next_dagrun for latest_only_with_trigger to 2025-11-02 20:00:00+00:00, run_after=2025-11-03 00:00:00+00:00
[2025-11-03T01:33:43.248+0000] {processor.py:183} INFO - Processing /home/airflow/.local/lib/python3.8/site-packages/airflow/example_dags/example_latest_only_with_trigger.py took 0.827 seconds
[2025-11-03T01:34:18.916+0000] {processor.py:161} INFO - Started process (PID=868) to work on /home/airflow/.local/lib/python3.8/site-packages/airflow/example_dags/example_latest_only_with_trigger.py
[2025-11-03T01:34:18.919+0000] {processor.py:830} INFO - Processing file /home/airflow/.local/lib/python3.8/site-packages/airflow/example_dags/example_latest_only_with_trigger.py for tasks to queue
[2025-11-03T01:34:18.931+0000] {logging_mixin.py:188} INFO - [2025-11-03T01:34:18.930+0000] {dagbag.py:538} INFO - Filling up the DagBag from /home/airflow/.local/lib/python3.8/site-packages/airflow/example_dags/example_latest_only_with_trigger.py
[2025-11-03T01:34:18.954+0000] {processor.py:840} INFO - DAG(s) 'latest_only_with_trigger' retrieved from /home/airflow/.local/lib/python3.8/site-packages/airflow/example_dags/example_latest_only_with_trigger.py
[2025-11-03T01:34:19.041+0000] {logging_mixin.py:188} INFO - [2025-11-03T01:34:19.040+0000] {dag.py:3036} INFO - Sync 1 DAGs
[2025-11-03T01:34:19.150+0000] {logging_mixin.py:188} INFO - [2025-11-03T01:34:19.149+0000] {dag.py:3823} INFO - Setting next_dagrun for latest_only_with_trigger to 2025-11-02 20:00:00+00:00, run_after=2025-11-03 00:00:00+00:00
[2025-11-03T01:34:19.326+0000] {processor.py:183} INFO - Processing /home/airflow/.local/lib/python3.8/site-packages/airflow/example_dags/example_latest_only_with_trigger.py took 0.427 seconds
[2025-11-03T01:34:54.821+0000] {processor.py:161} INFO - Started process (PID=923) to work on /home/airflow/.local/lib/python3.8/site-packages/airflow/example_dags/example_latest_only_with_trigger.py
[2025-11-03T01:34:54.881+0000] {processor.py:830} INFO - Processing file /home/airflow/.local/lib/python3.8/site-packages/airflow/example_dags/example_latest_only_with_trigger.py for tasks to queue
[2025-11-03T01:34:54.919+0000] {logging_mixin.py:188} INFO - [2025-11-03T01:34:54.918+0000] {dagbag.py:538} INFO - Filling up the DagBag from /home/airflow/.local/lib/python3.8/site-packages/airflow/example_dags/example_latest_only_with_trigger.py
[2025-11-03T01:34:55.011+0000] {processor.py:840} INFO - DAG(s) 'latest_only_with_trigger' retrieved from /home/airflow/.local/lib/python3.8/site-packages/airflow/example_dags/example_latest_only_with_trigger.py
[2025-11-03T01:34:55.174+0000] {logging_mixin.py:188} INFO - [2025-11-03T01:34:55.173+0000] {dag.py:3036} INFO - Sync 1 DAGs
[2025-11-03T01:34:55.351+0000] {logging_mixin.py:188} INFO - [2025-11-03T01:34:55.351+0000] {dag.py:3823} INFO - Setting next_dagrun for latest_only_with_trigger to 2025-11-02 20:00:00+00:00, run_after=2025-11-03 00:00:00+00:00
[2025-11-03T01:34:55.463+0000] {processor.py:183} INFO - Processing /home/airflow/.local/lib/python3.8/site-packages/airflow/example_dags/example_latest_only_with_trigger.py took 0.685 seconds
[2025-11-03T01:35:25.770+0000] {processor.py:161} INFO - Started process (PID=975) to work on /home/airflow/.local/lib/python3.8/site-packages/airflow/example_dags/example_latest_only_with_trigger.py
[2025-11-03T01:35:25.836+0000] {processor.py:830} INFO - Processing file /home/airflow/.local/lib/python3.8/site-packages/airflow/example_dags/example_latest_only_with_trigger.py for tasks to queue
[2025-11-03T01:35:25.855+0000] {logging_mixin.py:188} INFO - [2025-11-03T01:35:25.852+0000] {dagbag.py:538} INFO - Filling up the DagBag from /home/airflow/.local/lib/python3.8/site-packages/airflow/example_dags/example_latest_only_with_trigger.py
[2025-11-03T01:35:25.917+0000] {processor.py:840} INFO - DAG(s) 'latest_only_with_trigger' retrieved from /home/airflow/.local/lib/python3.8/site-packages/airflow/example_dags/example_latest_only_with_trigger.py
[2025-11-03T01:35:26.163+0000] {logging_mixin.py:188} INFO - [2025-11-03T01:35:26.162+0000] {dag.py:3036} INFO - Sync 1 DAGs
[2025-11-03T01:35:26.712+0000] {logging_mixin.py:188} INFO - [2025-11-03T01:35:26.683+0000] {dag.py:3823} INFO - Setting next_dagrun for latest_only_with_trigger to 2025-11-02 20:00:00+00:00, run_after=2025-11-03 00:00:00+00:00
[2025-11-03T01:35:27.210+0000] {processor.py:183} INFO - Processing /home/airflow/.local/lib/python3.8/site-packages/airflow/example_dags/example_latest_only_with_trigger.py took 1.464 seconds
[2025-11-03T01:35:58.130+0000] {processor.py:161} INFO - Started process (PID=1030) to work on /home/airflow/.local/lib/python3.8/site-packages/airflow/example_dags/example_latest_only_with_trigger.py
[2025-11-03T01:35:58.153+0000] {processor.py:830} INFO - Processing file /home/airflow/.local/lib/python3.8/site-packages/airflow/example_dags/example_latest_only_with_trigger.py for tasks to queue
[2025-11-03T01:35:58.169+0000] {logging_mixin.py:188} INFO - [2025-11-03T01:35:58.168+0000] {dagbag.py:538} INFO - Filling up the DagBag from /home/airflow/.local/lib/python3.8/site-packages/airflow/example_dags/example_latest_only_with_trigger.py
[2025-11-03T01:35:58.208+0000] {processor.py:840} INFO - DAG(s) 'latest_only_with_trigger' retrieved from /home/airflow/.local/lib/python3.8/site-packages/airflow/example_dags/example_latest_only_with_trigger.py
[2025-11-03T01:35:58.315+0000] {logging_mixin.py:188} INFO - [2025-11-03T01:35:58.313+0000] {dag.py:3036} INFO - Sync 1 DAGs
[2025-11-03T01:35:58.481+0000] {logging_mixin.py:188} INFO - [2025-11-03T01:35:58.481+0000] {dag.py:3823} INFO - Setting next_dagrun for latest_only_with_trigger to 2025-11-02 20:00:00+00:00, run_after=2025-11-03 00:00:00+00:00
[2025-11-03T01:35:58.537+0000] {processor.py:183} INFO - Processing /home/airflow/.local/lib/python3.8/site-packages/airflow/example_dags/example_latest_only_with_trigger.py took 0.428 seconds
[2025-11-03T01:36:28.842+0000] {processor.py:161} INFO - Started process (PID=1085) to work on /home/airflow/.local/lib/python3.8/site-packages/airflow/example_dags/example_latest_only_with_trigger.py
[2025-11-03T01:36:28.845+0000] {processor.py:830} INFO - Processing file /home/airflow/.local/lib/python3.8/site-packages/airflow/example_dags/example_latest_only_with_trigger.py for tasks to queue
[2025-11-03T01:36:28.851+0000] {logging_mixin.py:188} INFO - [2025-11-03T01:36:28.850+0000] {dagbag.py:538} INFO - Filling up the DagBag from /home/airflow/.local/lib/python3.8/site-packages/airflow/example_dags/example_latest_only_with_trigger.py
[2025-11-03T01:36:28.866+0000] {processor.py:840} INFO - DAG(s) 'latest_only_with_trigger' retrieved from /home/airflow/.local/lib/python3.8/site-packages/airflow/example_dags/example_latest_only_with_trigger.py
[2025-11-03T01:36:28.918+0000] {logging_mixin.py:188} INFO - [2025-11-03T01:36:28.917+0000] {dag.py:3036} INFO - Sync 1 DAGs
[2025-11-03T01:36:28.964+0000] {logging_mixin.py:188} INFO - [2025-11-03T01:36:28.964+0000] {dag.py:3823} INFO - Setting next_dagrun for latest_only_with_trigger to 2025-11-02 20:00:00+00:00, run_after=2025-11-03 00:00:00+00:00
[2025-11-03T01:36:29.006+0000] {processor.py:183} INFO - Processing /home/airflow/.local/lib/python3.8/site-packages/airflow/example_dags/example_latest_only_with_trigger.py took 0.179 seconds
[2025-11-03T01:36:59.314+0000] {processor.py:161} INFO - Started process (PID=1141) to work on /home/airflow/.local/lib/python3.8/site-packages/airflow/example_dags/example_latest_only_with_trigger.py
[2025-11-03T01:36:59.318+0000] {processor.py:830} INFO - Processing file /home/airflow/.local/lib/python3.8/site-packages/airflow/example_dags/example_latest_only_with_trigger.py for tasks to queue
[2025-11-03T01:36:59.326+0000] {logging_mixin.py:188} INFO - [2025-11-03T01:36:59.325+0000] {dagbag.py:538} INFO - Filling up the DagBag from /home/airflow/.local/lib/python3.8/site-packages/airflow/example_dags/example_latest_only_with_trigger.py
[2025-11-03T01:36:59.361+0000] {processor.py:840} INFO - DAG(s) 'latest_only_with_trigger' retrieved from /home/airflow/.local/lib/python3.8/site-packages/airflow/example_dags/example_latest_only_with_trigger.py
[2025-11-03T01:36:59.449+0000] {logging_mixin.py:188} INFO - [2025-11-03T01:36:59.448+0000] {dag.py:3036} INFO - Sync 1 DAGs
[2025-11-03T01:36:59.539+0000] {logging_mixin.py:188} INFO - [2025-11-03T01:36:59.538+0000] {dag.py:3823} INFO - Setting next_dagrun for latest_only_with_trigger to 2025-11-02 20:00:00+00:00, run_after=2025-11-03 00:00:00+00:00
[2025-11-03T01:36:59.610+0000] {processor.py:183} INFO - Processing /home/airflow/.local/lib/python3.8/site-packages/airflow/example_dags/example_latest_only_with_trigger.py took 0.310 seconds
[2025-11-03T01:37:55.252+0000] {processor.py:161} INFO - Started process (PID=1209) to work on /home/airflow/.local/lib/python3.8/site-packages/airflow/example_dags/example_latest_only_with_trigger.py
[2025-11-03T01:37:55.280+0000] {processor.py:830} INFO - Processing file /home/airflow/.local/lib/python3.8/site-packages/airflow/example_dags/example_latest_only_with_trigger.py for tasks to queue
[2025-11-03T01:37:55.394+0000] {logging_mixin.py:188} INFO - [2025-11-03T01:37:55.393+0000] {dagbag.py:538} INFO - Filling up the DagBag from /home/airflow/.local/lib/python3.8/site-packages/airflow/example_dags/example_latest_only_with_trigger.py
[2025-11-03T01:37:55.491+0000] {processor.py:840} INFO - DAG(s) 'latest_only_with_trigger' retrieved from /home/airflow/.local/lib/python3.8/site-packages/airflow/example_dags/example_latest_only_with_trigger.py
[2025-11-03T01:37:56.069+0000] {logging_mixin.py:188} INFO - [2025-11-03T01:37:56.068+0000] {dag.py:3036} INFO - Sync 1 DAGs
[2025-11-03T01:37:56.556+0000] {logging_mixin.py:188} INFO - [2025-11-03T01:37:56.554+0000] {dag.py:3823} INFO - Setting next_dagrun for latest_only_with_trigger to 2025-11-02 20:00:00+00:00, run_after=2025-11-03 00:00:00+00:00
[2025-11-03T01:37:56.824+0000] {processor.py:183} INFO - Processing /home/airflow/.local/lib/python3.8/site-packages/airflow/example_dags/example_latest_only_with_trigger.py took 1.609 seconds
[2025-11-03T01:38:40.552+0000] {processor.py:161} INFO - Started process (PID=1258) to work on /home/airflow/.local/lib/python3.8/site-packages/airflow/example_dags/example_latest_only_with_trigger.py
[2025-11-03T01:38:40.568+0000] {processor.py:830} INFO - Processing file /home/airflow/.local/lib/python3.8/site-packages/airflow/example_dags/example_latest_only_with_trigger.py for tasks to queue
[2025-11-03T01:38:40.584+0000] {logging_mixin.py:188} INFO - [2025-11-03T01:38:40.583+0000] {dagbag.py:538} INFO - Filling up the DagBag from /home/airflow/.local/lib/python3.8/site-packages/airflow/example_dags/example_latest_only_with_trigger.py
[2025-11-03T01:38:40.651+0000] {processor.py:840} INFO - DAG(s) 'latest_only_with_trigger' retrieved from /home/airflow/.local/lib/python3.8/site-packages/airflow/example_dags/example_latest_only_with_trigger.py
[2025-11-03T01:38:40.835+0000] {logging_mixin.py:188} INFO - [2025-11-03T01:38:40.835+0000] {dag.py:3036} INFO - Sync 1 DAGs
[2025-11-03T01:38:41.193+0000] {logging_mixin.py:188} INFO - [2025-11-03T01:38:41.192+0000] {dag.py:3823} INFO - Setting next_dagrun for latest_only_with_trigger to 2025-11-02 20:00:00+00:00, run_after=2025-11-03 00:00:00+00:00
[2025-11-03T01:38:41.489+0000] {processor.py:183} INFO - Processing /home/airflow/.local/lib/python3.8/site-packages/airflow/example_dags/example_latest_only_with_trigger.py took 0.957 seconds
[2025-11-03T01:39:27.793+0000] {processor.py:161} INFO - Started process (PID=1323) to work on /home/airflow/.local/lib/python3.8/site-packages/airflow/example_dags/example_latest_only_with_trigger.py
[2025-11-03T01:39:27.814+0000] {processor.py:830} INFO - Processing file /home/airflow/.local/lib/python3.8/site-packages/airflow/example_dags/example_latest_only_with_trigger.py for tasks to queue
[2025-11-03T01:39:27.821+0000] {logging_mixin.py:188} INFO - [2025-11-03T01:39:27.820+0000] {dagbag.py:538} INFO - Filling up the DagBag from /home/airflow/.local/lib/python3.8/site-packages/airflow/example_dags/example_latest_only_with_trigger.py
[2025-11-03T01:39:27.856+0000] {processor.py:840} INFO - DAG(s) 'latest_only_with_trigger' retrieved from /home/airflow/.local/lib/python3.8/site-packages/airflow/example_dags/example_latest_only_with_trigger.py
[2025-11-03T01:39:27.956+0000] {logging_mixin.py:188} INFO - [2025-11-03T01:39:27.955+0000] {dag.py:3036} INFO - Sync 1 DAGs
[2025-11-03T01:39:28.063+0000] {logging_mixin.py:188} INFO - [2025-11-03T01:39:28.063+0000] {dag.py:3823} INFO - Setting next_dagrun for latest_only_with_trigger to 2025-11-02 20:00:00+00:00, run_after=2025-11-03 00:00:00+00:00
[2025-11-03T01:39:28.143+0000] {processor.py:183} INFO - Processing /home/airflow/.local/lib/python3.8/site-packages/airflow/example_dags/example_latest_only_with_trigger.py took 0.387 seconds
[2025-11-03T01:40:01.543+0000] {processor.py:161} INFO - Started process (PID=1377) to work on /home/airflow/.local/lib/python3.8/site-packages/airflow/example_dags/example_latest_only_with_trigger.py
[2025-11-03T01:40:01.549+0000] {processor.py:830} INFO - Processing file /home/airflow/.local/lib/python3.8/site-packages/airflow/example_dags/example_latest_only_with_trigger.py for tasks to queue
[2025-11-03T01:40:01.562+0000] {logging_mixin.py:188} INFO - [2025-11-03T01:40:01.561+0000] {dagbag.py:538} INFO - Filling up the DagBag from /home/airflow/.local/lib/python3.8/site-packages/airflow/example_dags/example_latest_only_with_trigger.py
[2025-11-03T01:40:01.606+0000] {processor.py:840} INFO - DAG(s) 'latest_only_with_trigger' retrieved from /home/airflow/.local/lib/python3.8/site-packages/airflow/example_dags/example_latest_only_with_trigger.py
[2025-11-03T01:40:01.796+0000] {logging_mixin.py:188} INFO - [2025-11-03T01:40:01.796+0000] {dag.py:3036} INFO - Sync 1 DAGs
[2025-11-03T01:40:02.445+0000] {logging_mixin.py:188} INFO - [2025-11-03T01:40:02.444+0000] {dag.py:3823} INFO - Setting next_dagrun for latest_only_with_trigger to 2025-11-02 20:00:00+00:00, run_after=2025-11-03 00:00:00+00:00
[2025-11-03T01:40:03.349+0000] {processor.py:183} INFO - Processing /home/airflow/.local/lib/python3.8/site-packages/airflow/example_dags/example_latest_only_with_trigger.py took 0.849 seconds
[2025-11-03T01:47:34.710+0000] {processor.py:161} INFO - Started process (PID=1500) to work on /home/airflow/.local/lib/python3.8/site-packages/airflow/example_dags/example_latest_only_with_trigger.py
[2025-11-03T01:47:34.732+0000] {processor.py:830} INFO - Processing file /home/airflow/.local/lib/python3.8/site-packages/airflow/example_dags/example_latest_only_with_trigger.py for tasks to queue
[2025-11-03T01:47:35.721+0000] {logging_mixin.py:188} INFO - [2025-11-03T01:47:35.720+0000] {dagbag.py:538} INFO - Filling up the DagBag from /home/airflow/.local/lib/python3.8/site-packages/airflow/example_dags/example_latest_only_with_trigger.py
[2025-11-03T01:47:37.163+0000] {processor.py:840} INFO - DAG(s) 'latest_only_with_trigger' retrieved from /home/airflow/.local/lib/python3.8/site-packages/airflow/example_dags/example_latest_only_with_trigger.py
[2025-11-03T01:47:43.091+0000] {logging_mixin.py:188} INFO - [2025-11-03T01:47:43.091+0000] {dag.py:3036} INFO - Sync 1 DAGs
[2025-11-03T01:47:48.989+0000] {logging_mixin.py:188} INFO - [2025-11-03T01:47:48.987+0000] {dag.py:3823} INFO - Setting next_dagrun for latest_only_with_trigger to 2025-11-02 20:00:00+00:00, run_after=2025-11-03 00:00:00+00:00
[2025-11-03T01:47:53.099+0000] {processor.py:183} INFO - Processing /home/airflow/.local/lib/python3.8/site-packages/airflow/example_dags/example_latest_only_with_trigger.py took 17.959 seconds
[2025-11-03T01:54:29.463+0000] {processor.py:161} INFO - Started process (PID=1610) to work on /home/airflow/.local/lib/python3.8/site-packages/airflow/example_dags/example_latest_only_with_trigger.py
[2025-11-03T01:54:29.525+0000] {processor.py:830} INFO - Processing file /home/airflow/.local/lib/python3.8/site-packages/airflow/example_dags/example_latest_only_with_trigger.py for tasks to queue
[2025-11-03T01:54:29.651+0000] {logging_mixin.py:188} INFO - [2025-11-03T01:54:29.650+0000] {dagbag.py:538} INFO - Filling up the DagBag from /home/airflow/.local/lib/python3.8/site-packages/airflow/example_dags/example_latest_only_with_trigger.py
[2025-11-03T01:54:30.784+0000] {processor.py:840} INFO - DAG(s) 'latest_only_with_trigger' retrieved from /home/airflow/.local/lib/python3.8/site-packages/airflow/example_dags/example_latest_only_with_trigger.py
[2025-11-03T01:55:15.540+0000] {logging_mixin.py:188} INFO - [2025-11-03T01:55:15.539+0000] {dag.py:3036} INFO - Sync 1 DAGs
