[2025-11-03T01:13:14.878+0000] {processor.py:161} INFO - Started process (PID=82) to work on /home/airflow/.local/lib/python3.8/site-packages/airflow/example_dags/example_latest_only.py
[2025-11-03T01:13:14.886+0000] {processor.py:830} INFO - Processing file /home/airflow/.local/lib/python3.8/site-packages/airflow/example_dags/example_latest_only.py for tasks to queue
[2025-11-03T01:13:14.907+0000] {logging_mixin.py:188} INFO - [2025-11-03T01:13:14.906+0000] {dagbag.py:538} INFO - Filling up the DagBag from /home/airflow/.local/lib/python3.8/site-packages/airflow/example_dags/example_latest_only.py
[2025-11-03T01:13:15.016+0000] {processor.py:840} INFO - DAG(s) 'latest_only' retrieved from /home/airflow/.local/lib/python3.8/site-packages/airflow/example_dags/example_latest_only.py
[2025-11-03T01:13:15.284+0000] {logging_mixin.py:188} INFO - [2025-11-03T01:13:15.284+0000] {dag.py:3036} INFO - Sync 1 DAGs
[2025-11-03T01:13:15.537+0000] {logging_mixin.py:188} INFO - [2025-11-03T01:13:15.537+0000] {dag.py:3823} INFO - Setting next_dagrun for latest_only to 2025-11-02 20:00:00+00:00, run_after=2025-11-03 00:00:00+00:00
[2025-11-03T01:13:15.669+0000] {processor.py:183} INFO - Processing /home/airflow/.local/lib/python3.8/site-packages/airflow/example_dags/example_latest_only.py took 0.936 seconds
[2025-11-03T01:13:58.397+0000] {processor.py:161} INFO - Started process (PID=144) to work on /home/airflow/.local/lib/python3.8/site-packages/airflow/example_dags/example_latest_only.py
[2025-11-03T01:13:58.406+0000] {processor.py:830} INFO - Processing file /home/airflow/.local/lib/python3.8/site-packages/airflow/example_dags/example_latest_only.py for tasks to queue
[2025-11-03T01:13:58.414+0000] {logging_mixin.py:188} INFO - [2025-11-03T01:13:58.413+0000] {dagbag.py:538} INFO - Filling up the DagBag from /home/airflow/.local/lib/python3.8/site-packages/airflow/example_dags/example_latest_only.py
[2025-11-03T01:13:58.444+0000] {processor.py:840} INFO - DAG(s) 'latest_only' retrieved from /home/airflow/.local/lib/python3.8/site-packages/airflow/example_dags/example_latest_only.py
[2025-11-03T01:13:58.626+0000] {logging_mixin.py:188} INFO - [2025-11-03T01:13:58.625+0000] {dag.py:3036} INFO - Sync 1 DAGs
[2025-11-03T01:13:59.006+0000] {logging_mixin.py:188} INFO - [2025-11-03T01:13:59.005+0000] {dag.py:3823} INFO - Setting next_dagrun for latest_only to 2025-11-02 20:00:00+00:00, run_after=2025-11-03 00:00:00+00:00
[2025-11-03T01:13:59.510+0000] {processor.py:183} INFO - Processing /home/airflow/.local/lib/python3.8/site-packages/airflow/example_dags/example_latest_only.py took 1.192 seconds
[2025-11-03T01:14:34.886+0000] {processor.py:161} INFO - Started process (PID=196) to work on /home/airflow/.local/lib/python3.8/site-packages/airflow/example_dags/example_latest_only.py
[2025-11-03T01:14:34.901+0000] {processor.py:830} INFO - Processing file /home/airflow/.local/lib/python3.8/site-packages/airflow/example_dags/example_latest_only.py for tasks to queue
[2025-11-03T01:14:34.956+0000] {logging_mixin.py:188} INFO - [2025-11-03T01:14:34.951+0000] {dagbag.py:538} INFO - Filling up the DagBag from /home/airflow/.local/lib/python3.8/site-packages/airflow/example_dags/example_latest_only.py
[2025-11-03T01:14:35.077+0000] {processor.py:840} INFO - DAG(s) 'latest_only' retrieved from /home/airflow/.local/lib/python3.8/site-packages/airflow/example_dags/example_latest_only.py
[2025-11-03T01:14:35.237+0000] {logging_mixin.py:188} INFO - [2025-11-03T01:14:35.237+0000] {dag.py:3036} INFO - Sync 1 DAGs
[2025-11-03T01:14:35.563+0000] {logging_mixin.py:188} INFO - [2025-11-03T01:14:35.563+0000] {dag.py:3823} INFO - Setting next_dagrun for latest_only to 2025-11-02 20:00:00+00:00, run_after=2025-11-03 00:00:00+00:00
[2025-11-03T01:14:36.061+0000] {processor.py:183} INFO - Processing /home/airflow/.local/lib/python3.8/site-packages/airflow/example_dags/example_latest_only.py took 1.237 seconds
[2025-11-03T01:15:24.220+0000] {processor.py:161} INFO - Started process (PID=245) to work on /home/airflow/.local/lib/python3.8/site-packages/airflow/example_dags/example_latest_only.py
[2025-11-03T01:15:24.229+0000] {processor.py:830} INFO - Processing file /home/airflow/.local/lib/python3.8/site-packages/airflow/example_dags/example_latest_only.py for tasks to queue
[2025-11-03T01:15:24.239+0000] {logging_mixin.py:188} INFO - [2025-11-03T01:15:24.238+0000] {dagbag.py:538} INFO - Filling up the DagBag from /home/airflow/.local/lib/python3.8/site-packages/airflow/example_dags/example_latest_only.py
[2025-11-03T01:15:24.280+0000] {processor.py:840} INFO - DAG(s) 'latest_only' retrieved from /home/airflow/.local/lib/python3.8/site-packages/airflow/example_dags/example_latest_only.py
[2025-11-03T01:15:24.438+0000] {logging_mixin.py:188} INFO - [2025-11-03T01:15:24.437+0000] {dag.py:3036} INFO - Sync 1 DAGs
[2025-11-03T01:15:24.689+0000] {logging_mixin.py:188} INFO - [2025-11-03T01:15:24.688+0000] {dag.py:3823} INFO - Setting next_dagrun for latest_only to 2025-11-02 20:00:00+00:00, run_after=2025-11-03 00:00:00+00:00
[2025-11-03T01:15:25.003+0000] {processor.py:183} INFO - Processing /home/airflow/.local/lib/python3.8/site-packages/airflow/example_dags/example_latest_only.py took 0.813 seconds
[2025-11-03T01:16:00.466+0000] {processor.py:161} INFO - Started process (PID=298) to work on /home/airflow/.local/lib/python3.8/site-packages/airflow/example_dags/example_latest_only.py
[2025-11-03T01:16:00.473+0000] {processor.py:830} INFO - Processing file /home/airflow/.local/lib/python3.8/site-packages/airflow/example_dags/example_latest_only.py for tasks to queue
[2025-11-03T01:16:00.495+0000] {logging_mixin.py:188} INFO - [2025-11-03T01:16:00.493+0000] {dagbag.py:538} INFO - Filling up the DagBag from /home/airflow/.local/lib/python3.8/site-packages/airflow/example_dags/example_latest_only.py
[2025-11-03T01:16:00.542+0000] {processor.py:840} INFO - DAG(s) 'latest_only' retrieved from /home/airflow/.local/lib/python3.8/site-packages/airflow/example_dags/example_latest_only.py
[2025-11-03T01:16:02.255+0000] {logging_mixin.py:188} INFO - [2025-11-03T01:16:02.255+0000] {dag.py:3036} INFO - Sync 1 DAGs
[2025-11-03T01:16:02.558+0000] {logging_mixin.py:188} INFO - [2025-11-03T01:16:02.557+0000] {dag.py:3823} INFO - Setting next_dagrun for latest_only to 2025-11-02 20:00:00+00:00, run_after=2025-11-03 00:00:00+00:00
[2025-11-03T01:16:02.773+0000] {processor.py:183} INFO - Processing /home/airflow/.local/lib/python3.8/site-packages/airflow/example_dags/example_latest_only.py took 2.367 seconds
[2025-11-03T01:16:35.262+0000] {processor.py:161} INFO - Started process (PID=348) to work on /home/airflow/.local/lib/python3.8/site-packages/airflow/example_dags/example_latest_only.py
[2025-11-03T01:16:35.279+0000] {processor.py:830} INFO - Processing file /home/airflow/.local/lib/python3.8/site-packages/airflow/example_dags/example_latest_only.py for tasks to queue
[2025-11-03T01:16:35.288+0000] {logging_mixin.py:188} INFO - [2025-11-03T01:16:35.287+0000] {dagbag.py:538} INFO - Filling up the DagBag from /home/airflow/.local/lib/python3.8/site-packages/airflow/example_dags/example_latest_only.py
[2025-11-03T01:16:35.309+0000] {processor.py:840} INFO - DAG(s) 'latest_only' retrieved from /home/airflow/.local/lib/python3.8/site-packages/airflow/example_dags/example_latest_only.py
[2025-11-03T01:16:35.397+0000] {logging_mixin.py:188} INFO - [2025-11-03T01:16:35.397+0000] {dag.py:3036} INFO - Sync 1 DAGs
[2025-11-03T01:16:35.565+0000] {logging_mixin.py:188} INFO - [2025-11-03T01:16:35.564+0000] {dag.py:3823} INFO - Setting next_dagrun for latest_only to 2025-11-02 20:00:00+00:00, run_after=2025-11-03 00:00:00+00:00
[2025-11-03T01:16:35.649+0000] {processor.py:183} INFO - Processing /home/airflow/.local/lib/python3.8/site-packages/airflow/example_dags/example_latest_only.py took 0.410 seconds
[2025-11-03T01:17:07.619+0000] {processor.py:161} INFO - Started process (PID=403) to work on /home/airflow/.local/lib/python3.8/site-packages/airflow/example_dags/example_latest_only.py
[2025-11-03T01:17:07.633+0000] {processor.py:830} INFO - Processing file /home/airflow/.local/lib/python3.8/site-packages/airflow/example_dags/example_latest_only.py for tasks to queue
[2025-11-03T01:17:07.657+0000] {logging_mixin.py:188} INFO - [2025-11-03T01:17:07.654+0000] {dagbag.py:538} INFO - Filling up the DagBag from /home/airflow/.local/lib/python3.8/site-packages/airflow/example_dags/example_latest_only.py
[2025-11-03T01:17:07.732+0000] {processor.py:840} INFO - DAG(s) 'latest_only' retrieved from /home/airflow/.local/lib/python3.8/site-packages/airflow/example_dags/example_latest_only.py
[2025-11-03T01:17:07.882+0000] {logging_mixin.py:188} INFO - [2025-11-03T01:17:07.881+0000] {dag.py:3036} INFO - Sync 1 DAGs
[2025-11-03T01:17:08.022+0000] {logging_mixin.py:188} INFO - [2025-11-03T01:17:08.021+0000] {dag.py:3823} INFO - Setting next_dagrun for latest_only to 2025-11-02 20:00:00+00:00, run_after=2025-11-03 00:00:00+00:00
[2025-11-03T01:17:08.089+0000] {processor.py:183} INFO - Processing /home/airflow/.local/lib/python3.8/site-packages/airflow/example_dags/example_latest_only.py took 0.500 seconds
[2025-11-03T01:17:40.982+0000] {processor.py:161} INFO - Started process (PID=459) to work on /home/airflow/.local/lib/python3.8/site-packages/airflow/example_dags/example_latest_only.py
[2025-11-03T01:17:40.986+0000] {processor.py:830} INFO - Processing file /home/airflow/.local/lib/python3.8/site-packages/airflow/example_dags/example_latest_only.py for tasks to queue
[2025-11-03T01:17:40.995+0000] {logging_mixin.py:188} INFO - [2025-11-03T01:17:40.995+0000] {dagbag.py:538} INFO - Filling up the DagBag from /home/airflow/.local/lib/python3.8/site-packages/airflow/example_dags/example_latest_only.py
[2025-11-03T01:17:41.061+0000] {processor.py:840} INFO - DAG(s) 'latest_only' retrieved from /home/airflow/.local/lib/python3.8/site-packages/airflow/example_dags/example_latest_only.py
[2025-11-03T01:17:41.153+0000] {logging_mixin.py:188} INFO - [2025-11-03T01:17:41.152+0000] {dag.py:3036} INFO - Sync 1 DAGs
[2025-11-03T01:17:41.470+0000] {logging_mixin.py:188} INFO - [2025-11-03T01:17:41.470+0000] {dag.py:3823} INFO - Setting next_dagrun for latest_only to 2025-11-02 20:00:00+00:00, run_after=2025-11-03 00:00:00+00:00
[2025-11-03T01:17:41.922+0000] {processor.py:183} INFO - Processing /home/airflow/.local/lib/python3.8/site-packages/airflow/example_dags/example_latest_only.py took 0.897 seconds
[2025-11-03T01:18:12.972+0000] {processor.py:161} INFO - Started process (PID=514) to work on /home/airflow/.local/lib/python3.8/site-packages/airflow/example_dags/example_latest_only.py
[2025-11-03T01:18:12.976+0000] {processor.py:830} INFO - Processing file /home/airflow/.local/lib/python3.8/site-packages/airflow/example_dags/example_latest_only.py for tasks to queue
[2025-11-03T01:18:12.981+0000] {logging_mixin.py:188} INFO - [2025-11-03T01:18:12.980+0000] {dagbag.py:538} INFO - Filling up the DagBag from /home/airflow/.local/lib/python3.8/site-packages/airflow/example_dags/example_latest_only.py
[2025-11-03T01:18:12.994+0000] {processor.py:840} INFO - DAG(s) 'latest_only' retrieved from /home/airflow/.local/lib/python3.8/site-packages/airflow/example_dags/example_latest_only.py
[2025-11-03T01:18:13.039+0000] {logging_mixin.py:188} INFO - [2025-11-03T01:18:13.039+0000] {dag.py:3036} INFO - Sync 1 DAGs
[2025-11-03T01:18:13.092+0000] {logging_mixin.py:188} INFO - [2025-11-03T01:18:13.091+0000] {dag.py:3823} INFO - Setting next_dagrun for latest_only to 2025-11-02 20:00:00+00:00, run_after=2025-11-03 00:00:00+00:00
[2025-11-03T01:18:14.027+0000] {processor.py:183} INFO - Processing /home/airflow/.local/lib/python3.8/site-packages/airflow/example_dags/example_latest_only.py took 1.065 seconds
[2025-11-03T01:18:44.311+0000] {processor.py:161} INFO - Started process (PID=569) to work on /home/airflow/.local/lib/python3.8/site-packages/airflow/example_dags/example_latest_only.py
[2025-11-03T01:18:44.315+0000] {processor.py:830} INFO - Processing file /home/airflow/.local/lib/python3.8/site-packages/airflow/example_dags/example_latest_only.py for tasks to queue
[2025-11-03T01:18:44.321+0000] {logging_mixin.py:188} INFO - [2025-11-03T01:18:44.320+0000] {dagbag.py:538} INFO - Filling up the DagBag from /home/airflow/.local/lib/python3.8/site-packages/airflow/example_dags/example_latest_only.py
[2025-11-03T01:18:44.348+0000] {processor.py:840} INFO - DAG(s) 'latest_only' retrieved from /home/airflow/.local/lib/python3.8/site-packages/airflow/example_dags/example_latest_only.py
[2025-11-03T01:18:44.428+0000] {logging_mixin.py:188} INFO - [2025-11-03T01:18:44.427+0000] {dag.py:3036} INFO - Sync 1 DAGs
[2025-11-03T01:18:44.546+0000] {logging_mixin.py:188} INFO - [2025-11-03T01:18:44.546+0000] {dag.py:3823} INFO - Setting next_dagrun for latest_only to 2025-11-02 20:00:00+00:00, run_after=2025-11-03 00:00:00+00:00
[2025-11-03T01:18:44.640+0000] {processor.py:183} INFO - Processing /home/airflow/.local/lib/python3.8/site-packages/airflow/example_dags/example_latest_only.py took 0.342 seconds
[2025-11-03T01:19:17.229+0000] {processor.py:161} INFO - Started process (PID=624) to work on /home/airflow/.local/lib/python3.8/site-packages/airflow/example_dags/example_latest_only.py
[2025-11-03T01:19:17.245+0000] {processor.py:830} INFO - Processing file /home/airflow/.local/lib/python3.8/site-packages/airflow/example_dags/example_latest_only.py for tasks to queue
[2025-11-03T01:19:17.260+0000] {logging_mixin.py:188} INFO - [2025-11-03T01:19:17.257+0000] {dagbag.py:538} INFO - Filling up the DagBag from /home/airflow/.local/lib/python3.8/site-packages/airflow/example_dags/example_latest_only.py
[2025-11-03T01:19:17.313+0000] {processor.py:840} INFO - DAG(s) 'latest_only' retrieved from /home/airflow/.local/lib/python3.8/site-packages/airflow/example_dags/example_latest_only.py
[2025-11-03T01:19:17.439+0000] {logging_mixin.py:188} INFO - [2025-11-03T01:19:17.439+0000] {dag.py:3036} INFO - Sync 1 DAGs
[2025-11-03T01:19:17.541+0000] {logging_mixin.py:188} INFO - [2025-11-03T01:19:17.540+0000] {dag.py:3823} INFO - Setting next_dagrun for latest_only to 2025-11-02 20:00:00+00:00, run_after=2025-11-03 00:00:00+00:00
[2025-11-03T01:19:17.689+0000] {processor.py:183} INFO - Processing /home/airflow/.local/lib/python3.8/site-packages/airflow/example_dags/example_latest_only.py took 0.495 seconds
[2025-11-03T01:19:48.647+0000] {processor.py:161} INFO - Started process (PID=679) to work on /home/airflow/.local/lib/python3.8/site-packages/airflow/example_dags/example_latest_only.py
[2025-11-03T01:19:48.651+0000] {processor.py:830} INFO - Processing file /home/airflow/.local/lib/python3.8/site-packages/airflow/example_dags/example_latest_only.py for tasks to queue
[2025-11-03T01:19:48.657+0000] {logging_mixin.py:188} INFO - [2025-11-03T01:19:48.656+0000] {dagbag.py:538} INFO - Filling up the DagBag from /home/airflow/.local/lib/python3.8/site-packages/airflow/example_dags/example_latest_only.py
[2025-11-03T01:19:48.675+0000] {processor.py:840} INFO - DAG(s) 'latest_only' retrieved from /home/airflow/.local/lib/python3.8/site-packages/airflow/example_dags/example_latest_only.py
[2025-11-03T01:19:48.782+0000] {logging_mixin.py:188} INFO - [2025-11-03T01:19:48.781+0000] {dag.py:3036} INFO - Sync 1 DAGs
[2025-11-03T01:19:48.870+0000] {logging_mixin.py:188} INFO - [2025-11-03T01:19:48.869+0000] {dag.py:3823} INFO - Setting next_dagrun for latest_only to 2025-11-02 20:00:00+00:00, run_after=2025-11-03 00:00:00+00:00
[2025-11-03T01:19:48.952+0000] {processor.py:183} INFO - Processing /home/airflow/.local/lib/python3.8/site-packages/airflow/example_dags/example_latest_only.py took 0.317 seconds
[2025-11-03T01:20:19.395+0000] {processor.py:161} INFO - Started process (PID=731) to work on /home/airflow/.local/lib/python3.8/site-packages/airflow/example_dags/example_latest_only.py
[2025-11-03T01:20:19.403+0000] {processor.py:830} INFO - Processing file /home/airflow/.local/lib/python3.8/site-packages/airflow/example_dags/example_latest_only.py for tasks to queue
[2025-11-03T01:20:19.410+0000] {logging_mixin.py:188} INFO - [2025-11-03T01:20:19.409+0000] {dagbag.py:538} INFO - Filling up the DagBag from /home/airflow/.local/lib/python3.8/site-packages/airflow/example_dags/example_latest_only.py
[2025-11-03T01:20:19.437+0000] {processor.py:840} INFO - DAG(s) 'latest_only' retrieved from /home/airflow/.local/lib/python3.8/site-packages/airflow/example_dags/example_latest_only.py
[2025-11-03T01:20:19.588+0000] {logging_mixin.py:188} INFO - [2025-11-03T01:20:19.587+0000] {dag.py:3036} INFO - Sync 1 DAGs
[2025-11-03T01:20:19.847+0000] {logging_mixin.py:188} INFO - [2025-11-03T01:20:19.846+0000] {dag.py:3823} INFO - Setting next_dagrun for latest_only to 2025-11-02 20:00:00+00:00, run_after=2025-11-03 00:00:00+00:00
[2025-11-03T01:20:19.975+0000] {processor.py:183} INFO - Processing /home/airflow/.local/lib/python3.8/site-packages/airflow/example_dags/example_latest_only.py took 0.603 seconds
[2025-11-03T01:20:53.970+0000] {processor.py:161} INFO - Started process (PID=783) to work on /home/airflow/.local/lib/python3.8/site-packages/airflow/example_dags/example_latest_only.py
[2025-11-03T01:20:53.989+0000] {processor.py:830} INFO - Processing file /home/airflow/.local/lib/python3.8/site-packages/airflow/example_dags/example_latest_only.py for tasks to queue
[2025-11-03T01:20:54.017+0000] {logging_mixin.py:188} INFO - [2025-11-03T01:20:54.016+0000] {dagbag.py:538} INFO - Filling up the DagBag from /home/airflow/.local/lib/python3.8/site-packages/airflow/example_dags/example_latest_only.py
[2025-11-03T01:20:54.134+0000] {processor.py:840} INFO - DAG(s) 'latest_only' retrieved from /home/airflow/.local/lib/python3.8/site-packages/airflow/example_dags/example_latest_only.py
[2025-11-03T01:20:54.522+0000] {logging_mixin.py:188} INFO - [2025-11-03T01:20:54.521+0000] {dag.py:3036} INFO - Sync 1 DAGs
[2025-11-03T01:20:54.789+0000] {logging_mixin.py:188} INFO - [2025-11-03T01:20:54.788+0000] {dag.py:3823} INFO - Setting next_dagrun for latest_only to 2025-11-02 20:00:00+00:00, run_after=2025-11-03 00:00:00+00:00
[2025-11-03T01:20:54.976+0000] {processor.py:183} INFO - Processing /home/airflow/.local/lib/python3.8/site-packages/airflow/example_dags/example_latest_only.py took 1.065 seconds
[2025-11-03T01:21:25.736+0000] {processor.py:161} INFO - Started process (PID=837) to work on /home/airflow/.local/lib/python3.8/site-packages/airflow/example_dags/example_latest_only.py
[2025-11-03T01:21:25.741+0000] {processor.py:830} INFO - Processing file /home/airflow/.local/lib/python3.8/site-packages/airflow/example_dags/example_latest_only.py for tasks to queue
[2025-11-03T01:21:25.748+0000] {logging_mixin.py:188} INFO - [2025-11-03T01:21:25.747+0000] {dagbag.py:538} INFO - Filling up the DagBag from /home/airflow/.local/lib/python3.8/site-packages/airflow/example_dags/example_latest_only.py
[2025-11-03T01:21:25.765+0000] {processor.py:840} INFO - DAG(s) 'latest_only' retrieved from /home/airflow/.local/lib/python3.8/site-packages/airflow/example_dags/example_latest_only.py
[2025-11-03T01:21:25.853+0000] {logging_mixin.py:188} INFO - [2025-11-03T01:21:25.853+0000] {dag.py:3036} INFO - Sync 1 DAGs
[2025-11-03T01:21:26.013+0000] {logging_mixin.py:188} INFO - [2025-11-03T01:21:26.013+0000] {dag.py:3823} INFO - Setting next_dagrun for latest_only to 2025-11-02 20:00:00+00:00, run_after=2025-11-03 00:00:00+00:00
[2025-11-03T01:21:26.065+0000] {processor.py:183} INFO - Processing /home/airflow/.local/lib/python3.8/site-packages/airflow/example_dags/example_latest_only.py took 0.343 seconds
[2025-11-03T01:25:30.622+0000] {processor.py:161} INFO - Started process (PID=69) to work on /home/airflow/.local/lib/python3.8/site-packages/airflow/example_dags/example_latest_only.py
[2025-11-03T01:25:30.628+0000] {processor.py:830} INFO - Processing file /home/airflow/.local/lib/python3.8/site-packages/airflow/example_dags/example_latest_only.py for tasks to queue
[2025-11-03T01:25:30.634+0000] {logging_mixin.py:188} INFO - [2025-11-03T01:25:30.633+0000] {dagbag.py:538} INFO - Filling up the DagBag from /home/airflow/.local/lib/python3.8/site-packages/airflow/example_dags/example_latest_only.py
[2025-11-03T01:25:30.676+0000] {processor.py:840} INFO - DAG(s) 'latest_only' retrieved from /home/airflow/.local/lib/python3.8/site-packages/airflow/example_dags/example_latest_only.py
[2025-11-03T01:25:30.779+0000] {logging_mixin.py:188} INFO - [2025-11-03T01:25:30.778+0000] {dag.py:3036} INFO - Sync 1 DAGs
[2025-11-03T01:25:30.872+0000] {logging_mixin.py:188} INFO - [2025-11-03T01:25:30.871+0000] {dag.py:3823} INFO - Setting next_dagrun for latest_only to 2025-11-02 20:00:00+00:00, run_after=2025-11-03 00:00:00+00:00
[2025-11-03T01:25:30.928+0000] {processor.py:183} INFO - Processing /home/airflow/.local/lib/python3.8/site-packages/airflow/example_dags/example_latest_only.py took 0.327 seconds
[2025-11-03T01:26:02.492+0000] {processor.py:161} INFO - Started process (PID=124) to work on /home/airflow/.local/lib/python3.8/site-packages/airflow/example_dags/example_latest_only.py
[2025-11-03T01:26:02.497+0000] {processor.py:830} INFO - Processing file /home/airflow/.local/lib/python3.8/site-packages/airflow/example_dags/example_latest_only.py for tasks to queue
[2025-11-03T01:26:02.504+0000] {logging_mixin.py:188} INFO - [2025-11-03T01:26:02.503+0000] {dagbag.py:538} INFO - Filling up the DagBag from /home/airflow/.local/lib/python3.8/site-packages/airflow/example_dags/example_latest_only.py
[2025-11-03T01:26:02.522+0000] {processor.py:840} INFO - DAG(s) 'latest_only' retrieved from /home/airflow/.local/lib/python3.8/site-packages/airflow/example_dags/example_latest_only.py
[2025-11-03T01:26:02.595+0000] {logging_mixin.py:188} INFO - [2025-11-03T01:26:02.594+0000] {dag.py:3036} INFO - Sync 1 DAGs
[2025-11-03T01:26:02.671+0000] {logging_mixin.py:188} INFO - [2025-11-03T01:26:02.670+0000] {dag.py:3823} INFO - Setting next_dagrun for latest_only to 2025-11-02 20:00:00+00:00, run_after=2025-11-03 00:00:00+00:00
[2025-11-03T01:26:02.737+0000] {processor.py:183} INFO - Processing /home/airflow/.local/lib/python3.8/site-packages/airflow/example_dags/example_latest_only.py took 0.258 seconds
[2025-11-03T01:26:33.005+0000] {processor.py:161} INFO - Started process (PID=179) to work on /home/airflow/.local/lib/python3.8/site-packages/airflow/example_dags/example_latest_only.py
[2025-11-03T01:26:33.009+0000] {processor.py:830} INFO - Processing file /home/airflow/.local/lib/python3.8/site-packages/airflow/example_dags/example_latest_only.py for tasks to queue
[2025-11-03T01:26:33.017+0000] {logging_mixin.py:188} INFO - [2025-11-03T01:26:33.015+0000] {dagbag.py:538} INFO - Filling up the DagBag from /home/airflow/.local/lib/python3.8/site-packages/airflow/example_dags/example_latest_only.py
[2025-11-03T01:26:33.038+0000] {processor.py:840} INFO - DAG(s) 'latest_only' retrieved from /home/airflow/.local/lib/python3.8/site-packages/airflow/example_dags/example_latest_only.py
[2025-11-03T01:26:33.122+0000] {logging_mixin.py:188} INFO - [2025-11-03T01:26:33.120+0000] {dag.py:3036} INFO - Sync 1 DAGs
[2025-11-03T01:26:33.235+0000] {logging_mixin.py:188} INFO - [2025-11-03T01:26:33.234+0000] {dag.py:3823} INFO - Setting next_dagrun for latest_only to 2025-11-02 20:00:00+00:00, run_after=2025-11-03 00:00:00+00:00
[2025-11-03T01:26:33.337+0000] {processor.py:183} INFO - Processing /home/airflow/.local/lib/python3.8/site-packages/airflow/example_dags/example_latest_only.py took 0.346 seconds
[2025-11-03T01:27:04.080+0000] {processor.py:161} INFO - Started process (PID=234) to work on /home/airflow/.local/lib/python3.8/site-packages/airflow/example_dags/example_latest_only.py
[2025-11-03T01:27:04.084+0000] {processor.py:830} INFO - Processing file /home/airflow/.local/lib/python3.8/site-packages/airflow/example_dags/example_latest_only.py for tasks to queue
[2025-11-03T01:27:04.090+0000] {logging_mixin.py:188} INFO - [2025-11-03T01:27:04.089+0000] {dagbag.py:538} INFO - Filling up the DagBag from /home/airflow/.local/lib/python3.8/site-packages/airflow/example_dags/example_latest_only.py
[2025-11-03T01:27:04.107+0000] {processor.py:840} INFO - DAG(s) 'latest_only' retrieved from /home/airflow/.local/lib/python3.8/site-packages/airflow/example_dags/example_latest_only.py
[2025-11-03T01:27:04.175+0000] {logging_mixin.py:188} INFO - [2025-11-03T01:27:04.175+0000] {dag.py:3036} INFO - Sync 1 DAGs
[2025-11-03T01:27:04.229+0000] {logging_mixin.py:188} INFO - [2025-11-03T01:27:04.228+0000] {dag.py:3823} INFO - Setting next_dagrun for latest_only to 2025-11-02 20:00:00+00:00, run_after=2025-11-03 00:00:00+00:00
[2025-11-03T01:27:04.284+0000] {processor.py:183} INFO - Processing /home/airflow/.local/lib/python3.8/site-packages/airflow/example_dags/example_latest_only.py took 0.214 seconds
[2025-11-03T01:27:35.621+0000] {processor.py:161} INFO - Started process (PID=289) to work on /home/airflow/.local/lib/python3.8/site-packages/airflow/example_dags/example_latest_only.py
[2025-11-03T01:27:35.625+0000] {processor.py:830} INFO - Processing file /home/airflow/.local/lib/python3.8/site-packages/airflow/example_dags/example_latest_only.py for tasks to queue
[2025-11-03T01:27:35.631+0000] {logging_mixin.py:188} INFO - [2025-11-03T01:27:35.630+0000] {dagbag.py:538} INFO - Filling up the DagBag from /home/airflow/.local/lib/python3.8/site-packages/airflow/example_dags/example_latest_only.py
[2025-11-03T01:27:35.653+0000] {processor.py:840} INFO - DAG(s) 'latest_only' retrieved from /home/airflow/.local/lib/python3.8/site-packages/airflow/example_dags/example_latest_only.py
[2025-11-03T01:27:35.752+0000] {logging_mixin.py:188} INFO - [2025-11-03T01:27:35.751+0000] {dag.py:3036} INFO - Sync 1 DAGs
[2025-11-03T01:27:35.848+0000] {logging_mixin.py:188} INFO - [2025-11-03T01:27:35.848+0000] {dag.py:3823} INFO - Setting next_dagrun for latest_only to 2025-11-02 20:00:00+00:00, run_after=2025-11-03 00:00:00+00:00
[2025-11-03T01:27:35.911+0000] {processor.py:183} INFO - Processing /home/airflow/.local/lib/python3.8/site-packages/airflow/example_dags/example_latest_only.py took 0.308 seconds
[2025-11-03T01:28:06.631+0000] {processor.py:161} INFO - Started process (PID=343) to work on /home/airflow/.local/lib/python3.8/site-packages/airflow/example_dags/example_latest_only.py
[2025-11-03T01:28:06.643+0000] {processor.py:830} INFO - Processing file /home/airflow/.local/lib/python3.8/site-packages/airflow/example_dags/example_latest_only.py for tasks to queue
[2025-11-03T01:28:06.654+0000] {logging_mixin.py:188} INFO - [2025-11-03T01:28:06.651+0000] {dagbag.py:538} INFO - Filling up the DagBag from /home/airflow/.local/lib/python3.8/site-packages/airflow/example_dags/example_latest_only.py
[2025-11-03T01:28:06.680+0000] {processor.py:840} INFO - DAG(s) 'latest_only' retrieved from /home/airflow/.local/lib/python3.8/site-packages/airflow/example_dags/example_latest_only.py
[2025-11-03T01:28:06.795+0000] {logging_mixin.py:188} INFO - [2025-11-03T01:28:06.794+0000] {dag.py:3036} INFO - Sync 1 DAGs
[2025-11-03T01:28:06.880+0000] {logging_mixin.py:188} INFO - [2025-11-03T01:28:06.879+0000] {dag.py:3823} INFO - Setting next_dagrun for latest_only to 2025-11-02 20:00:00+00:00, run_after=2025-11-03 00:00:00+00:00
[2025-11-03T01:28:07.032+0000] {processor.py:183} INFO - Processing /home/airflow/.local/lib/python3.8/site-packages/airflow/example_dags/example_latest_only.py took 0.437 seconds
[2025-11-03T01:28:39.038+0000] {processor.py:161} INFO - Started process (PID=397) to work on /home/airflow/.local/lib/python3.8/site-packages/airflow/example_dags/example_latest_only.py
[2025-11-03T01:28:39.048+0000] {processor.py:830} INFO - Processing file /home/airflow/.local/lib/python3.8/site-packages/airflow/example_dags/example_latest_only.py for tasks to queue
[2025-11-03T01:28:39.075+0000] {logging_mixin.py:188} INFO - [2025-11-03T01:28:39.071+0000] {dagbag.py:538} INFO - Filling up the DagBag from /home/airflow/.local/lib/python3.8/site-packages/airflow/example_dags/example_latest_only.py
[2025-11-03T01:28:39.123+0000] {processor.py:840} INFO - DAG(s) 'latest_only' retrieved from /home/airflow/.local/lib/python3.8/site-packages/airflow/example_dags/example_latest_only.py
[2025-11-03T01:28:39.247+0000] {logging_mixin.py:188} INFO - [2025-11-03T01:28:39.246+0000] {dag.py:3036} INFO - Sync 1 DAGs
[2025-11-03T01:28:39.432+0000] {logging_mixin.py:188} INFO - [2025-11-03T01:28:39.431+0000] {dag.py:3823} INFO - Setting next_dagrun for latest_only to 2025-11-02 20:00:00+00:00, run_after=2025-11-03 00:00:00+00:00
[2025-11-03T01:28:39.704+0000] {processor.py:183} INFO - Processing /home/airflow/.local/lib/python3.8/site-packages/airflow/example_dags/example_latest_only.py took 0.701 seconds
[2025-11-03T01:29:11.425+0000] {processor.py:161} INFO - Started process (PID=451) to work on /home/airflow/.local/lib/python3.8/site-packages/airflow/example_dags/example_latest_only.py
[2025-11-03T01:29:11.429+0000] {processor.py:830} INFO - Processing file /home/airflow/.local/lib/python3.8/site-packages/airflow/example_dags/example_latest_only.py for tasks to queue
[2025-11-03T01:29:11.435+0000] {logging_mixin.py:188} INFO - [2025-11-03T01:29:11.434+0000] {dagbag.py:538} INFO - Filling up the DagBag from /home/airflow/.local/lib/python3.8/site-packages/airflow/example_dags/example_latest_only.py
[2025-11-03T01:29:11.451+0000] {processor.py:840} INFO - DAG(s) 'latest_only' retrieved from /home/airflow/.local/lib/python3.8/site-packages/airflow/example_dags/example_latest_only.py
[2025-11-03T01:29:11.738+0000] {logging_mixin.py:188} INFO - [2025-11-03T01:29:11.738+0000] {dag.py:3036} INFO - Sync 1 DAGs
[2025-11-03T01:29:11.799+0000] {logging_mixin.py:188} INFO - [2025-11-03T01:29:11.798+0000] {dag.py:3823} INFO - Setting next_dagrun for latest_only to 2025-11-02 20:00:00+00:00, run_after=2025-11-03 00:00:00+00:00
[2025-11-03T01:29:11.862+0000] {processor.py:183} INFO - Processing /home/airflow/.local/lib/python3.8/site-packages/airflow/example_dags/example_latest_only.py took 0.447 seconds
[2025-11-03T01:29:47.629+0000] {processor.py:161} INFO - Started process (PID=513) to work on /home/airflow/.local/lib/python3.8/site-packages/airflow/example_dags/example_latest_only.py
[2025-11-03T01:29:47.645+0000] {processor.py:830} INFO - Processing file /home/airflow/.local/lib/python3.8/site-packages/airflow/example_dags/example_latest_only.py for tasks to queue
[2025-11-03T01:29:47.663+0000] {logging_mixin.py:188} INFO - [2025-11-03T01:29:47.661+0000] {dagbag.py:538} INFO - Filling up the DagBag from /home/airflow/.local/lib/python3.8/site-packages/airflow/example_dags/example_latest_only.py
[2025-11-03T01:29:47.727+0000] {processor.py:840} INFO - DAG(s) 'latest_only' retrieved from /home/airflow/.local/lib/python3.8/site-packages/airflow/example_dags/example_latest_only.py
[2025-11-03T01:29:47.976+0000] {logging_mixin.py:188} INFO - [2025-11-03T01:29:47.976+0000] {dag.py:3036} INFO - Sync 1 DAGs
[2025-11-03T01:29:48.292+0000] {logging_mixin.py:188} INFO - [2025-11-03T01:29:48.291+0000] {dag.py:3823} INFO - Setting next_dagrun for latest_only to 2025-11-02 20:00:00+00:00, run_after=2025-11-03 00:00:00+00:00
[2025-11-03T01:29:48.499+0000] {processor.py:183} INFO - Processing /home/airflow/.local/lib/python3.8/site-packages/airflow/example_dags/example_latest_only.py took 0.911 seconds
[2025-11-03T01:30:47.494+0000] {processor.py:161} INFO - Started process (PID=557) to work on /home/airflow/.local/lib/python3.8/site-packages/airflow/example_dags/example_latest_only.py
[2025-11-03T01:30:47.508+0000] {processor.py:830} INFO - Processing file /home/airflow/.local/lib/python3.8/site-packages/airflow/example_dags/example_latest_only.py for tasks to queue
[2025-11-03T01:30:47.514+0000] {logging_mixin.py:188} INFO - [2025-11-03T01:30:47.513+0000] {dagbag.py:538} INFO - Filling up the DagBag from /home/airflow/.local/lib/python3.8/site-packages/airflow/example_dags/example_latest_only.py
[2025-11-03T01:30:47.566+0000] {processor.py:840} INFO - DAG(s) 'latest_only' retrieved from /home/airflow/.local/lib/python3.8/site-packages/airflow/example_dags/example_latest_only.py
[2025-11-03T01:30:47.766+0000] {logging_mixin.py:188} INFO - [2025-11-03T01:30:47.765+0000] {dag.py:3036} INFO - Sync 1 DAGs
[2025-11-03T01:30:47.915+0000] {logging_mixin.py:188} INFO - [2025-11-03T01:30:47.914+0000] {dag.py:3823} INFO - Setting next_dagrun for latest_only to 2025-11-02 20:00:00+00:00, run_after=2025-11-03 00:00:00+00:00
[2025-11-03T01:30:48.050+0000] {processor.py:183} INFO - Processing /home/airflow/.local/lib/python3.8/site-packages/airflow/example_dags/example_latest_only.py took 0.576 seconds
[2025-11-03T01:31:22.363+0000] {processor.py:161} INFO - Started process (PID=614) to work on /home/airflow/.local/lib/python3.8/site-packages/airflow/example_dags/example_latest_only.py
[2025-11-03T01:31:22.369+0000] {processor.py:830} INFO - Processing file /home/airflow/.local/lib/python3.8/site-packages/airflow/example_dags/example_latest_only.py for tasks to queue
[2025-11-03T01:31:22.376+0000] {logging_mixin.py:188} INFO - [2025-11-03T01:31:22.375+0000] {dagbag.py:538} INFO - Filling up the DagBag from /home/airflow/.local/lib/python3.8/site-packages/airflow/example_dags/example_latest_only.py
[2025-11-03T01:31:22.394+0000] {processor.py:840} INFO - DAG(s) 'latest_only' retrieved from /home/airflow/.local/lib/python3.8/site-packages/airflow/example_dags/example_latest_only.py
[2025-11-03T01:31:22.470+0000] {logging_mixin.py:188} INFO - [2025-11-03T01:31:22.470+0000] {dag.py:3036} INFO - Sync 1 DAGs
[2025-11-03T01:31:22.566+0000] {logging_mixin.py:188} INFO - [2025-11-03T01:31:22.565+0000] {dag.py:3823} INFO - Setting next_dagrun for latest_only to 2025-11-02 20:00:00+00:00, run_after=2025-11-03 00:00:00+00:00
[2025-11-03T01:31:22.716+0000] {processor.py:183} INFO - Processing /home/airflow/.local/lib/python3.8/site-packages/airflow/example_dags/example_latest_only.py took 0.383 seconds
[2025-11-03T01:31:55.202+0000] {processor.py:161} INFO - Started process (PID=668) to work on /home/airflow/.local/lib/python3.8/site-packages/airflow/example_dags/example_latest_only.py
[2025-11-03T01:31:55.214+0000] {processor.py:830} INFO - Processing file /home/airflow/.local/lib/python3.8/site-packages/airflow/example_dags/example_latest_only.py for tasks to queue
[2025-11-03T01:31:55.227+0000] {logging_mixin.py:188} INFO - [2025-11-03T01:31:55.223+0000] {dagbag.py:538} INFO - Filling up the DagBag from /home/airflow/.local/lib/python3.8/site-packages/airflow/example_dags/example_latest_only.py
[2025-11-03T01:31:55.281+0000] {processor.py:840} INFO - DAG(s) 'latest_only' retrieved from /home/airflow/.local/lib/python3.8/site-packages/airflow/example_dags/example_latest_only.py
[2025-11-03T01:31:55.403+0000] {logging_mixin.py:188} INFO - [2025-11-03T01:31:55.403+0000] {dag.py:3036} INFO - Sync 1 DAGs
[2025-11-03T01:31:55.499+0000] {logging_mixin.py:188} INFO - [2025-11-03T01:31:55.498+0000] {dag.py:3823} INFO - Setting next_dagrun for latest_only to 2025-11-02 20:00:00+00:00, run_after=2025-11-03 00:00:00+00:00
[2025-11-03T01:31:55.641+0000] {processor.py:183} INFO - Processing /home/airflow/.local/lib/python3.8/site-packages/airflow/example_dags/example_latest_only.py took 0.457 seconds
[2025-11-03T01:32:28.530+0000] {processor.py:161} INFO - Started process (PID=722) to work on /home/airflow/.local/lib/python3.8/site-packages/airflow/example_dags/example_latest_only.py
[2025-11-03T01:32:28.534+0000] {processor.py:830} INFO - Processing file /home/airflow/.local/lib/python3.8/site-packages/airflow/example_dags/example_latest_only.py for tasks to queue
[2025-11-03T01:32:28.540+0000] {logging_mixin.py:188} INFO - [2025-11-03T01:32:28.539+0000] {dagbag.py:538} INFO - Filling up the DagBag from /home/airflow/.local/lib/python3.8/site-packages/airflow/example_dags/example_latest_only.py
[2025-11-03T01:32:28.555+0000] {processor.py:840} INFO - DAG(s) 'latest_only' retrieved from /home/airflow/.local/lib/python3.8/site-packages/airflow/example_dags/example_latest_only.py
[2025-11-03T01:32:28.621+0000] {logging_mixin.py:188} INFO - [2025-11-03T01:32:28.620+0000] {dag.py:3036} INFO - Sync 1 DAGs
[2025-11-03T01:32:28.699+0000] {logging_mixin.py:188} INFO - [2025-11-03T01:32:28.698+0000] {dag.py:3823} INFO - Setting next_dagrun for latest_only to 2025-11-02 20:00:00+00:00, run_after=2025-11-03 00:00:00+00:00
[2025-11-03T01:32:28.753+0000] {processor.py:183} INFO - Processing /home/airflow/.local/lib/python3.8/site-packages/airflow/example_dags/example_latest_only.py took 0.238 seconds
[2025-11-03T01:33:15.724+0000] {processor.py:161} INFO - Started process (PID=777) to work on /home/airflow/.local/lib/python3.8/site-packages/airflow/example_dags/example_latest_only.py
[2025-11-03T01:33:15.736+0000] {processor.py:830} INFO - Processing file /home/airflow/.local/lib/python3.8/site-packages/airflow/example_dags/example_latest_only.py for tasks to queue
[2025-11-03T01:33:15.753+0000] {logging_mixin.py:188} INFO - [2025-11-03T01:33:15.752+0000] {dagbag.py:538} INFO - Filling up the DagBag from /home/airflow/.local/lib/python3.8/site-packages/airflow/example_dags/example_latest_only.py
[2025-11-03T01:33:15.800+0000] {processor.py:840} INFO - DAG(s) 'latest_only' retrieved from /home/airflow/.local/lib/python3.8/site-packages/airflow/example_dags/example_latest_only.py
[2025-11-03T01:33:15.991+0000] {logging_mixin.py:188} INFO - [2025-11-03T01:33:15.990+0000] {dag.py:3036} INFO - Sync 1 DAGs
[2025-11-03T01:33:16.218+0000] {logging_mixin.py:188} INFO - [2025-11-03T01:33:16.217+0000] {dag.py:3823} INFO - Setting next_dagrun for latest_only to 2025-11-02 20:00:00+00:00, run_after=2025-11-03 00:00:00+00:00
[2025-11-03T01:33:16.434+0000] {processor.py:183} INFO - Processing /home/airflow/.local/lib/python3.8/site-packages/airflow/example_dags/example_latest_only.py took 0.739 seconds
[2025-11-03T01:33:47.472+0000] {processor.py:161} INFO - Started process (PID=823) to work on /home/airflow/.local/lib/python3.8/site-packages/airflow/example_dags/example_latest_only.py
[2025-11-03T01:33:47.480+0000] {processor.py:830} INFO - Processing file /home/airflow/.local/lib/python3.8/site-packages/airflow/example_dags/example_latest_only.py for tasks to queue
[2025-11-03T01:33:47.487+0000] {logging_mixin.py:188} INFO - [2025-11-03T01:33:47.486+0000] {dagbag.py:538} INFO - Filling up the DagBag from /home/airflow/.local/lib/python3.8/site-packages/airflow/example_dags/example_latest_only.py
[2025-11-03T01:33:47.528+0000] {processor.py:840} INFO - DAG(s) 'latest_only' retrieved from /home/airflow/.local/lib/python3.8/site-packages/airflow/example_dags/example_latest_only.py
[2025-11-03T01:33:47.674+0000] {logging_mixin.py:188} INFO - [2025-11-03T01:33:47.659+0000] {dag.py:3036} INFO - Sync 1 DAGs
[2025-11-03T01:33:48.480+0000] {logging_mixin.py:188} INFO - [2025-11-03T01:33:48.479+0000] {dag.py:3823} INFO - Setting next_dagrun for latest_only to 2025-11-02 20:00:00+00:00, run_after=2025-11-03 00:00:00+00:00
[2025-11-03T01:33:48.731+0000] {processor.py:183} INFO - Processing /home/airflow/.local/lib/python3.8/site-packages/airflow/example_dags/example_latest_only.py took 1.276 seconds
[2025-11-03T01:34:28.389+0000] {processor.py:161} INFO - Started process (PID=879) to work on /home/airflow/.local/lib/python3.8/site-packages/airflow/example_dags/example_latest_only.py
[2025-11-03T01:34:28.406+0000] {processor.py:830} INFO - Processing file /home/airflow/.local/lib/python3.8/site-packages/airflow/example_dags/example_latest_only.py for tasks to queue
[2025-11-03T01:34:28.422+0000] {logging_mixin.py:188} INFO - [2025-11-03T01:34:28.421+0000] {dagbag.py:538} INFO - Filling up the DagBag from /home/airflow/.local/lib/python3.8/site-packages/airflow/example_dags/example_latest_only.py
[2025-11-03T01:34:28.472+0000] {processor.py:840} INFO - DAG(s) 'latest_only' retrieved from /home/airflow/.local/lib/python3.8/site-packages/airflow/example_dags/example_latest_only.py
[2025-11-03T01:34:28.664+0000] {logging_mixin.py:188} INFO - [2025-11-03T01:34:28.663+0000] {dag.py:3036} INFO - Sync 1 DAGs
[2025-11-03T01:34:29.015+0000] {logging_mixin.py:188} INFO - [2025-11-03T01:34:29.014+0000] {dag.py:3823} INFO - Setting next_dagrun for latest_only to 2025-11-02 20:00:00+00:00, run_after=2025-11-03 00:00:00+00:00
[2025-11-03T01:34:29.248+0000] {processor.py:183} INFO - Processing /home/airflow/.local/lib/python3.8/site-packages/airflow/example_dags/example_latest_only.py took 0.877 seconds
[2025-11-03T01:35:01.567+0000] {processor.py:161} INFO - Started process (PID=934) to work on /home/airflow/.local/lib/python3.8/site-packages/airflow/example_dags/example_latest_only.py
[2025-11-03T01:35:01.599+0000] {processor.py:830} INFO - Processing file /home/airflow/.local/lib/python3.8/site-packages/airflow/example_dags/example_latest_only.py for tasks to queue
[2025-11-03T01:35:01.745+0000] {logging_mixin.py:188} INFO - [2025-11-03T01:35:01.647+0000] {dagbag.py:538} INFO - Filling up the DagBag from /home/airflow/.local/lib/python3.8/site-packages/airflow/example_dags/example_latest_only.py
[2025-11-03T01:35:01.962+0000] {processor.py:840} INFO - DAG(s) 'latest_only' retrieved from /home/airflow/.local/lib/python3.8/site-packages/airflow/example_dags/example_latest_only.py
[2025-11-03T01:35:02.416+0000] {logging_mixin.py:188} INFO - [2025-11-03T01:35:02.416+0000] {dag.py:3036} INFO - Sync 1 DAGs
[2025-11-03T01:35:02.991+0000] {logging_mixin.py:188} INFO - [2025-11-03T01:35:02.991+0000] {dag.py:3823} INFO - Setting next_dagrun for latest_only to 2025-11-02 20:00:00+00:00, run_after=2025-11-03 00:00:00+00:00
[2025-11-03T01:35:03.402+0000] {processor.py:183} INFO - Processing /home/airflow/.local/lib/python3.8/site-packages/airflow/example_dags/example_latest_only.py took 1.932 seconds
[2025-11-03T01:35:36.926+0000] {processor.py:161} INFO - Started process (PID=993) to work on /home/airflow/.local/lib/python3.8/site-packages/airflow/example_dags/example_latest_only.py
[2025-11-03T01:35:36.943+0000] {processor.py:830} INFO - Processing file /home/airflow/.local/lib/python3.8/site-packages/airflow/example_dags/example_latest_only.py for tasks to queue
[2025-11-03T01:35:36.959+0000] {logging_mixin.py:188} INFO - [2025-11-03T01:35:36.958+0000] {dagbag.py:538} INFO - Filling up the DagBag from /home/airflow/.local/lib/python3.8/site-packages/airflow/example_dags/example_latest_only.py
[2025-11-03T01:35:37.007+0000] {processor.py:840} INFO - DAG(s) 'latest_only' retrieved from /home/airflow/.local/lib/python3.8/site-packages/airflow/example_dags/example_latest_only.py
[2025-11-03T01:35:37.134+0000] {logging_mixin.py:188} INFO - [2025-11-03T01:35:37.134+0000] {dag.py:3036} INFO - Sync 1 DAGs
[2025-11-03T01:35:37.295+0000] {logging_mixin.py:188} INFO - [2025-11-03T01:35:37.295+0000] {dag.py:3823} INFO - Setting next_dagrun for latest_only to 2025-11-02 20:00:00+00:00, run_after=2025-11-03 00:00:00+00:00
[2025-11-03T01:35:37.393+0000] {processor.py:183} INFO - Processing /home/airflow/.local/lib/python3.8/site-packages/airflow/example_dags/example_latest_only.py took 0.487 seconds
[2025-11-03T01:36:07.590+0000] {processor.py:161} INFO - Started process (PID=1046) to work on /home/airflow/.local/lib/python3.8/site-packages/airflow/example_dags/example_latest_only.py
[2025-11-03T01:36:07.594+0000] {processor.py:830} INFO - Processing file /home/airflow/.local/lib/python3.8/site-packages/airflow/example_dags/example_latest_only.py for tasks to queue
[2025-11-03T01:36:07.607+0000] {logging_mixin.py:188} INFO - [2025-11-03T01:36:07.602+0000] {dagbag.py:538} INFO - Filling up the DagBag from /home/airflow/.local/lib/python3.8/site-packages/airflow/example_dags/example_latest_only.py
[2025-11-03T01:36:07.632+0000] {processor.py:840} INFO - DAG(s) 'latest_only' retrieved from /home/airflow/.local/lib/python3.8/site-packages/airflow/example_dags/example_latest_only.py
[2025-11-03T01:36:07.792+0000] {logging_mixin.py:188} INFO - [2025-11-03T01:36:07.780+0000] {dag.py:3036} INFO - Sync 1 DAGs
[2025-11-03T01:36:07.990+0000] {logging_mixin.py:188} INFO - [2025-11-03T01:36:07.990+0000] {dag.py:3823} INFO - Setting next_dagrun for latest_only to 2025-11-02 20:00:00+00:00, run_after=2025-11-03 00:00:00+00:00
[2025-11-03T01:36:08.144+0000] {processor.py:183} INFO - Processing /home/airflow/.local/lib/python3.8/site-packages/airflow/example_dags/example_latest_only.py took 0.578 seconds
[2025-11-03T01:36:39.050+0000] {processor.py:161} INFO - Started process (PID=1101) to work on /home/airflow/.local/lib/python3.8/site-packages/airflow/example_dags/example_latest_only.py
[2025-11-03T01:36:39.054+0000] {processor.py:830} INFO - Processing file /home/airflow/.local/lib/python3.8/site-packages/airflow/example_dags/example_latest_only.py for tasks to queue
[2025-11-03T01:36:39.060+0000] {logging_mixin.py:188} INFO - [2025-11-03T01:36:39.059+0000] {dagbag.py:538} INFO - Filling up the DagBag from /home/airflow/.local/lib/python3.8/site-packages/airflow/example_dags/example_latest_only.py
[2025-11-03T01:36:39.079+0000] {processor.py:840} INFO - DAG(s) 'latest_only' retrieved from /home/airflow/.local/lib/python3.8/site-packages/airflow/example_dags/example_latest_only.py
[2025-11-03T01:36:39.152+0000] {logging_mixin.py:188} INFO - [2025-11-03T01:36:39.152+0000] {dag.py:3036} INFO - Sync 1 DAGs
[2025-11-03T01:36:39.276+0000] {logging_mixin.py:188} INFO - [2025-11-03T01:36:39.275+0000] {dag.py:3823} INFO - Setting next_dagrun for latest_only to 2025-11-02 20:00:00+00:00, run_after=2025-11-03 00:00:00+00:00
[2025-11-03T01:36:39.345+0000] {processor.py:183} INFO - Processing /home/airflow/.local/lib/python3.8/site-packages/airflow/example_dags/example_latest_only.py took 0.309 seconds
[2025-11-03T01:37:11.073+0000] {processor.py:161} INFO - Started process (PID=1155) to work on /home/airflow/.local/lib/python3.8/site-packages/airflow/example_dags/example_latest_only.py
[2025-11-03T01:37:11.091+0000] {processor.py:830} INFO - Processing file /home/airflow/.local/lib/python3.8/site-packages/airflow/example_dags/example_latest_only.py for tasks to queue
[2025-11-03T01:37:11.107+0000] {logging_mixin.py:188} INFO - [2025-11-03T01:37:11.106+0000] {dagbag.py:538} INFO - Filling up the DagBag from /home/airflow/.local/lib/python3.8/site-packages/airflow/example_dags/example_latest_only.py
[2025-11-03T01:37:11.155+0000] {processor.py:840} INFO - DAG(s) 'latest_only' retrieved from /home/airflow/.local/lib/python3.8/site-packages/airflow/example_dags/example_latest_only.py
[2025-11-03T01:37:11.344+0000] {logging_mixin.py:188} INFO - [2025-11-03T01:37:11.335+0000] {dag.py:3036} INFO - Sync 1 DAGs
[2025-11-03T01:37:11.565+0000] {logging_mixin.py:188} INFO - [2025-11-03T01:37:11.565+0000] {dag.py:3823} INFO - Setting next_dagrun for latest_only to 2025-11-02 20:00:00+00:00, run_after=2025-11-03 00:00:00+00:00
[2025-11-03T01:37:11.770+0000] {processor.py:183} INFO - Processing /home/airflow/.local/lib/python3.8/site-packages/airflow/example_dags/example_latest_only.py took 0.721 seconds
[2025-11-03T01:37:46.823+0000] {processor.py:161} INFO - Started process (PID=1201) to work on /home/airflow/.local/lib/python3.8/site-packages/airflow/example_dags/example_latest_only.py
[2025-11-03T01:37:46.862+0000] {processor.py:830} INFO - Processing file /home/airflow/.local/lib/python3.8/site-packages/airflow/example_dags/example_latest_only.py for tasks to queue
[2025-11-03T01:37:46.947+0000] {logging_mixin.py:188} INFO - [2025-11-03T01:37:46.920+0000] {dagbag.py:538} INFO - Filling up the DagBag from /home/airflow/.local/lib/python3.8/site-packages/airflow/example_dags/example_latest_only.py
[2025-11-03T01:37:47.058+0000] {processor.py:840} INFO - DAG(s) 'latest_only' retrieved from /home/airflow/.local/lib/python3.8/site-packages/airflow/example_dags/example_latest_only.py
[2025-11-03T01:37:47.485+0000] {logging_mixin.py:188} INFO - [2025-11-03T01:37:47.474+0000] {dag.py:3036} INFO - Sync 1 DAGs
[2025-11-03T01:37:47.846+0000] {logging_mixin.py:188} INFO - [2025-11-03T01:37:47.833+0000] {dag.py:3823} INFO - Setting next_dagrun for latest_only to 2025-11-02 20:00:00+00:00, run_after=2025-11-03 00:00:00+00:00
[2025-11-03T01:37:48.408+0000] {processor.py:183} INFO - Processing /home/airflow/.local/lib/python3.8/site-packages/airflow/example_dags/example_latest_only.py took 1.624 seconds
[2025-11-03T01:38:32.134+0000] {processor.py:161} INFO - Started process (PID=1248) to work on /home/airflow/.local/lib/python3.8/site-packages/airflow/example_dags/example_latest_only.py
[2025-11-03T01:38:32.175+0000] {processor.py:830} INFO - Processing file /home/airflow/.local/lib/python3.8/site-packages/airflow/example_dags/example_latest_only.py for tasks to queue
[2025-11-03T01:38:32.238+0000] {logging_mixin.py:188} INFO - [2025-11-03T01:38:32.236+0000] {dagbag.py:538} INFO - Filling up the DagBag from /home/airflow/.local/lib/python3.8/site-packages/airflow/example_dags/example_latest_only.py
[2025-11-03T01:38:32.426+0000] {processor.py:840} INFO - DAG(s) 'latest_only' retrieved from /home/airflow/.local/lib/python3.8/site-packages/airflow/example_dags/example_latest_only.py
[2025-11-03T01:38:33.254+0000] {logging_mixin.py:188} INFO - [2025-11-03T01:38:33.254+0000] {dag.py:3036} INFO - Sync 1 DAGs
[2025-11-03T01:38:33.927+0000] {logging_mixin.py:188} INFO - [2025-11-03T01:38:33.926+0000] {dag.py:3823} INFO - Setting next_dagrun for latest_only to 2025-11-02 20:00:00+00:00, run_after=2025-11-03 00:00:00+00:00
[2025-11-03T01:38:34.321+0000] {processor.py:183} INFO - Processing /home/airflow/.local/lib/python3.8/site-packages/airflow/example_dags/example_latest_only.py took 2.210 seconds
[2025-11-03T01:39:09.360+0000] {processor.py:161} INFO - Started process (PID=1292) to work on /home/airflow/.local/lib/python3.8/site-packages/airflow/example_dags/example_latest_only.py
[2025-11-03T01:39:09.396+0000] {processor.py:830} INFO - Processing file /home/airflow/.local/lib/python3.8/site-packages/airflow/example_dags/example_latest_only.py for tasks to queue
[2025-11-03T01:39:09.425+0000] {logging_mixin.py:188} INFO - [2025-11-03T01:39:09.413+0000] {dagbag.py:538} INFO - Filling up the DagBag from /home/airflow/.local/lib/python3.8/site-packages/airflow/example_dags/example_latest_only.py
[2025-11-03T01:39:09.512+0000] {processor.py:840} INFO - DAG(s) 'latest_only' retrieved from /home/airflow/.local/lib/python3.8/site-packages/airflow/example_dags/example_latest_only.py
[2025-11-03T01:39:09.823+0000] {logging_mixin.py:188} INFO - [2025-11-03T01:39:09.822+0000] {dag.py:3036} INFO - Sync 1 DAGs
[2025-11-03T01:39:10.283+0000] {logging_mixin.py:188} INFO - [2025-11-03T01:39:10.282+0000] {dag.py:3823} INFO - Setting next_dagrun for latest_only to 2025-11-02 20:00:00+00:00, run_after=2025-11-03 00:00:00+00:00
[2025-11-03T01:39:10.723+0000] {processor.py:183} INFO - Processing /home/airflow/.local/lib/python3.8/site-packages/airflow/example_dags/example_latest_only.py took 1.404 seconds
[2025-11-03T01:39:44.405+0000] {processor.py:161} INFO - Started process (PID=1346) to work on /home/airflow/.local/lib/python3.8/site-packages/airflow/example_dags/example_latest_only.py
[2025-11-03T01:39:44.420+0000] {processor.py:830} INFO - Processing file /home/airflow/.local/lib/python3.8/site-packages/airflow/example_dags/example_latest_only.py for tasks to queue
[2025-11-03T01:39:44.499+0000] {logging_mixin.py:188} INFO - [2025-11-03T01:39:44.498+0000] {dagbag.py:538} INFO - Filling up the DagBag from /home/airflow/.local/lib/python3.8/site-packages/airflow/example_dags/example_latest_only.py
[2025-11-03T01:39:44.610+0000] {processor.py:840} INFO - DAG(s) 'latest_only' retrieved from /home/airflow/.local/lib/python3.8/site-packages/airflow/example_dags/example_latest_only.py
[2025-11-03T01:39:45.339+0000] {logging_mixin.py:188} INFO - [2025-11-03T01:39:45.338+0000] {dag.py:3036} INFO - Sync 1 DAGs
[2025-11-03T01:39:45.898+0000] {logging_mixin.py:188} INFO - [2025-11-03T01:39:45.898+0000] {dag.py:3823} INFO - Setting next_dagrun for latest_only to 2025-11-02 20:00:00+00:00, run_after=2025-11-03 00:00:00+00:00
[2025-11-03T01:39:46.164+0000] {processor.py:183} INFO - Processing /home/airflow/.local/lib/python3.8/site-packages/airflow/example_dags/example_latest_only.py took 1.836 seconds
[2025-11-03T01:40:22.958+0000] {processor.py:161} INFO - Started process (PID=1399) to work on /home/airflow/.local/lib/python3.8/site-packages/airflow/example_dags/example_latest_only.py
[2025-11-03T01:40:23.001+0000] {processor.py:830} INFO - Processing file /home/airflow/.local/lib/python3.8/site-packages/airflow/example_dags/example_latest_only.py for tasks to queue
[2025-11-03T01:40:23.033+0000] {logging_mixin.py:188} INFO - [2025-11-03T01:40:23.031+0000] {dagbag.py:538} INFO - Filling up the DagBag from /home/airflow/.local/lib/python3.8/site-packages/airflow/example_dags/example_latest_only.py
[2025-11-03T01:40:23.157+0000] {processor.py:840} INFO - DAG(s) 'latest_only' retrieved from /home/airflow/.local/lib/python3.8/site-packages/airflow/example_dags/example_latest_only.py
[2025-11-03T01:40:23.825+0000] {logging_mixin.py:188} INFO - [2025-11-03T01:40:23.823+0000] {dag.py:3036} INFO - Sync 1 DAGs
[2025-11-03T01:40:24.241+0000] {logging_mixin.py:188} INFO - [2025-11-03T01:40:24.240+0000] {dag.py:3823} INFO - Setting next_dagrun for latest_only to 2025-11-02 20:00:00+00:00, run_after=2025-11-03 00:00:00+00:00
[2025-11-03T01:40:24.768+0000] {processor.py:183} INFO - Processing /home/airflow/.local/lib/python3.8/site-packages/airflow/example_dags/example_latest_only.py took 1.891 seconds
[2025-11-03T01:43:24.004+0000] {processor.py:161} INFO - Started process (PID=1446) to work on /home/airflow/.local/lib/python3.8/site-packages/airflow/example_dags/example_latest_only.py
[2025-11-03T01:43:24.133+0000] {processor.py:830} INFO - Processing file /home/airflow/.local/lib/python3.8/site-packages/airflow/example_dags/example_latest_only.py for tasks to queue
[2025-11-03T01:43:24.361+0000] {logging_mixin.py:188} INFO - [2025-11-03T01:43:24.360+0000] {dagbag.py:538} INFO - Filling up the DagBag from /home/airflow/.local/lib/python3.8/site-packages/airflow/example_dags/example_latest_only.py
[2025-11-03T01:43:25.732+0000] {processor.py:840} INFO - DAG(s) 'latest_only' retrieved from /home/airflow/.local/lib/python3.8/site-packages/airflow/example_dags/example_latest_only.py
[2025-11-03T01:43:26.607+0000] {logging_mixin.py:188} INFO - [2025-11-03T01:43:26.606+0000] {dag.py:3036} INFO - Sync 1 DAGs
[2025-11-03T01:43:28.253+0000] {logging_mixin.py:188} INFO - [2025-11-03T01:43:28.252+0000] {dag.py:3823} INFO - Setting next_dagrun for latest_only to 2025-11-02 20:00:00+00:00, run_after=2025-11-03 00:00:00+00:00
[2025-11-03T01:43:29.769+0000] {processor.py:183} INFO - Processing /home/airflow/.local/lib/python3.8/site-packages/airflow/example_dags/example_latest_only.py took 6.005 seconds
[2025-11-03T01:50:11.654+0000] {processor.py:161} INFO - Started process (PID=1545) to work on /home/airflow/.local/lib/python3.8/site-packages/airflow/example_dags/example_latest_only.py
[2025-11-03T01:50:11.682+0000] {processor.py:830} INFO - Processing file /home/airflow/.local/lib/python3.8/site-packages/airflow/example_dags/example_latest_only.py for tasks to queue
[2025-11-03T01:50:11.702+0000] {logging_mixin.py:188} INFO - [2025-11-03T01:50:11.701+0000] {dagbag.py:538} INFO - Filling up the DagBag from /home/airflow/.local/lib/python3.8/site-packages/airflow/example_dags/example_latest_only.py
[2025-11-03T01:50:12.042+0000] {processor.py:840} INFO - DAG(s) 'latest_only' retrieved from /home/airflow/.local/lib/python3.8/site-packages/airflow/example_dags/example_latest_only.py
[2025-11-03T01:50:12.525+0000] {logging_mixin.py:188} INFO - [2025-11-03T01:50:12.519+0000] {dag.py:3036} INFO - Sync 1 DAGs
[2025-11-03T01:50:12.861+0000] {logging_mixin.py:188} INFO - [2025-11-03T01:50:12.860+0000] {dag.py:3823} INFO - Setting next_dagrun for latest_only to 2025-11-02 20:00:00+00:00, run_after=2025-11-03 00:00:00+00:00
[2025-11-03T01:50:13.142+0000] {processor.py:183} INFO - Processing /home/airflow/.local/lib/python3.8/site-packages/airflow/example_dags/example_latest_only.py took 1.701 seconds
[2025-11-03T01:59:27.956+0000] {processor.py:161} INFO - Started process (PID=1664) to work on /home/airflow/.local/lib/python3.8/site-packages/airflow/example_dags/example_latest_only.py
[2025-11-03T01:59:27.987+0000] {processor.py:830} INFO - Processing file /home/airflow/.local/lib/python3.8/site-packages/airflow/example_dags/example_latest_only.py for tasks to queue
[2025-11-03T01:59:28.034+0000] {logging_mixin.py:188} INFO - [2025-11-03T01:59:28.033+0000] {dagbag.py:538} INFO - Filling up the DagBag from /home/airflow/.local/lib/python3.8/site-packages/airflow/example_dags/example_latest_only.py
[2025-11-03T01:59:30.352+0000] {processor.py:840} INFO - DAG(s) 'latest_only' retrieved from /home/airflow/.local/lib/python3.8/site-packages/airflow/example_dags/example_latest_only.py
[2025-11-03T01:59:46.777+0000] {logging_mixin.py:188} INFO - [2025-11-03T01:59:46.775+0000] {dag.py:3036} INFO - Sync 1 DAGs
[2025-11-03T01:59:51.877+0000] {logging_mixin.py:188} INFO - [2025-11-03T01:59:51.780+0000] {dag.py:3823} INFO - Setting next_dagrun for latest_only to 2025-11-02 20:00:00+00:00, run_after=2025-11-03 00:00:00+00:00
[2025-11-03T01:59:53.239+0000] {processor.py:183} INFO - Processing /home/airflow/.local/lib/python3.8/site-packages/airflow/example_dags/example_latest_only.py took 25.365 seconds
