[2025-11-03T01:13:28.175+0000] {processor.py:161} INFO - Started process (PID=102) to work on /home/airflow/.local/lib/python3.8/site-packages/airflow/example_dags/example_subdag_operator.py
[2025-11-03T01:13:28.180+0000] {processor.py:830} INFO - Processing file /home/airflow/.local/lib/python3.8/site-packages/airflow/example_dags/example_subdag_operator.py for tasks to queue
[2025-11-03T01:13:28.187+0000] {logging_mixin.py:188} INFO - [2025-11-03T01:13:28.186+0000] {dagbag.py:538} INFO - Filling up the DagBag from /home/airflow/.local/lib/python3.8/site-packages/airflow/example_dags/example_subdag_operator.py
[2025-11-03T01:13:28.361+0000] {processor.py:840} INFO - DAG(s) 'example_subdag_operator.section-1', 'example_subdag_operator.section-2', 'example_subdag_operator' retrieved from /home/airflow/.local/lib/python3.8/site-packages/airflow/example_dags/example_subdag_operator.py
[2025-11-03T01:13:28.468+0000] {logging_mixin.py:188} INFO - [2025-11-03T01:13:28.466+0000] {dag.py:3036} INFO - Sync 3 DAGs
[2025-11-03T01:13:28.581+0000] {logging_mixin.py:188} INFO - [2025-11-03T01:13:28.581+0000] {dag.py:3823} INFO - Setting next_dagrun for example_subdag_operator to 2022-01-01 00:00:00+00:00, run_after=2022-01-01 00:00:00+00:00
[2025-11-03T01:13:28.594+0000] {logging_mixin.py:188} INFO - [2025-11-03T01:13:28.594+0000] {dag.py:3823} INFO - Setting next_dagrun for example_subdag_operator.section-1 to None, run_after=None
[2025-11-03T01:13:28.600+0000] {logging_mixin.py:188} INFO - [2025-11-03T01:13:28.600+0000] {dag.py:3823} INFO - Setting next_dagrun for example_subdag_operator.section-2 to None, run_after=None
[2025-11-03T01:13:28.654+0000] {logging_mixin.py:188} INFO - [2025-11-03T01:13:28.654+0000] {dag.py:3036} INFO - Sync 2 DAGs
[2025-11-03T01:13:28.727+0000] {logging_mixin.py:188} INFO - [2025-11-03T01:13:28.726+0000] {dag.py:3823} INFO - Setting next_dagrun for example_subdag_operator.section-1 to None, run_after=None
[2025-11-03T01:13:28.741+0000] {logging_mixin.py:188} INFO - [2025-11-03T01:13:28.733+0000] {dag.py:3823} INFO - Setting next_dagrun for example_subdag_operator.section-2 to None, run_after=None
[2025-11-03T01:13:28.871+0000] {processor.py:183} INFO - Processing /home/airflow/.local/lib/python3.8/site-packages/airflow/example_dags/example_subdag_operator.py took 0.716 seconds
[2025-11-03T01:14:07.903+0000] {processor.py:161} INFO - Started process (PID=157) to work on /home/airflow/.local/lib/python3.8/site-packages/airflow/example_dags/example_subdag_operator.py
[2025-11-03T01:14:07.924+0000] {processor.py:830} INFO - Processing file /home/airflow/.local/lib/python3.8/site-packages/airflow/example_dags/example_subdag_operator.py for tasks to queue
[2025-11-03T01:14:07.943+0000] {logging_mixin.py:188} INFO - [2025-11-03T01:14:07.939+0000] {dagbag.py:538} INFO - Filling up the DagBag from /home/airflow/.local/lib/python3.8/site-packages/airflow/example_dags/example_subdag_operator.py
[2025-11-03T01:14:08.167+0000] {processor.py:840} INFO - DAG(s) 'example_subdag_operator.section-1', 'example_subdag_operator.section-2', 'example_subdag_operator' retrieved from /home/airflow/.local/lib/python3.8/site-packages/airflow/example_dags/example_subdag_operator.py
[2025-11-03T01:14:08.387+0000] {logging_mixin.py:188} INFO - [2025-11-03T01:14:08.386+0000] {dag.py:3036} INFO - Sync 3 DAGs
[2025-11-03T01:14:08.599+0000] {logging_mixin.py:188} INFO - [2025-11-03T01:14:08.598+0000] {dag.py:3823} INFO - Setting next_dagrun for example_subdag_operator to 2022-01-01 00:00:00+00:00, run_after=2022-01-01 00:00:00+00:00
[2025-11-03T01:14:08.629+0000] {logging_mixin.py:188} INFO - [2025-11-03T01:14:08.625+0000] {dag.py:3823} INFO - Setting next_dagrun for example_subdag_operator.section-1 to None, run_after=None
[2025-11-03T01:14:08.646+0000] {logging_mixin.py:188} INFO - [2025-11-03T01:14:08.645+0000] {dag.py:3823} INFO - Setting next_dagrun for example_subdag_operator.section-2 to None, run_after=None
[2025-11-03T01:14:08.731+0000] {logging_mixin.py:188} INFO - [2025-11-03T01:14:08.730+0000] {dag.py:3036} INFO - Sync 2 DAGs
[2025-11-03T01:14:08.846+0000] {logging_mixin.py:188} INFO - [2025-11-03T01:14:08.844+0000] {dag.py:3823} INFO - Setting next_dagrun for example_subdag_operator.section-1 to None, run_after=None
[2025-11-03T01:14:08.857+0000] {logging_mixin.py:188} INFO - [2025-11-03T01:14:08.856+0000] {dag.py:3823} INFO - Setting next_dagrun for example_subdag_operator.section-2 to None, run_after=None
[2025-11-03T01:14:08.995+0000] {processor.py:183} INFO - Processing /home/airflow/.local/lib/python3.8/site-packages/airflow/example_dags/example_subdag_operator.py took 1.220 seconds
[2025-11-03T01:14:51.845+0000] {processor.py:161} INFO - Started process (PID=211) to work on /home/airflow/.local/lib/python3.8/site-packages/airflow/example_dags/example_subdag_operator.py
[2025-11-03T01:14:51.954+0000] {processor.py:830} INFO - Processing file /home/airflow/.local/lib/python3.8/site-packages/airflow/example_dags/example_subdag_operator.py for tasks to queue
[2025-11-03T01:14:52.058+0000] {logging_mixin.py:188} INFO - [2025-11-03T01:14:52.057+0000] {dagbag.py:538} INFO - Filling up the DagBag from /home/airflow/.local/lib/python3.8/site-packages/airflow/example_dags/example_subdag_operator.py
[2025-11-03T01:14:52.532+0000] {processor.py:840} INFO - DAG(s) 'example_subdag_operator.section-1', 'example_subdag_operator.section-2', 'example_subdag_operator' retrieved from /home/airflow/.local/lib/python3.8/site-packages/airflow/example_dags/example_subdag_operator.py
[2025-11-03T01:14:53.044+0000] {logging_mixin.py:188} INFO - [2025-11-03T01:14:53.043+0000] {dag.py:3036} INFO - Sync 3 DAGs
[2025-11-03T01:14:53.939+0000] {logging_mixin.py:188} INFO - [2025-11-03T01:14:53.938+0000] {dag.py:3823} INFO - Setting next_dagrun for example_subdag_operator to 2022-01-01 00:00:00+00:00, run_after=2022-01-01 00:00:00+00:00
[2025-11-03T01:14:54.274+0000] {logging_mixin.py:188} INFO - [2025-11-03T01:14:54.273+0000] {dag.py:3823} INFO - Setting next_dagrun for example_subdag_operator.section-1 to None, run_after=None
[2025-11-03T01:14:54.291+0000] {logging_mixin.py:188} INFO - [2025-11-03T01:14:54.291+0000] {dag.py:3823} INFO - Setting next_dagrun for example_subdag_operator.section-2 to None, run_after=None
[2025-11-03T01:14:54.648+0000] {logging_mixin.py:188} INFO - [2025-11-03T01:14:54.647+0000] {dag.py:3036} INFO - Sync 2 DAGs
[2025-11-03T01:14:54.847+0000] {logging_mixin.py:188} INFO - [2025-11-03T01:14:54.846+0000] {dag.py:3823} INFO - Setting next_dagrun for example_subdag_operator.section-1 to None, run_after=None
[2025-11-03T01:14:54.895+0000] {logging_mixin.py:188} INFO - [2025-11-03T01:14:54.895+0000] {dag.py:3823} INFO - Setting next_dagrun for example_subdag_operator.section-2 to None, run_after=None
[2025-11-03T01:14:55.548+0000] {processor.py:183} INFO - Processing /home/airflow/.local/lib/python3.8/site-packages/airflow/example_dags/example_subdag_operator.py took 3.866 seconds
[2025-11-03T01:15:39.343+0000] {processor.py:161} INFO - Started process (PID=272) to work on /home/airflow/.local/lib/python3.8/site-packages/airflow/example_dags/example_subdag_operator.py
[2025-11-03T01:15:39.352+0000] {processor.py:830} INFO - Processing file /home/airflow/.local/lib/python3.8/site-packages/airflow/example_dags/example_subdag_operator.py for tasks to queue
[2025-11-03T01:15:39.369+0000] {logging_mixin.py:188} INFO - [2025-11-03T01:15:39.368+0000] {dagbag.py:538} INFO - Filling up the DagBag from /home/airflow/.local/lib/python3.8/site-packages/airflow/example_dags/example_subdag_operator.py
[2025-11-03T01:15:39.607+0000] {processor.py:840} INFO - DAG(s) 'example_subdag_operator.section-1', 'example_subdag_operator.section-2', 'example_subdag_operator' retrieved from /home/airflow/.local/lib/python3.8/site-packages/airflow/example_dags/example_subdag_operator.py
[2025-11-03T01:15:39.675+0000] {logging_mixin.py:188} INFO - [2025-11-03T01:15:39.674+0000] {dag.py:3036} INFO - Sync 3 DAGs
[2025-11-03T01:15:39.934+0000] {logging_mixin.py:188} INFO - [2025-11-03T01:15:39.933+0000] {dag.py:3823} INFO - Setting next_dagrun for example_subdag_operator to 2022-01-01 00:00:00+00:00, run_after=2022-01-01 00:00:00+00:00
[2025-11-03T01:15:39.994+0000] {logging_mixin.py:188} INFO - [2025-11-03T01:15:39.993+0000] {dag.py:3823} INFO - Setting next_dagrun for example_subdag_operator.section-1 to None, run_after=None
[2025-11-03T01:15:40.006+0000] {logging_mixin.py:188} INFO - [2025-11-03T01:15:40.005+0000] {dag.py:3823} INFO - Setting next_dagrun for example_subdag_operator.section-2 to None, run_after=None
[2025-11-03T01:15:40.098+0000] {logging_mixin.py:188} INFO - [2025-11-03T01:15:40.097+0000] {dag.py:3036} INFO - Sync 2 DAGs
[2025-11-03T01:15:40.155+0000] {logging_mixin.py:188} INFO - [2025-11-03T01:15:40.154+0000] {dag.py:3823} INFO - Setting next_dagrun for example_subdag_operator.section-1 to None, run_after=None
[2025-11-03T01:15:40.171+0000] {logging_mixin.py:188} INFO - [2025-11-03T01:15:40.170+0000] {dag.py:3823} INFO - Setting next_dagrun for example_subdag_operator.section-2 to None, run_after=None
[2025-11-03T01:15:40.348+0000] {processor.py:183} INFO - Processing /home/airflow/.local/lib/python3.8/site-packages/airflow/example_dags/example_subdag_operator.py took 1.056 seconds
[2025-11-03T01:16:20.098+0000] {processor.py:161} INFO - Started process (PID=318) to work on /home/airflow/.local/lib/python3.8/site-packages/airflow/example_dags/example_subdag_operator.py
[2025-11-03T01:16:20.101+0000] {processor.py:830} INFO - Processing file /home/airflow/.local/lib/python3.8/site-packages/airflow/example_dags/example_subdag_operator.py for tasks to queue
[2025-11-03T01:16:20.111+0000] {logging_mixin.py:188} INFO - [2025-11-03T01:16:20.110+0000] {dagbag.py:538} INFO - Filling up the DagBag from /home/airflow/.local/lib/python3.8/site-packages/airflow/example_dags/example_subdag_operator.py
[2025-11-03T01:16:20.209+0000] {processor.py:840} INFO - DAG(s) 'example_subdag_operator.section-1', 'example_subdag_operator.section-2', 'example_subdag_operator' retrieved from /home/airflow/.local/lib/python3.8/site-packages/airflow/example_dags/example_subdag_operator.py
[2025-11-03T01:16:20.676+0000] {logging_mixin.py:188} INFO - [2025-11-03T01:16:20.675+0000] {dag.py:3036} INFO - Sync 3 DAGs
[2025-11-03T01:16:20.759+0000] {logging_mixin.py:188} INFO - [2025-11-03T01:16:20.758+0000] {dag.py:3823} INFO - Setting next_dagrun for example_subdag_operator to 2022-01-01 00:00:00+00:00, run_after=2022-01-01 00:00:00+00:00
[2025-11-03T01:16:20.770+0000] {logging_mixin.py:188} INFO - [2025-11-03T01:16:20.769+0000] {dag.py:3823} INFO - Setting next_dagrun for example_subdag_operator.section-1 to None, run_after=None
[2025-11-03T01:16:20.775+0000] {logging_mixin.py:188} INFO - [2025-11-03T01:16:20.774+0000] {dag.py:3823} INFO - Setting next_dagrun for example_subdag_operator.section-2 to None, run_after=None
[2025-11-03T01:16:20.807+0000] {logging_mixin.py:188} INFO - [2025-11-03T01:16:20.806+0000] {dag.py:3036} INFO - Sync 2 DAGs
[2025-11-03T01:16:20.839+0000] {logging_mixin.py:188} INFO - [2025-11-03T01:16:20.838+0000] {dag.py:3823} INFO - Setting next_dagrun for example_subdag_operator.section-1 to None, run_after=None
[2025-11-03T01:16:20.841+0000] {logging_mixin.py:188} INFO - [2025-11-03T01:16:20.840+0000] {dag.py:3823} INFO - Setting next_dagrun for example_subdag_operator.section-2 to None, run_after=None
[2025-11-03T01:16:20.880+0000] {processor.py:183} INFO - Processing /home/airflow/.local/lib/python3.8/site-packages/airflow/example_dags/example_subdag_operator.py took 0.800 seconds
[2025-11-03T01:16:51.032+0000] {processor.py:161} INFO - Started process (PID=373) to work on /home/airflow/.local/lib/python3.8/site-packages/airflow/example_dags/example_subdag_operator.py
[2025-11-03T01:16:51.037+0000] {processor.py:830} INFO - Processing file /home/airflow/.local/lib/python3.8/site-packages/airflow/example_dags/example_subdag_operator.py for tasks to queue
[2025-11-03T01:16:51.044+0000] {logging_mixin.py:188} INFO - [2025-11-03T01:16:51.043+0000] {dagbag.py:538} INFO - Filling up the DagBag from /home/airflow/.local/lib/python3.8/site-packages/airflow/example_dags/example_subdag_operator.py
[2025-11-03T01:16:51.155+0000] {processor.py:840} INFO - DAG(s) 'example_subdag_operator.section-1', 'example_subdag_operator.section-2', 'example_subdag_operator' retrieved from /home/airflow/.local/lib/python3.8/site-packages/airflow/example_dags/example_subdag_operator.py
[2025-11-03T01:16:51.230+0000] {logging_mixin.py:188} INFO - [2025-11-03T01:16:51.229+0000] {dag.py:3036} INFO - Sync 3 DAGs
[2025-11-03T01:16:51.487+0000] {logging_mixin.py:188} INFO - [2025-11-03T01:16:51.486+0000] {dag.py:3823} INFO - Setting next_dagrun for example_subdag_operator to 2022-01-01 00:00:00+00:00, run_after=2022-01-01 00:00:00+00:00
[2025-11-03T01:16:51.504+0000] {logging_mixin.py:188} INFO - [2025-11-03T01:16:51.503+0000] {dag.py:3823} INFO - Setting next_dagrun for example_subdag_operator.section-1 to None, run_after=None
[2025-11-03T01:16:51.509+0000] {logging_mixin.py:188} INFO - [2025-11-03T01:16:51.508+0000] {dag.py:3823} INFO - Setting next_dagrun for example_subdag_operator.section-2 to None, run_after=None
[2025-11-03T01:16:51.545+0000] {logging_mixin.py:188} INFO - [2025-11-03T01:16:51.544+0000] {dag.py:3036} INFO - Sync 2 DAGs
[2025-11-03T01:16:51.598+0000] {logging_mixin.py:188} INFO - [2025-11-03T01:16:51.596+0000] {dag.py:3823} INFO - Setting next_dagrun for example_subdag_operator.section-1 to None, run_after=None
[2025-11-03T01:16:51.600+0000] {logging_mixin.py:188} INFO - [2025-11-03T01:16:51.599+0000] {dag.py:3823} INFO - Setting next_dagrun for example_subdag_operator.section-2 to None, run_after=None
[2025-11-03T01:16:51.696+0000] {processor.py:183} INFO - Processing /home/airflow/.local/lib/python3.8/site-packages/airflow/example_dags/example_subdag_operator.py took 0.677 seconds
[2025-11-03T01:17:24.007+0000] {processor.py:161} INFO - Started process (PID=428) to work on /home/airflow/.local/lib/python3.8/site-packages/airflow/example_dags/example_subdag_operator.py
[2025-11-03T01:17:24.022+0000] {processor.py:830} INFO - Processing file /home/airflow/.local/lib/python3.8/site-packages/airflow/example_dags/example_subdag_operator.py for tasks to queue
[2025-11-03T01:17:24.028+0000] {logging_mixin.py:188} INFO - [2025-11-03T01:17:24.027+0000] {dagbag.py:538} INFO - Filling up the DagBag from /home/airflow/.local/lib/python3.8/site-packages/airflow/example_dags/example_subdag_operator.py
[2025-11-03T01:17:24.555+0000] {processor.py:840} INFO - DAG(s) 'example_subdag_operator.section-1', 'example_subdag_operator.section-2', 'example_subdag_operator' retrieved from /home/airflow/.local/lib/python3.8/site-packages/airflow/example_dags/example_subdag_operator.py
[2025-11-03T01:17:24.706+0000] {logging_mixin.py:188} INFO - [2025-11-03T01:17:24.705+0000] {dag.py:3036} INFO - Sync 3 DAGs
[2025-11-03T01:17:24.828+0000] {logging_mixin.py:188} INFO - [2025-11-03T01:17:24.827+0000] {dag.py:3823} INFO - Setting next_dagrun for example_subdag_operator to 2022-01-01 00:00:00+00:00, run_after=2022-01-01 00:00:00+00:00
[2025-11-03T01:17:24.839+0000] {logging_mixin.py:188} INFO - [2025-11-03T01:17:24.839+0000] {dag.py:3823} INFO - Setting next_dagrun for example_subdag_operator.section-1 to None, run_after=None
[2025-11-03T01:17:24.842+0000] {logging_mixin.py:188} INFO - [2025-11-03T01:17:24.842+0000] {dag.py:3823} INFO - Setting next_dagrun for example_subdag_operator.section-2 to None, run_after=None
[2025-11-03T01:17:24.861+0000] {logging_mixin.py:188} INFO - [2025-11-03T01:17:24.861+0000] {dag.py:3036} INFO - Sync 2 DAGs
[2025-11-03T01:17:24.884+0000] {logging_mixin.py:188} INFO - [2025-11-03T01:17:24.883+0000] {dag.py:3823} INFO - Setting next_dagrun for example_subdag_operator.section-1 to None, run_after=None
[2025-11-03T01:17:24.887+0000] {logging_mixin.py:188} INFO - [2025-11-03T01:17:24.886+0000] {dag.py:3823} INFO - Setting next_dagrun for example_subdag_operator.section-2 to None, run_after=None
[2025-11-03T01:17:24.946+0000] {processor.py:183} INFO - Processing /home/airflow/.local/lib/python3.8/site-packages/airflow/example_dags/example_subdag_operator.py took 0.952 seconds
[2025-11-03T01:17:55.467+0000] {processor.py:161} INFO - Started process (PID=484) to work on /home/airflow/.local/lib/python3.8/site-packages/airflow/example_dags/example_subdag_operator.py
[2025-11-03T01:17:55.471+0000] {processor.py:830} INFO - Processing file /home/airflow/.local/lib/python3.8/site-packages/airflow/example_dags/example_subdag_operator.py for tasks to queue
[2025-11-03T01:17:55.477+0000] {logging_mixin.py:188} INFO - [2025-11-03T01:17:55.476+0000] {dagbag.py:538} INFO - Filling up the DagBag from /home/airflow/.local/lib/python3.8/site-packages/airflow/example_dags/example_subdag_operator.py
[2025-11-03T01:17:55.573+0000] {processor.py:840} INFO - DAG(s) 'example_subdag_operator.section-1', 'example_subdag_operator.section-2', 'example_subdag_operator' retrieved from /home/airflow/.local/lib/python3.8/site-packages/airflow/example_dags/example_subdag_operator.py
[2025-11-03T01:17:55.614+0000] {logging_mixin.py:188} INFO - [2025-11-03T01:17:55.613+0000] {dag.py:3036} INFO - Sync 3 DAGs
[2025-11-03T01:17:55.680+0000] {logging_mixin.py:188} INFO - [2025-11-03T01:17:55.680+0000] {dag.py:3823} INFO - Setting next_dagrun for example_subdag_operator to 2022-01-01 00:00:00+00:00, run_after=2022-01-01 00:00:00+00:00
[2025-11-03T01:17:55.694+0000] {logging_mixin.py:188} INFO - [2025-11-03T01:17:55.693+0000] {dag.py:3823} INFO - Setting next_dagrun for example_subdag_operator.section-1 to None, run_after=None
[2025-11-03T01:17:55.698+0000] {logging_mixin.py:188} INFO - [2025-11-03T01:17:55.698+0000] {dag.py:3823} INFO - Setting next_dagrun for example_subdag_operator.section-2 to None, run_after=None
[2025-11-03T01:17:55.720+0000] {logging_mixin.py:188} INFO - [2025-11-03T01:17:55.720+0000] {dag.py:3036} INFO - Sync 2 DAGs
[2025-11-03T01:17:55.739+0000] {logging_mixin.py:188} INFO - [2025-11-03T01:17:55.738+0000] {dag.py:3823} INFO - Setting next_dagrun for example_subdag_operator.section-1 to None, run_after=None
[2025-11-03T01:17:55.749+0000] {logging_mixin.py:188} INFO - [2025-11-03T01:17:55.748+0000] {dag.py:3823} INFO - Setting next_dagrun for example_subdag_operator.section-2 to None, run_after=None
[2025-11-03T01:17:55.862+0000] {processor.py:183} INFO - Processing /home/airflow/.local/lib/python3.8/site-packages/airflow/example_dags/example_subdag_operator.py took 0.410 seconds
[2025-11-03T01:18:27.016+0000] {processor.py:161} INFO - Started process (PID=539) to work on /home/airflow/.local/lib/python3.8/site-packages/airflow/example_dags/example_subdag_operator.py
[2025-11-03T01:18:27.039+0000] {processor.py:830} INFO - Processing file /home/airflow/.local/lib/python3.8/site-packages/airflow/example_dags/example_subdag_operator.py for tasks to queue
[2025-11-03T01:18:27.052+0000] {logging_mixin.py:188} INFO - [2025-11-03T01:18:27.050+0000] {dagbag.py:538} INFO - Filling up the DagBag from /home/airflow/.local/lib/python3.8/site-packages/airflow/example_dags/example_subdag_operator.py
[2025-11-03T01:18:27.193+0000] {processor.py:840} INFO - DAG(s) 'example_subdag_operator.section-1', 'example_subdag_operator.section-2', 'example_subdag_operator' retrieved from /home/airflow/.local/lib/python3.8/site-packages/airflow/example_dags/example_subdag_operator.py
[2025-11-03T01:18:27.273+0000] {logging_mixin.py:188} INFO - [2025-11-03T01:18:27.272+0000] {dag.py:3036} INFO - Sync 3 DAGs
[2025-11-03T01:18:27.388+0000] {logging_mixin.py:188} INFO - [2025-11-03T01:18:27.387+0000] {dag.py:3823} INFO - Setting next_dagrun for example_subdag_operator to 2022-01-01 00:00:00+00:00, run_after=2022-01-01 00:00:00+00:00
[2025-11-03T01:18:27.402+0000] {logging_mixin.py:188} INFO - [2025-11-03T01:18:27.401+0000] {dag.py:3823} INFO - Setting next_dagrun for example_subdag_operator.section-1 to None, run_after=None
[2025-11-03T01:18:27.407+0000] {logging_mixin.py:188} INFO - [2025-11-03T01:18:27.406+0000] {dag.py:3823} INFO - Setting next_dagrun for example_subdag_operator.section-2 to None, run_after=None
[2025-11-03T01:18:27.434+0000] {logging_mixin.py:188} INFO - [2025-11-03T01:18:27.433+0000] {dag.py:3036} INFO - Sync 2 DAGs
[2025-11-03T01:18:27.451+0000] {logging_mixin.py:188} INFO - [2025-11-03T01:18:27.450+0000] {dag.py:3823} INFO - Setting next_dagrun for example_subdag_operator.section-1 to None, run_after=None
[2025-11-03T01:18:27.453+0000] {logging_mixin.py:188} INFO - [2025-11-03T01:18:27.453+0000] {dag.py:3823} INFO - Setting next_dagrun for example_subdag_operator.section-2 to None, run_after=None
[2025-11-03T01:18:27.521+0000] {processor.py:183} INFO - Processing /home/airflow/.local/lib/python3.8/site-packages/airflow/example_dags/example_subdag_operator.py took 0.533 seconds
[2025-11-03T01:18:58.216+0000] {processor.py:161} INFO - Started process (PID=594) to work on /home/airflow/.local/lib/python3.8/site-packages/airflow/example_dags/example_subdag_operator.py
[2025-11-03T01:18:58.231+0000] {processor.py:830} INFO - Processing file /home/airflow/.local/lib/python3.8/site-packages/airflow/example_dags/example_subdag_operator.py for tasks to queue
[2025-11-03T01:18:58.274+0000] {logging_mixin.py:188} INFO - [2025-11-03T01:18:58.273+0000] {dagbag.py:538} INFO - Filling up the DagBag from /home/airflow/.local/lib/python3.8/site-packages/airflow/example_dags/example_subdag_operator.py
[2025-11-03T01:18:58.678+0000] {processor.py:840} INFO - DAG(s) 'example_subdag_operator.section-1', 'example_subdag_operator.section-2', 'example_subdag_operator' retrieved from /home/airflow/.local/lib/python3.8/site-packages/airflow/example_dags/example_subdag_operator.py
[2025-11-03T01:18:58.823+0000] {logging_mixin.py:188} INFO - [2025-11-03T01:18:58.823+0000] {dag.py:3036} INFO - Sync 3 DAGs
[2025-11-03T01:18:58.995+0000] {logging_mixin.py:188} INFO - [2025-11-03T01:18:58.994+0000] {dag.py:3823} INFO - Setting next_dagrun for example_subdag_operator to 2022-01-01 00:00:00+00:00, run_after=2022-01-01 00:00:00+00:00
[2025-11-03T01:18:59.034+0000] {logging_mixin.py:188} INFO - [2025-11-03T01:18:59.033+0000] {dag.py:3823} INFO - Setting next_dagrun for example_subdag_operator.section-1 to None, run_after=None
[2025-11-03T01:18:59.050+0000] {logging_mixin.py:188} INFO - [2025-11-03T01:18:59.049+0000] {dag.py:3823} INFO - Setting next_dagrun for example_subdag_operator.section-2 to None, run_after=None
[2025-11-03T01:18:59.120+0000] {logging_mixin.py:188} INFO - [2025-11-03T01:18:59.120+0000] {dag.py:3036} INFO - Sync 2 DAGs
[2025-11-03T01:18:59.173+0000] {logging_mixin.py:188} INFO - [2025-11-03T01:18:59.172+0000] {dag.py:3823} INFO - Setting next_dagrun for example_subdag_operator.section-1 to None, run_after=None
[2025-11-03T01:18:59.191+0000] {logging_mixin.py:188} INFO - [2025-11-03T01:18:59.190+0000] {dag.py:3823} INFO - Setting next_dagrun for example_subdag_operator.section-2 to None, run_after=None
[2025-11-03T01:18:59.283+0000] {processor.py:183} INFO - Processing /home/airflow/.local/lib/python3.8/site-packages/airflow/example_dags/example_subdag_operator.py took 1.105 seconds
[2025-11-03T01:19:29.564+0000] {processor.py:161} INFO - Started process (PID=649) to work on /home/airflow/.local/lib/python3.8/site-packages/airflow/example_dags/example_subdag_operator.py
[2025-11-03T01:19:29.567+0000] {processor.py:830} INFO - Processing file /home/airflow/.local/lib/python3.8/site-packages/airflow/example_dags/example_subdag_operator.py for tasks to queue
[2025-11-03T01:19:29.581+0000] {logging_mixin.py:188} INFO - [2025-11-03T01:19:29.580+0000] {dagbag.py:538} INFO - Filling up the DagBag from /home/airflow/.local/lib/python3.8/site-packages/airflow/example_dags/example_subdag_operator.py
[2025-11-03T01:19:29.689+0000] {processor.py:840} INFO - DAG(s) 'example_subdag_operator.section-1', 'example_subdag_operator.section-2', 'example_subdag_operator' retrieved from /home/airflow/.local/lib/python3.8/site-packages/airflow/example_dags/example_subdag_operator.py
[2025-11-03T01:19:29.767+0000] {logging_mixin.py:188} INFO - [2025-11-03T01:19:29.766+0000] {dag.py:3036} INFO - Sync 3 DAGs
[2025-11-03T01:19:29.865+0000] {logging_mixin.py:188} INFO - [2025-11-03T01:19:29.865+0000] {dag.py:3823} INFO - Setting next_dagrun for example_subdag_operator to 2022-01-01 00:00:00+00:00, run_after=2022-01-01 00:00:00+00:00
[2025-11-03T01:19:29.875+0000] {logging_mixin.py:188} INFO - [2025-11-03T01:19:29.875+0000] {dag.py:3823} INFO - Setting next_dagrun for example_subdag_operator.section-1 to None, run_after=None
[2025-11-03T01:19:29.879+0000] {logging_mixin.py:188} INFO - [2025-11-03T01:19:29.879+0000] {dag.py:3823} INFO - Setting next_dagrun for example_subdag_operator.section-2 to None, run_after=None
[2025-11-03T01:19:29.897+0000] {logging_mixin.py:188} INFO - [2025-11-03T01:19:29.897+0000] {dag.py:3036} INFO - Sync 2 DAGs
[2025-11-03T01:19:29.910+0000] {logging_mixin.py:188} INFO - [2025-11-03T01:19:29.909+0000] {dag.py:3823} INFO - Setting next_dagrun for example_subdag_operator.section-1 to None, run_after=None
[2025-11-03T01:19:29.912+0000] {logging_mixin.py:188} INFO - [2025-11-03T01:19:29.911+0000] {dag.py:3823} INFO - Setting next_dagrun for example_subdag_operator.section-2 to None, run_after=None
[2025-11-03T01:19:29.946+0000] {processor.py:183} INFO - Processing /home/airflow/.local/lib/python3.8/site-packages/airflow/example_dags/example_subdag_operator.py took 0.398 seconds
[2025-11-03T01:20:02.265+0000] {processor.py:161} INFO - Started process (PID=704) to work on /home/airflow/.local/lib/python3.8/site-packages/airflow/example_dags/example_subdag_operator.py
[2025-11-03T01:20:02.280+0000] {processor.py:830} INFO - Processing file /home/airflow/.local/lib/python3.8/site-packages/airflow/example_dags/example_subdag_operator.py for tasks to queue
[2025-11-03T01:20:02.309+0000] {logging_mixin.py:188} INFO - [2025-11-03T01:20:02.299+0000] {dagbag.py:538} INFO - Filling up the DagBag from /home/airflow/.local/lib/python3.8/site-packages/airflow/example_dags/example_subdag_operator.py
[2025-11-03T01:20:02.609+0000] {processor.py:840} INFO - DAG(s) 'example_subdag_operator.section-1', 'example_subdag_operator.section-2', 'example_subdag_operator' retrieved from /home/airflow/.local/lib/python3.8/site-packages/airflow/example_dags/example_subdag_operator.py
[2025-11-03T01:20:02.926+0000] {logging_mixin.py:188} INFO - [2025-11-03T01:20:02.926+0000] {dag.py:3036} INFO - Sync 3 DAGs
[2025-11-03T01:20:03.070+0000] {logging_mixin.py:188} INFO - [2025-11-03T01:20:03.069+0000] {dag.py:3823} INFO - Setting next_dagrun for example_subdag_operator to 2022-01-01 00:00:00+00:00, run_after=2022-01-01 00:00:00+00:00
[2025-11-03T01:20:03.090+0000] {logging_mixin.py:188} INFO - [2025-11-03T01:20:03.089+0000] {dag.py:3823} INFO - Setting next_dagrun for example_subdag_operator.section-1 to None, run_after=None
[2025-11-03T01:20:03.098+0000] {logging_mixin.py:188} INFO - [2025-11-03T01:20:03.097+0000] {dag.py:3823} INFO - Setting next_dagrun for example_subdag_operator.section-2 to None, run_after=None
[2025-11-03T01:20:03.139+0000] {logging_mixin.py:188} INFO - [2025-11-03T01:20:03.139+0000] {dag.py:3036} INFO - Sync 2 DAGs
[2025-11-03T01:20:03.176+0000] {logging_mixin.py:188} INFO - [2025-11-03T01:20:03.176+0000] {dag.py:3823} INFO - Setting next_dagrun for example_subdag_operator.section-1 to None, run_after=None
[2025-11-03T01:20:03.183+0000] {logging_mixin.py:188} INFO - [2025-11-03T01:20:03.183+0000] {dag.py:3823} INFO - Setting next_dagrun for example_subdag_operator.section-2 to None, run_after=None
[2025-11-03T01:20:03.250+0000] {processor.py:183} INFO - Processing /home/airflow/.local/lib/python3.8/site-packages/airflow/example_dags/example_subdag_operator.py took 1.011 seconds
[2025-11-03T01:20:33.572+0000] {processor.py:161} INFO - Started process (PID=763) to work on /home/airflow/.local/lib/python3.8/site-packages/airflow/example_dags/example_subdag_operator.py
[2025-11-03T01:20:33.582+0000] {processor.py:830} INFO - Processing file /home/airflow/.local/lib/python3.8/site-packages/airflow/example_dags/example_subdag_operator.py for tasks to queue
[2025-11-03T01:20:33.598+0000] {logging_mixin.py:188} INFO - [2025-11-03T01:20:33.597+0000] {dagbag.py:538} INFO - Filling up the DagBag from /home/airflow/.local/lib/python3.8/site-packages/airflow/example_dags/example_subdag_operator.py
[2025-11-03T01:20:33.732+0000] {processor.py:840} INFO - DAG(s) 'example_subdag_operator.section-1', 'example_subdag_operator.section-2', 'example_subdag_operator' retrieved from /home/airflow/.local/lib/python3.8/site-packages/airflow/example_dags/example_subdag_operator.py
[2025-11-03T01:20:33.788+0000] {logging_mixin.py:188} INFO - [2025-11-03T01:20:33.787+0000] {dag.py:3036} INFO - Sync 3 DAGs
[2025-11-03T01:20:33.876+0000] {logging_mixin.py:188} INFO - [2025-11-03T01:20:33.875+0000] {dag.py:3823} INFO - Setting next_dagrun for example_subdag_operator to 2022-01-01 00:00:00+00:00, run_after=2022-01-01 00:00:00+00:00
[2025-11-03T01:20:33.890+0000] {logging_mixin.py:188} INFO - [2025-11-03T01:20:33.888+0000] {dag.py:3823} INFO - Setting next_dagrun for example_subdag_operator.section-1 to None, run_after=None
[2025-11-03T01:20:33.894+0000] {logging_mixin.py:188} INFO - [2025-11-03T01:20:33.894+0000] {dag.py:3823} INFO - Setting next_dagrun for example_subdag_operator.section-2 to None, run_after=None
[2025-11-03T01:20:33.924+0000] {logging_mixin.py:188} INFO - [2025-11-03T01:20:33.923+0000] {dag.py:3036} INFO - Sync 2 DAGs
[2025-11-03T01:20:33.954+0000] {logging_mixin.py:188} INFO - [2025-11-03T01:20:33.954+0000] {dag.py:3823} INFO - Setting next_dagrun for example_subdag_operator.section-1 to None, run_after=None
[2025-11-03T01:20:33.958+0000] {logging_mixin.py:188} INFO - [2025-11-03T01:20:33.957+0000] {dag.py:3823} INFO - Setting next_dagrun for example_subdag_operator.section-2 to None, run_after=None
[2025-11-03T01:20:34.008+0000] {processor.py:183} INFO - Processing /home/airflow/.local/lib/python3.8/site-packages/airflow/example_dags/example_subdag_operator.py took 0.466 seconds
[2025-11-03T01:21:11.536+0000] {processor.py:161} INFO - Started process (PID=813) to work on /home/airflow/.local/lib/python3.8/site-packages/airflow/example_dags/example_subdag_operator.py
[2025-11-03T01:21:11.545+0000] {processor.py:830} INFO - Processing file /home/airflow/.local/lib/python3.8/site-packages/airflow/example_dags/example_subdag_operator.py for tasks to queue
[2025-11-03T01:21:11.559+0000] {logging_mixin.py:188} INFO - [2025-11-03T01:21:11.558+0000] {dagbag.py:538} INFO - Filling up the DagBag from /home/airflow/.local/lib/python3.8/site-packages/airflow/example_dags/example_subdag_operator.py
[2025-11-03T01:21:11.791+0000] {processor.py:840} INFO - DAG(s) 'example_subdag_operator.section-1', 'example_subdag_operator.section-2', 'example_subdag_operator' retrieved from /home/airflow/.local/lib/python3.8/site-packages/airflow/example_dags/example_subdag_operator.py
[2025-11-03T01:21:12.084+0000] {logging_mixin.py:188} INFO - [2025-11-03T01:21:12.082+0000] {dag.py:3036} INFO - Sync 3 DAGs
[2025-11-03T01:21:12.260+0000] {logging_mixin.py:188} INFO - [2025-11-03T01:21:12.245+0000] {dag.py:3823} INFO - Setting next_dagrun for example_subdag_operator to 2022-01-01 00:00:00+00:00, run_after=2022-01-01 00:00:00+00:00
[2025-11-03T01:21:12.301+0000] {logging_mixin.py:188} INFO - [2025-11-03T01:21:12.300+0000] {dag.py:3823} INFO - Setting next_dagrun for example_subdag_operator.section-1 to None, run_after=None
[2025-11-03T01:21:12.306+0000] {logging_mixin.py:188} INFO - [2025-11-03T01:21:12.305+0000] {dag.py:3823} INFO - Setting next_dagrun for example_subdag_operator.section-2 to None, run_after=None
[2025-11-03T01:21:12.356+0000] {logging_mixin.py:188} INFO - [2025-11-03T01:21:12.355+0000] {dag.py:3036} INFO - Sync 2 DAGs
[2025-11-03T01:21:12.397+0000] {logging_mixin.py:188} INFO - [2025-11-03T01:21:12.396+0000] {dag.py:3823} INFO - Setting next_dagrun for example_subdag_operator.section-1 to None, run_after=None
[2025-11-03T01:21:12.399+0000] {logging_mixin.py:188} INFO - [2025-11-03T01:21:12.398+0000] {dag.py:3823} INFO - Setting next_dagrun for example_subdag_operator.section-2 to None, run_after=None
[2025-11-03T01:21:12.644+0000] {processor.py:183} INFO - Processing /home/airflow/.local/lib/python3.8/site-packages/airflow/example_dags/example_subdag_operator.py took 1.074 seconds
[2025-11-03T01:25:35.372+0000] {processor.py:161} INFO - Started process (PID=88) to work on /home/airflow/.local/lib/python3.8/site-packages/airflow/example_dags/example_subdag_operator.py
[2025-11-03T01:25:35.395+0000] {processor.py:830} INFO - Processing file /home/airflow/.local/lib/python3.8/site-packages/airflow/example_dags/example_subdag_operator.py for tasks to queue
[2025-11-03T01:25:35.418+0000] {logging_mixin.py:188} INFO - [2025-11-03T01:25:35.416+0000] {dagbag.py:538} INFO - Filling up the DagBag from /home/airflow/.local/lib/python3.8/site-packages/airflow/example_dags/example_subdag_operator.py
[2025-11-03T01:25:35.708+0000] {processor.py:840} INFO - DAG(s) 'example_subdag_operator.section-1', 'example_subdag_operator.section-2', 'example_subdag_operator' retrieved from /home/airflow/.local/lib/python3.8/site-packages/airflow/example_dags/example_subdag_operator.py
[2025-11-03T01:25:36.012+0000] {logging_mixin.py:188} INFO - [2025-11-03T01:25:36.001+0000] {dag.py:3036} INFO - Sync 3 DAGs
[2025-11-03T01:25:36.282+0000] {logging_mixin.py:188} INFO - [2025-11-03T01:25:36.282+0000] {dag.py:3823} INFO - Setting next_dagrun for example_subdag_operator to 2022-01-01 00:00:00+00:00, run_after=2022-01-01 00:00:00+00:00
[2025-11-03T01:25:36.321+0000] {logging_mixin.py:188} INFO - [2025-11-03T01:25:36.320+0000] {dag.py:3823} INFO - Setting next_dagrun for example_subdag_operator.section-1 to None, run_after=None
[2025-11-03T01:25:36.343+0000] {logging_mixin.py:188} INFO - [2025-11-03T01:25:36.342+0000] {dag.py:3823} INFO - Setting next_dagrun for example_subdag_operator.section-2 to None, run_after=None
[2025-11-03T01:25:36.398+0000] {logging_mixin.py:188} INFO - [2025-11-03T01:25:36.398+0000] {dag.py:3036} INFO - Sync 2 DAGs
[2025-11-03T01:25:36.470+0000] {logging_mixin.py:188} INFO - [2025-11-03T01:25:36.469+0000] {dag.py:3823} INFO - Setting next_dagrun for example_subdag_operator.section-1 to None, run_after=None
[2025-11-03T01:25:36.478+0000] {logging_mixin.py:188} INFO - [2025-11-03T01:25:36.478+0000] {dag.py:3823} INFO - Setting next_dagrun for example_subdag_operator.section-2 to None, run_after=None
[2025-11-03T01:25:36.616+0000] {processor.py:183} INFO - Processing /home/airflow/.local/lib/python3.8/site-packages/airflow/example_dags/example_subdag_operator.py took 1.360 seconds
[2025-11-03T01:26:07.142+0000] {processor.py:161} INFO - Started process (PID=145) to work on /home/airflow/.local/lib/python3.8/site-packages/airflow/example_dags/example_subdag_operator.py
[2025-11-03T01:26:07.146+0000] {processor.py:830} INFO - Processing file /home/airflow/.local/lib/python3.8/site-packages/airflow/example_dags/example_subdag_operator.py for tasks to queue
[2025-11-03T01:26:07.150+0000] {logging_mixin.py:188} INFO - [2025-11-03T01:26:07.149+0000] {dagbag.py:538} INFO - Filling up the DagBag from /home/airflow/.local/lib/python3.8/site-packages/airflow/example_dags/example_subdag_operator.py
[2025-11-03T01:26:07.215+0000] {processor.py:840} INFO - DAG(s) 'example_subdag_operator.section-1', 'example_subdag_operator.section-2', 'example_subdag_operator' retrieved from /home/airflow/.local/lib/python3.8/site-packages/airflow/example_dags/example_subdag_operator.py
[2025-11-03T01:26:07.250+0000] {logging_mixin.py:188} INFO - [2025-11-03T01:26:07.249+0000] {dag.py:3036} INFO - Sync 3 DAGs
[2025-11-03T01:26:07.313+0000] {logging_mixin.py:188} INFO - [2025-11-03T01:26:07.313+0000] {dag.py:3823} INFO - Setting next_dagrun for example_subdag_operator to 2022-01-01 00:00:00+00:00, run_after=2022-01-01 00:00:00+00:00
[2025-11-03T01:26:07.322+0000] {logging_mixin.py:188} INFO - [2025-11-03T01:26:07.322+0000] {dag.py:3823} INFO - Setting next_dagrun for example_subdag_operator.section-1 to None, run_after=None
[2025-11-03T01:26:07.327+0000] {logging_mixin.py:188} INFO - [2025-11-03T01:26:07.326+0000] {dag.py:3823} INFO - Setting next_dagrun for example_subdag_operator.section-2 to None, run_after=None
[2025-11-03T01:26:07.347+0000] {logging_mixin.py:188} INFO - [2025-11-03T01:26:07.347+0000] {dag.py:3036} INFO - Sync 2 DAGs
[2025-11-03T01:26:07.362+0000] {logging_mixin.py:188} INFO - [2025-11-03T01:26:07.361+0000] {dag.py:3823} INFO - Setting next_dagrun for example_subdag_operator.section-1 to None, run_after=None
[2025-11-03T01:26:07.364+0000] {logging_mixin.py:188} INFO - [2025-11-03T01:26:07.363+0000] {dag.py:3823} INFO - Setting next_dagrun for example_subdag_operator.section-2 to None, run_after=None
[2025-11-03T01:26:07.394+0000] {processor.py:183} INFO - Processing /home/airflow/.local/lib/python3.8/site-packages/airflow/example_dags/example_subdag_operator.py took 0.261 seconds
[2025-11-03T01:26:37.501+0000] {processor.py:161} INFO - Started process (PID=200) to work on /home/airflow/.local/lib/python3.8/site-packages/airflow/example_dags/example_subdag_operator.py
[2025-11-03T01:26:37.504+0000] {processor.py:830} INFO - Processing file /home/airflow/.local/lib/python3.8/site-packages/airflow/example_dags/example_subdag_operator.py for tasks to queue
[2025-11-03T01:26:37.512+0000] {logging_mixin.py:188} INFO - [2025-11-03T01:26:37.511+0000] {dagbag.py:538} INFO - Filling up the DagBag from /home/airflow/.local/lib/python3.8/site-packages/airflow/example_dags/example_subdag_operator.py
[2025-11-03T01:26:37.594+0000] {processor.py:840} INFO - DAG(s) 'example_subdag_operator.section-1', 'example_subdag_operator.section-2', 'example_subdag_operator' retrieved from /home/airflow/.local/lib/python3.8/site-packages/airflow/example_dags/example_subdag_operator.py
[2025-11-03T01:26:37.652+0000] {logging_mixin.py:188} INFO - [2025-11-03T01:26:37.652+0000] {dag.py:3036} INFO - Sync 3 DAGs
[2025-11-03T01:26:37.709+0000] {logging_mixin.py:188} INFO - [2025-11-03T01:26:37.709+0000] {dag.py:3823} INFO - Setting next_dagrun for example_subdag_operator to 2022-01-01 00:00:00+00:00, run_after=2022-01-01 00:00:00+00:00
[2025-11-03T01:26:37.717+0000] {logging_mixin.py:188} INFO - [2025-11-03T01:26:37.717+0000] {dag.py:3823} INFO - Setting next_dagrun for example_subdag_operator.section-1 to None, run_after=None
[2025-11-03T01:26:37.721+0000] {logging_mixin.py:188} INFO - [2025-11-03T01:26:37.720+0000] {dag.py:3823} INFO - Setting next_dagrun for example_subdag_operator.section-2 to None, run_after=None
[2025-11-03T01:26:37.739+0000] {logging_mixin.py:188} INFO - [2025-11-03T01:26:37.739+0000] {dag.py:3036} INFO - Sync 2 DAGs
[2025-11-03T01:26:37.754+0000] {logging_mixin.py:188} INFO - [2025-11-03T01:26:37.753+0000] {dag.py:3823} INFO - Setting next_dagrun for example_subdag_operator.section-1 to None, run_after=None
[2025-11-03T01:26:37.757+0000] {logging_mixin.py:188} INFO - [2025-11-03T01:26:37.756+0000] {dag.py:3823} INFO - Setting next_dagrun for example_subdag_operator.section-2 to None, run_after=None
[2025-11-03T01:26:37.791+0000] {processor.py:183} INFO - Processing /home/airflow/.local/lib/python3.8/site-packages/airflow/example_dags/example_subdag_operator.py took 0.302 seconds
[2025-11-03T01:27:11.453+0000] {processor.py:161} INFO - Started process (PID=255) to work on /home/airflow/.local/lib/python3.8/site-packages/airflow/example_dags/example_subdag_operator.py
[2025-11-03T01:27:11.457+0000] {processor.py:830} INFO - Processing file /home/airflow/.local/lib/python3.8/site-packages/airflow/example_dags/example_subdag_operator.py for tasks to queue
[2025-11-03T01:27:11.467+0000] {logging_mixin.py:188} INFO - [2025-11-03T01:27:11.464+0000] {dagbag.py:538} INFO - Filling up the DagBag from /home/airflow/.local/lib/python3.8/site-packages/airflow/example_dags/example_subdag_operator.py
[2025-11-03T01:27:11.557+0000] {processor.py:840} INFO - DAG(s) 'example_subdag_operator.section-1', 'example_subdag_operator.section-2', 'example_subdag_operator' retrieved from /home/airflow/.local/lib/python3.8/site-packages/airflow/example_dags/example_subdag_operator.py
[2025-11-03T01:27:11.612+0000] {logging_mixin.py:188} INFO - [2025-11-03T01:27:11.612+0000] {dag.py:3036} INFO - Sync 3 DAGs
[2025-11-03T01:27:11.758+0000] {logging_mixin.py:188} INFO - [2025-11-03T01:27:11.757+0000] {dag.py:3823} INFO - Setting next_dagrun for example_subdag_operator to 2022-01-01 00:00:00+00:00, run_after=2022-01-01 00:00:00+00:00
[2025-11-03T01:27:11.803+0000] {logging_mixin.py:188} INFO - [2025-11-03T01:27:11.802+0000] {dag.py:3823} INFO - Setting next_dagrun for example_subdag_operator.section-1 to None, run_after=None
[2025-11-03T01:27:11.810+0000] {logging_mixin.py:188} INFO - [2025-11-03T01:27:11.809+0000] {dag.py:3823} INFO - Setting next_dagrun for example_subdag_operator.section-2 to None, run_after=None
[2025-11-03T01:27:11.884+0000] {logging_mixin.py:188} INFO - [2025-11-03T01:27:11.883+0000] {dag.py:3036} INFO - Sync 2 DAGs
[2025-11-03T01:27:11.905+0000] {logging_mixin.py:188} INFO - [2025-11-03T01:27:11.904+0000] {dag.py:3823} INFO - Setting next_dagrun for example_subdag_operator.section-1 to None, run_after=None
[2025-11-03T01:27:11.907+0000] {logging_mixin.py:188} INFO - [2025-11-03T01:27:11.906+0000] {dag.py:3823} INFO - Setting next_dagrun for example_subdag_operator.section-2 to None, run_after=None
[2025-11-03T01:27:11.957+0000] {processor.py:183} INFO - Processing /home/airflow/.local/lib/python3.8/site-packages/airflow/example_dags/example_subdag_operator.py took 0.516 seconds
[2025-11-03T01:27:43.652+0000] {processor.py:161} INFO - Started process (PID=309) to work on /home/airflow/.local/lib/python3.8/site-packages/airflow/example_dags/example_subdag_operator.py
[2025-11-03T01:27:43.656+0000] {processor.py:830} INFO - Processing file /home/airflow/.local/lib/python3.8/site-packages/airflow/example_dags/example_subdag_operator.py for tasks to queue
[2025-11-03T01:27:43.665+0000] {logging_mixin.py:188} INFO - [2025-11-03T01:27:43.664+0000] {dagbag.py:538} INFO - Filling up the DagBag from /home/airflow/.local/lib/python3.8/site-packages/airflow/example_dags/example_subdag_operator.py
[2025-11-03T01:27:43.767+0000] {processor.py:840} INFO - DAG(s) 'example_subdag_operator.section-1', 'example_subdag_operator.section-2', 'example_subdag_operator' retrieved from /home/airflow/.local/lib/python3.8/site-packages/airflow/example_dags/example_subdag_operator.py
[2025-11-03T01:27:43.853+0000] {logging_mixin.py:188} INFO - [2025-11-03T01:27:43.847+0000] {dag.py:3036} INFO - Sync 3 DAGs
[2025-11-03T01:27:44.013+0000] {logging_mixin.py:188} INFO - [2025-11-03T01:27:44.012+0000] {dag.py:3823} INFO - Setting next_dagrun for example_subdag_operator to 2022-01-01 00:00:00+00:00, run_after=2022-01-01 00:00:00+00:00
[2025-11-03T01:27:44.032+0000] {logging_mixin.py:188} INFO - [2025-11-03T01:27:44.031+0000] {dag.py:3823} INFO - Setting next_dagrun for example_subdag_operator.section-1 to None, run_after=None
[2025-11-03T01:27:44.045+0000] {logging_mixin.py:188} INFO - [2025-11-03T01:27:44.044+0000] {dag.py:3823} INFO - Setting next_dagrun for example_subdag_operator.section-2 to None, run_after=None
[2025-11-03T01:27:44.114+0000] {logging_mixin.py:188} INFO - [2025-11-03T01:27:44.106+0000] {dag.py:3036} INFO - Sync 2 DAGs
[2025-11-03T01:27:44.168+0000] {logging_mixin.py:188} INFO - [2025-11-03T01:27:44.168+0000] {dag.py:3823} INFO - Setting next_dagrun for example_subdag_operator.section-1 to None, run_after=None
[2025-11-03T01:27:44.170+0000] {logging_mixin.py:188} INFO - [2025-11-03T01:27:44.170+0000] {dag.py:3823} INFO - Setting next_dagrun for example_subdag_operator.section-2 to None, run_after=None
[2025-11-03T01:27:44.226+0000] {processor.py:183} INFO - Processing /home/airflow/.local/lib/python3.8/site-packages/airflow/example_dags/example_subdag_operator.py took 0.588 seconds
[2025-11-03T01:28:14.531+0000] {processor.py:161} INFO - Started process (PID=363) to work on /home/airflow/.local/lib/python3.8/site-packages/airflow/example_dags/example_subdag_operator.py
[2025-11-03T01:28:14.534+0000] {processor.py:830} INFO - Processing file /home/airflow/.local/lib/python3.8/site-packages/airflow/example_dags/example_subdag_operator.py for tasks to queue
[2025-11-03T01:28:14.539+0000] {logging_mixin.py:188} INFO - [2025-11-03T01:28:14.539+0000] {dagbag.py:538} INFO - Filling up the DagBag from /home/airflow/.local/lib/python3.8/site-packages/airflow/example_dags/example_subdag_operator.py
[2025-11-03T01:28:14.636+0000] {processor.py:840} INFO - DAG(s) 'example_subdag_operator.section-1', 'example_subdag_operator.section-2', 'example_subdag_operator' retrieved from /home/airflow/.local/lib/python3.8/site-packages/airflow/example_dags/example_subdag_operator.py
[2025-11-03T01:28:14.686+0000] {logging_mixin.py:188} INFO - [2025-11-03T01:28:14.685+0000] {dag.py:3036} INFO - Sync 3 DAGs
[2025-11-03T01:28:14.794+0000] {logging_mixin.py:188} INFO - [2025-11-03T01:28:14.793+0000] {dag.py:3823} INFO - Setting next_dagrun for example_subdag_operator to 2022-01-01 00:00:00+00:00, run_after=2022-01-01 00:00:00+00:00
[2025-11-03T01:28:14.831+0000] {logging_mixin.py:188} INFO - [2025-11-03T01:28:14.830+0000] {dag.py:3823} INFO - Setting next_dagrun for example_subdag_operator.section-1 to None, run_after=None
[2025-11-03T01:28:14.848+0000] {logging_mixin.py:188} INFO - [2025-11-03T01:28:14.847+0000] {dag.py:3823} INFO - Setting next_dagrun for example_subdag_operator.section-2 to None, run_after=None
[2025-11-03T01:28:14.898+0000] {logging_mixin.py:188} INFO - [2025-11-03T01:28:14.897+0000] {dag.py:3036} INFO - Sync 2 DAGs
[2025-11-03T01:28:14.938+0000] {logging_mixin.py:188} INFO - [2025-11-03T01:28:14.938+0000] {dag.py:3823} INFO - Setting next_dagrun for example_subdag_operator.section-1 to None, run_after=None
[2025-11-03T01:28:14.944+0000] {logging_mixin.py:188} INFO - [2025-11-03T01:28:14.943+0000] {dag.py:3823} INFO - Setting next_dagrun for example_subdag_operator.section-2 to None, run_after=None
[2025-11-03T01:28:15.211+0000] {processor.py:183} INFO - Processing /home/airflow/.local/lib/python3.8/site-packages/airflow/example_dags/example_subdag_operator.py took 0.689 seconds
[2025-11-03T01:28:45.663+0000] {processor.py:161} INFO - Started process (PID=415) to work on /home/airflow/.local/lib/python3.8/site-packages/airflow/example_dags/example_subdag_operator.py
[2025-11-03T01:28:45.668+0000] {processor.py:830} INFO - Processing file /home/airflow/.local/lib/python3.8/site-packages/airflow/example_dags/example_subdag_operator.py for tasks to queue
[2025-11-03T01:28:45.683+0000] {logging_mixin.py:188} INFO - [2025-11-03T01:28:45.678+0000] {dagbag.py:538} INFO - Filling up the DagBag from /home/airflow/.local/lib/python3.8/site-packages/airflow/example_dags/example_subdag_operator.py
[2025-11-03T01:28:45.801+0000] {processor.py:840} INFO - DAG(s) 'example_subdag_operator.section-1', 'example_subdag_operator.section-2', 'example_subdag_operator' retrieved from /home/airflow/.local/lib/python3.8/site-packages/airflow/example_dags/example_subdag_operator.py
[2025-11-03T01:28:46.087+0000] {logging_mixin.py:188} INFO - [2025-11-03T01:28:46.086+0000] {dag.py:3036} INFO - Sync 3 DAGs
[2025-11-03T01:28:46.140+0000] {logging_mixin.py:188} INFO - [2025-11-03T01:28:46.140+0000] {dag.py:3823} INFO - Setting next_dagrun for example_subdag_operator to 2022-01-01 00:00:00+00:00, run_after=2022-01-01 00:00:00+00:00
[2025-11-03T01:28:46.153+0000] {logging_mixin.py:188} INFO - [2025-11-03T01:28:46.152+0000] {dag.py:3823} INFO - Setting next_dagrun for example_subdag_operator.section-1 to None, run_after=None
[2025-11-03T01:28:46.157+0000] {logging_mixin.py:188} INFO - [2025-11-03T01:28:46.156+0000] {dag.py:3823} INFO - Setting next_dagrun for example_subdag_operator.section-2 to None, run_after=None
[2025-11-03T01:28:46.180+0000] {logging_mixin.py:188} INFO - [2025-11-03T01:28:46.179+0000] {dag.py:3036} INFO - Sync 2 DAGs
[2025-11-03T01:28:46.193+0000] {logging_mixin.py:188} INFO - [2025-11-03T01:28:46.192+0000] {dag.py:3823} INFO - Setting next_dagrun for example_subdag_operator.section-1 to None, run_after=None
[2025-11-03T01:28:46.194+0000] {logging_mixin.py:188} INFO - [2025-11-03T01:28:46.194+0000] {dag.py:3823} INFO - Setting next_dagrun for example_subdag_operator.section-2 to None, run_after=None
[2025-11-03T01:28:46.222+0000] {processor.py:183} INFO - Processing /home/airflow/.local/lib/python3.8/site-packages/airflow/example_dags/example_subdag_operator.py took 0.583 seconds
[2025-11-03T01:29:19.155+0000] {processor.py:161} INFO - Started process (PID=470) to work on /home/airflow/.local/lib/python3.8/site-packages/airflow/example_dags/example_subdag_operator.py
[2025-11-03T01:29:19.159+0000] {processor.py:830} INFO - Processing file /home/airflow/.local/lib/python3.8/site-packages/airflow/example_dags/example_subdag_operator.py for tasks to queue
[2025-11-03T01:29:19.165+0000] {logging_mixin.py:188} INFO - [2025-11-03T01:29:19.164+0000] {dagbag.py:538} INFO - Filling up the DagBag from /home/airflow/.local/lib/python3.8/site-packages/airflow/example_dags/example_subdag_operator.py
[2025-11-03T01:29:19.236+0000] {processor.py:840} INFO - DAG(s) 'example_subdag_operator.section-1', 'example_subdag_operator.section-2', 'example_subdag_operator' retrieved from /home/airflow/.local/lib/python3.8/site-packages/airflow/example_dags/example_subdag_operator.py
[2025-11-03T01:29:19.280+0000] {logging_mixin.py:188} INFO - [2025-11-03T01:29:19.279+0000] {dag.py:3036} INFO - Sync 3 DAGs
[2025-11-03T01:29:19.371+0000] {logging_mixin.py:188} INFO - [2025-11-03T01:29:19.370+0000] {dag.py:3823} INFO - Setting next_dagrun for example_subdag_operator to 2022-01-01 00:00:00+00:00, run_after=2022-01-01 00:00:00+00:00
[2025-11-03T01:29:19.381+0000] {logging_mixin.py:188} INFO - [2025-11-03T01:29:19.380+0000] {dag.py:3823} INFO - Setting next_dagrun for example_subdag_operator.section-1 to None, run_after=None
[2025-11-03T01:29:19.386+0000] {logging_mixin.py:188} INFO - [2025-11-03T01:29:19.386+0000] {dag.py:3823} INFO - Setting next_dagrun for example_subdag_operator.section-2 to None, run_after=None
[2025-11-03T01:29:19.423+0000] {logging_mixin.py:188} INFO - [2025-11-03T01:29:19.422+0000] {dag.py:3036} INFO - Sync 2 DAGs
[2025-11-03T01:29:19.468+0000] {logging_mixin.py:188} INFO - [2025-11-03T01:29:19.467+0000] {dag.py:3823} INFO - Setting next_dagrun for example_subdag_operator.section-1 to None, run_after=None
[2025-11-03T01:29:19.473+0000] {logging_mixin.py:188} INFO - [2025-11-03T01:29:19.472+0000] {dag.py:3823} INFO - Setting next_dagrun for example_subdag_operator.section-2 to None, run_after=None
[2025-11-03T01:29:19.531+0000] {processor.py:183} INFO - Processing /home/airflow/.local/lib/python3.8/site-packages/airflow/example_dags/example_subdag_operator.py took 0.387 seconds
[2025-11-03T01:30:08.420+0000] {processor.py:161} INFO - Started process (PID=526) to work on /home/airflow/.local/lib/python3.8/site-packages/airflow/example_dags/example_subdag_operator.py
[2025-11-03T01:30:08.463+0000] {processor.py:830} INFO - Processing file /home/airflow/.local/lib/python3.8/site-packages/airflow/example_dags/example_subdag_operator.py for tasks to queue
[2025-11-03T01:30:08.480+0000] {logging_mixin.py:188} INFO - [2025-11-03T01:30:08.479+0000] {dagbag.py:538} INFO - Filling up the DagBag from /home/airflow/.local/lib/python3.8/site-packages/airflow/example_dags/example_subdag_operator.py
[2025-11-03T01:30:08.891+0000] {processor.py:840} INFO - DAG(s) 'example_subdag_operator.section-1', 'example_subdag_operator.section-2', 'example_subdag_operator' retrieved from /home/airflow/.local/lib/python3.8/site-packages/airflow/example_dags/example_subdag_operator.py
[2025-11-03T01:30:09.313+0000] {logging_mixin.py:188} INFO - [2025-11-03T01:30:09.285+0000] {dag.py:3036} INFO - Sync 3 DAGs
[2025-11-03T01:30:09.772+0000] {logging_mixin.py:188} INFO - [2025-11-03T01:30:09.771+0000] {dag.py:3823} INFO - Setting next_dagrun for example_subdag_operator to 2022-01-01 00:00:00+00:00, run_after=2022-01-01 00:00:00+00:00
[2025-11-03T01:30:09.942+0000] {logging_mixin.py:188} INFO - [2025-11-03T01:30:09.941+0000] {dag.py:3823} INFO - Setting next_dagrun for example_subdag_operator.section-1 to None, run_after=None
[2025-11-03T01:30:10.004+0000] {logging_mixin.py:188} INFO - [2025-11-03T01:30:09.993+0000] {dag.py:3823} INFO - Setting next_dagrun for example_subdag_operator.section-2 to None, run_after=None
[2025-11-03T01:30:10.259+0000] {logging_mixin.py:188} INFO - [2025-11-03T01:30:10.243+0000] {dag.py:3036} INFO - Sync 2 DAGs
[2025-11-03T01:30:10.449+0000] {logging_mixin.py:188} INFO - [2025-11-03T01:30:10.448+0000] {dag.py:3823} INFO - Setting next_dagrun for example_subdag_operator.section-1 to None, run_after=None
[2025-11-03T01:30:10.476+0000] {logging_mixin.py:188} INFO - [2025-11-03T01:30:10.475+0000] {dag.py:3823} INFO - Setting next_dagrun for example_subdag_operator.section-2 to None, run_after=None
[2025-11-03T01:30:10.827+0000] {processor.py:183} INFO - Processing /home/airflow/.local/lib/python3.8/site-packages/airflow/example_dags/example_subdag_operator.py took 2.492 seconds
[2025-11-03T01:31:13.163+0000] {processor.py:161} INFO - Started process (PID=586) to work on /home/airflow/.local/lib/python3.8/site-packages/airflow/example_dags/example_subdag_operator.py
[2025-11-03T01:31:13.167+0000] {processor.py:830} INFO - Processing file /home/airflow/.local/lib/python3.8/site-packages/airflow/example_dags/example_subdag_operator.py for tasks to queue
[2025-11-03T01:31:13.179+0000] {logging_mixin.py:188} INFO - [2025-11-03T01:31:13.178+0000] {dagbag.py:538} INFO - Filling up the DagBag from /home/airflow/.local/lib/python3.8/site-packages/airflow/example_dags/example_subdag_operator.py
[2025-11-03T01:31:13.310+0000] {processor.py:840} INFO - DAG(s) 'example_subdag_operator.section-1', 'example_subdag_operator.section-2', 'example_subdag_operator' retrieved from /home/airflow/.local/lib/python3.8/site-packages/airflow/example_dags/example_subdag_operator.py
[2025-11-03T01:31:13.401+0000] {logging_mixin.py:188} INFO - [2025-11-03T01:31:13.400+0000] {dag.py:3036} INFO - Sync 3 DAGs
[2025-11-03T01:31:13.481+0000] {logging_mixin.py:188} INFO - [2025-11-03T01:31:13.480+0000] {dag.py:3823} INFO - Setting next_dagrun for example_subdag_operator to 2022-01-01 00:00:00+00:00, run_after=2022-01-01 00:00:00+00:00
[2025-11-03T01:31:13.492+0000] {logging_mixin.py:188} INFO - [2025-11-03T01:31:13.491+0000] {dag.py:3823} INFO - Setting next_dagrun for example_subdag_operator.section-1 to None, run_after=None
[2025-11-03T01:31:13.499+0000] {logging_mixin.py:188} INFO - [2025-11-03T01:31:13.499+0000] {dag.py:3823} INFO - Setting next_dagrun for example_subdag_operator.section-2 to None, run_after=None
[2025-11-03T01:31:13.541+0000] {logging_mixin.py:188} INFO - [2025-11-03T01:31:13.540+0000] {dag.py:3036} INFO - Sync 2 DAGs
[2025-11-03T01:31:13.563+0000] {logging_mixin.py:188} INFO - [2025-11-03T01:31:13.562+0000] {dag.py:3823} INFO - Setting next_dagrun for example_subdag_operator.section-1 to None, run_after=None
[2025-11-03T01:31:13.564+0000] {logging_mixin.py:188} INFO - [2025-11-03T01:31:13.564+0000] {dag.py:3823} INFO - Setting next_dagrun for example_subdag_operator.section-2 to None, run_after=None
[2025-11-03T01:31:13.674+0000] {processor.py:183} INFO - Processing /home/airflow/.local/lib/python3.8/site-packages/airflow/example_dags/example_subdag_operator.py took 0.529 seconds
[2025-11-03T01:31:45.568+0000] {processor.py:161} INFO - Started process (PID=640) to work on /home/airflow/.local/lib/python3.8/site-packages/airflow/example_dags/example_subdag_operator.py
[2025-11-03T01:31:45.580+0000] {processor.py:830} INFO - Processing file /home/airflow/.local/lib/python3.8/site-packages/airflow/example_dags/example_subdag_operator.py for tasks to queue
[2025-11-03T01:31:45.596+0000] {logging_mixin.py:188} INFO - [2025-11-03T01:31:45.592+0000] {dagbag.py:538} INFO - Filling up the DagBag from /home/airflow/.local/lib/python3.8/site-packages/airflow/example_dags/example_subdag_operator.py
[2025-11-03T01:31:45.782+0000] {processor.py:840} INFO - DAG(s) 'example_subdag_operator.section-1', 'example_subdag_operator.section-2', 'example_subdag_operator' retrieved from /home/airflow/.local/lib/python3.8/site-packages/airflow/example_dags/example_subdag_operator.py
[2025-11-03T01:31:45.969+0000] {logging_mixin.py:188} INFO - [2025-11-03T01:31:45.968+0000] {dag.py:3036} INFO - Sync 3 DAGs
[2025-11-03T01:31:46.150+0000] {logging_mixin.py:188} INFO - [2025-11-03T01:31:46.150+0000] {dag.py:3823} INFO - Setting next_dagrun for example_subdag_operator to 2022-01-01 00:00:00+00:00, run_after=2022-01-01 00:00:00+00:00
[2025-11-03T01:31:46.274+0000] {logging_mixin.py:188} INFO - [2025-11-03T01:31:46.273+0000] {dag.py:3823} INFO - Setting next_dagrun for example_subdag_operator.section-1 to None, run_after=None
[2025-11-03T01:31:46.290+0000] {logging_mixin.py:188} INFO - [2025-11-03T01:31:46.289+0000] {dag.py:3823} INFO - Setting next_dagrun for example_subdag_operator.section-2 to None, run_after=None
[2025-11-03T01:31:46.355+0000] {logging_mixin.py:188} INFO - [2025-11-03T01:31:46.354+0000] {dag.py:3036} INFO - Sync 2 DAGs
[2025-11-03T01:31:46.407+0000] {logging_mixin.py:188} INFO - [2025-11-03T01:31:46.406+0000] {dag.py:3823} INFO - Setting next_dagrun for example_subdag_operator.section-1 to None, run_after=None
[2025-11-03T01:31:46.409+0000] {logging_mixin.py:188} INFO - [2025-11-03T01:31:46.409+0000] {dag.py:3823} INFO - Setting next_dagrun for example_subdag_operator.section-2 to None, run_after=None
[2025-11-03T01:31:46.490+0000] {processor.py:183} INFO - Processing /home/airflow/.local/lib/python3.8/site-packages/airflow/example_dags/example_subdag_operator.py took 0.944 seconds
[2025-11-03T01:32:16.797+0000] {processor.py:161} INFO - Started process (PID=695) to work on /home/airflow/.local/lib/python3.8/site-packages/airflow/example_dags/example_subdag_operator.py
[2025-11-03T01:32:16.800+0000] {processor.py:830} INFO - Processing file /home/airflow/.local/lib/python3.8/site-packages/airflow/example_dags/example_subdag_operator.py for tasks to queue
[2025-11-03T01:32:16.807+0000] {logging_mixin.py:188} INFO - [2025-11-03T01:32:16.806+0000] {dagbag.py:538} INFO - Filling up the DagBag from /home/airflow/.local/lib/python3.8/site-packages/airflow/example_dags/example_subdag_operator.py
[2025-11-03T01:32:16.900+0000] {processor.py:840} INFO - DAG(s) 'example_subdag_operator.section-1', 'example_subdag_operator.section-2', 'example_subdag_operator' retrieved from /home/airflow/.local/lib/python3.8/site-packages/airflow/example_dags/example_subdag_operator.py
[2025-11-03T01:32:16.968+0000] {logging_mixin.py:188} INFO - [2025-11-03T01:32:16.967+0000] {dag.py:3036} INFO - Sync 3 DAGs
[2025-11-03T01:32:17.066+0000] {logging_mixin.py:188} INFO - [2025-11-03T01:32:17.065+0000] {dag.py:3823} INFO - Setting next_dagrun for example_subdag_operator to 2022-01-01 00:00:00+00:00, run_after=2022-01-01 00:00:00+00:00
[2025-11-03T01:32:17.081+0000] {logging_mixin.py:188} INFO - [2025-11-03T01:32:17.081+0000] {dag.py:3823} INFO - Setting next_dagrun for example_subdag_operator.section-1 to None, run_after=None
[2025-11-03T01:32:17.088+0000] {logging_mixin.py:188} INFO - [2025-11-03T01:32:17.087+0000] {dag.py:3823} INFO - Setting next_dagrun for example_subdag_operator.section-2 to None, run_after=None
[2025-11-03T01:32:17.109+0000] {logging_mixin.py:188} INFO - [2025-11-03T01:32:17.108+0000] {dag.py:3036} INFO - Sync 2 DAGs
[2025-11-03T01:32:17.123+0000] {logging_mixin.py:188} INFO - [2025-11-03T01:32:17.123+0000] {dag.py:3823} INFO - Setting next_dagrun for example_subdag_operator.section-1 to None, run_after=None
[2025-11-03T01:32:17.126+0000] {logging_mixin.py:188} INFO - [2025-11-03T01:32:17.124+0000] {dag.py:3823} INFO - Setting next_dagrun for example_subdag_operator.section-2 to None, run_after=None
[2025-11-03T01:32:17.170+0000] {processor.py:183} INFO - Processing /home/airflow/.local/lib/python3.8/site-packages/airflow/example_dags/example_subdag_operator.py took 0.387 seconds
[2025-11-03T01:32:48.012+0000] {processor.py:161} INFO - Started process (PID=745) to work on /home/airflow/.local/lib/python3.8/site-packages/airflow/example_dags/example_subdag_operator.py
[2025-11-03T01:32:48.247+0000] {processor.py:830} INFO - Processing file /home/airflow/.local/lib/python3.8/site-packages/airflow/example_dags/example_subdag_operator.py for tasks to queue
[2025-11-03T01:32:48.266+0000] {logging_mixin.py:188} INFO - [2025-11-03T01:32:48.265+0000] {dagbag.py:538} INFO - Filling up the DagBag from /home/airflow/.local/lib/python3.8/site-packages/airflow/example_dags/example_subdag_operator.py
[2025-11-03T01:32:49.137+0000] {processor.py:840} INFO - DAG(s) 'example_subdag_operator.section-1', 'example_subdag_operator.section-2', 'example_subdag_operator' retrieved from /home/airflow/.local/lib/python3.8/site-packages/airflow/example_dags/example_subdag_operator.py
[2025-11-03T01:32:49.286+0000] {logging_mixin.py:188} INFO - [2025-11-03T01:32:49.285+0000] {dag.py:3036} INFO - Sync 3 DAGs
[2025-11-03T01:32:49.473+0000] {logging_mixin.py:188} INFO - [2025-11-03T01:32:49.460+0000] {dag.py:3823} INFO - Setting next_dagrun for example_subdag_operator to 2022-01-01 00:00:00+00:00, run_after=2022-01-01 00:00:00+00:00
[2025-11-03T01:32:49.511+0000] {logging_mixin.py:188} INFO - [2025-11-03T01:32:49.510+0000] {dag.py:3823} INFO - Setting next_dagrun for example_subdag_operator.section-1 to None, run_after=None
[2025-11-03T01:32:49.525+0000] {logging_mixin.py:188} INFO - [2025-11-03T01:32:49.524+0000] {dag.py:3823} INFO - Setting next_dagrun for example_subdag_operator.section-2 to None, run_after=None
[2025-11-03T01:32:49.603+0000] {logging_mixin.py:188} INFO - [2025-11-03T01:32:49.592+0000] {dag.py:3036} INFO - Sync 2 DAGs
[2025-11-03T01:32:49.639+0000] {logging_mixin.py:188} INFO - [2025-11-03T01:32:49.638+0000] {dag.py:3823} INFO - Setting next_dagrun for example_subdag_operator.section-1 to None, run_after=None
[2025-11-03T01:32:49.642+0000] {logging_mixin.py:188} INFO - [2025-11-03T01:32:49.641+0000] {dag.py:3823} INFO - Setting next_dagrun for example_subdag_operator.section-2 to None, run_after=None
[2025-11-03T01:32:49.762+0000] {processor.py:183} INFO - Processing /home/airflow/.local/lib/python3.8/site-packages/airflow/example_dags/example_subdag_operator.py took 0.880 seconds
[2025-11-03T01:33:38.482+0000] {processor.py:161} INFO - Started process (PID=804) to work on /home/airflow/.local/lib/python3.8/site-packages/airflow/example_dags/example_subdag_operator.py
[2025-11-03T01:33:38.486+0000] {processor.py:830} INFO - Processing file /home/airflow/.local/lib/python3.8/site-packages/airflow/example_dags/example_subdag_operator.py for tasks to queue
[2025-11-03T01:33:38.492+0000] {logging_mixin.py:188} INFO - [2025-11-03T01:33:38.491+0000] {dagbag.py:538} INFO - Filling up the DagBag from /home/airflow/.local/lib/python3.8/site-packages/airflow/example_dags/example_subdag_operator.py
[2025-11-03T01:33:38.604+0000] {processor.py:840} INFO - DAG(s) 'example_subdag_operator.section-1', 'example_subdag_operator.section-2', 'example_subdag_operator' retrieved from /home/airflow/.local/lib/python3.8/site-packages/airflow/example_dags/example_subdag_operator.py
[2025-11-03T01:33:38.665+0000] {logging_mixin.py:188} INFO - [2025-11-03T01:33:38.665+0000] {dag.py:3036} INFO - Sync 3 DAGs
[2025-11-03T01:33:38.773+0000] {logging_mixin.py:188} INFO - [2025-11-03T01:33:38.772+0000] {dag.py:3823} INFO - Setting next_dagrun for example_subdag_operator to 2022-01-01 00:00:00+00:00, run_after=2022-01-01 00:00:00+00:00
[2025-11-03T01:33:38.795+0000] {logging_mixin.py:188} INFO - [2025-11-03T01:33:38.794+0000] {dag.py:3823} INFO - Setting next_dagrun for example_subdag_operator.section-1 to None, run_after=None
[2025-11-03T01:33:38.805+0000] {logging_mixin.py:188} INFO - [2025-11-03T01:33:38.799+0000] {dag.py:3823} INFO - Setting next_dagrun for example_subdag_operator.section-2 to None, run_after=None
[2025-11-03T01:33:38.841+0000] {logging_mixin.py:188} INFO - [2025-11-03T01:33:38.840+0000] {dag.py:3036} INFO - Sync 2 DAGs
[2025-11-03T01:33:38.882+0000] {logging_mixin.py:188} INFO - [2025-11-03T01:33:38.881+0000] {dag.py:3823} INFO - Setting next_dagrun for example_subdag_operator.section-1 to None, run_after=None
[2025-11-03T01:33:38.884+0000] {logging_mixin.py:188} INFO - [2025-11-03T01:33:38.883+0000] {dag.py:3823} INFO - Setting next_dagrun for example_subdag_operator.section-2 to None, run_after=None
[2025-11-03T01:33:38.966+0000] {processor.py:183} INFO - Processing /home/airflow/.local/lib/python3.8/site-packages/airflow/example_dags/example_subdag_operator.py took 0.508 seconds
[2025-11-03T01:34:10.352+0000] {processor.py:161} INFO - Started process (PID=858) to work on /home/airflow/.local/lib/python3.8/site-packages/airflow/example_dags/example_subdag_operator.py
[2025-11-03T01:34:10.369+0000] {processor.py:830} INFO - Processing file /home/airflow/.local/lib/python3.8/site-packages/airflow/example_dags/example_subdag_operator.py for tasks to queue
[2025-11-03T01:34:10.385+0000] {logging_mixin.py:188} INFO - [2025-11-03T01:34:10.383+0000] {dagbag.py:538} INFO - Filling up the DagBag from /home/airflow/.local/lib/python3.8/site-packages/airflow/example_dags/example_subdag_operator.py
[2025-11-03T01:34:10.658+0000] {processor.py:840} INFO - DAG(s) 'example_subdag_operator.section-1', 'example_subdag_operator.section-2', 'example_subdag_operator' retrieved from /home/airflow/.local/lib/python3.8/site-packages/airflow/example_dags/example_subdag_operator.py
[2025-11-03T01:34:10.890+0000] {logging_mixin.py:188} INFO - [2025-11-03T01:34:10.889+0000] {dag.py:3036} INFO - Sync 3 DAGs
[2025-11-03T01:34:11.390+0000] {logging_mixin.py:188} INFO - [2025-11-03T01:34:11.389+0000] {dag.py:3823} INFO - Setting next_dagrun for example_subdag_operator to 2022-01-01 00:00:00+00:00, run_after=2022-01-01 00:00:00+00:00
[2025-11-03T01:34:11.472+0000] {logging_mixin.py:188} INFO - [2025-11-03T01:34:11.471+0000] {dag.py:3823} INFO - Setting next_dagrun for example_subdag_operator.section-1 to None, run_after=None
[2025-11-03T01:34:11.509+0000] {logging_mixin.py:188} INFO - [2025-11-03T01:34:11.508+0000] {dag.py:3823} INFO - Setting next_dagrun for example_subdag_operator.section-2 to None, run_after=None
[2025-11-03T01:34:11.742+0000] {logging_mixin.py:188} INFO - [2025-11-03T01:34:11.741+0000] {dag.py:3036} INFO - Sync 2 DAGs
[2025-11-03T01:34:11.837+0000] {logging_mixin.py:188} INFO - [2025-11-03T01:34:11.837+0000] {dag.py:3823} INFO - Setting next_dagrun for example_subdag_operator.section-1 to None, run_after=None
[2025-11-03T01:34:11.849+0000] {logging_mixin.py:188} INFO - [2025-11-03T01:34:11.849+0000] {dag.py:3823} INFO - Setting next_dagrun for example_subdag_operator.section-2 to None, run_after=None
[2025-11-03T01:34:11.979+0000] {processor.py:183} INFO - Processing /home/airflow/.local/lib/python3.8/site-packages/airflow/example_dags/example_subdag_operator.py took 1.662 seconds
[2025-11-03T01:34:44.975+0000] {processor.py:161} INFO - Started process (PID=913) to work on /home/airflow/.local/lib/python3.8/site-packages/airflow/example_dags/example_subdag_operator.py
[2025-11-03T01:34:44.993+0000] {processor.py:830} INFO - Processing file /home/airflow/.local/lib/python3.8/site-packages/airflow/example_dags/example_subdag_operator.py for tasks to queue
[2025-11-03T01:34:45.020+0000] {logging_mixin.py:188} INFO - [2025-11-03T01:34:45.012+0000] {dagbag.py:538} INFO - Filling up the DagBag from /home/airflow/.local/lib/python3.8/site-packages/airflow/example_dags/example_subdag_operator.py
[2025-11-03T01:34:45.239+0000] {processor.py:840} INFO - DAG(s) 'example_subdag_operator.section-1', 'example_subdag_operator.section-2', 'example_subdag_operator' retrieved from /home/airflow/.local/lib/python3.8/site-packages/airflow/example_dags/example_subdag_operator.py
[2025-11-03T01:34:45.468+0000] {logging_mixin.py:188} INFO - [2025-11-03T01:34:45.457+0000] {dag.py:3036} INFO - Sync 3 DAGs
[2025-11-03T01:34:46.086+0000] {logging_mixin.py:188} INFO - [2025-11-03T01:34:46.085+0000] {dag.py:3823} INFO - Setting next_dagrun for example_subdag_operator to 2022-01-01 00:00:00+00:00, run_after=2022-01-01 00:00:00+00:00
[2025-11-03T01:34:46.428+0000] {logging_mixin.py:188} INFO - [2025-11-03T01:34:46.427+0000] {dag.py:3823} INFO - Setting next_dagrun for example_subdag_operator.section-1 to None, run_after=None
[2025-11-03T01:34:46.675+0000] {logging_mixin.py:188} INFO - [2025-11-03T01:34:46.675+0000] {dag.py:3823} INFO - Setting next_dagrun for example_subdag_operator.section-2 to None, run_after=None
[2025-11-03T01:34:46.789+0000] {logging_mixin.py:188} INFO - [2025-11-03T01:34:46.788+0000] {dag.py:3036} INFO - Sync 2 DAGs
[2025-11-03T01:34:46.957+0000] {logging_mixin.py:188} INFO - [2025-11-03T01:34:46.956+0000] {dag.py:3823} INFO - Setting next_dagrun for example_subdag_operator.section-1 to None, run_after=None
[2025-11-03T01:34:46.998+0000] {logging_mixin.py:188} INFO - [2025-11-03T01:34:46.997+0000] {dag.py:3823} INFO - Setting next_dagrun for example_subdag_operator.section-2 to None, run_after=None
[2025-11-03T01:34:47.117+0000] {processor.py:183} INFO - Processing /home/airflow/.local/lib/python3.8/site-packages/airflow/example_dags/example_subdag_operator.py took 2.170 seconds
[2025-11-03T01:35:18.781+0000] {processor.py:161} INFO - Started process (PID=967) to work on /home/airflow/.local/lib/python3.8/site-packages/airflow/example_dags/example_subdag_operator.py
[2025-11-03T01:35:18.786+0000] {processor.py:830} INFO - Processing file /home/airflow/.local/lib/python3.8/site-packages/airflow/example_dags/example_subdag_operator.py for tasks to queue
[2025-11-03T01:35:18.804+0000] {logging_mixin.py:188} INFO - [2025-11-03T01:35:18.803+0000] {dagbag.py:538} INFO - Filling up the DagBag from /home/airflow/.local/lib/python3.8/site-packages/airflow/example_dags/example_subdag_operator.py
[2025-11-03T01:35:18.952+0000] {processor.py:840} INFO - DAG(s) 'example_subdag_operator.section-1', 'example_subdag_operator.section-2', 'example_subdag_operator' retrieved from /home/airflow/.local/lib/python3.8/site-packages/airflow/example_dags/example_subdag_operator.py
[2025-11-03T01:35:19.082+0000] {logging_mixin.py:188} INFO - [2025-11-03T01:35:19.081+0000] {dag.py:3036} INFO - Sync 3 DAGs
[2025-11-03T01:35:19.266+0000] {logging_mixin.py:188} INFO - [2025-11-03T01:35:19.265+0000] {dag.py:3823} INFO - Setting next_dagrun for example_subdag_operator to 2022-01-01 00:00:00+00:00, run_after=2022-01-01 00:00:00+00:00
[2025-11-03T01:35:19.290+0000] {logging_mixin.py:188} INFO - [2025-11-03T01:35:19.286+0000] {dag.py:3823} INFO - Setting next_dagrun for example_subdag_operator.section-1 to None, run_after=None
[2025-11-03T01:35:19.299+0000] {logging_mixin.py:188} INFO - [2025-11-03T01:35:19.299+0000] {dag.py:3823} INFO - Setting next_dagrun for example_subdag_operator.section-2 to None, run_after=None
[2025-11-03T01:35:19.356+0000] {logging_mixin.py:188} INFO - [2025-11-03T01:35:19.355+0000] {dag.py:3036} INFO - Sync 2 DAGs
[2025-11-03T01:35:19.414+0000] {logging_mixin.py:188} INFO - [2025-11-03T01:35:19.414+0000] {dag.py:3823} INFO - Setting next_dagrun for example_subdag_operator.section-1 to None, run_after=None
[2025-11-03T01:35:19.417+0000] {logging_mixin.py:188} INFO - [2025-11-03T01:35:19.416+0000] {dag.py:3823} INFO - Setting next_dagrun for example_subdag_operator.section-2 to None, run_after=None
[2025-11-03T01:35:19.474+0000] {processor.py:183} INFO - Processing /home/airflow/.local/lib/python3.8/site-packages/airflow/example_dags/example_subdag_operator.py took 0.711 seconds
[2025-11-03T01:35:49.691+0000] {processor.py:161} INFO - Started process (PID=1022) to work on /home/airflow/.local/lib/python3.8/site-packages/airflow/example_dags/example_subdag_operator.py
[2025-11-03T01:35:49.694+0000] {processor.py:830} INFO - Processing file /home/airflow/.local/lib/python3.8/site-packages/airflow/example_dags/example_subdag_operator.py for tasks to queue
[2025-11-03T01:35:49.699+0000] {logging_mixin.py:188} INFO - [2025-11-03T01:35:49.698+0000] {dagbag.py:538} INFO - Filling up the DagBag from /home/airflow/.local/lib/python3.8/site-packages/airflow/example_dags/example_subdag_operator.py
[2025-11-03T01:35:49.792+0000] {processor.py:840} INFO - DAG(s) 'example_subdag_operator.section-1', 'example_subdag_operator.section-2', 'example_subdag_operator' retrieved from /home/airflow/.local/lib/python3.8/site-packages/airflow/example_dags/example_subdag_operator.py
[2025-11-03T01:35:49.862+0000] {logging_mixin.py:188} INFO - [2025-11-03T01:35:49.861+0000] {dag.py:3036} INFO - Sync 3 DAGs
[2025-11-03T01:35:49.941+0000] {logging_mixin.py:188} INFO - [2025-11-03T01:35:49.941+0000] {dag.py:3823} INFO - Setting next_dagrun for example_subdag_operator to 2022-01-01 00:00:00+00:00, run_after=2022-01-01 00:00:00+00:00
[2025-11-03T01:35:49.972+0000] {logging_mixin.py:188} INFO - [2025-11-03T01:35:49.971+0000] {dag.py:3823} INFO - Setting next_dagrun for example_subdag_operator.section-1 to None, run_after=None
[2025-11-03T01:35:49.986+0000] {logging_mixin.py:188} INFO - [2025-11-03T01:35:49.985+0000] {dag.py:3823} INFO - Setting next_dagrun for example_subdag_operator.section-2 to None, run_after=None
[2025-11-03T01:35:50.034+0000] {logging_mixin.py:188} INFO - [2025-11-03T01:35:50.033+0000] {dag.py:3036} INFO - Sync 2 DAGs
[2025-11-03T01:35:50.055+0000] {logging_mixin.py:188} INFO - [2025-11-03T01:35:50.053+0000] {dag.py:3823} INFO - Setting next_dagrun for example_subdag_operator.section-1 to None, run_after=None
[2025-11-03T01:35:50.058+0000] {logging_mixin.py:188} INFO - [2025-11-03T01:35:50.057+0000] {dag.py:3823} INFO - Setting next_dagrun for example_subdag_operator.section-2 to None, run_after=None
[2025-11-03T01:35:50.099+0000] {processor.py:183} INFO - Processing /home/airflow/.local/lib/python3.8/site-packages/airflow/example_dags/example_subdag_operator.py took 0.421 seconds
[2025-11-03T01:36:21.184+0000] {processor.py:161} INFO - Started process (PID=1077) to work on /home/airflow/.local/lib/python3.8/site-packages/airflow/example_dags/example_subdag_operator.py
[2025-11-03T01:36:21.190+0000] {processor.py:830} INFO - Processing file /home/airflow/.local/lib/python3.8/site-packages/airflow/example_dags/example_subdag_operator.py for tasks to queue
[2025-11-03T01:36:21.202+0000] {logging_mixin.py:188} INFO - [2025-11-03T01:36:21.200+0000] {dagbag.py:538} INFO - Filling up the DagBag from /home/airflow/.local/lib/python3.8/site-packages/airflow/example_dags/example_subdag_operator.py
[2025-11-03T01:36:21.427+0000] {processor.py:840} INFO - DAG(s) 'example_subdag_operator.section-1', 'example_subdag_operator.section-2', 'example_subdag_operator' retrieved from /home/airflow/.local/lib/python3.8/site-packages/airflow/example_dags/example_subdag_operator.py
[2025-11-03T01:36:21.548+0000] {logging_mixin.py:188} INFO - [2025-11-03T01:36:21.540+0000] {dag.py:3036} INFO - Sync 3 DAGs
[2025-11-03T01:36:21.680+0000] {logging_mixin.py:188} INFO - [2025-11-03T01:36:21.678+0000] {dag.py:3823} INFO - Setting next_dagrun for example_subdag_operator to 2022-01-01 00:00:00+00:00, run_after=2022-01-01 00:00:00+00:00
[2025-11-03T01:36:21.691+0000] {logging_mixin.py:188} INFO - [2025-11-03T01:36:21.690+0000] {dag.py:3823} INFO - Setting next_dagrun for example_subdag_operator.section-1 to None, run_after=None
[2025-11-03T01:36:21.697+0000] {logging_mixin.py:188} INFO - [2025-11-03T01:36:21.696+0000] {dag.py:3823} INFO - Setting next_dagrun for example_subdag_operator.section-2 to None, run_after=None
[2025-11-03T01:36:21.716+0000] {logging_mixin.py:188} INFO - [2025-11-03T01:36:21.716+0000] {dag.py:3036} INFO - Sync 2 DAGs
[2025-11-03T01:36:21.731+0000] {logging_mixin.py:188} INFO - [2025-11-03T01:36:21.731+0000] {dag.py:3823} INFO - Setting next_dagrun for example_subdag_operator.section-1 to None, run_after=None
[2025-11-03T01:36:21.733+0000] {logging_mixin.py:188} INFO - [2025-11-03T01:36:21.733+0000] {dag.py:3823} INFO - Setting next_dagrun for example_subdag_operator.section-2 to None, run_after=None
[2025-11-03T01:36:21.771+0000] {processor.py:183} INFO - Processing /home/airflow/.local/lib/python3.8/site-packages/airflow/example_dags/example_subdag_operator.py took 0.618 seconds
[2025-11-03T01:36:52.075+0000] {processor.py:161} INFO - Started process (PID=1132) to work on /home/airflow/.local/lib/python3.8/site-packages/airflow/example_dags/example_subdag_operator.py
[2025-11-03T01:36:52.079+0000] {processor.py:830} INFO - Processing file /home/airflow/.local/lib/python3.8/site-packages/airflow/example_dags/example_subdag_operator.py for tasks to queue
[2025-11-03T01:36:52.087+0000] {logging_mixin.py:188} INFO - [2025-11-03T01:36:52.085+0000] {dagbag.py:538} INFO - Filling up the DagBag from /home/airflow/.local/lib/python3.8/site-packages/airflow/example_dags/example_subdag_operator.py
[2025-11-03T01:36:52.299+0000] {processor.py:840} INFO - DAG(s) 'example_subdag_operator.section-1', 'example_subdag_operator.section-2', 'example_subdag_operator' retrieved from /home/airflow/.local/lib/python3.8/site-packages/airflow/example_dags/example_subdag_operator.py
[2025-11-03T01:36:52.628+0000] {logging_mixin.py:188} INFO - [2025-11-03T01:36:52.627+0000] {dag.py:3036} INFO - Sync 3 DAGs
[2025-11-03T01:36:52.881+0000] {logging_mixin.py:188} INFO - [2025-11-03T01:36:52.880+0000] {dag.py:3823} INFO - Setting next_dagrun for example_subdag_operator to 2022-01-01 00:00:00+00:00, run_after=2022-01-01 00:00:00+00:00
[2025-11-03T01:36:52.918+0000] {logging_mixin.py:188} INFO - [2025-11-03T01:36:52.917+0000] {dag.py:3823} INFO - Setting next_dagrun for example_subdag_operator.section-1 to None, run_after=None
[2025-11-03T01:36:52.938+0000] {logging_mixin.py:188} INFO - [2025-11-03T01:36:52.937+0000] {dag.py:3823} INFO - Setting next_dagrun for example_subdag_operator.section-2 to None, run_after=None
[2025-11-03T01:36:53.065+0000] {logging_mixin.py:188} INFO - [2025-11-03T01:36:53.065+0000] {dag.py:3036} INFO - Sync 2 DAGs
[2025-11-03T01:36:53.133+0000] {logging_mixin.py:188} INFO - [2025-11-03T01:36:53.130+0000] {dag.py:3823} INFO - Setting next_dagrun for example_subdag_operator.section-1 to None, run_after=None
[2025-11-03T01:36:53.147+0000] {logging_mixin.py:188} INFO - [2025-11-03T01:36:53.147+0000] {dag.py:3823} INFO - Setting next_dagrun for example_subdag_operator.section-2 to None, run_after=None
[2025-11-03T01:36:53.182+0000] {processor.py:183} INFO - Processing /home/airflow/.local/lib/python3.8/site-packages/airflow/example_dags/example_subdag_operator.py took 1.137 seconds
[2025-11-03T01:37:32.097+0000] {processor.py:161} INFO - Started process (PID=1181) to work on /home/airflow/.local/lib/python3.8/site-packages/airflow/example_dags/example_subdag_operator.py
[2025-11-03T01:37:32.132+0000] {processor.py:830} INFO - Processing file /home/airflow/.local/lib/python3.8/site-packages/airflow/example_dags/example_subdag_operator.py for tasks to queue
[2025-11-03T01:37:32.240+0000] {logging_mixin.py:188} INFO - [2025-11-03T01:37:32.239+0000] {dagbag.py:538} INFO - Filling up the DagBag from /home/airflow/.local/lib/python3.8/site-packages/airflow/example_dags/example_subdag_operator.py
[2025-11-03T01:37:32.579+0000] {processor.py:840} INFO - DAG(s) 'example_subdag_operator.section-1', 'example_subdag_operator.section-2', 'example_subdag_operator' retrieved from /home/airflow/.local/lib/python3.8/site-packages/airflow/example_dags/example_subdag_operator.py
[2025-11-03T01:37:32.834+0000] {logging_mixin.py:188} INFO - [2025-11-03T01:37:32.834+0000] {dag.py:3036} INFO - Sync 3 DAGs
[2025-11-03T01:37:33.100+0000] {logging_mixin.py:188} INFO - [2025-11-03T01:37:33.099+0000] {dag.py:3823} INFO - Setting next_dagrun for example_subdag_operator to 2022-01-01 00:00:00+00:00, run_after=2022-01-01 00:00:00+00:00
[2025-11-03T01:37:33.184+0000] {logging_mixin.py:188} INFO - [2025-11-03T01:37:33.184+0000] {dag.py:3823} INFO - Setting next_dagrun for example_subdag_operator.section-1 to None, run_after=None
[2025-11-03T01:37:33.199+0000] {logging_mixin.py:188} INFO - [2025-11-03T01:37:33.198+0000] {dag.py:3823} INFO - Setting next_dagrun for example_subdag_operator.section-2 to None, run_after=None
[2025-11-03T01:37:33.315+0000] {logging_mixin.py:188} INFO - [2025-11-03T01:37:33.314+0000] {dag.py:3036} INFO - Sync 2 DAGs
[2025-11-03T01:37:33.411+0000] {logging_mixin.py:188} INFO - [2025-11-03T01:37:33.410+0000] {dag.py:3823} INFO - Setting next_dagrun for example_subdag_operator.section-1 to None, run_after=None
[2025-11-03T01:37:33.434+0000] {logging_mixin.py:188} INFO - [2025-11-03T01:37:33.433+0000] {dag.py:3823} INFO - Setting next_dagrun for example_subdag_operator.section-2 to None, run_after=None
[2025-11-03T01:37:33.515+0000] {processor.py:183} INFO - Processing /home/airflow/.local/lib/python3.8/site-packages/airflow/example_dags/example_subdag_operator.py took 1.452 seconds
[2025-11-03T01:38:17.194+0000] {processor.py:161} INFO - Started process (PID=1235) to work on /home/airflow/.local/lib/python3.8/site-packages/airflow/example_dags/example_subdag_operator.py
[2025-11-03T01:38:17.197+0000] {processor.py:830} INFO - Processing file /home/airflow/.local/lib/python3.8/site-packages/airflow/example_dags/example_subdag_operator.py for tasks to queue
[2025-11-03T01:38:17.211+0000] {logging_mixin.py:188} INFO - [2025-11-03T01:38:17.210+0000] {dagbag.py:538} INFO - Filling up the DagBag from /home/airflow/.local/lib/python3.8/site-packages/airflow/example_dags/example_subdag_operator.py
[2025-11-03T01:38:17.294+0000] {processor.py:840} INFO - DAG(s) 'example_subdag_operator.section-1', 'example_subdag_operator.section-2', 'example_subdag_operator' retrieved from /home/airflow/.local/lib/python3.8/site-packages/airflow/example_dags/example_subdag_operator.py
[2025-11-03T01:38:17.362+0000] {logging_mixin.py:188} INFO - [2025-11-03T01:38:17.361+0000] {dag.py:3036} INFO - Sync 3 DAGs
[2025-11-03T01:38:17.441+0000] {logging_mixin.py:188} INFO - [2025-11-03T01:38:17.440+0000] {dag.py:3823} INFO - Setting next_dagrun for example_subdag_operator to 2022-01-01 00:00:00+00:00, run_after=2022-01-01 00:00:00+00:00
[2025-11-03T01:38:17.454+0000] {logging_mixin.py:188} INFO - [2025-11-03T01:38:17.453+0000] {dag.py:3823} INFO - Setting next_dagrun for example_subdag_operator.section-1 to None, run_after=None
[2025-11-03T01:38:17.460+0000] {logging_mixin.py:188} INFO - [2025-11-03T01:38:17.459+0000] {dag.py:3823} INFO - Setting next_dagrun for example_subdag_operator.section-2 to None, run_after=None
[2025-11-03T01:38:17.485+0000] {logging_mixin.py:188} INFO - [2025-11-03T01:38:17.485+0000] {dag.py:3036} INFO - Sync 2 DAGs
[2025-11-03T01:38:17.508+0000] {logging_mixin.py:188} INFO - [2025-11-03T01:38:17.507+0000] {dag.py:3823} INFO - Setting next_dagrun for example_subdag_operator.section-1 to None, run_after=None
[2025-11-03T01:38:17.510+0000] {logging_mixin.py:188} INFO - [2025-11-03T01:38:17.509+0000] {dag.py:3823} INFO - Setting next_dagrun for example_subdag_operator.section-2 to None, run_after=None
[2025-11-03T01:38:18.219+0000] {processor.py:183} INFO - Processing /home/airflow/.local/lib/python3.8/site-packages/airflow/example_dags/example_subdag_operator.py took 1.039 seconds
[2025-11-03T01:38:57.250+0000] {processor.py:161} INFO - Started process (PID=1284) to work on /home/airflow/.local/lib/python3.8/site-packages/airflow/example_dags/example_subdag_operator.py
[2025-11-03T01:38:57.285+0000] {processor.py:830} INFO - Processing file /home/airflow/.local/lib/python3.8/site-packages/airflow/example_dags/example_subdag_operator.py for tasks to queue
[2025-11-03T01:38:57.348+0000] {logging_mixin.py:188} INFO - [2025-11-03T01:38:57.347+0000] {dagbag.py:538} INFO - Filling up the DagBag from /home/airflow/.local/lib/python3.8/site-packages/airflow/example_dags/example_subdag_operator.py
[2025-11-03T01:38:57.635+0000] {processor.py:840} INFO - DAG(s) 'example_subdag_operator.section-1', 'example_subdag_operator.section-2', 'example_subdag_operator' retrieved from /home/airflow/.local/lib/python3.8/site-packages/airflow/example_dags/example_subdag_operator.py
[2025-11-03T01:38:58.100+0000] {logging_mixin.py:188} INFO - [2025-11-03T01:38:58.099+0000] {dag.py:3036} INFO - Sync 3 DAGs
[2025-11-03T01:38:58.424+0000] {logging_mixin.py:188} INFO - [2025-11-03T01:38:58.424+0000] {dag.py:3823} INFO - Setting next_dagrun for example_subdag_operator to 2022-01-01 00:00:00+00:00, run_after=2022-01-01 00:00:00+00:00
[2025-11-03T01:38:58.508+0000] {logging_mixin.py:188} INFO - [2025-11-03T01:38:58.507+0000] {dag.py:3823} INFO - Setting next_dagrun for example_subdag_operator.section-1 to None, run_after=None
[2025-11-03T01:38:58.647+0000] {logging_mixin.py:188} INFO - [2025-11-03T01:38:58.646+0000] {dag.py:3823} INFO - Setting next_dagrun for example_subdag_operator.section-2 to None, run_after=None
[2025-11-03T01:38:58.761+0000] {logging_mixin.py:188} INFO - [2025-11-03T01:38:58.761+0000] {dag.py:3036} INFO - Sync 2 DAGs
[2025-11-03T01:38:58.832+0000] {logging_mixin.py:188} INFO - [2025-11-03T01:38:58.832+0000] {dag.py:3823} INFO - Setting next_dagrun for example_subdag_operator.section-1 to None, run_after=None
[2025-11-03T01:38:58.878+0000] {logging_mixin.py:188} INFO - [2025-11-03T01:38:58.878+0000] {dag.py:3823} INFO - Setting next_dagrun for example_subdag_operator.section-2 to None, run_after=None
[2025-11-03T01:38:59.183+0000] {processor.py:183} INFO - Processing /home/airflow/.local/lib/python3.8/site-packages/airflow/example_dags/example_subdag_operator.py took 1.978 seconds
[2025-11-03T01:39:36.452+0000] {processor.py:161} INFO - Started process (PID=1339) to work on /home/airflow/.local/lib/python3.8/site-packages/airflow/example_dags/example_subdag_operator.py
[2025-11-03T01:39:36.468+0000] {processor.py:830} INFO - Processing file /home/airflow/.local/lib/python3.8/site-packages/airflow/example_dags/example_subdag_operator.py for tasks to queue
[2025-11-03T01:39:36.496+0000] {logging_mixin.py:188} INFO - [2025-11-03T01:39:36.495+0000] {dagbag.py:538} INFO - Filling up the DagBag from /home/airflow/.local/lib/python3.8/site-packages/airflow/example_dags/example_subdag_operator.py
[2025-11-03T01:39:36.792+0000] {processor.py:840} INFO - DAG(s) 'example_subdag_operator.section-1', 'example_subdag_operator.section-2', 'example_subdag_operator' retrieved from /home/airflow/.local/lib/python3.8/site-packages/airflow/example_dags/example_subdag_operator.py
[2025-11-03T01:39:37.363+0000] {logging_mixin.py:188} INFO - [2025-11-03T01:39:37.362+0000] {dag.py:3036} INFO - Sync 3 DAGs
[2025-11-03T01:39:37.798+0000] {logging_mixin.py:188} INFO - [2025-11-03T01:39:37.796+0000] {dag.py:3823} INFO - Setting next_dagrun for example_subdag_operator to 2022-01-01 00:00:00+00:00, run_after=2022-01-01 00:00:00+00:00
[2025-11-03T01:39:38.021+0000] {logging_mixin.py:188} INFO - [2025-11-03T01:39:38.020+0000] {dag.py:3823} INFO - Setting next_dagrun for example_subdag_operator.section-1 to None, run_after=None
[2025-11-03T01:39:38.131+0000] {logging_mixin.py:188} INFO - [2025-11-03T01:39:38.130+0000] {dag.py:3823} INFO - Setting next_dagrun for example_subdag_operator.section-2 to None, run_after=None
[2025-11-03T01:39:38.296+0000] {logging_mixin.py:188} INFO - [2025-11-03T01:39:38.295+0000] {dag.py:3036} INFO - Sync 2 DAGs
[2025-11-03T01:39:38.392+0000] {logging_mixin.py:188} INFO - [2025-11-03T01:39:38.391+0000] {dag.py:3823} INFO - Setting next_dagrun for example_subdag_operator.section-1 to None, run_after=None
[2025-11-03T01:39:38.408+0000] {logging_mixin.py:188} INFO - [2025-11-03T01:39:38.407+0000] {dag.py:3823} INFO - Setting next_dagrun for example_subdag_operator.section-2 to None, run_after=None
[2025-11-03T01:39:38.632+0000] {processor.py:183} INFO - Processing /home/airflow/.local/lib/python3.8/site-packages/airflow/example_dags/example_subdag_operator.py took 2.204 seconds
[2025-11-03T01:40:12.705+0000] {processor.py:161} INFO - Started process (PID=1393) to work on /home/airflow/.local/lib/python3.8/site-packages/airflow/example_dags/example_subdag_operator.py
[2025-11-03T01:40:12.716+0000] {processor.py:830} INFO - Processing file /home/airflow/.local/lib/python3.8/site-packages/airflow/example_dags/example_subdag_operator.py for tasks to queue
[2025-11-03T01:40:12.754+0000] {logging_mixin.py:188} INFO - [2025-11-03T01:40:12.749+0000] {dagbag.py:538} INFO - Filling up the DagBag from /home/airflow/.local/lib/python3.8/site-packages/airflow/example_dags/example_subdag_operator.py
[2025-11-03T01:40:12.940+0000] {processor.py:840} INFO - DAG(s) 'example_subdag_operator.section-1', 'example_subdag_operator.section-2', 'example_subdag_operator' retrieved from /home/airflow/.local/lib/python3.8/site-packages/airflow/example_dags/example_subdag_operator.py
[2025-11-03T01:40:13.104+0000] {logging_mixin.py:188} INFO - [2025-11-03T01:40:13.102+0000] {dag.py:3036} INFO - Sync 3 DAGs
[2025-11-03T01:40:13.302+0000] {logging_mixin.py:188} INFO - [2025-11-03T01:40:13.302+0000] {dag.py:3823} INFO - Setting next_dagrun for example_subdag_operator to 2022-01-01 00:00:00+00:00, run_after=2022-01-01 00:00:00+00:00
[2025-11-03T01:40:13.321+0000] {logging_mixin.py:188} INFO - [2025-11-03T01:40:13.320+0000] {dag.py:3823} INFO - Setting next_dagrun for example_subdag_operator.section-1 to None, run_after=None
[2025-11-03T01:40:13.332+0000] {logging_mixin.py:188} INFO - [2025-11-03T01:40:13.329+0000] {dag.py:3823} INFO - Setting next_dagrun for example_subdag_operator.section-2 to None, run_after=None
[2025-11-03T01:40:13.366+0000] {logging_mixin.py:188} INFO - [2025-11-03T01:40:13.364+0000] {dag.py:3036} INFO - Sync 2 DAGs
[2025-11-03T01:40:13.409+0000] {logging_mixin.py:188} INFO - [2025-11-03T01:40:13.406+0000] {dag.py:3823} INFO - Setting next_dagrun for example_subdag_operator.section-1 to None, run_after=None
[2025-11-03T01:40:13.414+0000] {logging_mixin.py:188} INFO - [2025-11-03T01:40:13.413+0000] {dag.py:3823} INFO - Setting next_dagrun for example_subdag_operator.section-2 to None, run_after=None
[2025-11-03T01:40:13.566+0000] {processor.py:183} INFO - Processing /home/airflow/.local/lib/python3.8/site-packages/airflow/example_dags/example_subdag_operator.py took 0.888 seconds
[2025-11-03T01:46:03.204+0000] {processor.py:161} INFO - Started process (PID=1482) to work on /home/airflow/.local/lib/python3.8/site-packages/airflow/example_dags/example_subdag_operator.py
[2025-11-03T01:46:04.566+0000] {processor.py:830} INFO - Processing file /home/airflow/.local/lib/python3.8/site-packages/airflow/example_dags/example_subdag_operator.py for tasks to queue
[2025-11-03T01:46:04.893+0000] {logging_mixin.py:188} INFO - [2025-11-03T01:46:04.892+0000] {dagbag.py:538} INFO - Filling up the DagBag from /home/airflow/.local/lib/python3.8/site-packages/airflow/example_dags/example_subdag_operator.py
[2025-11-03T01:46:07.268+0000] {processor.py:840} INFO - DAG(s) 'example_subdag_operator.section-1', 'example_subdag_operator.section-2', 'example_subdag_operator' retrieved from /home/airflow/.local/lib/python3.8/site-packages/airflow/example_dags/example_subdag_operator.py
[2025-11-03T01:46:13.099+0000] {logging_mixin.py:188} INFO - [2025-11-03T01:46:13.087+0000] {dag.py:3036} INFO - Sync 3 DAGs
[2025-11-03T01:46:15.338+0000] {logging_mixin.py:188} INFO - [2025-11-03T01:46:15.337+0000] {dag.py:3823} INFO - Setting next_dagrun for example_subdag_operator to 2022-01-01 00:00:00+00:00, run_after=2022-01-01 00:00:00+00:00
[2025-11-03T01:46:15.590+0000] {logging_mixin.py:188} INFO - [2025-11-03T01:46:15.589+0000] {dag.py:3823} INFO - Setting next_dagrun for example_subdag_operator.section-1 to None, run_after=None
[2025-11-03T01:46:17.142+0000] {logging_mixin.py:188} INFO - [2025-11-03T01:46:16.960+0000] {dag.py:3823} INFO - Setting next_dagrun for example_subdag_operator.section-2 to None, run_after=None
[2025-11-03T01:46:17.572+0000] {logging_mixin.py:188} INFO - [2025-11-03T01:46:17.572+0000] {dag.py:3036} INFO - Sync 2 DAGs
[2025-11-03T01:46:17.756+0000] {logging_mixin.py:188} INFO - [2025-11-03T01:46:17.755+0000] {dag.py:3823} INFO - Setting next_dagrun for example_subdag_operator.section-1 to None, run_after=None
[2025-11-03T01:46:17.903+0000] {logging_mixin.py:188} INFO - [2025-11-03T01:46:17.902+0000] {dag.py:3823} INFO - Setting next_dagrun for example_subdag_operator.section-2 to None, run_after=None
[2025-11-03T01:46:18.622+0000] {processor.py:183} INFO - Processing /home/airflow/.local/lib/python3.8/site-packages/airflow/example_dags/example_subdag_operator.py took 17.065 seconds
[2025-11-03T01:52:58.788+0000] {processor.py:161} INFO - Started process (PID=1590) to work on /home/airflow/.local/lib/python3.8/site-packages/airflow/example_dags/example_subdag_operator.py
[2025-11-03T01:52:58.819+0000] {processor.py:830} INFO - Processing file /home/airflow/.local/lib/python3.8/site-packages/airflow/example_dags/example_subdag_operator.py for tasks to queue
[2025-11-03T01:52:59.232+0000] {logging_mixin.py:188} INFO - [2025-11-03T01:52:59.231+0000] {dagbag.py:538} INFO - Filling up the DagBag from /home/airflow/.local/lib/python3.8/site-packages/airflow/example_dags/example_subdag_operator.py
[2025-11-03T01:53:00.784+0000] {processor.py:840} INFO - DAG(s) 'example_subdag_operator.section-1', 'example_subdag_operator.section-2', 'example_subdag_operator' retrieved from /home/airflow/.local/lib/python3.8/site-packages/airflow/example_dags/example_subdag_operator.py
[2025-11-03T01:53:05.504+0000] {logging_mixin.py:188} INFO - [2025-11-03T01:53:05.503+0000] {dag.py:3036} INFO - Sync 3 DAGs
[2025-11-03T01:53:22.816+0000] {logging_mixin.py:188} INFO - [2025-11-03T01:53:22.788+0000] {dag.py:3823} INFO - Setting next_dagrun for example_subdag_operator to 2022-01-01 00:00:00+00:00, run_after=2022-01-01 00:00:00+00:00
[2025-11-03T01:53:23.058+0000] {logging_mixin.py:188} INFO - [2025-11-03T01:53:23.058+0000] {dag.py:3823} INFO - Setting next_dagrun for example_subdag_operator.section-1 to None, run_after=None
[2025-11-03T01:53:23.135+0000] {logging_mixin.py:188} INFO - [2025-11-03T01:53:23.134+0000] {dag.py:3823} INFO - Setting next_dagrun for example_subdag_operator.section-2 to None, run_after=None
[2025-11-03T01:53:23.843+0000] {logging_mixin.py:188} INFO - [2025-11-03T01:53:23.843+0000] {dag.py:3036} INFO - Sync 2 DAGs
[2025-11-03T01:53:24.251+0000] {logging_mixin.py:188} INFO - [2025-11-03T01:53:24.250+0000] {dag.py:3823} INFO - Setting next_dagrun for example_subdag_operator.section-1 to None, run_after=None
[2025-11-03T01:53:24.325+0000] {logging_mixin.py:188} INFO - [2025-11-03T01:53:24.324+0000] {dag.py:3823} INFO - Setting next_dagrun for example_subdag_operator.section-2 to None, run_after=None
[2025-11-03T01:53:24.791+0000] {processor.py:183} INFO - Processing /home/airflow/.local/lib/python3.8/site-packages/airflow/example_dags/example_subdag_operator.py took 25.057 seconds
