[2025-11-03T01:13:33.867+0000] {processor.py:161} INFO - Started process (PID=114) to work on /home/airflow/.local/lib/python3.8/site-packages/airflow/example_dags/tutorial_dag.py
[2025-11-03T01:13:33.884+0000] {processor.py:830} INFO - Processing file /home/airflow/.local/lib/python3.8/site-packages/airflow/example_dags/tutorial_dag.py for tasks to queue
[2025-11-03T01:13:33.904+0000] {logging_mixin.py:188} INFO - [2025-11-03T01:13:33.903+0000] {dagbag.py:538} INFO - Filling up the DagBag from /home/airflow/.local/lib/python3.8/site-packages/airflow/example_dags/tutorial_dag.py
[2025-11-03T01:13:33.960+0000] {processor.py:840} INFO - DAG(s) 'tutorial_dag' retrieved from /home/airflow/.local/lib/python3.8/site-packages/airflow/example_dags/tutorial_dag.py
[2025-11-03T01:13:34.102+0000] {logging_mixin.py:188} INFO - [2025-11-03T01:13:34.101+0000] {dag.py:3036} INFO - Sync 1 DAGs
[2025-11-03T01:13:34.242+0000] {logging_mixin.py:188} INFO - [2025-11-03T01:13:34.241+0000] {dag.py:3823} INFO - Setting next_dagrun for tutorial_dag to None, run_after=None
[2025-11-03T01:13:34.406+0000] {processor.py:183} INFO - Processing /home/airflow/.local/lib/python3.8/site-packages/airflow/example_dags/tutorial_dag.py took 0.599 seconds
[2025-11-03T01:14:16.826+0000] {processor.py:161} INFO - Started process (PID=169) to work on /home/airflow/.local/lib/python3.8/site-packages/airflow/example_dags/tutorial_dag.py
[2025-11-03T01:14:16.864+0000] {processor.py:830} INFO - Processing file /home/airflow/.local/lib/python3.8/site-packages/airflow/example_dags/tutorial_dag.py for tasks to queue
[2025-11-03T01:14:16.943+0000] {logging_mixin.py:188} INFO - [2025-11-03T01:14:16.928+0000] {dagbag.py:538} INFO - Filling up the DagBag from /home/airflow/.local/lib/python3.8/site-packages/airflow/example_dags/tutorial_dag.py
[2025-11-03T01:14:17.034+0000] {processor.py:840} INFO - DAG(s) 'tutorial_dag' retrieved from /home/airflow/.local/lib/python3.8/site-packages/airflow/example_dags/tutorial_dag.py
[2025-11-03T01:14:17.212+0000] {logging_mixin.py:188} INFO - [2025-11-03T01:14:17.210+0000] {dag.py:3036} INFO - Sync 1 DAGs
[2025-11-03T01:14:17.288+0000] {logging_mixin.py:188} INFO - [2025-11-03T01:14:17.288+0000] {dag.py:3823} INFO - Setting next_dagrun for tutorial_dag to None, run_after=None
[2025-11-03T01:14:17.537+0000] {processor.py:183} INFO - Processing /home/airflow/.local/lib/python3.8/site-packages/airflow/example_dags/tutorial_dag.py took 0.782 seconds
[2025-11-03T01:15:08.191+0000] {processor.py:161} INFO - Started process (PID=230) to work on /home/airflow/.local/lib/python3.8/site-packages/airflow/example_dags/tutorial_dag.py
[2025-11-03T01:15:08.224+0000] {processor.py:830} INFO - Processing file /home/airflow/.local/lib/python3.8/site-packages/airflow/example_dags/tutorial_dag.py for tasks to queue
[2025-11-03T01:15:08.243+0000] {logging_mixin.py:188} INFO - [2025-11-03T01:15:08.240+0000] {dagbag.py:538} INFO - Filling up the DagBag from /home/airflow/.local/lib/python3.8/site-packages/airflow/example_dags/tutorial_dag.py
[2025-11-03T01:15:08.315+0000] {processor.py:840} INFO - DAG(s) 'tutorial_dag' retrieved from /home/airflow/.local/lib/python3.8/site-packages/airflow/example_dags/tutorial_dag.py
[2025-11-03T01:15:08.489+0000] {logging_mixin.py:188} INFO - [2025-11-03T01:15:08.488+0000] {dag.py:3036} INFO - Sync 1 DAGs
[2025-11-03T01:15:08.597+0000] {logging_mixin.py:188} INFO - [2025-11-03T01:15:08.596+0000] {dag.py:3823} INFO - Setting next_dagrun for tutorial_dag to None, run_after=None
[2025-11-03T01:15:08.875+0000] {processor.py:183} INFO - Processing /home/airflow/.local/lib/python3.8/site-packages/airflow/example_dags/tutorial_dag.py took 0.728 seconds
[2025-11-03T01:15:50.609+0000] {processor.py:161} INFO - Started process (PID=283) to work on /home/airflow/.local/lib/python3.8/site-packages/airflow/example_dags/tutorial_dag.py
[2025-11-03T01:15:50.629+0000] {processor.py:830} INFO - Processing file /home/airflow/.local/lib/python3.8/site-packages/airflow/example_dags/tutorial_dag.py for tasks to queue
[2025-11-03T01:15:50.652+0000] {logging_mixin.py:188} INFO - [2025-11-03T01:15:50.648+0000] {dagbag.py:538} INFO - Filling up the DagBag from /home/airflow/.local/lib/python3.8/site-packages/airflow/example_dags/tutorial_dag.py
[2025-11-03T01:15:50.810+0000] {processor.py:840} INFO - DAG(s) 'tutorial_dag' retrieved from /home/airflow/.local/lib/python3.8/site-packages/airflow/example_dags/tutorial_dag.py
[2025-11-03T01:15:51.026+0000] {logging_mixin.py:188} INFO - [2025-11-03T01:15:50.997+0000] {dag.py:3036} INFO - Sync 1 DAGs
[2025-11-03T01:15:51.240+0000] {logging_mixin.py:188} INFO - [2025-11-03T01:15:51.240+0000] {dag.py:3823} INFO - Setting next_dagrun for tutorial_dag to None, run_after=None
[2025-11-03T01:15:51.776+0000] {processor.py:183} INFO - Processing /home/airflow/.local/lib/python3.8/site-packages/airflow/example_dags/tutorial_dag.py took 1.268 seconds
[2025-11-03T01:16:33.163+0000] {processor.py:161} INFO - Started process (PID=343) to work on /home/airflow/.local/lib/python3.8/site-packages/airflow/example_dags/tutorial_dag.py
[2025-11-03T01:16:33.170+0000] {processor.py:830} INFO - Processing file /home/airflow/.local/lib/python3.8/site-packages/airflow/example_dags/tutorial_dag.py for tasks to queue
[2025-11-03T01:16:33.178+0000] {logging_mixin.py:188} INFO - [2025-11-03T01:16:33.177+0000] {dagbag.py:538} INFO - Filling up the DagBag from /home/airflow/.local/lib/python3.8/site-packages/airflow/example_dags/tutorial_dag.py
[2025-11-03T01:16:33.201+0000] {processor.py:840} INFO - DAG(s) 'tutorial_dag' retrieved from /home/airflow/.local/lib/python3.8/site-packages/airflow/example_dags/tutorial_dag.py
[2025-11-03T01:16:33.691+0000] {logging_mixin.py:188} INFO - [2025-11-03T01:16:33.691+0000] {dag.py:3036} INFO - Sync 1 DAGs
[2025-11-03T01:16:33.742+0000] {logging_mixin.py:188} INFO - [2025-11-03T01:16:33.742+0000] {dag.py:3823} INFO - Setting next_dagrun for tutorial_dag to None, run_after=None
[2025-11-03T01:16:33.814+0000] {processor.py:183} INFO - Processing /home/airflow/.local/lib/python3.8/site-packages/airflow/example_dags/tutorial_dag.py took 0.675 seconds
[2025-11-03T01:17:06.086+0000] {processor.py:161} INFO - Started process (PID=398) to work on /home/airflow/.local/lib/python3.8/site-packages/airflow/example_dags/tutorial_dag.py
[2025-11-03T01:17:06.099+0000] {processor.py:830} INFO - Processing file /home/airflow/.local/lib/python3.8/site-packages/airflow/example_dags/tutorial_dag.py for tasks to queue
[2025-11-03T01:17:06.106+0000] {logging_mixin.py:188} INFO - [2025-11-03T01:17:06.105+0000] {dagbag.py:538} INFO - Filling up the DagBag from /home/airflow/.local/lib/python3.8/site-packages/airflow/example_dags/tutorial_dag.py
[2025-11-03T01:17:06.143+0000] {processor.py:840} INFO - DAG(s) 'tutorial_dag' retrieved from /home/airflow/.local/lib/python3.8/site-packages/airflow/example_dags/tutorial_dag.py
[2025-11-03T01:17:06.254+0000] {logging_mixin.py:188} INFO - [2025-11-03T01:17:06.253+0000] {dag.py:3036} INFO - Sync 1 DAGs
[2025-11-03T01:17:06.333+0000] {logging_mixin.py:188} INFO - [2025-11-03T01:17:06.333+0000] {dag.py:3823} INFO - Setting next_dagrun for tutorial_dag to None, run_after=None
[2025-11-03T01:17:06.427+0000] {processor.py:183} INFO - Processing /home/airflow/.local/lib/python3.8/site-packages/airflow/example_dags/tutorial_dag.py took 0.383 seconds
[2025-11-03T01:17:37.926+0000] {processor.py:161} INFO - Started process (PID=454) to work on /home/airflow/.local/lib/python3.8/site-packages/airflow/example_dags/tutorial_dag.py
[2025-11-03T01:17:37.991+0000] {processor.py:830} INFO - Processing file /home/airflow/.local/lib/python3.8/site-packages/airflow/example_dags/tutorial_dag.py for tasks to queue
[2025-11-03T01:17:38.031+0000] {logging_mixin.py:188} INFO - [2025-11-03T01:17:38.030+0000] {dagbag.py:538} INFO - Filling up the DagBag from /home/airflow/.local/lib/python3.8/site-packages/airflow/example_dags/tutorial_dag.py
[2025-11-03T01:17:38.117+0000] {processor.py:840} INFO - DAG(s) 'tutorial_dag' retrieved from /home/airflow/.local/lib/python3.8/site-packages/airflow/example_dags/tutorial_dag.py
[2025-11-03T01:17:38.229+0000] {logging_mixin.py:188} INFO - [2025-11-03T01:17:38.228+0000] {dag.py:3036} INFO - Sync 1 DAGs
[2025-11-03T01:17:38.298+0000] {logging_mixin.py:188} INFO - [2025-11-03T01:17:38.297+0000] {dag.py:3823} INFO - Setting next_dagrun for tutorial_dag to None, run_after=None
[2025-11-03T01:17:38.428+0000] {processor.py:183} INFO - Processing /home/airflow/.local/lib/python3.8/site-packages/airflow/example_dags/tutorial_dag.py took 0.538 seconds
[2025-11-03T01:18:09.082+0000] {processor.py:161} INFO - Started process (PID=509) to work on /home/airflow/.local/lib/python3.8/site-packages/airflow/example_dags/tutorial_dag.py
[2025-11-03T01:18:09.087+0000] {processor.py:830} INFO - Processing file /home/airflow/.local/lib/python3.8/site-packages/airflow/example_dags/tutorial_dag.py for tasks to queue
[2025-11-03T01:18:09.095+0000] {logging_mixin.py:188} INFO - [2025-11-03T01:18:09.094+0000] {dagbag.py:538} INFO - Filling up the DagBag from /home/airflow/.local/lib/python3.8/site-packages/airflow/example_dags/tutorial_dag.py
[2025-11-03T01:18:09.116+0000] {processor.py:840} INFO - DAG(s) 'tutorial_dag' retrieved from /home/airflow/.local/lib/python3.8/site-packages/airflow/example_dags/tutorial_dag.py
[2025-11-03T01:18:09.428+0000] {logging_mixin.py:188} INFO - [2025-11-03T01:18:09.427+0000] {dag.py:3036} INFO - Sync 1 DAGs
[2025-11-03T01:18:09.607+0000] {logging_mixin.py:188} INFO - [2025-11-03T01:18:09.606+0000] {dag.py:3823} INFO - Setting next_dagrun for tutorial_dag to None, run_after=None
[2025-11-03T01:18:09.997+0000] {processor.py:183} INFO - Processing /home/airflow/.local/lib/python3.8/site-packages/airflow/example_dags/tutorial_dag.py took 0.928 seconds
[2025-11-03T01:18:40.218+0000] {processor.py:161} INFO - Started process (PID=562) to work on /home/airflow/.local/lib/python3.8/site-packages/airflow/example_dags/tutorial_dag.py
[2025-11-03T01:18:40.232+0000] {processor.py:830} INFO - Processing file /home/airflow/.local/lib/python3.8/site-packages/airflow/example_dags/tutorial_dag.py for tasks to queue
[2025-11-03T01:18:40.240+0000] {logging_mixin.py:188} INFO - [2025-11-03T01:18:40.238+0000] {dagbag.py:538} INFO - Filling up the DagBag from /home/airflow/.local/lib/python3.8/site-packages/airflow/example_dags/tutorial_dag.py
[2025-11-03T01:18:40.261+0000] {processor.py:840} INFO - DAG(s) 'tutorial_dag' retrieved from /home/airflow/.local/lib/python3.8/site-packages/airflow/example_dags/tutorial_dag.py
[2025-11-03T01:18:40.416+0000] {logging_mixin.py:188} INFO - [2025-11-03T01:18:40.415+0000] {dag.py:3036} INFO - Sync 1 DAGs
[2025-11-03T01:18:40.595+0000] {logging_mixin.py:188} INFO - [2025-11-03T01:18:40.594+0000] {dag.py:3823} INFO - Setting next_dagrun for tutorial_dag to None, run_after=None
[2025-11-03T01:18:40.788+0000] {processor.py:183} INFO - Processing /home/airflow/.local/lib/python3.8/site-packages/airflow/example_dags/tutorial_dag.py took 0.594 seconds
[2025-11-03T01:19:11.251+0000] {processor.py:161} INFO - Started process (PID=617) to work on /home/airflow/.local/lib/python3.8/site-packages/airflow/example_dags/tutorial_dag.py
[2025-11-03T01:19:11.263+0000] {processor.py:830} INFO - Processing file /home/airflow/.local/lib/python3.8/site-packages/airflow/example_dags/tutorial_dag.py for tasks to queue
[2025-11-03T01:19:11.273+0000] {logging_mixin.py:188} INFO - [2025-11-03T01:19:11.272+0000] {dagbag.py:538} INFO - Filling up the DagBag from /home/airflow/.local/lib/python3.8/site-packages/airflow/example_dags/tutorial_dag.py
[2025-11-03T01:19:11.330+0000] {processor.py:840} INFO - DAG(s) 'tutorial_dag' retrieved from /home/airflow/.local/lib/python3.8/site-packages/airflow/example_dags/tutorial_dag.py
[2025-11-03T01:19:11.483+0000] {logging_mixin.py:188} INFO - [2025-11-03T01:19:11.482+0000] {dag.py:3036} INFO - Sync 1 DAGs
[2025-11-03T01:19:11.635+0000] {logging_mixin.py:188} INFO - [2025-11-03T01:19:11.635+0000] {dag.py:3823} INFO - Setting next_dagrun for tutorial_dag to None, run_after=None
[2025-11-03T01:19:12.050+0000] {processor.py:183} INFO - Processing /home/airflow/.local/lib/python3.8/site-packages/airflow/example_dags/tutorial_dag.py took 0.772 seconds
[2025-11-03T01:19:42.927+0000] {processor.py:161} INFO - Started process (PID=672) to work on /home/airflow/.local/lib/python3.8/site-packages/airflow/example_dags/tutorial_dag.py
[2025-11-03T01:19:42.930+0000] {processor.py:830} INFO - Processing file /home/airflow/.local/lib/python3.8/site-packages/airflow/example_dags/tutorial_dag.py for tasks to queue
[2025-11-03T01:19:42.937+0000] {logging_mixin.py:188} INFO - [2025-11-03T01:19:42.936+0000] {dagbag.py:538} INFO - Filling up the DagBag from /home/airflow/.local/lib/python3.8/site-packages/airflow/example_dags/tutorial_dag.py
[2025-11-03T01:19:42.959+0000] {processor.py:840} INFO - DAG(s) 'tutorial_dag' retrieved from /home/airflow/.local/lib/python3.8/site-packages/airflow/example_dags/tutorial_dag.py
[2025-11-03T01:19:43.022+0000] {logging_mixin.py:188} INFO - [2025-11-03T01:19:43.021+0000] {dag.py:3036} INFO - Sync 1 DAGs
[2025-11-03T01:19:43.060+0000] {logging_mixin.py:188} INFO - [2025-11-03T01:19:43.060+0000] {dag.py:3823} INFO - Setting next_dagrun for tutorial_dag to None, run_after=None
[2025-11-03T01:19:43.119+0000] {processor.py:183} INFO - Processing /home/airflow/.local/lib/python3.8/site-packages/airflow/example_dags/tutorial_dag.py took 0.202 seconds
[2025-11-03T01:20:14.721+0000] {processor.py:161} INFO - Started process (PID=726) to work on /home/airflow/.local/lib/python3.8/site-packages/airflow/example_dags/tutorial_dag.py
[2025-11-03T01:20:14.734+0000] {processor.py:830} INFO - Processing file /home/airflow/.local/lib/python3.8/site-packages/airflow/example_dags/tutorial_dag.py for tasks to queue
[2025-11-03T01:20:14.744+0000] {logging_mixin.py:188} INFO - [2025-11-03T01:20:14.743+0000] {dagbag.py:538} INFO - Filling up the DagBag from /home/airflow/.local/lib/python3.8/site-packages/airflow/example_dags/tutorial_dag.py
[2025-11-03T01:20:14.767+0000] {processor.py:840} INFO - DAG(s) 'tutorial_dag' retrieved from /home/airflow/.local/lib/python3.8/site-packages/airflow/example_dags/tutorial_dag.py
[2025-11-03T01:20:14.851+0000] {logging_mixin.py:188} INFO - [2025-11-03T01:20:14.850+0000] {dag.py:3036} INFO - Sync 1 DAGs
[2025-11-03T01:20:14.911+0000] {logging_mixin.py:188} INFO - [2025-11-03T01:20:14.910+0000] {dag.py:3823} INFO - Setting next_dagrun for tutorial_dag to None, run_after=None
[2025-11-03T01:20:15.008+0000] {processor.py:183} INFO - Processing /home/airflow/.local/lib/python3.8/site-packages/airflow/example_dags/tutorial_dag.py took 0.306 seconds
[2025-11-03T01:20:51.062+0000] {processor.py:161} INFO - Started process (PID=780) to work on /home/airflow/.local/lib/python3.8/site-packages/airflow/example_dags/tutorial_dag.py
[2025-11-03T01:20:51.139+0000] {processor.py:830} INFO - Processing file /home/airflow/.local/lib/python3.8/site-packages/airflow/example_dags/tutorial_dag.py for tasks to queue
[2025-11-03T01:20:51.173+0000] {logging_mixin.py:188} INFO - [2025-11-03T01:20:51.171+0000] {dagbag.py:538} INFO - Filling up the DagBag from /home/airflow/.local/lib/python3.8/site-packages/airflow/example_dags/tutorial_dag.py
[2025-11-03T01:20:51.282+0000] {processor.py:840} INFO - DAG(s) 'tutorial_dag' retrieved from /home/airflow/.local/lib/python3.8/site-packages/airflow/example_dags/tutorial_dag.py
[2025-11-03T01:20:51.598+0000] {logging_mixin.py:188} INFO - [2025-11-03T01:20:51.597+0000] {dag.py:3036} INFO - Sync 1 DAGs
[2025-11-03T01:20:52.172+0000] {logging_mixin.py:188} INFO - [2025-11-03T01:20:52.171+0000] {dag.py:3823} INFO - Setting next_dagrun for tutorial_dag to None, run_after=None
[2025-11-03T01:20:52.655+0000] {processor.py:183} INFO - Processing /home/airflow/.local/lib/python3.8/site-packages/airflow/example_dags/tutorial_dag.py took 1.748 seconds
[2025-11-03T01:21:23.181+0000] {processor.py:161} INFO - Started process (PID=834) to work on /home/airflow/.local/lib/python3.8/site-packages/airflow/example_dags/tutorial_dag.py
[2025-11-03T01:21:23.186+0000] {processor.py:830} INFO - Processing file /home/airflow/.local/lib/python3.8/site-packages/airflow/example_dags/tutorial_dag.py for tasks to queue
[2025-11-03T01:21:23.193+0000] {logging_mixin.py:188} INFO - [2025-11-03T01:21:23.192+0000] {dagbag.py:538} INFO - Filling up the DagBag from /home/airflow/.local/lib/python3.8/site-packages/airflow/example_dags/tutorial_dag.py
[2025-11-03T01:21:23.221+0000] {processor.py:840} INFO - DAG(s) 'tutorial_dag' retrieved from /home/airflow/.local/lib/python3.8/site-packages/airflow/example_dags/tutorial_dag.py
[2025-11-03T01:21:23.347+0000] {logging_mixin.py:188} INFO - [2025-11-03T01:21:23.345+0000] {dag.py:3036} INFO - Sync 1 DAGs
[2025-11-03T01:21:23.441+0000] {logging_mixin.py:188} INFO - [2025-11-03T01:21:23.440+0000] {dag.py:3823} INFO - Setting next_dagrun for tutorial_dag to None, run_after=None
[2025-11-03T01:21:23.541+0000] {processor.py:183} INFO - Processing /home/airflow/.local/lib/python3.8/site-packages/airflow/example_dags/tutorial_dag.py took 0.383 seconds
[2025-11-03T01:25:44.040+0000] {processor.py:161} INFO - Started process (PID=100) to work on /home/airflow/.local/lib/python3.8/site-packages/airflow/example_dags/tutorial_dag.py
[2025-11-03T01:25:44.051+0000] {processor.py:830} INFO - Processing file /home/airflow/.local/lib/python3.8/site-packages/airflow/example_dags/tutorial_dag.py for tasks to queue
[2025-11-03T01:25:44.070+0000] {logging_mixin.py:188} INFO - [2025-11-03T01:25:44.063+0000] {dagbag.py:538} INFO - Filling up the DagBag from /home/airflow/.local/lib/python3.8/site-packages/airflow/example_dags/tutorial_dag.py
[2025-11-03T01:25:44.123+0000] {processor.py:840} INFO - DAG(s) 'tutorial_dag' retrieved from /home/airflow/.local/lib/python3.8/site-packages/airflow/example_dags/tutorial_dag.py
[2025-11-03T01:25:44.327+0000] {logging_mixin.py:188} INFO - [2025-11-03T01:25:44.326+0000] {dag.py:3036} INFO - Sync 1 DAGs
[2025-11-03T01:25:44.451+0000] {logging_mixin.py:188} INFO - [2025-11-03T01:25:44.450+0000] {dag.py:3823} INFO - Setting next_dagrun for tutorial_dag to None, run_after=None
[2025-11-03T01:25:44.593+0000] {processor.py:183} INFO - Processing /home/airflow/.local/lib/python3.8/site-packages/airflow/example_dags/tutorial_dag.py took 0.596 seconds
[2025-11-03T01:26:15.365+0000] {processor.py:161} INFO - Started process (PID=157) to work on /home/airflow/.local/lib/python3.8/site-packages/airflow/example_dags/tutorial_dag.py
[2025-11-03T01:26:15.368+0000] {processor.py:830} INFO - Processing file /home/airflow/.local/lib/python3.8/site-packages/airflow/example_dags/tutorial_dag.py for tasks to queue
[2025-11-03T01:26:15.373+0000] {logging_mixin.py:188} INFO - [2025-11-03T01:26:15.372+0000] {dagbag.py:538} INFO - Filling up the DagBag from /home/airflow/.local/lib/python3.8/site-packages/airflow/example_dags/tutorial_dag.py
[2025-11-03T01:26:15.388+0000] {processor.py:840} INFO - DAG(s) 'tutorial_dag' retrieved from /home/airflow/.local/lib/python3.8/site-packages/airflow/example_dags/tutorial_dag.py
[2025-11-03T01:26:15.442+0000] {logging_mixin.py:188} INFO - [2025-11-03T01:26:15.441+0000] {dag.py:3036} INFO - Sync 1 DAGs
[2025-11-03T01:26:15.472+0000] {logging_mixin.py:188} INFO - [2025-11-03T01:26:15.472+0000] {dag.py:3823} INFO - Setting next_dagrun for tutorial_dag to None, run_after=None
[2025-11-03T01:26:15.520+0000] {processor.py:183} INFO - Processing /home/airflow/.local/lib/python3.8/site-packages/airflow/example_dags/tutorial_dag.py took 0.164 seconds
[2025-11-03T01:26:45.663+0000] {processor.py:161} INFO - Started process (PID=211) to work on /home/airflow/.local/lib/python3.8/site-packages/airflow/example_dags/tutorial_dag.py
[2025-11-03T01:26:45.665+0000] {processor.py:830} INFO - Processing file /home/airflow/.local/lib/python3.8/site-packages/airflow/example_dags/tutorial_dag.py for tasks to queue
[2025-11-03T01:26:45.671+0000] {logging_mixin.py:188} INFO - [2025-11-03T01:26:45.670+0000] {dagbag.py:538} INFO - Filling up the DagBag from /home/airflow/.local/lib/python3.8/site-packages/airflow/example_dags/tutorial_dag.py
[2025-11-03T01:26:45.685+0000] {processor.py:840} INFO - DAG(s) 'tutorial_dag' retrieved from /home/airflow/.local/lib/python3.8/site-packages/airflow/example_dags/tutorial_dag.py
[2025-11-03T01:26:45.728+0000] {logging_mixin.py:188} INFO - [2025-11-03T01:26:45.728+0000] {dag.py:3036} INFO - Sync 1 DAGs
[2025-11-03T01:26:45.773+0000] {logging_mixin.py:188} INFO - [2025-11-03T01:26:45.773+0000] {dag.py:3823} INFO - Setting next_dagrun for tutorial_dag to None, run_after=None
[2025-11-03T01:26:45.822+0000] {processor.py:183} INFO - Processing /home/airflow/.local/lib/python3.8/site-packages/airflow/example_dags/tutorial_dag.py took 0.168 seconds
[2025-11-03T01:27:16.693+0000] {processor.py:161} INFO - Started process (PID=266) to work on /home/airflow/.local/lib/python3.8/site-packages/airflow/example_dags/tutorial_dag.py
[2025-11-03T01:27:16.697+0000] {processor.py:830} INFO - Processing file /home/airflow/.local/lib/python3.8/site-packages/airflow/example_dags/tutorial_dag.py for tasks to queue
[2025-11-03T01:27:16.705+0000] {logging_mixin.py:188} INFO - [2025-11-03T01:27:16.704+0000] {dagbag.py:538} INFO - Filling up the DagBag from /home/airflow/.local/lib/python3.8/site-packages/airflow/example_dags/tutorial_dag.py
[2025-11-03T01:27:16.730+0000] {processor.py:840} INFO - DAG(s) 'tutorial_dag' retrieved from /home/airflow/.local/lib/python3.8/site-packages/airflow/example_dags/tutorial_dag.py
[2025-11-03T01:27:16.829+0000] {logging_mixin.py:188} INFO - [2025-11-03T01:27:16.828+0000] {dag.py:3036} INFO - Sync 1 DAGs
[2025-11-03T01:27:16.886+0000] {logging_mixin.py:188} INFO - [2025-11-03T01:27:16.885+0000] {dag.py:3823} INFO - Setting next_dagrun for tutorial_dag to None, run_after=None
[2025-11-03T01:27:16.974+0000] {processor.py:183} INFO - Processing /home/airflow/.local/lib/python3.8/site-packages/airflow/example_dags/tutorial_dag.py took 0.300 seconds
[2025-11-03T01:27:47.694+0000] {processor.py:161} INFO - Started process (PID=320) to work on /home/airflow/.local/lib/python3.8/site-packages/airflow/example_dags/tutorial_dag.py
[2025-11-03T01:27:47.698+0000] {processor.py:830} INFO - Processing file /home/airflow/.local/lib/python3.8/site-packages/airflow/example_dags/tutorial_dag.py for tasks to queue
[2025-11-03T01:27:47.705+0000] {logging_mixin.py:188} INFO - [2025-11-03T01:27:47.703+0000] {dagbag.py:538} INFO - Filling up the DagBag from /home/airflow/.local/lib/python3.8/site-packages/airflow/example_dags/tutorial_dag.py
[2025-11-03T01:27:47.724+0000] {processor.py:840} INFO - DAG(s) 'tutorial_dag' retrieved from /home/airflow/.local/lib/python3.8/site-packages/airflow/example_dags/tutorial_dag.py
[2025-11-03T01:27:47.810+0000] {logging_mixin.py:188} INFO - [2025-11-03T01:27:47.810+0000] {dag.py:3036} INFO - Sync 1 DAGs
[2025-11-03T01:27:47.903+0000] {logging_mixin.py:188} INFO - [2025-11-03T01:27:47.902+0000] {dag.py:3823} INFO - Setting next_dagrun for tutorial_dag to None, run_after=None
[2025-11-03T01:27:48.050+0000] {processor.py:183} INFO - Processing /home/airflow/.local/lib/python3.8/site-packages/airflow/example_dags/tutorial_dag.py took 0.368 seconds
[2025-11-03T01:28:18.706+0000] {processor.py:161} INFO - Started process (PID=374) to work on /home/airflow/.local/lib/python3.8/site-packages/airflow/example_dags/tutorial_dag.py
[2025-11-03T01:28:18.710+0000] {processor.py:830} INFO - Processing file /home/airflow/.local/lib/python3.8/site-packages/airflow/example_dags/tutorial_dag.py for tasks to queue
[2025-11-03T01:28:18.723+0000] {logging_mixin.py:188} INFO - [2025-11-03T01:28:18.722+0000] {dagbag.py:538} INFO - Filling up the DagBag from /home/airflow/.local/lib/python3.8/site-packages/airflow/example_dags/tutorial_dag.py
[2025-11-03T01:28:18.763+0000] {processor.py:840} INFO - DAG(s) 'tutorial_dag' retrieved from /home/airflow/.local/lib/python3.8/site-packages/airflow/example_dags/tutorial_dag.py
[2025-11-03T01:28:18.819+0000] {logging_mixin.py:188} INFO - [2025-11-03T01:28:18.819+0000] {dag.py:3036} INFO - Sync 1 DAGs
[2025-11-03T01:28:18.905+0000] {logging_mixin.py:188} INFO - [2025-11-03T01:28:18.904+0000] {dag.py:3823} INFO - Setting next_dagrun for tutorial_dag to None, run_after=None
[2025-11-03T01:28:19.027+0000] {processor.py:183} INFO - Processing /home/airflow/.local/lib/python3.8/site-packages/airflow/example_dags/tutorial_dag.py took 0.337 seconds
[2025-11-03T01:28:49.647+0000] {processor.py:161} INFO - Started process (PID=428) to work on /home/airflow/.local/lib/python3.8/site-packages/airflow/example_dags/tutorial_dag.py
[2025-11-03T01:28:49.650+0000] {processor.py:830} INFO - Processing file /home/airflow/.local/lib/python3.8/site-packages/airflow/example_dags/tutorial_dag.py for tasks to queue
[2025-11-03T01:28:49.655+0000] {logging_mixin.py:188} INFO - [2025-11-03T01:28:49.654+0000] {dagbag.py:538} INFO - Filling up the DagBag from /home/airflow/.local/lib/python3.8/site-packages/airflow/example_dags/tutorial_dag.py
[2025-11-03T01:28:49.672+0000] {processor.py:840} INFO - DAG(s) 'tutorial_dag' retrieved from /home/airflow/.local/lib/python3.8/site-packages/airflow/example_dags/tutorial_dag.py
[2025-11-03T01:28:49.953+0000] {logging_mixin.py:188} INFO - [2025-11-03T01:28:49.952+0000] {dag.py:3036} INFO - Sync 1 DAGs
[2025-11-03T01:28:49.981+0000] {logging_mixin.py:188} INFO - [2025-11-03T01:28:49.981+0000] {dag.py:3823} INFO - Setting next_dagrun for tutorial_dag to None, run_after=None
[2025-11-03T01:28:50.033+0000] {processor.py:183} INFO - Processing /home/airflow/.local/lib/python3.8/site-packages/airflow/example_dags/tutorial_dag.py took 0.397 seconds
[2025-11-03T01:29:23.145+0000] {processor.py:161} INFO - Started process (PID=483) to work on /home/airflow/.local/lib/python3.8/site-packages/airflow/example_dags/tutorial_dag.py
[2025-11-03T01:29:23.159+0000] {processor.py:830} INFO - Processing file /home/airflow/.local/lib/python3.8/site-packages/airflow/example_dags/tutorial_dag.py for tasks to queue
[2025-11-03T01:29:23.178+0000] {logging_mixin.py:188} INFO - [2025-11-03T01:29:23.177+0000] {dagbag.py:538} INFO - Filling up the DagBag from /home/airflow/.local/lib/python3.8/site-packages/airflow/example_dags/tutorial_dag.py
[2025-11-03T01:29:23.241+0000] {processor.py:840} INFO - DAG(s) 'tutorial_dag' retrieved from /home/airflow/.local/lib/python3.8/site-packages/airflow/example_dags/tutorial_dag.py
[2025-11-03T01:29:23.383+0000] {logging_mixin.py:188} INFO - [2025-11-03T01:29:23.377+0000] {dag.py:3036} INFO - Sync 1 DAGs
[2025-11-03T01:29:23.472+0000] {logging_mixin.py:188} INFO - [2025-11-03T01:29:23.471+0000] {dag.py:3823} INFO - Setting next_dagrun for tutorial_dag to None, run_after=None
[2025-11-03T01:29:23.747+0000] {processor.py:183} INFO - Processing /home/airflow/.local/lib/python3.8/site-packages/airflow/example_dags/tutorial_dag.py took 0.639 seconds
[2025-11-03T01:30:25.362+0000] {processor.py:161} INFO - Started process (PID=544) to work on /home/airflow/.local/lib/python3.8/site-packages/airflow/example_dags/tutorial_dag.py
[2025-11-03T01:30:25.898+0000] {processor.py:830} INFO - Processing file /home/airflow/.local/lib/python3.8/site-packages/airflow/example_dags/tutorial_dag.py for tasks to queue
[2025-11-03T01:30:26.031+0000] {logging_mixin.py:188} INFO - [2025-11-03T01:30:26.030+0000] {dagbag.py:538} INFO - Filling up the DagBag from /home/airflow/.local/lib/python3.8/site-packages/airflow/example_dags/tutorial_dag.py
[2025-11-03T01:30:26.197+0000] {processor.py:840} INFO - DAG(s) 'tutorial_dag' retrieved from /home/airflow/.local/lib/python3.8/site-packages/airflow/example_dags/tutorial_dag.py
[2025-11-03T01:30:26.526+0000] {logging_mixin.py:188} INFO - [2025-11-03T01:30:26.525+0000] {dag.py:3036} INFO - Sync 1 DAGs
[2025-11-03T01:30:26.650+0000] {logging_mixin.py:188} INFO - [2025-11-03T01:30:26.649+0000] {dag.py:3823} INFO - Setting next_dagrun for tutorial_dag to None, run_after=None
[2025-11-03T01:30:26.914+0000] {processor.py:183} INFO - Processing /home/airflow/.local/lib/python3.8/site-packages/airflow/example_dags/tutorial_dag.py took 1.653 seconds
[2025-11-03T01:31:18.938+0000] {processor.py:161} INFO - Started process (PID=598) to work on /home/airflow/.local/lib/python3.8/site-packages/airflow/example_dags/tutorial_dag.py
[2025-11-03T01:31:18.945+0000] {processor.py:830} INFO - Processing file /home/airflow/.local/lib/python3.8/site-packages/airflow/example_dags/tutorial_dag.py for tasks to queue
[2025-11-03T01:31:18.959+0000] {logging_mixin.py:188} INFO - [2025-11-03T01:31:18.959+0000] {dagbag.py:538} INFO - Filling up the DagBag from /home/airflow/.local/lib/python3.8/site-packages/airflow/example_dags/tutorial_dag.py
[2025-11-03T01:31:18.980+0000] {processor.py:840} INFO - DAG(s) 'tutorial_dag' retrieved from /home/airflow/.local/lib/python3.8/site-packages/airflow/example_dags/tutorial_dag.py
[2025-11-03T01:31:19.050+0000] {logging_mixin.py:188} INFO - [2025-11-03T01:31:19.050+0000] {dag.py:3036} INFO - Sync 1 DAGs
[2025-11-03T01:31:19.096+0000] {logging_mixin.py:188} INFO - [2025-11-03T01:31:19.095+0000] {dag.py:3823} INFO - Setting next_dagrun for tutorial_dag to None, run_after=None
[2025-11-03T01:31:19.154+0000] {processor.py:183} INFO - Processing /home/airflow/.local/lib/python3.8/site-packages/airflow/example_dags/tutorial_dag.py took 0.229 seconds
[2025-11-03T01:31:51.022+0000] {processor.py:161} INFO - Started process (PID=652) to work on /home/airflow/.local/lib/python3.8/site-packages/airflow/example_dags/tutorial_dag.py
[2025-11-03T01:31:51.027+0000] {processor.py:830} INFO - Processing file /home/airflow/.local/lib/python3.8/site-packages/airflow/example_dags/tutorial_dag.py for tasks to queue
[2025-11-03T01:31:51.038+0000] {logging_mixin.py:188} INFO - [2025-11-03T01:31:51.036+0000] {dagbag.py:538} INFO - Filling up the DagBag from /home/airflow/.local/lib/python3.8/site-packages/airflow/example_dags/tutorial_dag.py
[2025-11-03T01:31:51.068+0000] {processor.py:840} INFO - DAG(s) 'tutorial_dag' retrieved from /home/airflow/.local/lib/python3.8/site-packages/airflow/example_dags/tutorial_dag.py
[2025-11-03T01:31:51.187+0000] {logging_mixin.py:188} INFO - [2025-11-03T01:31:51.186+0000] {dag.py:3036} INFO - Sync 1 DAGs
[2025-11-03T01:31:51.263+0000] {logging_mixin.py:188} INFO - [2025-11-03T01:31:51.263+0000] {dag.py:3823} INFO - Setting next_dagrun for tutorial_dag to None, run_after=None
[2025-11-03T01:31:51.347+0000] {processor.py:183} INFO - Processing /home/airflow/.local/lib/python3.8/site-packages/airflow/example_dags/tutorial_dag.py took 0.345 seconds
[2025-11-03T01:32:23.794+0000] {processor.py:161} INFO - Started process (PID=706) to work on /home/airflow/.local/lib/python3.8/site-packages/airflow/example_dags/tutorial_dag.py
[2025-11-03T01:32:23.859+0000] {processor.py:830} INFO - Processing file /home/airflow/.local/lib/python3.8/site-packages/airflow/example_dags/tutorial_dag.py for tasks to queue
[2025-11-03T01:32:23.897+0000] {logging_mixin.py:188} INFO - [2025-11-03T01:32:23.896+0000] {dagbag.py:538} INFO - Filling up the DagBag from /home/airflow/.local/lib/python3.8/site-packages/airflow/example_dags/tutorial_dag.py
[2025-11-03T01:32:23.994+0000] {processor.py:840} INFO - DAG(s) 'tutorial_dag' retrieved from /home/airflow/.local/lib/python3.8/site-packages/airflow/example_dags/tutorial_dag.py
[2025-11-03T01:32:24.400+0000] {logging_mixin.py:188} INFO - [2025-11-03T01:32:24.399+0000] {dag.py:3036} INFO - Sync 1 DAGs
[2025-11-03T01:32:24.526+0000] {logging_mixin.py:188} INFO - [2025-11-03T01:32:24.525+0000] {dag.py:3823} INFO - Setting next_dagrun for tutorial_dag to None, run_after=None
[2025-11-03T01:32:24.653+0000] {processor.py:183} INFO - Processing /home/airflow/.local/lib/python3.8/site-packages/airflow/example_dags/tutorial_dag.py took 1.045 seconds
[2025-11-03T01:33:04.549+0000] {processor.py:161} INFO - Started process (PID=768) to work on /home/airflow/.local/lib/python3.8/site-packages/airflow/example_dags/tutorial_dag.py
[2025-11-03T01:33:04.580+0000] {processor.py:830} INFO - Processing file /home/airflow/.local/lib/python3.8/site-packages/airflow/example_dags/tutorial_dag.py for tasks to queue
[2025-11-03T01:33:04.654+0000] {logging_mixin.py:188} INFO - [2025-11-03T01:33:04.653+0000] {dagbag.py:538} INFO - Filling up the DagBag from /home/airflow/.local/lib/python3.8/site-packages/airflow/example_dags/tutorial_dag.py
[2025-11-03T01:33:04.766+0000] {processor.py:840} INFO - DAG(s) 'tutorial_dag' retrieved from /home/airflow/.local/lib/python3.8/site-packages/airflow/example_dags/tutorial_dag.py
[2025-11-03T01:33:05.459+0000] {logging_mixin.py:188} INFO - [2025-11-03T01:33:05.457+0000] {dag.py:3036} INFO - Sync 1 DAGs
[2025-11-03T01:33:05.875+0000] {logging_mixin.py:188} INFO - [2025-11-03T01:33:05.862+0000] {dag.py:3823} INFO - Setting next_dagrun for tutorial_dag to None, run_after=None
[2025-11-03T01:33:06.293+0000] {processor.py:183} INFO - Processing /home/airflow/.local/lib/python3.8/site-packages/airflow/example_dags/tutorial_dag.py took 1.867 seconds
[2025-11-03T01:33:49.526+0000] {processor.py:161} INFO - Started process (PID=825) to work on /home/airflow/.local/lib/python3.8/site-packages/airflow/example_dags/tutorial_dag.py
[2025-11-03T01:33:49.554+0000] {processor.py:830} INFO - Processing file /home/airflow/.local/lib/python3.8/site-packages/airflow/example_dags/tutorial_dag.py for tasks to queue
[2025-11-03T01:33:49.593+0000] {logging_mixin.py:188} INFO - [2025-11-03T01:33:49.592+0000] {dagbag.py:538} INFO - Filling up the DagBag from /home/airflow/.local/lib/python3.8/site-packages/airflow/example_dags/tutorial_dag.py
[2025-11-03T01:33:49.897+0000] {processor.py:840} INFO - DAG(s) 'tutorial_dag' retrieved from /home/airflow/.local/lib/python3.8/site-packages/airflow/example_dags/tutorial_dag.py
[2025-11-03T01:33:50.983+0000] {logging_mixin.py:188} INFO - [2025-11-03T01:33:50.982+0000] {dag.py:3036} INFO - Sync 1 DAGs
[2025-11-03T01:33:51.134+0000] {logging_mixin.py:188} INFO - [2025-11-03T01:33:51.134+0000] {dag.py:3823} INFO - Setting next_dagrun for tutorial_dag to None, run_after=None
[2025-11-03T01:33:51.302+0000] {processor.py:183} INFO - Processing /home/airflow/.local/lib/python3.8/site-packages/airflow/example_dags/tutorial_dag.py took 1.009 seconds
[2025-11-03T01:34:37.123+0000] {processor.py:161} INFO - Started process (PID=895) to work on /home/airflow/.local/lib/python3.8/site-packages/airflow/example_dags/tutorial_dag.py
[2025-11-03T01:34:37.127+0000] {processor.py:830} INFO - Processing file /home/airflow/.local/lib/python3.8/site-packages/airflow/example_dags/tutorial_dag.py for tasks to queue
[2025-11-03T01:34:37.138+0000] {logging_mixin.py:188} INFO - [2025-11-03T01:34:37.136+0000] {dagbag.py:538} INFO - Filling up the DagBag from /home/airflow/.local/lib/python3.8/site-packages/airflow/example_dags/tutorial_dag.py
[2025-11-03T01:34:37.168+0000] {processor.py:840} INFO - DAG(s) 'tutorial_dag' retrieved from /home/airflow/.local/lib/python3.8/site-packages/airflow/example_dags/tutorial_dag.py
[2025-11-03T01:34:37.275+0000] {logging_mixin.py:188} INFO - [2025-11-03T01:34:37.274+0000] {dag.py:3036} INFO - Sync 1 DAGs
[2025-11-03T01:34:37.340+0000] {logging_mixin.py:188} INFO - [2025-11-03T01:34:37.339+0000] {dag.py:3823} INFO - Setting next_dagrun for tutorial_dag to None, run_after=None
[2025-11-03T01:34:37.450+0000] {processor.py:183} INFO - Processing /home/airflow/.local/lib/python3.8/site-packages/airflow/example_dags/tutorial_dag.py took 0.343 seconds
[2025-11-03T01:35:08.237+0000] {processor.py:161} INFO - Started process (PID=949) to work on /home/airflow/.local/lib/python3.8/site-packages/airflow/example_dags/tutorial_dag.py
[2025-11-03T01:35:08.252+0000] {processor.py:830} INFO - Processing file /home/airflow/.local/lib/python3.8/site-packages/airflow/example_dags/tutorial_dag.py for tasks to queue
[2025-11-03T01:35:08.270+0000] {logging_mixin.py:188} INFO - [2025-11-03T01:35:08.269+0000] {dagbag.py:538} INFO - Filling up the DagBag from /home/airflow/.local/lib/python3.8/site-packages/airflow/example_dags/tutorial_dag.py
[2025-11-03T01:35:08.308+0000] {processor.py:840} INFO - DAG(s) 'tutorial_dag' retrieved from /home/airflow/.local/lib/python3.8/site-packages/airflow/example_dags/tutorial_dag.py
[2025-11-03T01:35:08.436+0000] {logging_mixin.py:188} INFO - [2025-11-03T01:35:08.431+0000] {dag.py:3036} INFO - Sync 1 DAGs
[2025-11-03T01:35:08.545+0000] {logging_mixin.py:188} INFO - [2025-11-03T01:35:08.544+0000] {dag.py:3823} INFO - Setting next_dagrun for tutorial_dag to None, run_after=None
[2025-11-03T01:35:08.649+0000] {processor.py:183} INFO - Processing /home/airflow/.local/lib/python3.8/site-packages/airflow/example_dags/tutorial_dag.py took 0.434 seconds
[2025-11-03T01:35:40.844+0000] {processor.py:161} INFO - Started process (PID=1004) to work on /home/airflow/.local/lib/python3.8/site-packages/airflow/example_dags/tutorial_dag.py
[2025-11-03T01:35:40.847+0000] {processor.py:830} INFO - Processing file /home/airflow/.local/lib/python3.8/site-packages/airflow/example_dags/tutorial_dag.py for tasks to queue
[2025-11-03T01:35:40.853+0000] {logging_mixin.py:188} INFO - [2025-11-03T01:35:40.851+0000] {dagbag.py:538} INFO - Filling up the DagBag from /home/airflow/.local/lib/python3.8/site-packages/airflow/example_dags/tutorial_dag.py
[2025-11-03T01:35:40.872+0000] {processor.py:840} INFO - DAG(s) 'tutorial_dag' retrieved from /home/airflow/.local/lib/python3.8/site-packages/airflow/example_dags/tutorial_dag.py
[2025-11-03T01:35:40.935+0000] {logging_mixin.py:188} INFO - [2025-11-03T01:35:40.934+0000] {dag.py:3036} INFO - Sync 1 DAGs
[2025-11-03T01:35:40.975+0000] {logging_mixin.py:188} INFO - [2025-11-03T01:35:40.974+0000] {dag.py:3823} INFO - Setting next_dagrun for tutorial_dag to None, run_after=None
[2025-11-03T01:35:41.056+0000] {processor.py:183} INFO - Processing /home/airflow/.local/lib/python3.8/site-packages/airflow/example_dags/tutorial_dag.py took 0.223 seconds
[2025-11-03T01:36:12.089+0000] {processor.py:161} INFO - Started process (PID=1059) to work on /home/airflow/.local/lib/python3.8/site-packages/airflow/example_dags/tutorial_dag.py
[2025-11-03T01:36:12.093+0000] {processor.py:830} INFO - Processing file /home/airflow/.local/lib/python3.8/site-packages/airflow/example_dags/tutorial_dag.py for tasks to queue
[2025-11-03T01:36:12.100+0000] {logging_mixin.py:188} INFO - [2025-11-03T01:36:12.099+0000] {dagbag.py:538} INFO - Filling up the DagBag from /home/airflow/.local/lib/python3.8/site-packages/airflow/example_dags/tutorial_dag.py
[2025-11-03T01:36:12.119+0000] {processor.py:840} INFO - DAG(s) 'tutorial_dag' retrieved from /home/airflow/.local/lib/python3.8/site-packages/airflow/example_dags/tutorial_dag.py
[2025-11-03T01:36:12.208+0000] {logging_mixin.py:188} INFO - [2025-11-03T01:36:12.207+0000] {dag.py:3036} INFO - Sync 1 DAGs
[2025-11-03T01:36:12.257+0000] {logging_mixin.py:188} INFO - [2025-11-03T01:36:12.257+0000] {dag.py:3823} INFO - Setting next_dagrun for tutorial_dag to None, run_after=None
[2025-11-03T01:36:12.458+0000] {processor.py:183} INFO - Processing /home/airflow/.local/lib/python3.8/site-packages/airflow/example_dags/tutorial_dag.py took 0.384 seconds
[2025-11-03T01:36:44.317+0000] {processor.py:161} INFO - Started process (PID=1115) to work on /home/airflow/.local/lib/python3.8/site-packages/airflow/example_dags/tutorial_dag.py
[2025-11-03T01:36:44.320+0000] {processor.py:830} INFO - Processing file /home/airflow/.local/lib/python3.8/site-packages/airflow/example_dags/tutorial_dag.py for tasks to queue
[2025-11-03T01:36:44.326+0000] {logging_mixin.py:188} INFO - [2025-11-03T01:36:44.325+0000] {dagbag.py:538} INFO - Filling up the DagBag from /home/airflow/.local/lib/python3.8/site-packages/airflow/example_dags/tutorial_dag.py
[2025-11-03T01:36:44.342+0000] {processor.py:840} INFO - DAG(s) 'tutorial_dag' retrieved from /home/airflow/.local/lib/python3.8/site-packages/airflow/example_dags/tutorial_dag.py
[2025-11-03T01:36:44.394+0000] {logging_mixin.py:188} INFO - [2025-11-03T01:36:44.394+0000] {dag.py:3036} INFO - Sync 1 DAGs
[2025-11-03T01:36:44.439+0000] {logging_mixin.py:188} INFO - [2025-11-03T01:36:44.439+0000] {dag.py:3823} INFO - Setting next_dagrun for tutorial_dag to None, run_after=None
[2025-11-03T01:36:44.503+0000] {processor.py:183} INFO - Processing /home/airflow/.local/lib/python3.8/site-packages/airflow/example_dags/tutorial_dag.py took 0.195 seconds
[2025-11-03T01:37:20.075+0000] {processor.py:161} INFO - Started process (PID=1169) to work on /home/airflow/.local/lib/python3.8/site-packages/airflow/example_dags/tutorial_dag.py
[2025-11-03T01:37:20.104+0000] {processor.py:830} INFO - Processing file /home/airflow/.local/lib/python3.8/site-packages/airflow/example_dags/tutorial_dag.py for tasks to queue
[2025-11-03T01:37:20.117+0000] {logging_mixin.py:188} INFO - [2025-11-03T01:37:20.116+0000] {dagbag.py:538} INFO - Filling up the DagBag from /home/airflow/.local/lib/python3.8/site-packages/airflow/example_dags/tutorial_dag.py
[2025-11-03T01:37:20.166+0000] {processor.py:840} INFO - DAG(s) 'tutorial_dag' retrieved from /home/airflow/.local/lib/python3.8/site-packages/airflow/example_dags/tutorial_dag.py
[2025-11-03T01:37:20.342+0000] {logging_mixin.py:188} INFO - [2025-11-03T01:37:20.341+0000] {dag.py:3036} INFO - Sync 1 DAGs
[2025-11-03T01:37:20.453+0000] {logging_mixin.py:188} INFO - [2025-11-03T01:37:20.452+0000] {dag.py:3823} INFO - Setting next_dagrun for tutorial_dag to None, run_after=None
[2025-11-03T01:37:20.612+0000] {processor.py:183} INFO - Processing /home/airflow/.local/lib/python3.8/site-packages/airflow/example_dags/tutorial_dag.py took 0.577 seconds
[2025-11-03T01:38:19.930+0000] {processor.py:161} INFO - Started process (PID=1238) to work on /home/airflow/.local/lib/python3.8/site-packages/airflow/example_dags/tutorial_dag.py
[2025-11-03T01:38:19.933+0000] {processor.py:830} INFO - Processing file /home/airflow/.local/lib/python3.8/site-packages/airflow/example_dags/tutorial_dag.py for tasks to queue
[2025-11-03T01:38:19.947+0000] {logging_mixin.py:188} INFO - [2025-11-03T01:38:19.945+0000] {dagbag.py:538} INFO - Filling up the DagBag from /home/airflow/.local/lib/python3.8/site-packages/airflow/example_dags/tutorial_dag.py
[2025-11-03T01:38:19.974+0000] {processor.py:840} INFO - DAG(s) 'tutorial_dag' retrieved from /home/airflow/.local/lib/python3.8/site-packages/airflow/example_dags/tutorial_dag.py
[2025-11-03T01:38:20.084+0000] {logging_mixin.py:188} INFO - [2025-11-03T01:38:20.083+0000] {dag.py:3036} INFO - Sync 1 DAGs
[2025-11-03T01:38:20.146+0000] {logging_mixin.py:188} INFO - [2025-11-03T01:38:20.146+0000] {dag.py:3823} INFO - Setting next_dagrun for tutorial_dag to None, run_after=None
[2025-11-03T01:38:21.189+0000] {processor.py:183} INFO - Processing /home/airflow/.local/lib/python3.8/site-packages/airflow/example_dags/tutorial_dag.py took 1.276 seconds
[2025-11-03T01:39:19.610+0000] {processor.py:161} INFO - Started process (PID=1306) to work on /home/airflow/.local/lib/python3.8/site-packages/airflow/example_dags/tutorial_dag.py
[2025-11-03T01:39:19.654+0000] {processor.py:830} INFO - Processing file /home/airflow/.local/lib/python3.8/site-packages/airflow/example_dags/tutorial_dag.py for tasks to queue
[2025-11-03T01:39:19.701+0000] {logging_mixin.py:188} INFO - [2025-11-03T01:39:19.693+0000] {dagbag.py:538} INFO - Filling up the DagBag from /home/airflow/.local/lib/python3.8/site-packages/airflow/example_dags/tutorial_dag.py
[2025-11-03T01:39:19.745+0000] {processor.py:840} INFO - DAG(s) 'tutorial_dag' retrieved from /home/airflow/.local/lib/python3.8/site-packages/airflow/example_dags/tutorial_dag.py
[2025-11-03T01:39:19.920+0000] {logging_mixin.py:188} INFO - [2025-11-03T01:39:19.919+0000] {dag.py:3036} INFO - Sync 1 DAGs
[2025-11-03T01:39:20.025+0000] {logging_mixin.py:188} INFO - [2025-11-03T01:39:20.024+0000] {dag.py:3823} INFO - Setting next_dagrun for tutorial_dag to None, run_after=None
[2025-11-03T01:39:20.158+0000] {processor.py:183} INFO - Processing /home/airflow/.local/lib/python3.8/site-packages/airflow/example_dags/tutorial_dag.py took 0.711 seconds
[2025-11-03T01:39:53.052+0000] {processor.py:161} INFO - Started process (PID=1360) to work on /home/airflow/.local/lib/python3.8/site-packages/airflow/example_dags/tutorial_dag.py
[2025-11-03T01:39:53.066+0000] {processor.py:830} INFO - Processing file /home/airflow/.local/lib/python3.8/site-packages/airflow/example_dags/tutorial_dag.py for tasks to queue
[2025-11-03T01:39:53.076+0000] {logging_mixin.py:188} INFO - [2025-11-03T01:39:53.075+0000] {dagbag.py:538} INFO - Filling up the DagBag from /home/airflow/.local/lib/python3.8/site-packages/airflow/example_dags/tutorial_dag.py
[2025-11-03T01:39:53.148+0000] {processor.py:840} INFO - DAG(s) 'tutorial_dag' retrieved from /home/airflow/.local/lib/python3.8/site-packages/airflow/example_dags/tutorial_dag.py
[2025-11-03T01:39:53.247+0000] {logging_mixin.py:188} INFO - [2025-11-03T01:39:53.246+0000] {dag.py:3036} INFO - Sync 1 DAGs
[2025-11-03T01:39:53.354+0000] {logging_mixin.py:188} INFO - [2025-11-03T01:39:53.353+0000] {dag.py:3823} INFO - Setting next_dagrun for tutorial_dag to None, run_after=None
[2025-11-03T01:39:53.535+0000] {processor.py:183} INFO - Processing /home/airflow/.local/lib/python3.8/site-packages/airflow/example_dags/tutorial_dag.py took 0.505 seconds
[2025-11-03T01:41:28.449+0000] {processor.py:161} INFO - Started process (PID=1418) to work on /home/airflow/.local/lib/python3.8/site-packages/airflow/example_dags/tutorial_dag.py
[2025-11-03T01:41:28.502+0000] {processor.py:830} INFO - Processing file /home/airflow/.local/lib/python3.8/site-packages/airflow/example_dags/tutorial_dag.py for tasks to queue
[2025-11-03T01:41:28.757+0000] {logging_mixin.py:188} INFO - [2025-11-03T01:41:28.755+0000] {dagbag.py:538} INFO - Filling up the DagBag from /home/airflow/.local/lib/python3.8/site-packages/airflow/example_dags/tutorial_dag.py
[2025-11-03T01:41:29.889+0000] {processor.py:840} INFO - DAG(s) 'tutorial_dag' retrieved from /home/airflow/.local/lib/python3.8/site-packages/airflow/example_dags/tutorial_dag.py
[2025-11-03T01:41:33.473+0000] {logging_mixin.py:188} INFO - [2025-11-03T01:41:33.473+0000] {dag.py:3036} INFO - Sync 1 DAGs
[2025-11-03T01:41:35.393+0000] {logging_mixin.py:188} INFO - [2025-11-03T01:41:35.337+0000] {dag.py:3823} INFO - Setting next_dagrun for tutorial_dag to None, run_after=None
[2025-11-03T01:41:41.621+0000] {processor.py:183} INFO - Processing /home/airflow/.local/lib/python3.8/site-packages/airflow/example_dags/tutorial_dag.py took 12.351 seconds
[2025-11-03T01:48:34.867+0000] {processor.py:161} INFO - Started process (PID=1515) to work on /home/airflow/.local/lib/python3.8/site-packages/airflow/example_dags/tutorial_dag.py
[2025-11-03T01:48:34.926+0000] {processor.py:830} INFO - Processing file /home/airflow/.local/lib/python3.8/site-packages/airflow/example_dags/tutorial_dag.py for tasks to queue
[2025-11-03T01:48:34.991+0000] {logging_mixin.py:188} INFO - [2025-11-03T01:48:34.990+0000] {dagbag.py:538} INFO - Filling up the DagBag from /home/airflow/.local/lib/python3.8/site-packages/airflow/example_dags/tutorial_dag.py
[2025-11-03T01:48:35.176+0000] {processor.py:840} INFO - DAG(s) 'tutorial_dag' retrieved from /home/airflow/.local/lib/python3.8/site-packages/airflow/example_dags/tutorial_dag.py
[2025-11-03T01:48:36.286+0000] {logging_mixin.py:188} INFO - [2025-11-03T01:48:36.285+0000] {dag.py:3036} INFO - Sync 1 DAGs
[2025-11-03T01:48:36.671+0000] {logging_mixin.py:188} INFO - [2025-11-03T01:48:36.670+0000] {dag.py:3823} INFO - Setting next_dagrun for tutorial_dag to None, run_after=None
[2025-11-03T01:48:38.406+0000] {processor.py:183} INFO - Processing /home/airflow/.local/lib/python3.8/site-packages/airflow/example_dags/tutorial_dag.py took 3.625 seconds
[2025-11-03T01:56:05.148+0000] {processor.py:161} INFO - Started process (PID=1625) to work on /home/airflow/.local/lib/python3.8/site-packages/airflow/example_dags/tutorial_dag.py
[2025-11-03T01:56:05.213+0000] {processor.py:830} INFO - Processing file /home/airflow/.local/lib/python3.8/site-packages/airflow/example_dags/tutorial_dag.py for tasks to queue
[2025-11-03T01:56:05.230+0000] {logging_mixin.py:188} INFO - [2025-11-03T01:56:05.229+0000] {dagbag.py:538} INFO - Filling up the DagBag from /home/airflow/.local/lib/python3.8/site-packages/airflow/example_dags/tutorial_dag.py
[2025-11-03T01:56:05.804+0000] {processor.py:840} INFO - DAG(s) 'tutorial_dag' retrieved from /home/airflow/.local/lib/python3.8/site-packages/airflow/example_dags/tutorial_dag.py
[2025-11-03T01:56:26.448+0000] {logging_mixin.py:188} INFO - [2025-11-03T01:56:26.447+0000] {dag.py:3036} INFO - Sync 1 DAGs
[2025-11-03T01:56:29.278+0000] {logging_mixin.py:188} INFO - [2025-11-03T01:56:29.278+0000] {dag.py:3823} INFO - Setting next_dagrun for tutorial_dag to None, run_after=None
[2025-11-03T01:56:31.576+0000] {processor.py:183} INFO - Processing /home/airflow/.local/lib/python3.8/site-packages/airflow/example_dags/tutorial_dag.py took 25.967 seconds
