[2025-11-03T01:13:44.297+0000] {processor.py:161} INFO - Started process (PID=127) to work on /home/airflow/.local/lib/python3.8/site-packages/airflow/example_dags/tutorial_objectstorage.py
[2025-11-03T01:13:44.321+0000] {processor.py:830} INFO - Processing file /home/airflow/.local/lib/python3.8/site-packages/airflow/example_dags/tutorial_objectstorage.py for tasks to queue
[2025-11-03T01:13:44.333+0000] {logging_mixin.py:188} INFO - [2025-11-03T01:13:44.330+0000] {dagbag.py:538} INFO - Filling up the DagBag from /home/airflow/.local/lib/python3.8/site-packages/airflow/example_dags/tutorial_objectstorage.py
[2025-11-03T01:13:44.439+0000] {processor.py:840} INFO - DAG(s) 'tutorial_objectstorage' retrieved from /home/airflow/.local/lib/python3.8/site-packages/airflow/example_dags/tutorial_objectstorage.py
[2025-11-03T01:13:44.943+0000] {logging_mixin.py:188} INFO - [2025-11-03T01:13:44.942+0000] {dag.py:3036} INFO - Sync 1 DAGs
[2025-11-03T01:13:45.191+0000] {logging_mixin.py:188} INFO - [2025-11-03T01:13:45.190+0000] {dag.py:3823} INFO - Setting next_dagrun for tutorial_objectstorage to None, run_after=None
[2025-11-03T01:13:45.381+0000] {processor.py:183} INFO - Processing /home/airflow/.local/lib/python3.8/site-packages/airflow/example_dags/tutorial_objectstorage.py took 1.122 seconds
[2025-11-03T01:14:29.756+0000] {processor.py:161} INFO - Started process (PID=188) to work on /home/airflow/.local/lib/python3.8/site-packages/airflow/example_dags/tutorial_objectstorage.py
[2025-11-03T01:14:29.770+0000] {processor.py:830} INFO - Processing file /home/airflow/.local/lib/python3.8/site-packages/airflow/example_dags/tutorial_objectstorage.py for tasks to queue
[2025-11-03T01:14:29.793+0000] {logging_mixin.py:188} INFO - [2025-11-03T01:14:29.785+0000] {dagbag.py:538} INFO - Filling up the DagBag from /home/airflow/.local/lib/python3.8/site-packages/airflow/example_dags/tutorial_objectstorage.py
[2025-11-03T01:14:29.907+0000] {processor.py:840} INFO - DAG(s) 'tutorial_objectstorage' retrieved from /home/airflow/.local/lib/python3.8/site-packages/airflow/example_dags/tutorial_objectstorage.py
[2025-11-03T01:14:30.156+0000] {logging_mixin.py:188} INFO - [2025-11-03T01:14:30.155+0000] {dag.py:3036} INFO - Sync 1 DAGs
[2025-11-03T01:14:30.339+0000] {logging_mixin.py:188} INFO - [2025-11-03T01:14:30.338+0000] {dag.py:3823} INFO - Setting next_dagrun for tutorial_objectstorage to None, run_after=None
[2025-11-03T01:14:31.133+0000] {processor.py:183} INFO - Processing /home/airflow/.local/lib/python3.8/site-packages/airflow/example_dags/tutorial_objectstorage.py took 1.457 seconds
[2025-11-03T01:15:23.111+0000] {processor.py:161} INFO - Started process (PID=243) to work on /home/airflow/.local/lib/python3.8/site-packages/airflow/example_dags/tutorial_objectstorage.py
[2025-11-03T01:15:23.120+0000] {processor.py:830} INFO - Processing file /home/airflow/.local/lib/python3.8/site-packages/airflow/example_dags/tutorial_objectstorage.py for tasks to queue
[2025-11-03T01:15:23.132+0000] {logging_mixin.py:188} INFO - [2025-11-03T01:15:23.131+0000] {dagbag.py:538} INFO - Filling up the DagBag from /home/airflow/.local/lib/python3.8/site-packages/airflow/example_dags/tutorial_objectstorage.py
[2025-11-03T01:15:23.170+0000] {processor.py:840} INFO - DAG(s) 'tutorial_objectstorage' retrieved from /home/airflow/.local/lib/python3.8/site-packages/airflow/example_dags/tutorial_objectstorage.py
[2025-11-03T01:15:23.282+0000] {logging_mixin.py:188} INFO - [2025-11-03T01:15:23.282+0000] {dag.py:3036} INFO - Sync 1 DAGs
[2025-11-03T01:15:23.357+0000] {logging_mixin.py:188} INFO - [2025-11-03T01:15:23.357+0000] {dag.py:3823} INFO - Setting next_dagrun for tutorial_objectstorage to None, run_after=None
[2025-11-03T01:15:23.506+0000] {processor.py:183} INFO - Processing /home/airflow/.local/lib/python3.8/site-packages/airflow/example_dags/tutorial_objectstorage.py took 0.416 seconds
[2025-11-03T01:16:13.181+0000] {processor.py:161} INFO - Started process (PID=309) to work on /home/airflow/.local/lib/python3.8/site-packages/airflow/example_dags/tutorial_objectstorage.py
[2025-11-03T01:16:13.195+0000] {processor.py:830} INFO - Processing file /home/airflow/.local/lib/python3.8/site-packages/airflow/example_dags/tutorial_objectstorage.py for tasks to queue
[2025-11-03T01:16:13.215+0000] {logging_mixin.py:188} INFO - [2025-11-03T01:16:13.214+0000] {dagbag.py:538} INFO - Filling up the DagBag from /home/airflow/.local/lib/python3.8/site-packages/airflow/example_dags/tutorial_objectstorage.py
[2025-11-03T01:16:13.257+0000] {processor.py:840} INFO - DAG(s) 'tutorial_objectstorage' retrieved from /home/airflow/.local/lib/python3.8/site-packages/airflow/example_dags/tutorial_objectstorage.py
[2025-11-03T01:16:13.945+0000] {logging_mixin.py:188} INFO - [2025-11-03T01:16:13.944+0000] {dag.py:3036} INFO - Sync 1 DAGs
[2025-11-03T01:16:13.992+0000] {logging_mixin.py:188} INFO - [2025-11-03T01:16:13.991+0000] {dag.py:3823} INFO - Setting next_dagrun for tutorial_objectstorage to None, run_after=None
[2025-11-03T01:16:14.112+0000] {processor.py:183} INFO - Processing /home/airflow/.local/lib/python3.8/site-packages/airflow/example_dags/tutorial_objectstorage.py took 0.966 seconds
[2025-11-03T01:16:44.288+0000] {processor.py:161} INFO - Started process (PID=363) to work on /home/airflow/.local/lib/python3.8/site-packages/airflow/example_dags/tutorial_objectstorage.py
[2025-11-03T01:16:44.292+0000] {processor.py:830} INFO - Processing file /home/airflow/.local/lib/python3.8/site-packages/airflow/example_dags/tutorial_objectstorage.py for tasks to queue
[2025-11-03T01:16:44.301+0000] {logging_mixin.py:188} INFO - [2025-11-03T01:16:44.300+0000] {dagbag.py:538} INFO - Filling up the DagBag from /home/airflow/.local/lib/python3.8/site-packages/airflow/example_dags/tutorial_objectstorage.py
[2025-11-03T01:16:44.334+0000] {processor.py:840} INFO - DAG(s) 'tutorial_objectstorage' retrieved from /home/airflow/.local/lib/python3.8/site-packages/airflow/example_dags/tutorial_objectstorage.py
[2025-11-03T01:16:44.456+0000] {logging_mixin.py:188} INFO - [2025-11-03T01:16:44.455+0000] {dag.py:3036} INFO - Sync 1 DAGs
[2025-11-03T01:16:44.517+0000] {logging_mixin.py:188} INFO - [2025-11-03T01:16:44.516+0000] {dag.py:3823} INFO - Setting next_dagrun for tutorial_objectstorage to None, run_after=None
[2025-11-03T01:16:44.597+0000] {processor.py:183} INFO - Processing /home/airflow/.local/lib/python3.8/site-packages/airflow/example_dags/tutorial_objectstorage.py took 0.322 seconds
[2025-11-03T01:17:16.967+0000] {processor.py:161} INFO - Started process (PID=418) to work on /home/airflow/.local/lib/python3.8/site-packages/airflow/example_dags/tutorial_objectstorage.py
[2025-11-03T01:17:16.983+0000] {processor.py:830} INFO - Processing file /home/airflow/.local/lib/python3.8/site-packages/airflow/example_dags/tutorial_objectstorage.py for tasks to queue
[2025-11-03T01:17:16.999+0000] {logging_mixin.py:188} INFO - [2025-11-03T01:17:16.997+0000] {dagbag.py:538} INFO - Filling up the DagBag from /home/airflow/.local/lib/python3.8/site-packages/airflow/example_dags/tutorial_objectstorage.py
[2025-11-03T01:17:17.041+0000] {processor.py:840} INFO - DAG(s) 'tutorial_objectstorage' retrieved from /home/airflow/.local/lib/python3.8/site-packages/airflow/example_dags/tutorial_objectstorage.py
[2025-11-03T01:17:17.144+0000] {logging_mixin.py:188} INFO - [2025-11-03T01:17:17.142+0000] {dag.py:3036} INFO - Sync 1 DAGs
[2025-11-03T01:17:17.285+0000] {logging_mixin.py:188} INFO - [2025-11-03T01:17:17.284+0000] {dag.py:3823} INFO - Setting next_dagrun for tutorial_objectstorage to None, run_after=None
[2025-11-03T01:17:17.666+0000] {processor.py:183} INFO - Processing /home/airflow/.local/lib/python3.8/site-packages/airflow/example_dags/tutorial_objectstorage.py took 0.719 seconds
[2025-11-03T01:17:48.449+0000] {processor.py:161} INFO - Started process (PID=474) to work on /home/airflow/.local/lib/python3.8/site-packages/airflow/example_dags/tutorial_objectstorage.py
[2025-11-03T01:17:48.453+0000] {processor.py:830} INFO - Processing file /home/airflow/.local/lib/python3.8/site-packages/airflow/example_dags/tutorial_objectstorage.py for tasks to queue
[2025-11-03T01:17:48.504+0000] {logging_mixin.py:188} INFO - [2025-11-03T01:17:48.495+0000] {dagbag.py:538} INFO - Filling up the DagBag from /home/airflow/.local/lib/python3.8/site-packages/airflow/example_dags/tutorial_objectstorage.py
[2025-11-03T01:17:48.566+0000] {processor.py:840} INFO - DAG(s) 'tutorial_objectstorage' retrieved from /home/airflow/.local/lib/python3.8/site-packages/airflow/example_dags/tutorial_objectstorage.py
[2025-11-03T01:17:48.713+0000] {logging_mixin.py:188} INFO - [2025-11-03T01:17:48.712+0000] {dag.py:3036} INFO - Sync 1 DAGs
[2025-11-03T01:17:48.824+0000] {logging_mixin.py:188} INFO - [2025-11-03T01:17:48.823+0000] {dag.py:3823} INFO - Setting next_dagrun for tutorial_objectstorage to None, run_after=None
[2025-11-03T01:17:48.917+0000] {processor.py:183} INFO - Processing /home/airflow/.local/lib/python3.8/site-packages/airflow/example_dags/tutorial_objectstorage.py took 0.493 seconds
[2025-11-03T01:18:20.441+0000] {processor.py:161} INFO - Started process (PID=531) to work on /home/airflow/.local/lib/python3.8/site-packages/airflow/example_dags/tutorial_objectstorage.py
[2025-11-03T01:18:20.445+0000] {processor.py:830} INFO - Processing file /home/airflow/.local/lib/python3.8/site-packages/airflow/example_dags/tutorial_objectstorage.py for tasks to queue
[2025-11-03T01:18:20.457+0000] {logging_mixin.py:188} INFO - [2025-11-03T01:18:20.456+0000] {dagbag.py:538} INFO - Filling up the DagBag from /home/airflow/.local/lib/python3.8/site-packages/airflow/example_dags/tutorial_objectstorage.py
[2025-11-03T01:18:20.499+0000] {processor.py:840} INFO - DAG(s) 'tutorial_objectstorage' retrieved from /home/airflow/.local/lib/python3.8/site-packages/airflow/example_dags/tutorial_objectstorage.py
[2025-11-03T01:18:20.618+0000] {logging_mixin.py:188} INFO - [2025-11-03T01:18:20.617+0000] {dag.py:3036} INFO - Sync 1 DAGs
[2025-11-03T01:18:20.707+0000] {logging_mixin.py:188} INFO - [2025-11-03T01:18:20.707+0000] {dag.py:3823} INFO - Setting next_dagrun for tutorial_objectstorage to None, run_after=None
[2025-11-03T01:18:20.810+0000] {processor.py:183} INFO - Processing /home/airflow/.local/lib/python3.8/site-packages/airflow/example_dags/tutorial_objectstorage.py took 0.387 seconds
[2025-11-03T01:18:51.826+0000] {processor.py:161} INFO - Started process (PID=586) to work on /home/airflow/.local/lib/python3.8/site-packages/airflow/example_dags/tutorial_objectstorage.py
[2025-11-03T01:18:51.836+0000] {processor.py:830} INFO - Processing file /home/airflow/.local/lib/python3.8/site-packages/airflow/example_dags/tutorial_objectstorage.py for tasks to queue
[2025-11-03T01:18:51.844+0000] {logging_mixin.py:188} INFO - [2025-11-03T01:18:51.843+0000] {dagbag.py:538} INFO - Filling up the DagBag from /home/airflow/.local/lib/python3.8/site-packages/airflow/example_dags/tutorial_objectstorage.py
[2025-11-03T01:18:51.887+0000] {processor.py:840} INFO - DAG(s) 'tutorial_objectstorage' retrieved from /home/airflow/.local/lib/python3.8/site-packages/airflow/example_dags/tutorial_objectstorage.py
[2025-11-03T01:18:52.084+0000] {logging_mixin.py:188} INFO - [2025-11-03T01:18:52.082+0000] {dag.py:3036} INFO - Sync 1 DAGs
[2025-11-03T01:18:52.179+0000] {logging_mixin.py:188} INFO - [2025-11-03T01:18:52.178+0000] {dag.py:3823} INFO - Setting next_dagrun for tutorial_objectstorage to None, run_after=None
[2025-11-03T01:18:52.265+0000] {processor.py:183} INFO - Processing /home/airflow/.local/lib/python3.8/site-packages/airflow/example_dags/tutorial_objectstorage.py took 0.462 seconds
[2025-11-03T01:19:26.895+0000] {processor.py:161} INFO - Started process (PID=643) to work on /home/airflow/.local/lib/python3.8/site-packages/airflow/example_dags/tutorial_objectstorage.py
[2025-11-03T01:19:26.899+0000] {processor.py:830} INFO - Processing file /home/airflow/.local/lib/python3.8/site-packages/airflow/example_dags/tutorial_objectstorage.py for tasks to queue
[2025-11-03T01:19:26.922+0000] {logging_mixin.py:188} INFO - [2025-11-03T01:19:26.916+0000] {dagbag.py:538} INFO - Filling up the DagBag from /home/airflow/.local/lib/python3.8/site-packages/airflow/example_dags/tutorial_objectstorage.py
[2025-11-03T01:19:26.980+0000] {processor.py:840} INFO - DAG(s) 'tutorial_objectstorage' retrieved from /home/airflow/.local/lib/python3.8/site-packages/airflow/example_dags/tutorial_objectstorage.py
[2025-11-03T01:19:27.184+0000] {logging_mixin.py:188} INFO - [2025-11-03T01:19:27.184+0000] {dag.py:3036} INFO - Sync 1 DAGs
[2025-11-03T01:19:27.295+0000] {logging_mixin.py:188} INFO - [2025-11-03T01:19:27.293+0000] {dag.py:3823} INFO - Setting next_dagrun for tutorial_objectstorage to None, run_after=None
[2025-11-03T01:19:27.425+0000] {processor.py:183} INFO - Processing /home/airflow/.local/lib/python3.8/site-packages/airflow/example_dags/tutorial_objectstorage.py took 0.557 seconds
[2025-11-03T01:19:59.218+0000] {processor.py:161} INFO - Started process (PID=698) to work on /home/airflow/.local/lib/python3.8/site-packages/airflow/example_dags/tutorial_objectstorage.py
[2025-11-03T01:19:59.221+0000] {processor.py:830} INFO - Processing file /home/airflow/.local/lib/python3.8/site-packages/airflow/example_dags/tutorial_objectstorage.py for tasks to queue
[2025-11-03T01:19:59.228+0000] {logging_mixin.py:188} INFO - [2025-11-03T01:19:59.226+0000] {dagbag.py:538} INFO - Filling up the DagBag from /home/airflow/.local/lib/python3.8/site-packages/airflow/example_dags/tutorial_objectstorage.py
[2025-11-03T01:19:59.253+0000] {processor.py:840} INFO - DAG(s) 'tutorial_objectstorage' retrieved from /home/airflow/.local/lib/python3.8/site-packages/airflow/example_dags/tutorial_objectstorage.py
[2025-11-03T01:19:59.343+0000] {logging_mixin.py:188} INFO - [2025-11-03T01:19:59.342+0000] {dag.py:3036} INFO - Sync 1 DAGs
[2025-11-03T01:19:59.387+0000] {logging_mixin.py:188} INFO - [2025-11-03T01:19:59.387+0000] {dag.py:3823} INFO - Setting next_dagrun for tutorial_objectstorage to None, run_after=None
[2025-11-03T01:19:59.509+0000] {processor.py:183} INFO - Processing /home/airflow/.local/lib/python3.8/site-packages/airflow/example_dags/tutorial_objectstorage.py took 0.307 seconds
[2025-11-03T01:20:31.257+0000] {processor.py:161} INFO - Started process (PID=753) to work on /home/airflow/.local/lib/python3.8/site-packages/airflow/example_dags/tutorial_objectstorage.py
[2025-11-03T01:20:31.271+0000] {processor.py:830} INFO - Processing file /home/airflow/.local/lib/python3.8/site-packages/airflow/example_dags/tutorial_objectstorage.py for tasks to queue
[2025-11-03T01:20:31.291+0000] {logging_mixin.py:188} INFO - [2025-11-03T01:20:31.290+0000] {dagbag.py:538} INFO - Filling up the DagBag from /home/airflow/.local/lib/python3.8/site-packages/airflow/example_dags/tutorial_objectstorage.py
[2025-11-03T01:20:31.326+0000] {processor.py:840} INFO - DAG(s) 'tutorial_objectstorage' retrieved from /home/airflow/.local/lib/python3.8/site-packages/airflow/example_dags/tutorial_objectstorage.py
[2025-11-03T01:20:31.433+0000] {logging_mixin.py:188} INFO - [2025-11-03T01:20:31.432+0000] {dag.py:3036} INFO - Sync 1 DAGs
[2025-11-03T01:20:31.506+0000] {logging_mixin.py:188} INFO - [2025-11-03T01:20:31.505+0000] {dag.py:3823} INFO - Setting next_dagrun for tutorial_objectstorage to None, run_after=None
[2025-11-03T01:20:31.614+0000] {processor.py:183} INFO - Processing /home/airflow/.local/lib/python3.8/site-packages/airflow/example_dags/tutorial_objectstorage.py took 0.397 seconds
[2025-11-03T01:21:14.671+0000] {processor.py:161} INFO - Started process (PID=819) to work on /home/airflow/.local/lib/python3.8/site-packages/airflow/example_dags/tutorial_objectstorage.py
[2025-11-03T01:21:14.674+0000] {processor.py:830} INFO - Processing file /home/airflow/.local/lib/python3.8/site-packages/airflow/example_dags/tutorial_objectstorage.py for tasks to queue
[2025-11-03T01:21:14.680+0000] {logging_mixin.py:188} INFO - [2025-11-03T01:21:14.679+0000] {dagbag.py:538} INFO - Filling up the DagBag from /home/airflow/.local/lib/python3.8/site-packages/airflow/example_dags/tutorial_objectstorage.py
[2025-11-03T01:21:14.701+0000] {processor.py:840} INFO - DAG(s) 'tutorial_objectstorage' retrieved from /home/airflow/.local/lib/python3.8/site-packages/airflow/example_dags/tutorial_objectstorage.py
[2025-11-03T01:21:14.771+0000] {logging_mixin.py:188} INFO - [2025-11-03T01:21:14.771+0000] {dag.py:3036} INFO - Sync 1 DAGs
[2025-11-03T01:21:14.817+0000] {logging_mixin.py:188} INFO - [2025-11-03T01:21:14.816+0000] {dag.py:3823} INFO - Setting next_dagrun for tutorial_objectstorage to None, run_after=None
[2025-11-03T01:21:14.879+0000] {processor.py:183} INFO - Processing /home/airflow/.local/lib/python3.8/site-packages/airflow/example_dags/tutorial_objectstorage.py took 0.218 seconds
[2025-11-03T01:25:55.159+0000] {processor.py:161} INFO - Started process (PID=113) to work on /home/airflow/.local/lib/python3.8/site-packages/airflow/example_dags/tutorial_objectstorage.py
[2025-11-03T01:25:55.173+0000] {processor.py:830} INFO - Processing file /home/airflow/.local/lib/python3.8/site-packages/airflow/example_dags/tutorial_objectstorage.py for tasks to queue
[2025-11-03T01:25:55.191+0000] {logging_mixin.py:188} INFO - [2025-11-03T01:25:55.187+0000] {dagbag.py:538} INFO - Filling up the DagBag from /home/airflow/.local/lib/python3.8/site-packages/airflow/example_dags/tutorial_objectstorage.py
[2025-11-03T01:25:55.221+0000] {processor.py:840} INFO - DAG(s) 'tutorial_objectstorage' retrieved from /home/airflow/.local/lib/python3.8/site-packages/airflow/example_dags/tutorial_objectstorage.py
[2025-11-03T01:25:55.340+0000] {logging_mixin.py:188} INFO - [2025-11-03T01:25:55.339+0000] {dag.py:3036} INFO - Sync 1 DAGs
[2025-11-03T01:25:55.547+0000] {logging_mixin.py:188} INFO - [2025-11-03T01:25:55.539+0000] {dag.py:3823} INFO - Setting next_dagrun for tutorial_objectstorage to None, run_after=None
[2025-11-03T01:25:56.648+0000] {processor.py:183} INFO - Processing /home/airflow/.local/lib/python3.8/site-packages/airflow/example_dags/tutorial_objectstorage.py took 1.518 seconds
[2025-11-03T01:26:27.554+0000] {processor.py:161} INFO - Started process (PID=170) to work on /home/airflow/.local/lib/python3.8/site-packages/airflow/example_dags/tutorial_objectstorage.py
[2025-11-03T01:26:27.558+0000] {processor.py:830} INFO - Processing file /home/airflow/.local/lib/python3.8/site-packages/airflow/example_dags/tutorial_objectstorage.py for tasks to queue
[2025-11-03T01:26:27.564+0000] {logging_mixin.py:188} INFO - [2025-11-03T01:26:27.563+0000] {dagbag.py:538} INFO - Filling up the DagBag from /home/airflow/.local/lib/python3.8/site-packages/airflow/example_dags/tutorial_objectstorage.py
[2025-11-03T01:26:27.593+0000] {processor.py:840} INFO - DAG(s) 'tutorial_objectstorage' retrieved from /home/airflow/.local/lib/python3.8/site-packages/airflow/example_dags/tutorial_objectstorage.py
[2025-11-03T01:26:27.659+0000] {logging_mixin.py:188} INFO - [2025-11-03T01:26:27.658+0000] {dag.py:3036} INFO - Sync 1 DAGs
[2025-11-03T01:26:27.700+0000] {logging_mixin.py:188} INFO - [2025-11-03T01:26:27.699+0000] {dag.py:3823} INFO - Setting next_dagrun for tutorial_objectstorage to None, run_after=None
[2025-11-03T01:26:27.759+0000] {processor.py:183} INFO - Processing /home/airflow/.local/lib/python3.8/site-packages/airflow/example_dags/tutorial_objectstorage.py took 0.222 seconds
[2025-11-03T01:26:57.859+0000] {processor.py:161} INFO - Started process (PID=225) to work on /home/airflow/.local/lib/python3.8/site-packages/airflow/example_dags/tutorial_objectstorage.py
[2025-11-03T01:26:57.862+0000] {processor.py:830} INFO - Processing file /home/airflow/.local/lib/python3.8/site-packages/airflow/example_dags/tutorial_objectstorage.py for tasks to queue
[2025-11-03T01:26:57.867+0000] {logging_mixin.py:188} INFO - [2025-11-03T01:26:57.866+0000] {dagbag.py:538} INFO - Filling up the DagBag from /home/airflow/.local/lib/python3.8/site-packages/airflow/example_dags/tutorial_objectstorage.py
[2025-11-03T01:26:57.884+0000] {processor.py:840} INFO - DAG(s) 'tutorial_objectstorage' retrieved from /home/airflow/.local/lib/python3.8/site-packages/airflow/example_dags/tutorial_objectstorage.py
[2025-11-03T01:26:57.925+0000] {logging_mixin.py:188} INFO - [2025-11-03T01:26:57.925+0000] {dag.py:3036} INFO - Sync 1 DAGs
[2025-11-03T01:26:57.949+0000] {logging_mixin.py:188} INFO - [2025-11-03T01:26:57.948+0000] {dag.py:3823} INFO - Setting next_dagrun for tutorial_objectstorage to None, run_after=None
[2025-11-03T01:26:57.988+0000] {processor.py:183} INFO - Processing /home/airflow/.local/lib/python3.8/site-packages/airflow/example_dags/tutorial_objectstorage.py took 0.138 seconds
[2025-11-03T01:27:28.512+0000] {processor.py:161} INFO - Started process (PID=280) to work on /home/airflow/.local/lib/python3.8/site-packages/airflow/example_dags/tutorial_objectstorage.py
[2025-11-03T01:27:28.516+0000] {processor.py:830} INFO - Processing file /home/airflow/.local/lib/python3.8/site-packages/airflow/example_dags/tutorial_objectstorage.py for tasks to queue
[2025-11-03T01:27:28.544+0000] {logging_mixin.py:188} INFO - [2025-11-03T01:27:28.543+0000] {dagbag.py:538} INFO - Filling up the DagBag from /home/airflow/.local/lib/python3.8/site-packages/airflow/example_dags/tutorial_objectstorage.py
[2025-11-03T01:27:28.614+0000] {processor.py:840} INFO - DAG(s) 'tutorial_objectstorage' retrieved from /home/airflow/.local/lib/python3.8/site-packages/airflow/example_dags/tutorial_objectstorage.py
[2025-11-03T01:27:28.880+0000] {logging_mixin.py:188} INFO - [2025-11-03T01:27:28.879+0000] {dag.py:3036} INFO - Sync 1 DAGs
[2025-11-03T01:27:29.026+0000] {logging_mixin.py:188} INFO - [2025-11-03T01:27:29.025+0000] {dag.py:3823} INFO - Setting next_dagrun for tutorial_objectstorage to None, run_after=None
[2025-11-03T01:27:29.195+0000] {processor.py:183} INFO - Processing /home/airflow/.local/lib/python3.8/site-packages/airflow/example_dags/tutorial_objectstorage.py took 0.713 seconds
[2025-11-03T01:28:00.432+0000] {processor.py:161} INFO - Started process (PID=334) to work on /home/airflow/.local/lib/python3.8/site-packages/airflow/example_dags/tutorial_objectstorage.py
[2025-11-03T01:28:00.451+0000] {processor.py:830} INFO - Processing file /home/airflow/.local/lib/python3.8/site-packages/airflow/example_dags/tutorial_objectstorage.py for tasks to queue
[2025-11-03T01:28:00.469+0000] {logging_mixin.py:188} INFO - [2025-11-03T01:28:00.468+0000] {dagbag.py:538} INFO - Filling up the DagBag from /home/airflow/.local/lib/python3.8/site-packages/airflow/example_dags/tutorial_objectstorage.py
[2025-11-03T01:28:00.577+0000] {processor.py:840} INFO - DAG(s) 'tutorial_objectstorage' retrieved from /home/airflow/.local/lib/python3.8/site-packages/airflow/example_dags/tutorial_objectstorage.py
[2025-11-03T01:28:01.070+0000] {logging_mixin.py:188} INFO - [2025-11-03T01:28:01.069+0000] {dag.py:3036} INFO - Sync 1 DAGs
[2025-11-03T01:28:01.566+0000] {logging_mixin.py:188} INFO - [2025-11-03T01:28:01.548+0000] {dag.py:3823} INFO - Setting next_dagrun for tutorial_objectstorage to None, run_after=None
[2025-11-03T01:28:02.225+0000] {processor.py:183} INFO - Processing /home/airflow/.local/lib/python3.8/site-packages/airflow/example_dags/tutorial_objectstorage.py took 1.825 seconds
[2025-11-03T01:28:32.931+0000] {processor.py:161} INFO - Started process (PID=388) to work on /home/airflow/.local/lib/python3.8/site-packages/airflow/example_dags/tutorial_objectstorage.py
[2025-11-03T01:28:32.941+0000] {processor.py:830} INFO - Processing file /home/airflow/.local/lib/python3.8/site-packages/airflow/example_dags/tutorial_objectstorage.py for tasks to queue
[2025-11-03T01:28:32.958+0000] {logging_mixin.py:188} INFO - [2025-11-03T01:28:32.957+0000] {dagbag.py:538} INFO - Filling up the DagBag from /home/airflow/.local/lib/python3.8/site-packages/airflow/example_dags/tutorial_objectstorage.py
[2025-11-03T01:28:33.014+0000] {processor.py:840} INFO - DAG(s) 'tutorial_objectstorage' retrieved from /home/airflow/.local/lib/python3.8/site-packages/airflow/example_dags/tutorial_objectstorage.py
[2025-11-03T01:28:33.157+0000] {logging_mixin.py:188} INFO - [2025-11-03T01:28:33.156+0000] {dag.py:3036} INFO - Sync 1 DAGs
[2025-11-03T01:28:33.309+0000] {logging_mixin.py:188} INFO - [2025-11-03T01:28:33.300+0000] {dag.py:3823} INFO - Setting next_dagrun for tutorial_objectstorage to None, run_after=None
[2025-11-03T01:28:33.503+0000] {processor.py:183} INFO - Processing /home/airflow/.local/lib/python3.8/site-packages/airflow/example_dags/tutorial_objectstorage.py took 0.595 seconds
[2025-11-03T01:29:04.461+0000] {processor.py:161} INFO - Started process (PID=442) to work on /home/airflow/.local/lib/python3.8/site-packages/airflow/example_dags/tutorial_objectstorage.py
[2025-11-03T01:29:04.476+0000] {processor.py:830} INFO - Processing file /home/airflow/.local/lib/python3.8/site-packages/airflow/example_dags/tutorial_objectstorage.py for tasks to queue
[2025-11-03T01:29:04.488+0000] {logging_mixin.py:188} INFO - [2025-11-03T01:29:04.487+0000] {dagbag.py:538} INFO - Filling up the DagBag from /home/airflow/.local/lib/python3.8/site-packages/airflow/example_dags/tutorial_objectstorage.py
[2025-11-03T01:29:04.558+0000] {processor.py:840} INFO - DAG(s) 'tutorial_objectstorage' retrieved from /home/airflow/.local/lib/python3.8/site-packages/airflow/example_dags/tutorial_objectstorage.py
[2025-11-03T01:29:05.262+0000] {logging_mixin.py:188} INFO - [2025-11-03T01:29:05.261+0000] {dag.py:3036} INFO - Sync 1 DAGs
[2025-11-03T01:29:05.290+0000] {logging_mixin.py:188} INFO - [2025-11-03T01:29:05.289+0000] {dag.py:3823} INFO - Setting next_dagrun for tutorial_objectstorage to None, run_after=None
[2025-11-03T01:29:05.333+0000] {processor.py:183} INFO - Processing /home/airflow/.local/lib/python3.8/site-packages/airflow/example_dags/tutorial_objectstorage.py took 0.927 seconds
[2025-11-03T01:29:38.303+0000] {processor.py:161} INFO - Started process (PID=497) to work on /home/airflow/.local/lib/python3.8/site-packages/airflow/example_dags/tutorial_objectstorage.py
[2025-11-03T01:29:38.329+0000] {processor.py:830} INFO - Processing file /home/airflow/.local/lib/python3.8/site-packages/airflow/example_dags/tutorial_objectstorage.py for tasks to queue
[2025-11-03T01:29:38.346+0000] {logging_mixin.py:188} INFO - [2025-11-03T01:29:38.345+0000] {dagbag.py:538} INFO - Filling up the DagBag from /home/airflow/.local/lib/python3.8/site-packages/airflow/example_dags/tutorial_objectstorage.py
[2025-11-03T01:29:38.422+0000] {processor.py:840} INFO - DAG(s) 'tutorial_objectstorage' retrieved from /home/airflow/.local/lib/python3.8/site-packages/airflow/example_dags/tutorial_objectstorage.py
[2025-11-03T01:29:38.933+0000] {logging_mixin.py:188} INFO - [2025-11-03T01:29:38.932+0000] {dag.py:3036} INFO - Sync 1 DAGs
[2025-11-03T01:29:39.185+0000] {logging_mixin.py:188} INFO - [2025-11-03T01:29:39.170+0000] {dag.py:3823} INFO - Setting next_dagrun for tutorial_objectstorage to None, run_after=None
[2025-11-03T01:29:39.520+0000] {processor.py:183} INFO - Processing /home/airflow/.local/lib/python3.8/site-packages/airflow/example_dags/tutorial_objectstorage.py took 1.250 seconds
[2025-11-03T01:31:08.400+0000] {processor.py:161} INFO - Started process (PID=579) to work on /home/airflow/.local/lib/python3.8/site-packages/airflow/example_dags/tutorial_objectstorage.py
[2025-11-03T01:31:08.432+0000] {processor.py:830} INFO - Processing file /home/airflow/.local/lib/python3.8/site-packages/airflow/example_dags/tutorial_objectstorage.py for tasks to queue
[2025-11-03T01:31:08.464+0000] {logging_mixin.py:188} INFO - [2025-11-03T01:31:08.463+0000] {dagbag.py:538} INFO - Filling up the DagBag from /home/airflow/.local/lib/python3.8/site-packages/airflow/example_dags/tutorial_objectstorage.py
[2025-11-03T01:31:08.562+0000] {processor.py:840} INFO - DAG(s) 'tutorial_objectstorage' retrieved from /home/airflow/.local/lib/python3.8/site-packages/airflow/example_dags/tutorial_objectstorage.py
[2025-11-03T01:31:08.837+0000] {logging_mixin.py:188} INFO - [2025-11-03T01:31:08.836+0000] {dag.py:3036} INFO - Sync 1 DAGs
[2025-11-03T01:31:09.120+0000] {logging_mixin.py:188} INFO - [2025-11-03T01:31:09.119+0000] {dag.py:3823} INFO - Setting next_dagrun for tutorial_objectstorage to None, run_after=None
[2025-11-03T01:31:09.602+0000] {processor.py:183} INFO - Processing /home/airflow/.local/lib/python3.8/site-packages/airflow/example_dags/tutorial_objectstorage.py took 1.248 seconds
[2025-11-03T01:31:40.462+0000] {processor.py:161} INFO - Started process (PID=633) to work on /home/airflow/.local/lib/python3.8/site-packages/airflow/example_dags/tutorial_objectstorage.py
[2025-11-03T01:31:40.556+0000] {processor.py:830} INFO - Processing file /home/airflow/.local/lib/python3.8/site-packages/airflow/example_dags/tutorial_objectstorage.py for tasks to queue
[2025-11-03T01:31:40.652+0000] {logging_mixin.py:188} INFO - [2025-11-03T01:31:40.650+0000] {dagbag.py:538} INFO - Filling up the DagBag from /home/airflow/.local/lib/python3.8/site-packages/airflow/example_dags/tutorial_objectstorage.py
[2025-11-03T01:31:40.943+0000] {processor.py:840} INFO - DAG(s) 'tutorial_objectstorage' retrieved from /home/airflow/.local/lib/python3.8/site-packages/airflow/example_dags/tutorial_objectstorage.py
[2025-11-03T01:31:41.497+0000] {logging_mixin.py:188} INFO - [2025-11-03T01:31:41.496+0000] {dag.py:3036} INFO - Sync 1 DAGs
[2025-11-03T01:31:41.914+0000] {logging_mixin.py:188} INFO - [2025-11-03T01:31:41.913+0000] {dag.py:3823} INFO - Setting next_dagrun for tutorial_objectstorage to None, run_after=None
[2025-11-03T01:31:42.300+0000] {processor.py:183} INFO - Processing /home/airflow/.local/lib/python3.8/site-packages/airflow/example_dags/tutorial_objectstorage.py took 1.914 seconds
[2025-11-03T01:32:13.063+0000] {processor.py:161} INFO - Started process (PID=687) to work on /home/airflow/.local/lib/python3.8/site-packages/airflow/example_dags/tutorial_objectstorage.py
[2025-11-03T01:32:13.073+0000] {processor.py:830} INFO - Processing file /home/airflow/.local/lib/python3.8/site-packages/airflow/example_dags/tutorial_objectstorage.py for tasks to queue
[2025-11-03T01:32:13.091+0000] {logging_mixin.py:188} INFO - [2025-11-03T01:32:13.090+0000] {dagbag.py:538} INFO - Filling up the DagBag from /home/airflow/.local/lib/python3.8/site-packages/airflow/example_dags/tutorial_objectstorage.py
[2025-11-03T01:32:13.163+0000] {processor.py:840} INFO - DAG(s) 'tutorial_objectstorage' retrieved from /home/airflow/.local/lib/python3.8/site-packages/airflow/example_dags/tutorial_objectstorage.py
[2025-11-03T01:32:13.427+0000] {logging_mixin.py:188} INFO - [2025-11-03T01:32:13.427+0000] {dag.py:3036} INFO - Sync 1 DAGs
[2025-11-03T01:32:13.610+0000] {logging_mixin.py:188} INFO - [2025-11-03T01:32:13.609+0000] {dag.py:3823} INFO - Setting next_dagrun for tutorial_objectstorage to None, run_after=None
[2025-11-03T01:32:13.888+0000] {processor.py:183} INFO - Processing /home/airflow/.local/lib/python3.8/site-packages/airflow/example_dags/tutorial_objectstorage.py took 0.856 seconds
[2025-11-03T01:32:44.565+0000] {processor.py:161} INFO - Started process (PID=741) to work on /home/airflow/.local/lib/python3.8/site-packages/airflow/example_dags/tutorial_objectstorage.py
[2025-11-03T01:32:44.569+0000] {processor.py:830} INFO - Processing file /home/airflow/.local/lib/python3.8/site-packages/airflow/example_dags/tutorial_objectstorage.py for tasks to queue
[2025-11-03T01:32:44.584+0000] {logging_mixin.py:188} INFO - [2025-11-03T01:32:44.583+0000] {dagbag.py:538} INFO - Filling up the DagBag from /home/airflow/.local/lib/python3.8/site-packages/airflow/example_dags/tutorial_objectstorage.py
[2025-11-03T01:32:44.636+0000] {processor.py:840} INFO - DAG(s) 'tutorial_objectstorage' retrieved from /home/airflow/.local/lib/python3.8/site-packages/airflow/example_dags/tutorial_objectstorage.py
[2025-11-03T01:32:44.809+0000] {logging_mixin.py:188} INFO - [2025-11-03T01:32:44.809+0000] {dag.py:3036} INFO - Sync 1 DAGs
[2025-11-03T01:32:44.931+0000] {logging_mixin.py:188} INFO - [2025-11-03T01:32:44.931+0000] {dag.py:3823} INFO - Setting next_dagrun for tutorial_objectstorage to None, run_after=None
[2025-11-03T01:32:45.123+0000] {processor.py:183} INFO - Processing /home/airflow/.local/lib/python3.8/site-packages/airflow/example_dags/tutorial_objectstorage.py took 0.578 seconds
[2025-11-03T01:33:44.655+0000] {processor.py:161} INFO - Started process (PID=816) to work on /home/airflow/.local/lib/python3.8/site-packages/airflow/example_dags/tutorial_objectstorage.py
[2025-11-03T01:33:44.663+0000] {processor.py:830} INFO - Processing file /home/airflow/.local/lib/python3.8/site-packages/airflow/example_dags/tutorial_objectstorage.py for tasks to queue
[2025-11-03T01:33:44.681+0000] {logging_mixin.py:188} INFO - [2025-11-03T01:33:44.678+0000] {dagbag.py:538} INFO - Filling up the DagBag from /home/airflow/.local/lib/python3.8/site-packages/airflow/example_dags/tutorial_objectstorage.py
[2025-11-03T01:33:44.783+0000] {processor.py:840} INFO - DAG(s) 'tutorial_objectstorage' retrieved from /home/airflow/.local/lib/python3.8/site-packages/airflow/example_dags/tutorial_objectstorage.py
[2025-11-03T01:33:44.881+0000] {logging_mixin.py:188} INFO - [2025-11-03T01:33:44.880+0000] {dag.py:3036} INFO - Sync 1 DAGs
[2025-11-03T01:33:45.021+0000] {logging_mixin.py:188} INFO - [2025-11-03T01:33:45.020+0000] {dag.py:3823} INFO - Setting next_dagrun for tutorial_objectstorage to None, run_after=None
[2025-11-03T01:33:45.216+0000] {processor.py:183} INFO - Processing /home/airflow/.local/lib/python3.8/site-packages/airflow/example_dags/tutorial_objectstorage.py took 0.591 seconds
[2025-11-03T01:34:22.695+0000] {processor.py:161} INFO - Started process (PID=872) to work on /home/airflow/.local/lib/python3.8/site-packages/airflow/example_dags/tutorial_objectstorage.py
[2025-11-03T01:34:22.698+0000] {processor.py:830} INFO - Processing file /home/airflow/.local/lib/python3.8/site-packages/airflow/example_dags/tutorial_objectstorage.py for tasks to queue
[2025-11-03T01:34:22.707+0000] {logging_mixin.py:188} INFO - [2025-11-03T01:34:22.705+0000] {dagbag.py:538} INFO - Filling up the DagBag from /home/airflow/.local/lib/python3.8/site-packages/airflow/example_dags/tutorial_objectstorage.py
[2025-11-03T01:34:22.736+0000] {processor.py:840} INFO - DAG(s) 'tutorial_objectstorage' retrieved from /home/airflow/.local/lib/python3.8/site-packages/airflow/example_dags/tutorial_objectstorage.py
[2025-11-03T01:34:22.867+0000] {logging_mixin.py:188} INFO - [2025-11-03T01:34:22.866+0000] {dag.py:3036} INFO - Sync 1 DAGs
[2025-11-03T01:34:22.924+0000] {logging_mixin.py:188} INFO - [2025-11-03T01:34:22.924+0000] {dag.py:3823} INFO - Setting next_dagrun for tutorial_objectstorage to None, run_after=None
[2025-11-03T01:34:23.124+0000] {processor.py:183} INFO - Processing /home/airflow/.local/lib/python3.8/site-packages/airflow/example_dags/tutorial_objectstorage.py took 0.446 seconds
[2025-11-03T01:34:57.592+0000] {processor.py:161} INFO - Started process (PID=927) to work on /home/airflow/.local/lib/python3.8/site-packages/airflow/example_dags/tutorial_objectstorage.py
[2025-11-03T01:34:57.600+0000] {processor.py:830} INFO - Processing file /home/airflow/.local/lib/python3.8/site-packages/airflow/example_dags/tutorial_objectstorage.py for tasks to queue
[2025-11-03T01:34:57.615+0000] {logging_mixin.py:188} INFO - [2025-11-03T01:34:57.614+0000] {dagbag.py:538} INFO - Filling up the DagBag from /home/airflow/.local/lib/python3.8/site-packages/airflow/example_dags/tutorial_objectstorage.py
[2025-11-03T01:34:57.653+0000] {processor.py:840} INFO - DAG(s) 'tutorial_objectstorage' retrieved from /home/airflow/.local/lib/python3.8/site-packages/airflow/example_dags/tutorial_objectstorage.py
[2025-11-03T01:34:57.784+0000] {logging_mixin.py:188} INFO - [2025-11-03T01:34:57.783+0000] {dag.py:3036} INFO - Sync 1 DAGs
[2025-11-03T01:34:57.864+0000] {logging_mixin.py:188} INFO - [2025-11-03T01:34:57.863+0000] {dag.py:3823} INFO - Setting next_dagrun for tutorial_objectstorage to None, run_after=None
[2025-11-03T01:34:57.973+0000] {processor.py:183} INFO - Processing /home/airflow/.local/lib/python3.8/site-packages/airflow/example_dags/tutorial_objectstorage.py took 0.405 seconds
[2025-11-03T01:35:30.868+0000] {processor.py:161} INFO - Started process (PID=980) to work on /home/airflow/.local/lib/python3.8/site-packages/airflow/example_dags/tutorial_objectstorage.py
[2025-11-03T01:35:30.895+0000] {processor.py:830} INFO - Processing file /home/airflow/.local/lib/python3.8/site-packages/airflow/example_dags/tutorial_objectstorage.py for tasks to queue
[2025-11-03T01:35:30.950+0000] {logging_mixin.py:188} INFO - [2025-11-03T01:35:30.949+0000] {dagbag.py:538} INFO - Filling up the DagBag from /home/airflow/.local/lib/python3.8/site-packages/airflow/example_dags/tutorial_objectstorage.py
[2025-11-03T01:35:31.108+0000] {processor.py:840} INFO - DAG(s) 'tutorial_objectstorage' retrieved from /home/airflow/.local/lib/python3.8/site-packages/airflow/example_dags/tutorial_objectstorage.py
[2025-11-03T01:35:31.250+0000] {logging_mixin.py:188} INFO - [2025-11-03T01:35:31.249+0000] {dag.py:3036} INFO - Sync 1 DAGs
[2025-11-03T01:35:31.491+0000] {logging_mixin.py:188} INFO - [2025-11-03T01:35:31.479+0000] {dag.py:3823} INFO - Setting next_dagrun for tutorial_objectstorage to None, run_after=None
[2025-11-03T01:35:31.653+0000] {processor.py:183} INFO - Processing /home/airflow/.local/lib/python3.8/site-packages/airflow/example_dags/tutorial_objectstorage.py took 0.818 seconds
[2025-11-03T01:36:02.935+0000] {processor.py:161} INFO - Started process (PID=1033) to work on /home/airflow/.local/lib/python3.8/site-packages/airflow/example_dags/tutorial_objectstorage.py
[2025-11-03T01:36:02.970+0000] {processor.py:830} INFO - Processing file /home/airflow/.local/lib/python3.8/site-packages/airflow/example_dags/tutorial_objectstorage.py for tasks to queue
[2025-11-03T01:36:02.996+0000] {logging_mixin.py:188} INFO - [2025-11-03T01:36:02.986+0000] {dagbag.py:538} INFO - Filling up the DagBag from /home/airflow/.local/lib/python3.8/site-packages/airflow/example_dags/tutorial_objectstorage.py
[2025-11-03T01:36:03.099+0000] {processor.py:840} INFO - DAG(s) 'tutorial_objectstorage' retrieved from /home/airflow/.local/lib/python3.8/site-packages/airflow/example_dags/tutorial_objectstorage.py
[2025-11-03T01:36:03.239+0000] {logging_mixin.py:188} INFO - [2025-11-03T01:36:03.228+0000] {dag.py:3036} INFO - Sync 1 DAGs
[2025-11-03T01:36:03.388+0000] {logging_mixin.py:188} INFO - [2025-11-03T01:36:03.387+0000] {dag.py:3823} INFO - Setting next_dagrun for tutorial_objectstorage to None, run_after=None
[2025-11-03T01:36:03.609+0000] {processor.py:183} INFO - Processing /home/airflow/.local/lib/python3.8/site-packages/airflow/example_dags/tutorial_objectstorage.py took 0.689 seconds
[2025-11-03T01:36:34.260+0000] {processor.py:161} INFO - Started process (PID=1088) to work on /home/airflow/.local/lib/python3.8/site-packages/airflow/example_dags/tutorial_objectstorage.py
[2025-11-03T01:36:34.274+0000] {processor.py:830} INFO - Processing file /home/airflow/.local/lib/python3.8/site-packages/airflow/example_dags/tutorial_objectstorage.py for tasks to queue
[2025-11-03T01:36:34.283+0000] {logging_mixin.py:188} INFO - [2025-11-03T01:36:34.282+0000] {dagbag.py:538} INFO - Filling up the DagBag from /home/airflow/.local/lib/python3.8/site-packages/airflow/example_dags/tutorial_objectstorage.py
[2025-11-03T01:36:34.315+0000] {processor.py:840} INFO - DAG(s) 'tutorial_objectstorage' retrieved from /home/airflow/.local/lib/python3.8/site-packages/airflow/example_dags/tutorial_objectstorage.py
[2025-11-03T01:36:34.383+0000] {logging_mixin.py:188} INFO - [2025-11-03T01:36:34.383+0000] {dag.py:3036} INFO - Sync 1 DAGs
[2025-11-03T01:36:34.453+0000] {logging_mixin.py:188} INFO - [2025-11-03T01:36:34.452+0000] {dag.py:3823} INFO - Setting next_dagrun for tutorial_objectstorage to None, run_after=None
[2025-11-03T01:36:34.516+0000] {processor.py:183} INFO - Processing /home/airflow/.local/lib/python3.8/site-packages/airflow/example_dags/tutorial_objectstorage.py took 0.293 seconds
[2025-11-03T01:37:04.838+0000] {processor.py:161} INFO - Started process (PID=1144) to work on /home/airflow/.local/lib/python3.8/site-packages/airflow/example_dags/tutorial_objectstorage.py
[2025-11-03T01:37:04.841+0000] {processor.py:830} INFO - Processing file /home/airflow/.local/lib/python3.8/site-packages/airflow/example_dags/tutorial_objectstorage.py for tasks to queue
[2025-11-03T01:37:04.846+0000] {logging_mixin.py:188} INFO - [2025-11-03T01:37:04.845+0000] {dagbag.py:538} INFO - Filling up the DagBag from /home/airflow/.local/lib/python3.8/site-packages/airflow/example_dags/tutorial_objectstorage.py
[2025-11-03T01:37:04.864+0000] {processor.py:840} INFO - DAG(s) 'tutorial_objectstorage' retrieved from /home/airflow/.local/lib/python3.8/site-packages/airflow/example_dags/tutorial_objectstorage.py
[2025-11-03T01:37:04.913+0000] {logging_mixin.py:188} INFO - [2025-11-03T01:37:04.913+0000] {dag.py:3036} INFO - Sync 1 DAGs
[2025-11-03T01:37:05.010+0000] {logging_mixin.py:188} INFO - [2025-11-03T01:37:05.010+0000] {dag.py:3823} INFO - Setting next_dagrun for tutorial_objectstorage to None, run_after=None
[2025-11-03T01:37:05.132+0000] {processor.py:183} INFO - Processing /home/airflow/.local/lib/python3.8/site-packages/airflow/example_dags/tutorial_objectstorage.py took 0.304 seconds
[2025-11-03T01:38:03.343+0000] {processor.py:161} INFO - Started process (PID=1213) to work on /home/airflow/.local/lib/python3.8/site-packages/airflow/example_dags/tutorial_objectstorage.py
[2025-11-03T01:38:03.380+0000] {processor.py:830} INFO - Processing file /home/airflow/.local/lib/python3.8/site-packages/airflow/example_dags/tutorial_objectstorage.py for tasks to queue
[2025-11-03T01:38:03.408+0000] {logging_mixin.py:188} INFO - [2025-11-03T01:38:03.406+0000] {dagbag.py:538} INFO - Filling up the DagBag from /home/airflow/.local/lib/python3.8/site-packages/airflow/example_dags/tutorial_objectstorage.py
[2025-11-03T01:38:03.550+0000] {processor.py:840} INFO - DAG(s) 'tutorial_objectstorage' retrieved from /home/airflow/.local/lib/python3.8/site-packages/airflow/example_dags/tutorial_objectstorage.py
[2025-11-03T01:38:03.815+0000] {logging_mixin.py:188} INFO - [2025-11-03T01:38:03.815+0000] {dag.py:3036} INFO - Sync 1 DAGs
[2025-11-03T01:38:04.009+0000] {logging_mixin.py:188} INFO - [2025-11-03T01:38:04.009+0000] {dag.py:3823} INFO - Setting next_dagrun for tutorial_objectstorage to None, run_after=None
[2025-11-03T01:38:04.200+0000] {processor.py:183} INFO - Processing /home/airflow/.local/lib/python3.8/site-packages/airflow/example_dags/tutorial_objectstorage.py took 0.938 seconds
[2025-11-03T01:39:06.048+0000] {processor.py:161} INFO - Started process (PID=1288) to work on /home/airflow/.local/lib/python3.8/site-packages/airflow/example_dags/tutorial_objectstorage.py
[2025-11-03T01:39:06.066+0000] {processor.py:830} INFO - Processing file /home/airflow/.local/lib/python3.8/site-packages/airflow/example_dags/tutorial_objectstorage.py for tasks to queue
[2025-11-03T01:39:06.085+0000] {logging_mixin.py:188} INFO - [2025-11-03T01:39:06.084+0000] {dagbag.py:538} INFO - Filling up the DagBag from /home/airflow/.local/lib/python3.8/site-packages/airflow/example_dags/tutorial_objectstorage.py
[2025-11-03T01:39:06.162+0000] {processor.py:840} INFO - DAG(s) 'tutorial_objectstorage' retrieved from /home/airflow/.local/lib/python3.8/site-packages/airflow/example_dags/tutorial_objectstorage.py
[2025-11-03T01:39:06.411+0000] {logging_mixin.py:188} INFO - [2025-11-03T01:39:06.410+0000] {dag.py:3036} INFO - Sync 1 DAGs
[2025-11-03T01:39:06.910+0000] {logging_mixin.py:188} INFO - [2025-11-03T01:39:06.909+0000] {dag.py:3823} INFO - Setting next_dagrun for tutorial_objectstorage to None, run_after=None
[2025-11-03T01:39:07.110+0000] {processor.py:183} INFO - Processing /home/airflow/.local/lib/python3.8/site-packages/airflow/example_dags/tutorial_objectstorage.py took 1.096 seconds
[2025-11-03T01:39:40.042+0000] {processor.py:161} INFO - Started process (PID=1343) to work on /home/airflow/.local/lib/python3.8/site-packages/airflow/example_dags/tutorial_objectstorage.py
[2025-11-03T01:39:40.067+0000] {processor.py:830} INFO - Processing file /home/airflow/.local/lib/python3.8/site-packages/airflow/example_dags/tutorial_objectstorage.py for tasks to queue
[2025-11-03T01:39:40.084+0000] {logging_mixin.py:188} INFO - [2025-11-03T01:39:40.083+0000] {dagbag.py:538} INFO - Filling up the DagBag from /home/airflow/.local/lib/python3.8/site-packages/airflow/example_dags/tutorial_objectstorage.py
[2025-11-03T01:39:40.149+0000] {processor.py:840} INFO - DAG(s) 'tutorial_objectstorage' retrieved from /home/airflow/.local/lib/python3.8/site-packages/airflow/example_dags/tutorial_objectstorage.py
[2025-11-03T01:39:40.488+0000] {logging_mixin.py:188} INFO - [2025-11-03T01:39:40.487+0000] {dag.py:3036} INFO - Sync 1 DAGs
[2025-11-03T01:39:40.607+0000] {logging_mixin.py:188} INFO - [2025-11-03T01:39:40.607+0000] {dag.py:3823} INFO - Setting next_dagrun for tutorial_objectstorage to None, run_after=None
[2025-11-03T01:39:40.915+0000] {processor.py:183} INFO - Processing /home/airflow/.local/lib/python3.8/site-packages/airflow/example_dags/tutorial_objectstorage.py took 0.894 seconds
[2025-11-03T01:40:14.490+0000] {processor.py:161} INFO - Started process (PID=1396) to work on /home/airflow/.local/lib/python3.8/site-packages/airflow/example_dags/tutorial_objectstorage.py
[2025-11-03T01:40:14.547+0000] {processor.py:830} INFO - Processing file /home/airflow/.local/lib/python3.8/site-packages/airflow/example_dags/tutorial_objectstorage.py for tasks to queue
[2025-11-03T01:40:14.581+0000] {logging_mixin.py:188} INFO - [2025-11-03T01:40:14.580+0000] {dagbag.py:538} INFO - Filling up the DagBag from /home/airflow/.local/lib/python3.8/site-packages/airflow/example_dags/tutorial_objectstorage.py
[2025-11-03T01:40:14.755+0000] {processor.py:840} INFO - DAG(s) 'tutorial_objectstorage' retrieved from /home/airflow/.local/lib/python3.8/site-packages/airflow/example_dags/tutorial_objectstorage.py
[2025-11-03T01:40:15.046+0000] {logging_mixin.py:188} INFO - [2025-11-03T01:40:15.041+0000] {dag.py:3036} INFO - Sync 1 DAGs
[2025-11-03T01:40:15.223+0000] {logging_mixin.py:188} INFO - [2025-11-03T01:40:15.211+0000] {dag.py:3823} INFO - Setting next_dagrun for tutorial_objectstorage to None, run_after=None
[2025-11-03T01:40:15.777+0000] {processor.py:183} INFO - Processing /home/airflow/.local/lib/python3.8/site-packages/airflow/example_dags/tutorial_objectstorage.py took 1.399 seconds
[2025-11-03T01:49:45.238+0000] {processor.py:161} INFO - Started process (PID=1536) to work on /home/airflow/.local/lib/python3.8/site-packages/airflow/example_dags/tutorial_objectstorage.py
[2025-11-03T01:49:45.393+0000] {processor.py:830} INFO - Processing file /home/airflow/.local/lib/python3.8/site-packages/airflow/example_dags/tutorial_objectstorage.py for tasks to queue
[2025-11-03T01:49:45.737+0000] {logging_mixin.py:188} INFO - [2025-11-03T01:49:45.735+0000] {dagbag.py:538} INFO - Filling up the DagBag from /home/airflow/.local/lib/python3.8/site-packages/airflow/example_dags/tutorial_objectstorage.py
[2025-11-03T01:49:46.140+0000] {processor.py:840} INFO - DAG(s) 'tutorial_objectstorage' retrieved from /home/airflow/.local/lib/python3.8/site-packages/airflow/example_dags/tutorial_objectstorage.py
[2025-11-03T01:49:48.146+0000] {logging_mixin.py:188} INFO - [2025-11-03T01:49:48.145+0000] {dag.py:3036} INFO - Sync 1 DAGs
[2025-11-03T01:49:49.186+0000] {logging_mixin.py:188} INFO - [2025-11-03T01:49:49.186+0000] {dag.py:3823} INFO - Setting next_dagrun for tutorial_objectstorage to None, run_after=None
[2025-11-03T01:49:50.491+0000] {processor.py:183} INFO - Processing /home/airflow/.local/lib/python3.8/site-packages/airflow/example_dags/tutorial_objectstorage.py took 5.360 seconds
